
libgomp: Invalid value for environment variable OMP_NUM_THREADS

libgomp: Invalid value for environment variable OMP_NUM_THREADS
✅ 初始运行记录已写入: saved_model/akt_also_stage1_pi_lr_auto_20260713_232100_42622/pilr3e4_bs64/run_history.txt (ID: 1054f939-2965-4dbd-8349-b00f97a0b8e7)
✅ 参数已保存至: saved_model/akt_also_stage1_pi_lr_auto_20260713_232100_42622/pilr3e4_bs64/saved_params_akt.json
✅ 参数已保存至: saved_model/akt_also_stage1_pi_lr_auto_20260713_232100_42622/pilr3e4_bs64/saved_params_akt.json
2026-07-14 00:28:44 - main - said: load config files.
[DATA_PATH] dataset=assist2009 resolved_dpath=/root/autodl-tmp/pykt-toolkit/data/assist2009
assist2009 akt {'assist2015': {'dpath': '../data/assist2015', 'num_q': 0, 'num_c': 100, 'input_type': ['concepts'], 'max_concepts': 1, 'min_seq_len': 3, 'maxlen': 200, 'emb_path': '', 'train_valid_original_file': 'train_valid.csv', 'train_valid_file': 'train_valid_sequences.csv', 'folds': [0, 1, 2, 3, 4], 'test_original_file': 'test.csv', 'test_file': 'test_sequences.csv', 'test_window_file': 'test_window_sequences.csv', 'train_valid_original_file_quelevel': 'train_valid_quelevel.csv', 'train_valid_file_quelevel': 'train_valid_sequences_quelevel.csv', 'test_file_quelevel': 'test_sequences_quelevel.csv', 'test_window_file_quelevel': 'test_window_sequences_quelevel.csv', 'test_original_file_quelevel': 'test_quelevel.csv'}, 'algebra2005': {'dpath': '../data/algebra2005', 'num_q': 173113, 'num_c': 112, 'input_type': ['questions', 'concepts'], 'max_concepts': 7, 'min_seq_len': 3, 'maxlen': 200, 'emb_path': '', 'train_valid_original_file': 'train_valid.csv', 'train_valid_file': 'train_valid_sequences.csv', 'folds': [0, 1, 2, 3, 4], 'test_original_file': 'test.csv', 'test_file': 'test_sequences.csv', 'test_window_file': 'test_window_sequences.csv', 'test_question_file': 'test_question_sequences.csv', 'test_question_window_file': 'test_question_window_sequences.csv', 'train_valid_original_file_quelevel': 'train_valid_quelevel.csv', 'train_valid_file_quelevel': 'train_valid_sequences_quelevel.csv', 'test_file_quelevel': 'test_sequences_quelevel.csv', 'test_window_file_quelevel': 'test_window_sequences_quelevel.csv', 'test_original_file_quelevel': 'test_quelevel.csv', 'students_num_train': 460, 'students_num_eval': 114}, 'assist2009': {'dpath': '/root/autodl-tmp/pykt-toolkit/data/assist2009', 'num_q': 17737, 'num_c': 123, 'input_type': ['questions', 'concepts'], 'max_concepts': 4, 'min_seq_len': 3, 'maxlen': 200, 'emb_path': '', 'train_valid_original_file': 'train_valid.csv', 'train_valid_file': 'train_valid_sequences.csv', 'folds': [0, 1, 2, 3, 4], 'test_original_file': 'test.csv', 'test_file': 'test_sequences.csv', 'test_window_file': 'test_window_sequences.csv', 'test_question_file': 'test_question_sequences.csv', 'test_question_window_file': 'test_question_window_sequences.csv', 'train_valid_original_file_quelevel': 'train_valid_quelevel.csv', 'train_valid_file_quelevel': 'train_valid_sequences_quelevel.csv', 'test_file_quelevel': 'test_sequences_quelevel.csv', 'test_window_file_quelevel': 'test_window_sequences_quelevel.csv', 'test_original_file_quelevel': 'test_quelevel.csv', 'students_num_eval': 770, 'global_question_stats_file': 'global_question_stats.csv', 'global_concept_stats_file': 'global_concept_stats.csv', 'total_questions_low_interval_file': 'total_questions_low_interval.csv', 'total_questions_medium_interval_file': 'total_questions_medium_interval.csv', 'total_questions_high_interval_file': 'total_questions_high_interval.csv', 'overall_accuracy_low_interval_file': 'overall_accuracy_low_interval.csv', 'overall_accuracy_medium_interval_file': 'overall_accuracy_medium_interval.csv', 'overall_accuracy_high_interval_file': 'overall_accuracy_high_interval.csv', 'accuracy_range_low_interval_file': 'accuracy_range_low_interval.csv', 'accuracy_range_medium_interval_file': 'accuracy_range_medium_interval.csv', 'accuracy_range_high_interval_file': 'accuracy_range_high_interval.csv', 'accuracy_variance_low_interval_file': 'accuracy_variance_low_interval.csv', 'accuracy_variance_medium_interval_file': 'accuracy_variance_medium_interval.csv', 'accuracy_variance_high_interval_file': 'accuracy_variance_high_interval.csv', 'questions_range_low_interval_file': 'questions_range_low_interval.csv', 'questions_range_medium_interval_file': 'questions_range_medium_interval.csv', 'questions_range_high_interval_file': 'questions_range_high_interval.csv', 'students_num_train': 3082}, 'slepemapy': {'dpath': '../data/slepemapy', 'num_q': 2913, 'num_c': 1458, 'input_type': ['questions', 'concepts'], 'emb_path': '', 'train_valid_original_file': 'train_valid.csv', 'train_valid_file': 'train_valid_sequences.csv', 'folds': [0, 1, 2, 3, 4], 'test_original_file': 'test.csv', 'test_file': 'test_sequences.csv', 'test_window_file': 'test_window_sequences.csv', 'test_question_file': 'test_question_sequences.csv', 'test_question_window_file': 'test_question_window_sequences.csv'}, 'assist2017': {'dpath': '../data/assist2017', 'num_q': 3162, 'num_c': 102, 'input_type': ['questions', 'concepts'], 'min_seq_len': 3, 'maxlen': 500, 'emb_path': '', 'train_valid_original_file': 'train_valid.csv', 'train_valid_file': 'train_valid_sequences.csv', 'folds': [0, 1, 2, 3, 4], 'test_original_file': 'test.csv', 'test_file': 'test_sequences.csv', 'test_window_file': 'test_window_sequences.csv', 'test_question_file': 'test_question_sequences.csv', 'test_question_window_file': 'test_question_window_sequences.csv'}, 'assist2012': {'dpath': '../data/assist2012', 'num_q': 53070, 'num_c': 265, 'input_type': ['questions', 'concepts'], 'emb_path': '', 'train_valid_original_file': 'train_valid.csv', 'train_valid_file': 'train_valid_sequences.csv', 'folds': [0, 1, 2, 3, 4], 'test_original_file': 'test.csv', 'test_file': 'test_sequences.csv', 'test_window_file': 'test_window_sequences.csv', 'test_question_file': 'test_question_sequences.csv', 'test_question_window_file': 'test_question_window_sequences.csv'}, 'statics2011': {'dpath': '../data/statics2011', 'num_q': 0, 'num_c': 1223, 'input_type': ['concepts'], 'max_concepts': 1, 'min_seq_len': 3, 'maxlen': 200, 'emb_path': '', 'train_valid_original_file': 'train_valid.csv', 'train_valid_file': 'train_valid_sequences.csv', 'folds': [0, 1, 2, 3, 4], 'test_original_file': 'test.csv', 'test_file': 'test_sequences.csv', 'test_window_file': 'test_window_sequences.csv', 'train_valid_original_file_quelevel': 'train_valid_quelevel.csv', 'train_valid_file_quelevel': 'train_valid_sequences_quelevel.csv', 'test_file_quelevel': 'test_sequences_quelevel.csv', 'test_window_file_quelevel': 'test_window_sequences_quelevel.csv', 'test_original_file_quelevel': 'test_quelevel.csv'}, 'junyi2015': {'dpath': '../data/junyi2015', 'num_q': 721, 'num_c': 39, 'input_type': ['questions', 'concepts'], 'max_concepts': 1, 'min_seq_len': 3, 'maxlen': 200, 'emb_path': '', 'train_valid_original_file': 'train_valid.csv', 'train_valid_file': 'train_valid_sequences.csv', 'folds': [0, 1, 2, 3, 4], 'test_original_file': 'test.csv', 'test_file': 'test_sequences.csv', 'test_window_file': 'test_window_sequences.csv', 'test_question_file': 'test_question_sequences.csv', 'test_question_window_file': 'test_question_window_sequences.csv'}, 'bridge2algebra2006': {'dpath': '../data/bridge2algebra2006', 'num_q': 129263, 'num_c': 493, 'input_type': ['questions', 'concepts'], 'max_concepts': 5, 'min_seq_len': 3, 'maxlen': 200, 'emb_path': '', 'train_valid_original_file': 'train_valid.csv', 'train_valid_file': 'train_valid_sequences.csv', 'folds': [0, 1, 2, 3, 4], 'test_original_file': 'test.csv', 'test_file': 'test_sequences.csv', 'test_window_file': 'test_window_sequences.csv', 'test_question_file': 'test_question_sequences.csv', 'test_question_window_file': 'test_question_window_sequences.csv', 'train_valid_original_file_quelevel': 'train_valid_quelevel.csv', 'train_valid_file_quelevel': 'train_valid_sequences_quelevel.csv', 'test_file_quelevel': 'test_sequences_quelevel.csv', 'test_window_file_quelevel': 'test_window_sequences_quelevel.csv', 'test_original_file_quelevel': 'test_quelevel.csv', 'students_num_train': 916, 'students_num_eval': 229, 'global_question_stats_file': 'global_question_stats.csv', 'global_concept_stats_file': 'global_concept_stats.csv', 'total_questions_low_interval_file': 'total_questions_low_interval.csv', 'total_questions_medium_interval_file': 'total_questions_medium_interval.csv', 'total_questions_high_interval_file': 'total_questions_high_interval.csv', 'overall_accuracy_low_interval_file': 'overall_accuracy_low_interval.csv', 'overall_accuracy_medium_interval_file': 'overall_accuracy_medium_interval.csv', 'overall_accuracy_high_interval_file': 'overall_accuracy_high_interval.csv', 'accuracy_range_low_interval_file': 'accuracy_range_low_interval.csv', 'accuracy_range_medium_interval_file': 'accuracy_range_medium_interval.csv', 'accuracy_range_high_interval_file': 'accuracy_range_high_interval.csv', 'accuracy_variance_low_interval_file': 'accuracy_variance_low_interval.csv', 'accuracy_variance_medium_interval_file': 'accuracy_variance_medium_interval.csv', 'accuracy_variance_high_interval_file': 'accuracy_variance_high_interval.csv', 'questions_range_low_interval_file': 'questions_range_low_interval.csv', 'questions_range_medium_interval_file': 'questions_range_medium_interval.csv', 'questions_range_high_interval_file': 'questions_range_high_interval.csv'}, 'ednet': {'dpath': '../data/ednet', 'num_q': 11901, 'num_c': 188, 'input_type': ['questions', 'concepts'], 'max_concepts': 7, 'min_seq_len': 3, 'maxlen': 200, 'emb_path': '', 'train_valid_original_file': 'train_valid.csv', 'train_valid_file': 'train_valid_sequences.csv', 'folds': [0, 1, 2, 3, 4], 'test_original_file': 'test.csv', 'test_file': 'test_sequences.csv', 'test_window_file': 'test_window_sequences.csv', 'test_question_file': 'test_question_sequences.csv', 'test_question_window_file': 'test_question_window_sequences.csv', 'train_valid_original_file_quelevel': 'train_valid_quelevel.csv', 'train_valid_file_quelevel': 'train_valid_sequences_quelevel.csv', 'test_file_quelevel': 'test_sequences_quelevel.csv', 'test_window_file_quelevel': 'test_window_sequences_quelevel.csv', 'test_original_file_quelevel': 'test_quelevel.csv'}, 'nips_task34': {'dpath': '../data/nips_task34', 'num_q': 948, 'num_c': 57, 'students_num_eval': 983, 'students_num_train': 3935, 'input_type': ['questions', 'concepts'], 'max_concepts': 2, 'min_seq_len': 3, 'maxlen': 200, 'emb_path': '', 'train_valid_original_file': 'train_valid.csv', 'train_valid_file': 'train_valid_sequences.csv', 'folds': [0, 1, 2, 3, 4], 'test_original_file': 'test.csv', 'test_file': 'test_sequences.csv', 'test_window_file': 'test_window_sequences.csv', 'test_question_file': 'test_question_sequences.csv', 'test_question_window_file': 'test_question_window_sequences.csv', 'train_valid_original_file_quelevel': 'train_valid_quelevel.csv', 'train_valid_file_quelevel': 'train_valid_sequences_quelevel.csv', 'test_file_quelevel': 'test_sequences_quelevel.csv', 'test_window_file_quelevel': 'test_window_sequences_quelevel.csv', 'test_original_file_quelevel': 'test_quelevel.csv', 'global_question_stats_file': 'global_question_stats.csv', 'global_concept_stats_file': 'global_concept_stats.csv', 'student_summary_file': 'student_summary.csv', 'total_questions_low_interval_file': 'total_questions_low_interval.csv', 'total_questions_medium_interval_file': 'total_questions_medium_interval.csv', 'total_questions_high_interval_file': 'total_questions_high_interval.csv', 'overall_accuracy_low_interval_file': 'overall_accuracy_low_interval.csv', 'overall_accuracy_medium_interval_file': 'overall_accuracy_medium_interval.csv', 'overall_accuracy_high_interval_file': 'overall_accuracy_high_interval.csv', 'accuracy_range_low_interval_file': 'accuracy_range_low_interval.csv', 'accuracy_range_medium_interval_file': 'accuracy_range_medium_interval.csv', 'accuracy_range_high_interval_file': 'accuracy_range_high_interval.csv', 'accuracy_variance_low_interval_file': 'accuracy_variance_low_interval.csv', 'accuracy_variance_medium_interval_file': 'accuracy_variance_medium_interval.csv', 'accuracy_variance_high_interval_file': 'accuracy_variance_high_interval.csv', 'questions_range_low_interval_file': 'questions_range_low_interval.csv', 'questions_range_medium_interval_file': 'questions_range_medium_interval.csv', 'questions_range_high_interval_file': 'questions_range_high_interval.csv', 'seq_len_10000_students_num_eval': 23, 'seq_len_20000_students_num_eval': 38, 'seq_len_30000_students_num_eval': 37, 'seq_len_18000_students_num_eval': 16, 'seq_len_22000_students_num_eval': 47}, 'poj': {'dpath': '../data/poj', 'num_q': 0, 'num_c': 2748, 'input_type': ['concepts'], 'max_concepts': 1, 'min_seq_len': 3, 'maxlen': 200, 'emb_path': '', 'train_valid_original_file': 'train_valid.csv', 'train_valid_file': 'train_valid_sequences.csv', 'folds': [0, 1, 2, 3, 4], 'test_original_file': 'test.csv', 'test_file': 'test_sequences.csv', 'test_window_file': 'test_window_sequences.csv', 'train_valid_original_file_quelevel': 'train_valid_quelevel.csv', 'train_valid_file_quelevel': 'train_valid_sequences_quelevel.csv', 'test_file_quelevel': 'test_sequences_quelevel.csv', 'test_window_file_quelevel': 'test_window_sequences_quelevel.csv', 'test_original_file_quelevel': 'test_quelevel.csv'}, 'peiyou': {'dpath': '../data/peiyou', 'num_q': 7652, 'num_c': 865, 'input_type': ['questions', 'concepts'], 'max_concepts': 6, 'min_seq_len': 3, 'maxlen': 200, 'emb_path': '', 'train_valid_file': 'train_valid_sequences.csv', 'folds': [0, 1, 2, 3, 4], 'students_num_eval': 0, 'train_valid_original_file': 'train_valid.csv', 'test_original_file': 'test.csv', 'test_file': 'test_sequences.csv', 'test_window_file': 'test_window_sequences.csv', 'test_question_file': 'test_question_sequences.csv', 'test_question_window_file': 'test_question_window_sequences.csv', 'train_valid_original_file_quelevel': 'train_valid_quelevel.csv', 'train_valid_file_quelevel': 'train_valid_sequences_quelevel.csv', 'test_file_quelevel': 'test_sequences_quelevel.csv', 'test_window_file_quelevel': 'test_window_sequences_quelevel.csv', 'test_original_file_quelevel': 'test_quelevel.csv', 'students_num_train': 14453, 'global_question_stats_file': 'global_question_stats.csv', 'global_concept_stats_file': 'global_concept_stats.csv', 'seq_len_500_students_num_eval': 0, 'seq_len_300_students_num_eval': 0, 'seq_len_400_students_num_eval': 0}, 'ednet5w': {'dpath': '../data/ednet5w', 'num_q': 12235, 'num_c': 188, 'input_type': ['questions', 'concepts'], 'max_concepts': 7, 'min_seq_len': 3, 'maxlen': 200, 'emb_path': '', 'train_valid_original_file': 'train_valid.csv', 'train_valid_file': 'train_valid_sequences.csv', 'folds': [0, 1, 2, 3, 4], 'test_original_file': 'test.csv', 'test_file': 'test_sequences.csv', 'test_window_file': 'test_window_sequences.csv', 'test_question_file': 'test_question_sequences.csv', 'test_question_window_file': 'test_question_window_sequences.csv', 'train_valid_original_file_quelevel': 'train_valid_quelevel.csv', 'train_valid_file_quelevel': 'train_valid_sequences_quelevel.csv', 'test_file_quelevel': 'test_sequences_quelevel.csv', 'test_window_file_quelevel': 'test_window_sequences_quelevel.csv', 'test_original_file_quelevel': 'test_quelevel.csv'}, 'pretrain': {'dpath': '../data/pretrain', 'num_q': 340614, 'num_c': 1838, 'input_type': ['questions', 'concepts'], 'max_concepts': 7, 'min_seq_len': 3, 'maxlen': 1024, 'emb_path': '', 'train_valid_original_file': 'train_valid.csv', 'train_valid_file': 'train_valid_sequences.csv', 'folds': [0, 1, 2, 3, 4], 'test_original_file': 'test.csv', 'test_file': 'test_sequences.csv', 'test_window_file': 'test_window_sequences.csv', 'test_question_file': 'test_question_sequences.csv', 'test_question_window_file': 'test_question_window_sequences.csv', 'train_valid_original_file_quelevel': 'train_valid_quelevel.csv', 'train_valid_file_quelevel': 'train_valid_sequences_quelevel_200.csv', 'test_file_quelevel': 'test_sequences_quelevel.csv', 'test_window_file_quelevel': 'test_window_sequences_quelevel.csv', 'test_original_file_quelevel': 'test_quelevel.csv'}, 'assist2009Anips_task34Abridge2algebra2006': {'dpath': '../data/assist2009Anips_task34Abridge2algebra2006', 'num_q': 147948, 'num_c': 673, 'input_type': ['concepts', 'questions'], 'max_concepts': 5, 'min_seq_len': 3, 'maxlen': 200, 'emb_path': '', 'train_valid_original_file': 'train_valid.csv', 'train_valid_file': 'train_valid_sequences.csv', 'folds': [0, 1, 2, 3, 4], 'test_original_file': 'test.csv', 'test_file': 'test_sequences.csv', 'test_window_file': 'test_window_sequences.csv', 'test_question_file': 'test_question_sequences.csv', 'test_question_window_file': 'test_question_window_sequences.csv', 'train_valid_original_file_quelevel': 'train_valid_quelevel.csv', 'train_valid_file_quelevel': 'train_valid_sequences_quelevel.csv', 'test_file_quelevel': 'test_sequences_quelevel.csv', 'test_window_file_quelevel': 'test_window_sequences_quelevel.csv', 'test_original_file_quelevel': 'test_quelevel.csv', 'students_num_eval': 770, 'global_question_stats_file': 'global_question_stats.csv', 'global_concept_stats_file': 'global_concept_stats.csv', 'total_questions_low_interval_file': 'total_questions_low_interval.csv', 'total_questions_medium_interval_file': 'total_questions_medium_interval.csv', 'total_questions_high_interval_file': 'total_questions_high_interval.csv', 'overall_accuracy_low_interval_file': 'overall_accuracy_low_interval.csv', 'overall_accuracy_medium_interval_file': 'overall_accuracy_medium_interval.csv', 'overall_accuracy_high_interval_file': 'overall_accuracy_high_interval.csv', 'accuracy_range_low_interval_file': 'accuracy_range_low_interval.csv', 'accuracy_range_medium_interval_file': 'accuracy_range_medium_interval.csv', 'accuracy_range_high_interval_file': 'accuracy_range_high_interval.csv', 'accuracy_variance_low_interval_file': 'accuracy_variance_low_interval.csv', 'accuracy_variance_medium_interval_file': 'accuracy_variance_medium_interval.csv', 'accuracy_variance_high_interval_file': 'accuracy_variance_high_interval.csv', 'questions_range_low_interval_file': 'questions_range_low_interval.csv', 'questions_range_medium_interval_file': 'questions_range_medium_interval.csv', 'questions_range_high_interval_file': 'questions_range_high_interval.csv', 'students_num_train': 7933}, 'peiyouAnips_task34Abridge2algebra2006': {'dpath': '../data/peiyouAnips_task34Abridge2algebra2006', 'num_q': 137863, 'num_c': 1415, 'input_type': ['questions', 'concepts'], 'max_concepts': 6, 'min_seq_len': 3, 'maxlen': 200, 'emb_path': '', 'train_valid_file': 'train_valid_sequences.csv', 'folds': [0, 1, 2, 3, 4], 'train_valid_original_file': 'train_valid.csv', 'test_original_file': 'test.csv', 'test_file': 'test_sequences.csv', 'test_window_file': 'test_window_sequences.csv', 'test_question_file': 'test_question_sequences.csv', 'test_question_window_file': 'test_question_window_sequences.csv', 'train_valid_original_file_quelevel': 'train_valid_quelevel.csv', 'train_valid_file_quelevel': 'train_valid_sequences_quelevel.csv', 'test_file_quelevel': 'test_sequences_quelevel.csv', 'test_window_file_quelevel': 'test_window_sequences_quelevel.csv', 'test_original_file_quelevel': 'test_quelevel.csv', 'students_num_eval': 983, 'global_question_stats_file': 'global_question_stats.csv', 'global_concept_stats_file': 'global_concept_stats.csv', 'student_summary_file': 'student_summary.csv', 'total_questions_low_interval_file': 'total_questions_low_interval.csv', 'total_questions_medium_interval_file': 'total_questions_medium_interval.csv', 'total_questions_high_interval_file': 'total_questions_high_interval.csv', 'overall_accuracy_low_interval_file': 'overall_accuracy_low_interval.csv', 'overall_accuracy_medium_interval_file': 'overall_accuracy_medium_interval.csv', 'overall_accuracy_high_interval_file': 'overall_accuracy_high_interval.csv', 'accuracy_range_low_interval_file': 'accuracy_range_low_interval.csv', 'accuracy_range_medium_interval_file': 'accuracy_range_medium_interval.csv', 'accuracy_range_high_interval_file': 'accuracy_range_high_interval.csv', 'accuracy_variance_low_interval_file': 'accuracy_variance_low_interval.csv', 'accuracy_variance_medium_interval_file': 'accuracy_variance_medium_interval.csv', 'accuracy_variance_high_interval_file': 'accuracy_variance_high_interval.csv', 'questions_range_low_interval_file': 'questions_range_low_interval.csv', 'questions_range_medium_interval_file': 'questions_range_medium_interval.csv', 'questions_range_high_interval_file': 'questions_range_high_interval.csv', 'students_num_train': 15181}} 0 64
2026-07-14 00:28:44 - main - said: init_dataset
Read data from processed file: /root/autodl-tmp/pykt-toolkit/data/assist2009/train_valid_sequences.csv_0.pkl
file path: /root/autodl-tmp/pykt-toolkit/data/assist2009/train_valid_sequences.csv, qlen: 741, clen: 741, rlen: 741, uidlen: 741
Read data from processed file: /root/autodl-tmp/pykt-toolkit/data/assist2009/train_valid_sequences.csv_1_2_3_4.pkl
file path: /root/autodl-tmp/pykt-toolkit/data/assist2009/train_valid_sequences.csv, qlen: 3016, clen: 3016, rlen: 3016, uidlen: 3016
params: {'dataset_name': 'assist2009', 'model_name': 'akt', 'emb_type': 'qid', 'save_dir': 'saved_model/akt_also_stage1_pi_lr_auto_20260713_232100_42622/pilr3e4_bs64', 'seed': 42, 'fold': 0, 'dropout': 0.2, 'd_model': 256, 'd_ff': 512, 'num_attn_heads': 8, 'n_blocks': 4, 'learning_rate': 0.0001, 'batch_size': 64, 'num_epochs': 100, 'use_wandb': 0, 'use_trained': 0, 'use_also': 1, 'also_grouping_mode': 'student_id', 'also_n_groups': None, 'also_mode': 'optimistic', 'also_alpha': 1.0, 'also_lr': None, 'also_weight_decay': None, 'also_pi_lr': 0.0003, 'also_pi_decay': 0.01, 'also_loss_scale': None, 'add_uuid': 0}, params_str: assist2009_akt_qid_saved_model/akt_also_stage1_pi_lr_auto_20260713_232100_42622/pilr3e4_bs64_42_0_0.2_256_512_8_4_0.0001_64_100_0_0_1_student_id_None_optimistic_1.0_None_None_0.0003_0.01_None_0
Start training model: akt, embtype: qid, save_dir: saved_model/akt_also_stage1_pi_lr_auto_20260713_232100_42622/pilr3e4_bs64/assist2009_akt_qid_saved_model/akt_also_stage1_pi_lr_auto_20260713_232100_42622/pilr3e4_bs64_42_0_0.2_256_512_8_4_0.0001_64_100_0_0_1_student_id_None_optimistic_1.0_None_None_0.0003_0.01_None_0, dataset_name: assist2009
model_config: {'dropout': 0.2, 'd_model': 256, 'd_ff': 512, 'num_attn_heads': 8, 'n_blocks': 4, 'learning_rate': 0.0001}
train_config: {'batch_size': 64, 'num_epochs': 100, 'optimizer': 'adam', 'seq_len': 200}
2026-07-14 00:28:44 - main - said: init_model
[PARAM_COUNT] model=akt emb_type=qid dataset=assist2009 trainable=6,074,795 total=6,074,795
2026-07-14 00:28:45 - main - said: train model
ALSO enabled with grouping_mode=student_id
ALSO student groups initialized from the training fold: n_groups=2465, sequences/student=[1, 7]
未找到预训练模型文件，将从头开始训练。
ALSO initialized with n_groups=2465 for grouping_mode=student_id
Epoch: 1, validauc: 0.7497, validacc: 0.7305, best epoch: 1, best auc: 0.7497, train loss: 18.72886777005949, emb_type: qid, model: akt, save_dir: saved_model/akt_also_stage1_pi_lr_auto_20260713_232100_42622/pilr3e4_bs64/assist2009_akt_qid_saved_model/akt_also_stage1_pi_lr_auto_20260713_232100_42622/pilr3e4_bs64_42_0_0.2_256_512_8_4_0.0001_64_100_0_0_1_student_id_None_optimistic_1.0_None_None_0.0003_0.01_None_0
            testauc: -1, testacc: -1, window_testauc: -1, window_testacc: -1

Total Epoch Time: 111.87s | Train Phase: 94.97s | Valid Phase: 16.73s
Avg Batch Time: 1.9785s
------------------------------
Epoch: 2, validauc: 0.7685, validacc: 0.744, best epoch: 2, best auc: 0.7685, train loss: 17.568138398291243, emb_type: qid, model: akt, save_dir: saved_model/akt_also_stage1_pi_lr_auto_20260713_232100_42622/pilr3e4_bs64/assist2009_akt_qid_saved_model/akt_also_stage1_pi_lr_auto_20260713_232100_42622/pilr3e4_bs64_42_0_0.2_256_512_8_4_0.0001_64_100_0_0_1_student_id_None_optimistic_1.0_None_None_0.0003_0.01_None_0
            testauc: -1, testacc: -1, window_testauc: -1, window_testacc: -1

Total Epoch Time: 111.40s | Train Phase: 98.70s | Valid Phase: 12.42s
Avg Batch Time: 2.0562s
------------------------------
Epoch: 3, validauc: 0.7806, validacc: 0.7512, best epoch: 3, best auc: 0.7806, train loss: 17.114442155580786, emb_type: qid, model: akt, save_dir: saved_model/akt_also_stage1_pi_lr_auto_20260713_232100_42622/pilr3e4_bs64/assist2009_akt_qid_saved_model/akt_also_stage1_pi_lr_auto_20260713_232100_42622/pilr3e4_bs64_42_0_0.2_256_512_8_4_0.0001_64_100_0_0_1_student_id_None_optimistic_1.0_None_None_0.0003_0.01_None_0
            testauc: -1, testacc: -1, window_testauc: -1, window_testacc: -1

Total Epoch Time: 115.10s | Train Phase: 99.55s | Valid Phase: 15.44s
Avg Batch Time: 2.0741s
------------------------------
Epoch: 4, validauc: 0.7884, validacc: 0.7553, best epoch: 4, best auc: 0.7884, train loss: 16.833813561135468, emb_type: qid, model: akt, save_dir: saved_model/akt_also_stage1_pi_lr_auto_20260713_232100_42622/pilr3e4_bs64/assist2009_akt_qid_saved_model/akt_also_stage1_pi_lr_auto_20260713_232100_42622/pilr3e4_bs64_42_0_0.2_256_512_8_4_0.0001_64_100_0_0_1_student_id_None_optimistic_1.0_None_None_0.0003_0.01_None_0
            testauc: -1, testacc: -1, window_testauc: -1, window_testacc: -1

Total Epoch Time: 106.53s | Train Phase: 94.36s | Valid Phase: 11.92s
Avg Batch Time: 1.9659s
------------------------------
Epoch: 5, validauc: 0.793, validacc: 0.7589, best epoch: 5, best auc: 0.793, train loss: 16.639847997637364, emb_type: qid, model: akt, save_dir: saved_model/akt_also_stage1_pi_lr_auto_20260713_232100_42622/pilr3e4_bs64/assist2009_akt_qid_saved_model/akt_also_stage1_pi_lr_auto_20260713_232100_42622/pilr3e4_bs64_42_0_0.2_256_512_8_4_0.0001_64_100_0_0_1_student_id_None_optimistic_1.0_None_None_0.0003_0.01_None_0
            testauc: -1, testacc: -1, window_testauc: -1, window_testacc: -1

Total Epoch Time: 106.96s | Train Phase: 94.51s | Valid Phase: 12.26s
Avg Batch Time: 1.9690s
------------------------------
Epoch: 6, validauc: 0.7961, validacc: 0.7608, best epoch: 6, best auc: 0.7961, train loss: 16.469460012242056, emb_type: qid, model: akt, save_dir: saved_model/akt_also_stage1_pi_lr_auto_20260713_232100_42622/pilr3e4_bs64/assist2009_akt_qid_saved_model/akt_also_stage1_pi_lr_auto_20260713_232100_42622/pilr3e4_bs64_42_0_0.2_256_512_8_4_0.0001_64_100_0_0_1_student_id_None_optimistic_1.0_None_None_0.0003_0.01_None_0
            testauc: -1, testacc: -1, window_testauc: -1, window_testacc: -1

Total Epoch Time: 115.55s | Train Phase: 102.29s | Valid Phase: 13.13s
Avg Batch Time: 2.1310s
------------------------------
Epoch: 7, validauc: 0.7995, validacc: 0.7633, best epoch: 7, best auc: 0.7995, train loss: 16.36052293818762, emb_type: qid, model: akt, save_dir: saved_model/akt_also_stage1_pi_lr_auto_20260713_232100_42622/pilr3e4_bs64/assist2009_akt_qid_saved_model/akt_also_stage1_pi_lr_auto_20260713_232100_42622/pilr3e4_bs64_42_0_0.2_256_512_8_4_0.0001_64_100_0_0_1_student_id_None_optimistic_1.0_None_None_0.0003_0.01_None_0
            testauc: -1, testacc: -1, window_testauc: -1, window_testacc: -1

Total Epoch Time: 112.37s | Train Phase: 100.14s | Valid Phase: 11.93s
Avg Batch Time: 2.0862s
------------------------------
Epoch: 8, validauc: 0.8013, validacc: 0.7643, best epoch: 8, best auc: 0.8013, train loss: 16.232100144146102, emb_type: qid, model: akt, save_dir: saved_model/akt_also_stage1_pi_lr_auto_20260713_232100_42622/pilr3e4_bs64/assist2009_akt_qid_saved_model/akt_also_stage1_pi_lr_auto_20260713_232100_42622/pilr3e4_bs64_42_0_0.2_256_512_8_4_0.0001_64_100_0_0_1_student_id_None_optimistic_1.0_None_None_0.0003_0.01_None_0
            testauc: -1, testacc: -1, window_testauc: -1, window_testacc: -1

Total Epoch Time: 107.90s | Train Phase: 94.48s | Valid Phase: 13.11s
Avg Batch Time: 1.9684s
------------------------------
Epoch: 9, validauc: 0.8024, validacc: 0.7646, best epoch: 9, best auc: 0.8024, train loss: 16.159197592176117, emb_type: qid, model: akt, save_dir: saved_model/akt_also_stage1_pi_lr_auto_20260713_232100_42622/pilr3e4_bs64/assist2009_akt_qid_saved_model/akt_also_stage1_pi_lr_auto_20260713_232100_42622/pilr3e4_bs64_42_0_0.2_256_512_8_4_0.0001_64_100_0_0_1_student_id_None_optimistic_1.0_None_None_0.0003_0.01_None_0
            testauc: -1, testacc: -1, window_testauc: -1, window_testacc: -1

Total Epoch Time: 108.44s | Train Phase: 94.50s | Valid Phase: 13.59s
Avg Batch Time: 1.9688s
------------------------------
Epoch: 10, validauc: 0.8049, validacc: 0.7661, best epoch: 10, best auc: 0.8049, train loss: 16.06124395280337, emb_type: qid, model: akt, save_dir: saved_model/akt_also_stage1_pi_lr_auto_20260713_232100_42622/pilr3e4_bs64/assist2009_akt_qid_saved_model/akt_also_stage1_pi_lr_auto_20260713_232100_42622/pilr3e4_bs64_42_0_0.2_256_512_8_4_0.0001_64_100_0_0_1_student_id_None_optimistic_1.0_None_None_0.0003_0.01_None_0
            testauc: -1, testacc: -1, window_testauc: -1, window_testacc: -1

Total Epoch Time: 109.79s | Train Phase: 92.11s | Valid Phase: 17.44s
Avg Batch Time: 1.9189s
------------------------------
Epoch: 11, validauc: 0.8062, validacc: 0.7666, best epoch: 11, best auc: 0.8062, train loss: 16.02102833872175, emb_type: qid, model: akt, save_dir: saved_model/akt_also_stage1_pi_lr_auto_20260713_232100_42622/pilr3e4_bs64/assist2009_akt_qid_saved_model/akt_also_stage1_pi_lr_auto_20260713_232100_42622/pilr3e4_bs64_42_0_0.2_256_512_8_4_0.0001_64_100_0_0_1_student_id_None_optimistic_1.0_None_None_0.0003_0.01_None_0
            testauc: -1, testacc: -1, window_testauc: -1, window_testacc: -1

Total Epoch Time: 105.27s | Train Phase: 91.40s | Valid Phase: 13.76s
Avg Batch Time: 1.9041s
------------------------------
Epoch: 12, validauc: 0.8062, validacc: 0.7666, best epoch: 11, best auc: 0.8062, train loss: 15.971525803772517, emb_type: qid, model: akt, save_dir: saved_model/akt_also_stage1_pi_lr_auto_20260713_232100_42622/pilr3e4_bs64/assist2009_akt_qid_saved_model/akt_also_stage1_pi_lr_auto_20260713_232100_42622/pilr3e4_bs64_42_0_0.2_256_512_8_4_0.0001_64_100_0_0_1_student_id_None_optimistic_1.0_None_None_0.0003_0.01_None_0
            testauc: -1, testacc: -1, window_testauc: -1, window_testacc: -1

Total Epoch Time: 112.19s | Train Phase: 98.79s | Valid Phase: 13.40s
Avg Batch Time: 2.0581s
------------------------------
Epoch: 13, validauc: 0.8073, validacc: 0.7676, best epoch: 13, best auc: 0.8073, train loss: 15.925902024152721, emb_type: qid, model: akt, save_dir: saved_model/akt_also_stage1_pi_lr_auto_20260713_232100_42622/pilr3e4_bs64/assist2009_akt_qid_saved_model/akt_also_stage1_pi_lr_auto_20260713_232100_42622/pilr3e4_bs64_42_0_0.2_256_512_8_4_0.0001_64_100_0_0_1_student_id_None_optimistic_1.0_None_None_0.0003_0.01_None_0
            testauc: -1, testacc: -1, window_testauc: -1, window_testacc: -1

Total Epoch Time: 106.42s | Train Phase: 91.12s | Valid Phase: 14.89s
Avg Batch Time: 1.8983s
------------------------------
Epoch: 14, validauc: 0.8073, validacc: 0.7676, best epoch: 13, best auc: 0.8073, train loss: 15.860731981518512, emb_type: qid, model: akt, save_dir: saved_model/akt_also_stage1_pi_lr_auto_20260713_232100_42622/pilr3e4_bs64/assist2009_akt_qid_saved_model/akt_also_stage1_pi_lr_auto_20260713_232100_42622/pilr3e4_bs64_42_0_0.2_256_512_8_4_0.0001_64_100_0_0_1_student_id_None_optimistic_1.0_None_None_0.0003_0.01_None_0
            testauc: -1, testacc: -1, window_testauc: -1, window_testacc: -1

Total Epoch Time: 113.29s | Train Phase: 95.19s | Valid Phase: 18.10s
Avg Batch Time: 1.9832s
------------------------------
Epoch: 15, validauc: 0.8073, validacc: 0.7676, best epoch: 13, best auc: 0.8073, train loss: 15.840045327717126, emb_type: qid, model: akt, save_dir: saved_model/akt_also_stage1_pi_lr_auto_20260713_232100_42622/pilr3e4_bs64/assist2009_akt_qid_saved_model/akt_also_stage1_pi_lr_auto_20260713_232100_42622/pilr3e4_bs64_42_0_0.2_256_512_8_4_0.0001_64_100_0_0_1_student_id_None_optimistic_1.0_None_None_0.0003_0.01_None_0
            testauc: -1, testacc: -1, window_testauc: -1, window_testacc: -1

Total Epoch Time: 111.29s | Train Phase: 96.40s | Valid Phase: 14.89s
Avg Batch Time: 2.0084s
------------------------------
Epoch: 16, validauc: 0.8088, validacc: 0.7674, best epoch: 16, best auc: 0.8088, train loss: 15.820918751355784, emb_type: qid, model: akt, save_dir: saved_model/akt_also_stage1_pi_lr_auto_20260713_232100_42622/pilr3e4_bs64/assist2009_akt_qid_saved_model/akt_also_stage1_pi_lr_auto_20260713_232100_42622/pilr3e4_bs64_42_0_0.2_256_512_8_4_0.0001_64_100_0_0_1_student_id_None_optimistic_1.0_None_None_0.0003_0.01_None_0
            testauc: -1, testacc: -1, window_testauc: -1, window_testacc: -1

Total Epoch Time: 116.08s | Train Phase: 101.50s | Valid Phase: 14.29s
Avg Batch Time: 2.1145s
------------------------------
Epoch: 17, validauc: 0.8088, validacc: 0.7674, best epoch: 16, best auc: 0.8088, train loss: 15.776466176106377, emb_type: qid, model: akt, save_dir: saved_model/akt_also_stage1_pi_lr_auto_20260713_232100_42622/pilr3e4_bs64/assist2009_akt_qid_saved_model/akt_also_stage1_pi_lr_auto_20260713_232100_42622/pilr3e4_bs64_42_0_0.2_256_512_8_4_0.0001_64_100_0_0_1_student_id_None_optimistic_1.0_None_None_0.0003_0.01_None_0
            testauc: -1, testacc: -1, window_testauc: -1, window_testacc: -1

Total Epoch Time: 119.00s | Train Phase: 105.39s | Valid Phase: 13.62s
Avg Batch Time: 2.1955s
------------------------------
Epoch: 18, validauc: 0.8088, validacc: 0.7674, best epoch: 16, best auc: 0.8088, train loss: 15.733972024039735, emb_type: qid, model: akt, save_dir: saved_model/akt_also_stage1_pi_lr_auto_20260713_232100_42622/pilr3e4_bs64/assist2009_akt_qid_saved_model/akt_also_stage1_pi_lr_auto_20260713_232100_42622/pilr3e4_bs64_42_0_0.2_256_512_8_4_0.0001_64_100_0_0_1_student_id_None_optimistic_1.0_None_None_0.0003_0.01_None_0
            testauc: -1, testacc: -1, window_testauc: -1, window_testacc: -1

Total Epoch Time: 110.40s | Train Phase: 95.19s | Valid Phase: 15.21s
Avg Batch Time: 1.9832s
------------------------------
Epoch: 19, validauc: 0.8088, validacc: 0.7674, best epoch: 16, best auc: 0.8088, train loss: 15.73141980092445, emb_type: qid, model: akt, save_dir: saved_model/akt_also_stage1_pi_lr_auto_20260713_232100_42622/pilr3e4_bs64/assist2009_akt_qid_saved_model/akt_also_stage1_pi_lr_auto_20260713_232100_42622/pilr3e4_bs64_42_0_0.2_256_512_8_4_0.0001_64_100_0_0_1_student_id_None_optimistic_1.0_None_None_0.0003_0.01_None_0
            testauc: -1, testacc: -1, window_testauc: -1, window_testacc: -1

Total Epoch Time: 108.02s | Train Phase: 93.59s | Valid Phase: 14.43s
Avg Batch Time: 1.9497s
------------------------------
Epoch: 20, validauc: 0.8102, validacc: 0.7682, best epoch: 20, best auc: 0.8102, train loss: 15.721210164875714, emb_type: qid, model: akt, save_dir: saved_model/akt_also_stage1_pi_lr_auto_20260713_232100_42622/pilr3e4_bs64/assist2009_akt_qid_saved_model/akt_also_stage1_pi_lr_auto_20260713_232100_42622/pilr3e4_bs64_42_0_0.2_256_512_8_4_0.0001_64_100_0_0_1_student_id_None_optimistic_1.0_None_None_0.0003_0.01_None_0
            testauc: -1, testacc: -1, window_testauc: -1, window_testacc: -1

Total Epoch Time: 113.48s | Train Phase: 100.53s | Valid Phase: 12.66s
Avg Batch Time: 2.0945s
------------------------------
Epoch: 21, validauc: 0.8102, validacc: 0.7682, best epoch: 20, best auc: 0.8102, train loss: 15.642253205077532, emb_type: qid, model: akt, save_dir: saved_model/akt_also_stage1_pi_lr_auto_20260713_232100_42622/pilr3e4_bs64/assist2009_akt_qid_saved_model/akt_also_stage1_pi_lr_auto_20260713_232100_42622/pilr3e4_bs64_42_0_0.2_256_512_8_4_0.0001_64_100_0_0_1_student_id_None_optimistic_1.0_None_None_0.0003_0.01_None_0
            testauc: -1, testacc: -1, window_testauc: -1, window_testacc: -1

Total Epoch Time: 105.30s | Train Phase: 89.76s | Valid Phase: 15.54s
Avg Batch Time: 1.8701s
------------------------------
Epoch: 22, validauc: 0.8102, validacc: 0.7682, best epoch: 20, best auc: 0.8102, train loss: 15.621934460073255, emb_type: qid, model: akt, save_dir: saved_model/akt_also_stage1_pi_lr_auto_20260713_232100_42622/pilr3e4_bs64/assist2009_akt_qid_saved_model/akt_also_stage1_pi_lr_auto_20260713_232100_42622/pilr3e4_bs64_42_0_0.2_256_512_8_4_0.0001_64_100_0_0_1_student_id_None_optimistic_1.0_None_None_0.0003_0.01_None_0
            testauc: -1, testacc: -1, window_testauc: -1, window_testacc: -1

Total Epoch Time: 112.00s | Train Phase: 99.72s | Valid Phase: 12.28s
Avg Batch Time: 2.0775s
------------------------------
Epoch: 23, validauc: 0.8112, validacc: 0.7688, best epoch: 23, best auc: 0.8112, train loss: 15.600910920656057, emb_type: qid, model: akt, save_dir: saved_model/akt_also_stage1_pi_lr_auto_20260713_232100_42622/pilr3e4_bs64/assist2009_akt_qid_saved_model/akt_also_stage1_pi_lr_auto_20260713_232100_42622/pilr3e4_bs64_42_0_0.2_256_512_8_4_0.0001_64_100_0_0_1_student_id_None_optimistic_1.0_None_None_0.0003_0.01_None_0
            testauc: -1, testacc: -1, window_testauc: -1, window_testacc: -1

Total Epoch Time: 106.64s | Train Phase: 94.39s | Valid Phase: 11.92s
Avg Batch Time: 1.9665s
------------------------------
Epoch: 24, validauc: 0.8112, validacc: 0.7688, best epoch: 23, best auc: 0.8112, train loss: 15.560497010388994, emb_type: qid, model: akt, save_dir: saved_model/akt_also_stage1_pi_lr_auto_20260713_232100_42622/pilr3e4_bs64/assist2009_akt_qid_saved_model/akt_also_stage1_pi_lr_auto_20260713_232100_42622/pilr3e4_bs64_42_0_0.2_256_512_8_4_0.0001_64_100_0_0_1_student_id_None_optimistic_1.0_None_None_0.0003_0.01_None_0
            testauc: -1, testacc: -1, window_testauc: -1, window_testacc: -1

Total Epoch Time: 110.46s | Train Phase: 94.65s | Valid Phase: 15.81s
Avg Batch Time: 1.9718s
------------------------------
Epoch: 25, validauc: 0.8123, validacc: 0.7689, best epoch: 25, best auc: 0.8123, train loss: 15.52633134346443, emb_type: qid, model: akt, save_dir: saved_model/akt_also_stage1_pi_lr_auto_20260713_232100_42622/pilr3e4_bs64/assist2009_akt_qid_saved_model/akt_also_stage1_pi_lr_auto_20260713_232100_42622/pilr3e4_bs64_42_0_0.2_256_512_8_4_0.0001_64_100_0_0_1_student_id_None_optimistic_1.0_None_None_0.0003_0.01_None_0
            testauc: -1, testacc: -1, window_testauc: -1, window_testacc: -1

Total Epoch Time: 105.03s | Train Phase: 93.67s | Valid Phase: 11.14s
Avg Batch Time: 1.9514s
------------------------------
Epoch: 26, validauc: 0.8123, validacc: 0.7689, best epoch: 25, best auc: 0.8123, train loss: 15.479792615762962, emb_type: qid, model: akt, save_dir: saved_model/akt_also_stage1_pi_lr_auto_20260713_232100_42622/pilr3e4_bs64/assist2009_akt_qid_saved_model/akt_also_stage1_pi_lr_auto_20260713_232100_42622/pilr3e4_bs64_42_0_0.2_256_512_8_4_0.0001_64_100_0_0_1_student_id_None_optimistic_1.0_None_None_0.0003_0.01_None_0
            testauc: -1, testacc: -1, window_testauc: -1, window_testacc: -1

Total Epoch Time: 121.17s | Train Phase: 100.03s | Valid Phase: 21.13s
Avg Batch Time: 2.0840s
------------------------------
Epoch: 27, validauc: 0.8123, validacc: 0.7689, best epoch: 25, best auc: 0.8123, train loss: 15.44400382134588, emb_type: qid, model: akt, save_dir: saved_model/akt_also_stage1_pi_lr_auto_20260713_232100_42622/pilr3e4_bs64/assist2009_akt_qid_saved_model/akt_also_stage1_pi_lr_auto_20260713_232100_42622/pilr3e4_bs64_42_0_0.2_256_512_8_4_0.0001_64_100_0_0_1_student_id_None_optimistic_1.0_None_None_0.0003_0.01_None_0
            testauc: -1, testacc: -1, window_testauc: -1, window_testacc: -1

Total Epoch Time: 113.62s | Train Phase: 101.12s | Valid Phase: 12.50s
Avg Batch Time: 2.1067s
------------------------------
Epoch: 28, validauc: 0.8134, validacc: 0.7693, best epoch: 28, best auc: 0.8134, train loss: 15.392109527773178, emb_type: qid, model: akt, save_dir: saved_model/akt_also_stage1_pi_lr_auto_20260713_232100_42622/pilr3e4_bs64/assist2009_akt_qid_saved_model/akt_also_stage1_pi_lr_auto_20260713_232100_42622/pilr3e4_bs64_42_0_0.2_256_512_8_4_0.0001_64_100_0_0_1_student_id_None_optimistic_1.0_None_None_0.0003_0.01_None_0
            testauc: -1, testacc: -1, window_testauc: -1, window_testacc: -1

Total Epoch Time: 117.57s | Train Phase: 104.80s | Valid Phase: 12.49s
Avg Batch Time: 2.1833s
------------------------------
Epoch: 29, validauc: 0.8147, validacc: 0.7702, best epoch: 29, best auc: 0.8147, train loss: 15.302704470910328, emb_type: qid, model: akt, save_dir: saved_model/akt_also_stage1_pi_lr_auto_20260713_232100_42622/pilr3e4_bs64/assist2009_akt_qid_saved_model/akt_also_stage1_pi_lr_auto_20260713_232100_42622/pilr3e4_bs64_42_0_0.2_256_512_8_4_0.0001_64_100_0_0_1_student_id_None_optimistic_1.0_None_None_0.0003_0.01_None_0
            testauc: -1, testacc: -1, window_testauc: -1, window_testacc: -1

Total Epoch Time: 110.92s | Train Phase: 97.52s | Valid Phase: 13.19s
Avg Batch Time: 2.0317s
------------------------------
