
libgomp: Invalid value for environment variable OMP_NUM_THREADS

libgomp: Invalid value for environment variable OMP_NUM_THREADS
✅ 初始运行记录已写入: saved_model/akt_also_stage1_pi_lr_auto_20260713_232100_42622/pilr1e4_bs64/run_history.txt (ID: 943b93d0-7b6e-49a3-982a-7c21920ecbe3)
✅ 参数已保存至: saved_model/akt_also_stage1_pi_lr_auto_20260713_232100_42622/pilr1e4_bs64/saved_params_akt.json
✅ 参数已保存至: saved_model/akt_also_stage1_pi_lr_auto_20260713_232100_42622/pilr1e4_bs64/saved_params_akt.json
2026-07-14 00:28:44 - main - said: load config files.
[DATA_PATH] dataset=assist2009 resolved_dpath=/root/autodl-tmp/pykt-toolkit/data/assist2009
assist2009 akt {'assist2015': {'dpath': '../data/assist2015', 'num_q': 0, 'num_c': 100, 'input_type': ['concepts'], 'max_concepts': 1, 'min_seq_len': 3, 'maxlen': 200, 'emb_path': '', 'train_valid_original_file': 'train_valid.csv', 'train_valid_file': 'train_valid_sequences.csv', 'folds': [0, 1, 2, 3, 4], 'test_original_file': 'test.csv', 'test_file': 'test_sequences.csv', 'test_window_file': 'test_window_sequences.csv', 'train_valid_original_file_quelevel': 'train_valid_quelevel.csv', 'train_valid_file_quelevel': 'train_valid_sequences_quelevel.csv', 'test_file_quelevel': 'test_sequences_quelevel.csv', 'test_window_file_quelevel': 'test_window_sequences_quelevel.csv', 'test_original_file_quelevel': 'test_quelevel.csv'}, 'algebra2005': {'dpath': '../data/algebra2005', 'num_q': 173113, 'num_c': 112, 'input_type': ['questions', 'concepts'], 'max_concepts': 7, 'min_seq_len': 3, 'maxlen': 200, 'emb_path': '', 'train_valid_original_file': 'train_valid.csv', 'train_valid_file': 'train_valid_sequences.csv', 'folds': [0, 1, 2, 3, 4], 'test_original_file': 'test.csv', 'test_file': 'test_sequences.csv', 'test_window_file': 'test_window_sequences.csv', 'test_question_file': 'test_question_sequences.csv', 'test_question_window_file': 'test_question_window_sequences.csv', 'train_valid_original_file_quelevel': 'train_valid_quelevel.csv', 'train_valid_file_quelevel': 'train_valid_sequences_quelevel.csv', 'test_file_quelevel': 'test_sequences_quelevel.csv', 'test_window_file_quelevel': 'test_window_sequences_quelevel.csv', 'test_original_file_quelevel': 'test_quelevel.csv', 'students_num_train': 460, 'students_num_eval': 114}, 'assist2009': {'dpath': '/root/autodl-tmp/pykt-toolkit/data/assist2009', 'num_q': 17737, 'num_c': 123, 'input_type': ['questions', 'concepts'], 'max_concepts': 4, 'min_seq_len': 3, 'maxlen': 200, 'emb_path': '', 'train_valid_original_file': 'train_valid.csv', 'train_valid_file': 'train_valid_sequences.csv', 'folds': [0, 1, 2, 3, 4], 'test_original_file': 'test.csv', 'test_file': 'test_sequences.csv', 'test_window_file': 'test_window_sequences.csv', 'test_question_file': 'test_question_sequences.csv', 'test_question_window_file': 'test_question_window_sequences.csv', 'train_valid_original_file_quelevel': 'train_valid_quelevel.csv', 'train_valid_file_quelevel': 'train_valid_sequences_quelevel.csv', 'test_file_quelevel': 'test_sequences_quelevel.csv', 'test_window_file_quelevel': 'test_window_sequences_quelevel.csv', 'test_original_file_quelevel': 'test_quelevel.csv', 'students_num_eval': 770, 'global_question_stats_file': 'global_question_stats.csv', 'global_concept_stats_file': 'global_concept_stats.csv', 'total_questions_low_interval_file': 'total_questions_low_interval.csv', 'total_questions_medium_interval_file': 'total_questions_medium_interval.csv', 'total_questions_high_interval_file': 'total_questions_high_interval.csv', 'overall_accuracy_low_interval_file': 'overall_accuracy_low_interval.csv', 'overall_accuracy_medium_interval_file': 'overall_accuracy_medium_interval.csv', 'overall_accuracy_high_interval_file': 'overall_accuracy_high_interval.csv', 'accuracy_range_low_interval_file': 'accuracy_range_low_interval.csv', 'accuracy_range_medium_interval_file': 'accuracy_range_medium_interval.csv', 'accuracy_range_high_interval_file': 'accuracy_range_high_interval.csv', 'accuracy_variance_low_interval_file': 'accuracy_variance_low_interval.csv', 'accuracy_variance_medium_interval_file': 'accuracy_variance_medium_interval.csv', 'accuracy_variance_high_interval_file': 'accuracy_variance_high_interval.csv', 'questions_range_low_interval_file': 'questions_range_low_interval.csv', 'questions_range_medium_interval_file': 'questions_range_medium_interval.csv', 'questions_range_high_interval_file': 'questions_range_high_interval.csv', 'students_num_train': 3082}, 'slepemapy': {'dpath': '../data/slepemapy', 'num_q': 2913, 'num_c': 1458, 'input_type': ['questions', 'concepts'], 'emb_path': '', 'train_valid_original_file': 'train_valid.csv', 'train_valid_file': 'train_valid_sequences.csv', 'folds': [0, 1, 2, 3, 4], 'test_original_file': 'test.csv', 'test_file': 'test_sequences.csv', 'test_window_file': 'test_window_sequences.csv', 'test_question_file': 'test_question_sequences.csv', 'test_question_window_file': 'test_question_window_sequences.csv'}, 'assist2017': {'dpath': '../data/assist2017', 'num_q': 3162, 'num_c': 102, 'input_type': ['questions', 'concepts'], 'min_seq_len': 3, 'maxlen': 500, 'emb_path': '', 'train_valid_original_file': 'train_valid.csv', 'train_valid_file': 'train_valid_sequences.csv', 'folds': [0, 1, 2, 3, 4], 'test_original_file': 'test.csv', 'test_file': 'test_sequences.csv', 'test_window_file': 'test_window_sequences.csv', 'test_question_file': 'test_question_sequences.csv', 'test_question_window_file': 'test_question_window_sequences.csv'}, 'assist2012': {'dpath': '../data/assist2012', 'num_q': 53070, 'num_c': 265, 'input_type': ['questions', 'concepts'], 'emb_path': '', 'train_valid_original_file': 'train_valid.csv', 'train_valid_file': 'train_valid_sequences.csv', 'folds': [0, 1, 2, 3, 4], 'test_original_file': 'test.csv', 'test_file': 'test_sequences.csv', 'test_window_file': 'test_window_sequences.csv', 'test_question_file': 'test_question_sequences.csv', 'test_question_window_file': 'test_question_window_sequences.csv'}, 'statics2011': {'dpath': '../data/statics2011', 'num_q': 0, 'num_c': 1223, 'input_type': ['concepts'], 'max_concepts': 1, 'min_seq_len': 3, 'maxlen': 200, 'emb_path': '', 'train_valid_original_file': 'train_valid.csv', 'train_valid_file': 'train_valid_sequences.csv', 'folds': [0, 1, 2, 3, 4], 'test_original_file': 'test.csv', 'test_file': 'test_sequences.csv', 'test_window_file': 'test_window_sequences.csv', 'train_valid_original_file_quelevel': 'train_valid_quelevel.csv', 'train_valid_file_quelevel': 'train_valid_sequences_quelevel.csv', 'test_file_quelevel': 'test_sequences_quelevel.csv', 'test_window_file_quelevel': 'test_window_sequences_quelevel.csv', 'test_original_file_quelevel': 'test_quelevel.csv'}, 'junyi2015': {'dpath': '../data/junyi2015', 'num_q': 721, 'num_c': 39, 'input_type': ['questions', 'concepts'], 'max_concepts': 1, 'min_seq_len': 3, 'maxlen': 200, 'emb_path': '', 'train_valid_original_file': 'train_valid.csv', 'train_valid_file': 'train_valid_sequences.csv', 'folds': [0, 1, 2, 3, 4], 'test_original_file': 'test.csv', 'test_file': 'test_sequences.csv', 'test_window_file': 'test_window_sequences.csv', 'test_question_file': 'test_question_sequences.csv', 'test_question_window_file': 'test_question_window_sequences.csv'}, 'bridge2algebra2006': {'dpath': '../data/bridge2algebra2006', 'num_q': 129263, 'num_c': 493, 'input_type': ['questions', 'concepts'], 'max_concepts': 5, 'min_seq_len': 3, 'maxlen': 200, 'emb_path': '', 'train_valid_original_file': 'train_valid.csv', 'train_valid_file': 'train_valid_sequences.csv', 'folds': [0, 1, 2, 3, 4], 'test_original_file': 'test.csv', 'test_file': 'test_sequences.csv', 'test_window_file': 'test_window_sequences.csv', 'test_question_file': 'test_question_sequences.csv', 'test_question_window_file': 'test_question_window_sequences.csv', 'train_valid_original_file_quelevel': 'train_valid_quelevel.csv', 'train_valid_file_quelevel': 'train_valid_sequences_quelevel.csv', 'test_file_quelevel': 'test_sequences_quelevel.csv', 'test_window_file_quelevel': 'test_window_sequences_quelevel.csv', 'test_original_file_quelevel': 'test_quelevel.csv', 'students_num_train': 916, 'students_num_eval': 229, 'global_question_stats_file': 'global_question_stats.csv', 'global_concept_stats_file': 'global_concept_stats.csv', 'total_questions_low_interval_file': 'total_questions_low_interval.csv', 'total_questions_medium_interval_file': 'total_questions_medium_interval.csv', 'total_questions_high_interval_file': 'total_questions_high_interval.csv', 'overall_accuracy_low_interval_file': 'overall_accuracy_low_interval.csv', 'overall_accuracy_medium_interval_file': 'overall_accuracy_medium_interval.csv', 'overall_accuracy_high_interval_file': 'overall_accuracy_high_interval.csv', 'accuracy_range_low_interval_file': 'accuracy_range_low_interval.csv', 'accuracy_range_medium_interval_file': 'accuracy_range_medium_interval.csv', 'accuracy_range_high_interval_file': 'accuracy_range_high_interval.csv', 'accuracy_variance_low_interval_file': 'accuracy_variance_low_interval.csv', 'accuracy_variance_medium_interval_file': 'accuracy_variance_medium_interval.csv', 'accuracy_variance_high_interval_file': 'accuracy_variance_high_interval.csv', 'questions_range_low_interval_file': 'questions_range_low_interval.csv', 'questions_range_medium_interval_file': 'questions_range_medium_interval.csv', 'questions_range_high_interval_file': 'questions_range_high_interval.csv'}, 'ednet': {'dpath': '../data/ednet', 'num_q': 11901, 'num_c': 188, 'input_type': ['questions', 'concepts'], 'max_concepts': 7, 'min_seq_len': 3, 'maxlen': 200, 'emb_path': '', 'train_valid_original_file': 'train_valid.csv', 'train_valid_file': 'train_valid_sequences.csv', 'folds': [0, 1, 2, 3, 4], 'test_original_file': 'test.csv', 'test_file': 'test_sequences.csv', 'test_window_file': 'test_window_sequences.csv', 'test_question_file': 'test_question_sequences.csv', 'test_question_window_file': 'test_question_window_sequences.csv', 'train_valid_original_file_quelevel': 'train_valid_quelevel.csv', 'train_valid_file_quelevel': 'train_valid_sequences_quelevel.csv', 'test_file_quelevel': 'test_sequences_quelevel.csv', 'test_window_file_quelevel': 'test_window_sequences_quelevel.csv', 'test_original_file_quelevel': 'test_quelevel.csv'}, 'nips_task34': {'dpath': '../data/nips_task34', 'num_q': 948, 'num_c': 57, 'students_num_eval': 983, 'students_num_train': 3935, 'input_type': ['questions', 'concepts'], 'max_concepts': 2, 'min_seq_len': 3, 'maxlen': 200, 'emb_path': '', 'train_valid_original_file': 'train_valid.csv', 'train_valid_file': 'train_valid_sequences.csv', 'folds': [0, 1, 2, 3, 4], 'test_original_file': 'test.csv', 'test_file': 'test_sequences.csv', 'test_window_file': 'test_window_sequences.csv', 'test_question_file': 'test_question_sequences.csv', 'test_question_window_file': 'test_question_window_sequences.csv', 'train_valid_original_file_quelevel': 'train_valid_quelevel.csv', 'train_valid_file_quelevel': 'train_valid_sequences_quelevel.csv', 'test_file_quelevel': 'test_sequences_quelevel.csv', 'test_window_file_quelevel': 'test_window_sequences_quelevel.csv', 'test_original_file_quelevel': 'test_quelevel.csv', 'global_question_stats_file': 'global_question_stats.csv', 'global_concept_stats_file': 'global_concept_stats.csv', 'student_summary_file': 'student_summary.csv', 'total_questions_low_interval_file': 'total_questions_low_interval.csv', 'total_questions_medium_interval_file': 'total_questions_medium_interval.csv', 'total_questions_high_interval_file': 'total_questions_high_interval.csv', 'overall_accuracy_low_interval_file': 'overall_accuracy_low_interval.csv', 'overall_accuracy_medium_interval_file': 'overall_accuracy_medium_interval.csv', 'overall_accuracy_high_interval_file': 'overall_accuracy_high_interval.csv', 'accuracy_range_low_interval_file': 'accuracy_range_low_interval.csv', 'accuracy_range_medium_interval_file': 'accuracy_range_medium_interval.csv', 'accuracy_range_high_interval_file': 'accuracy_range_high_interval.csv', 'accuracy_variance_low_interval_file': 'accuracy_variance_low_interval.csv', 'accuracy_variance_medium_interval_file': 'accuracy_variance_medium_interval.csv', 'accuracy_variance_high_interval_file': 'accuracy_variance_high_interval.csv', 'questions_range_low_interval_file': 'questions_range_low_interval.csv', 'questions_range_medium_interval_file': 'questions_range_medium_interval.csv', 'questions_range_high_interval_file': 'questions_range_high_interval.csv', 'seq_len_10000_students_num_eval': 23, 'seq_len_20000_students_num_eval': 38, 'seq_len_30000_students_num_eval': 37, 'seq_len_18000_students_num_eval': 16, 'seq_len_22000_students_num_eval': 47}, 'poj': {'dpath': '../data/poj', 'num_q': 0, 'num_c': 2748, 'input_type': ['concepts'], 'max_concepts': 1, 'min_seq_len': 3, 'maxlen': 200, 'emb_path': '', 'train_valid_original_file': 'train_valid.csv', 'train_valid_file': 'train_valid_sequences.csv', 'folds': [0, 1, 2, 3, 4], 'test_original_file': 'test.csv', 'test_file': 'test_sequences.csv', 'test_window_file': 'test_window_sequences.csv', 'train_valid_original_file_quelevel': 'train_valid_quelevel.csv', 'train_valid_file_quelevel': 'train_valid_sequences_quelevel.csv', 'test_file_quelevel': 'test_sequences_quelevel.csv', 'test_window_file_quelevel': 'test_window_sequences_quelevel.csv', 'test_original_file_quelevel': 'test_quelevel.csv'}, 'peiyou': {'dpath': '../data/peiyou', 'num_q': 7652, 'num_c': 865, 'input_type': ['questions', 'concepts'], 'max_concepts': 6, 'min_seq_len': 3, 'maxlen': 200, 'emb_path': '', 'train_valid_file': 'train_valid_sequences.csv', 'folds': [0, 1, 2, 3, 4], 'students_num_eval': 0, 'train_valid_original_file': 'train_valid.csv', 'test_original_file': 'test.csv', 'test_file': 'test_sequences.csv', 'test_window_file': 'test_window_sequences.csv', 'test_question_file': 'test_question_sequences.csv', 'test_question_window_file': 'test_question_window_sequences.csv', 'train_valid_original_file_quelevel': 'train_valid_quelevel.csv', 'train_valid_file_quelevel': 'train_valid_sequences_quelevel.csv', 'test_file_quelevel': 'test_sequences_quelevel.csv', 'test_window_file_quelevel': 'test_window_sequences_quelevel.csv', 'test_original_file_quelevel': 'test_quelevel.csv', 'students_num_train': 14453, 'global_question_stats_file': 'global_question_stats.csv', 'global_concept_stats_file': 'global_concept_stats.csv', 'seq_len_500_students_num_eval': 0, 'seq_len_300_students_num_eval': 0, 'seq_len_400_students_num_eval': 0}, 'ednet5w': {'dpath': '../data/ednet5w', 'num_q': 12235, 'num_c': 188, 'input_type': ['questions', 'concepts'], 'max_concepts': 7, 'min_seq_len': 3, 'maxlen': 200, 'emb_path': '', 'train_valid_original_file': 'train_valid.csv', 'train_valid_file': 'train_valid_sequences.csv', 'folds': [0, 1, 2, 3, 4], 'test_original_file': 'test.csv', 'test_file': 'test_sequences.csv', 'test_window_file': 'test_window_sequences.csv', 'test_question_file': 'test_question_sequences.csv', 'test_question_window_file': 'test_question_window_sequences.csv', 'train_valid_original_file_quelevel': 'train_valid_quelevel.csv', 'train_valid_file_quelevel': 'train_valid_sequences_quelevel.csv', 'test_file_quelevel': 'test_sequences_quelevel.csv', 'test_window_file_quelevel': 'test_window_sequences_quelevel.csv', 'test_original_file_quelevel': 'test_quelevel.csv'}, 'pretrain': {'dpath': '../data/pretrain', 'num_q': 340614, 'num_c': 1838, 'input_type': ['questions', 'concepts'], 'max_concepts': 7, 'min_seq_len': 3, 'maxlen': 1024, 'emb_path': '', 'train_valid_original_file': 'train_valid.csv', 'train_valid_file': 'train_valid_sequences.csv', 'folds': [0, 1, 2, 3, 4], 'test_original_file': 'test.csv', 'test_file': 'test_sequences.csv', 'test_window_file': 'test_window_sequences.csv', 'test_question_file': 'test_question_sequences.csv', 'test_question_window_file': 'test_question_window_sequences.csv', 'train_valid_original_file_quelevel': 'train_valid_quelevel.csv', 'train_valid_file_quelevel': 'train_valid_sequences_quelevel_200.csv', 'test_file_quelevel': 'test_sequences_quelevel.csv', 'test_window_file_quelevel': 'test_window_sequences_quelevel.csv', 'test_original_file_quelevel': 'test_quelevel.csv'}, 'assist2009Anips_task34Abridge2algebra2006': {'dpath': '../data/assist2009Anips_task34Abridge2algebra2006', 'num_q': 147948, 'num_c': 673, 'input_type': ['concepts', 'questions'], 'max_concepts': 5, 'min_seq_len': 3, 'maxlen': 200, 'emb_path': '', 'train_valid_original_file': 'train_valid.csv', 'train_valid_file': 'train_valid_sequences.csv', 'folds': [0, 1, 2, 3, 4], 'test_original_file': 'test.csv', 'test_file': 'test_sequences.csv', 'test_window_file': 'test_window_sequences.csv', 'test_question_file': 'test_question_sequences.csv', 'test_question_window_file': 'test_question_window_sequences.csv', 'train_valid_original_file_quelevel': 'train_valid_quelevel.csv', 'train_valid_file_quelevel': 'train_valid_sequences_quelevel.csv', 'test_file_quelevel': 'test_sequences_quelevel.csv', 'test_window_file_quelevel': 'test_window_sequences_quelevel.csv', 'test_original_file_quelevel': 'test_quelevel.csv', 'students_num_eval': 770, 'global_question_stats_file': 'global_question_stats.csv', 'global_concept_stats_file': 'global_concept_stats.csv', 'total_questions_low_interval_file': 'total_questions_low_interval.csv', 'total_questions_medium_interval_file': 'total_questions_medium_interval.csv', 'total_questions_high_interval_file': 'total_questions_high_interval.csv', 'overall_accuracy_low_interval_file': 'overall_accuracy_low_interval.csv', 'overall_accuracy_medium_interval_file': 'overall_accuracy_medium_interval.csv', 'overall_accuracy_high_interval_file': 'overall_accuracy_high_interval.csv', 'accuracy_range_low_interval_file': 'accuracy_range_low_interval.csv', 'accuracy_range_medium_interval_file': 'accuracy_range_medium_interval.csv', 'accuracy_range_high_interval_file': 'accuracy_range_high_interval.csv', 'accuracy_variance_low_interval_file': 'accuracy_variance_low_interval.csv', 'accuracy_variance_medium_interval_file': 'accuracy_variance_medium_interval.csv', 'accuracy_variance_high_interval_file': 'accuracy_variance_high_interval.csv', 'questions_range_low_interval_file': 'questions_range_low_interval.csv', 'questions_range_medium_interval_file': 'questions_range_medium_interval.csv', 'questions_range_high_interval_file': 'questions_range_high_interval.csv', 'students_num_train': 7933}, 'peiyouAnips_task34Abridge2algebra2006': {'dpath': '../data/peiyouAnips_task34Abridge2algebra2006', 'num_q': 137863, 'num_c': 1415, 'input_type': ['questions', 'concepts'], 'max_concepts': 6, 'min_seq_len': 3, 'maxlen': 200, 'emb_path': '', 'train_valid_file': 'train_valid_sequences.csv', 'folds': [0, 1, 2, 3, 4], 'train_valid_original_file': 'train_valid.csv', 'test_original_file': 'test.csv', 'test_file': 'test_sequences.csv', 'test_window_file': 'test_window_sequences.csv', 'test_question_file': 'test_question_sequences.csv', 'test_question_window_file': 'test_question_window_sequences.csv', 'train_valid_original_file_quelevel': 'train_valid_quelevel.csv', 'train_valid_file_quelevel': 'train_valid_sequences_quelevel.csv', 'test_file_quelevel': 'test_sequences_quelevel.csv', 'test_window_file_quelevel': 'test_window_sequences_quelevel.csv', 'test_original_file_quelevel': 'test_quelevel.csv', 'students_num_eval': 983, 'global_question_stats_file': 'global_question_stats.csv', 'global_concept_stats_file': 'global_concept_stats.csv', 'student_summary_file': 'student_summary.csv', 'total_questions_low_interval_file': 'total_questions_low_interval.csv', 'total_questions_medium_interval_file': 'total_questions_medium_interval.csv', 'total_questions_high_interval_file': 'total_questions_high_interval.csv', 'overall_accuracy_low_interval_file': 'overall_accuracy_low_interval.csv', 'overall_accuracy_medium_interval_file': 'overall_accuracy_medium_interval.csv', 'overall_accuracy_high_interval_file': 'overall_accuracy_high_interval.csv', 'accuracy_range_low_interval_file': 'accuracy_range_low_interval.csv', 'accuracy_range_medium_interval_file': 'accuracy_range_medium_interval.csv', 'accuracy_range_high_interval_file': 'accuracy_range_high_interval.csv', 'accuracy_variance_low_interval_file': 'accuracy_variance_low_interval.csv', 'accuracy_variance_medium_interval_file': 'accuracy_variance_medium_interval.csv', 'accuracy_variance_high_interval_file': 'accuracy_variance_high_interval.csv', 'questions_range_low_interval_file': 'questions_range_low_interval.csv', 'questions_range_medium_interval_file': 'questions_range_medium_interval.csv', 'questions_range_high_interval_file': 'questions_range_high_interval.csv', 'students_num_train': 15181}} 0 64
2026-07-14 00:28:44 - main - said: init_dataset
Read data from processed file: /root/autodl-tmp/pykt-toolkit/data/assist2009/train_valid_sequences.csv_0.pkl
file path: /root/autodl-tmp/pykt-toolkit/data/assist2009/train_valid_sequences.csv, qlen: 741, clen: 741, rlen: 741, uidlen: 741
Read data from processed file: /root/autodl-tmp/pykt-toolkit/data/assist2009/train_valid_sequences.csv_1_2_3_4.pkl
file path: /root/autodl-tmp/pykt-toolkit/data/assist2009/train_valid_sequences.csv, qlen: 3016, clen: 3016, rlen: 3016, uidlen: 3016
params: {'dataset_name': 'assist2009', 'model_name': 'akt', 'emb_type': 'qid', 'save_dir': 'saved_model/akt_also_stage1_pi_lr_auto_20260713_232100_42622/pilr1e4_bs64', 'seed': 42, 'fold': 0, 'dropout': 0.2, 'd_model': 256, 'd_ff': 512, 'num_attn_heads': 8, 'n_blocks': 4, 'learning_rate': 0.0001, 'batch_size': 64, 'num_epochs': 100, 'use_wandb': 0, 'use_trained': 0, 'use_also': 1, 'also_grouping_mode': 'student_id', 'also_n_groups': None, 'also_mode': 'optimistic', 'also_alpha': 1.0, 'also_lr': None, 'also_weight_decay': None, 'also_pi_lr': 0.0001, 'also_pi_decay': 0.01, 'also_loss_scale': None, 'add_uuid': 0}, params_str: assist2009_akt_qid_saved_model/akt_also_stage1_pi_lr_auto_20260713_232100_42622/pilr1e4_bs64_42_0_0.2_256_512_8_4_0.0001_64_100_0_0_1_student_id_None_optimistic_1.0_None_None_0.0001_0.01_None_0
Start training model: akt, embtype: qid, save_dir: saved_model/akt_also_stage1_pi_lr_auto_20260713_232100_42622/pilr1e4_bs64/assist2009_akt_qid_saved_model/akt_also_stage1_pi_lr_auto_20260713_232100_42622/pilr1e4_bs64_42_0_0.2_256_512_8_4_0.0001_64_100_0_0_1_student_id_None_optimistic_1.0_None_None_0.0001_0.01_None_0, dataset_name: assist2009
model_config: {'dropout': 0.2, 'd_model': 256, 'd_ff': 512, 'num_attn_heads': 8, 'n_blocks': 4, 'learning_rate': 0.0001}
train_config: {'batch_size': 64, 'num_epochs': 100, 'optimizer': 'adam', 'seq_len': 200}
2026-07-14 00:28:44 - main - said: init_model
[PARAM_COUNT] model=akt emb_type=qid dataset=assist2009 trainable=6,074,795 total=6,074,795
2026-07-14 00:28:45 - main - said: train model
ALSO enabled with grouping_mode=student_id
ALSO student groups initialized from the training fold: n_groups=2465, sequences/student=[1, 7]
未找到预训练模型文件，将从头开始训练。
ALSO initialized with n_groups=2465 for grouping_mode=student_id
Epoch: 1, validauc: 0.7497, validacc: 0.7306, best epoch: 1, best auc: 0.7497, train loss: 18.72829590320812, emb_type: qid, model: akt, save_dir: saved_model/akt_also_stage1_pi_lr_auto_20260713_232100_42622/pilr1e4_bs64/assist2009_akt_qid_saved_model/akt_also_stage1_pi_lr_auto_20260713_232100_42622/pilr1e4_bs64_42_0_0.2_256_512_8_4_0.0001_64_100_0_0_1_student_id_None_optimistic_1.0_None_None_0.0001_0.01_None_0
            testauc: -1, testacc: -1, window_testauc: -1, window_testacc: -1

Total Epoch Time: 104.43s | Train Phase: 88.42s | Valid Phase: 15.82s
Avg Batch Time: 1.8421s
------------------------------
Epoch: 2, validauc: 0.7685, validacc: 0.7443, best epoch: 2, best auc: 0.7685, train loss: 17.56740493593564, emb_type: qid, model: akt, save_dir: saved_model/akt_also_stage1_pi_lr_auto_20260713_232100_42622/pilr1e4_bs64/assist2009_akt_qid_saved_model/akt_also_stage1_pi_lr_auto_20260713_232100_42622/pilr1e4_bs64_42_0_0.2_256_512_8_4_0.0001_64_100_0_0_1_student_id_None_optimistic_1.0_None_None_0.0001_0.01_None_0
            testauc: -1, testacc: -1, window_testauc: -1, window_testacc: -1

Total Epoch Time: 99.51s | Train Phase: 87.51s | Valid Phase: 11.70s
Avg Batch Time: 1.8231s
------------------------------
Epoch: 3, validauc: 0.7806, validacc: 0.751, best epoch: 3, best auc: 0.7806, train loss: 17.11446335899131, emb_type: qid, model: akt, save_dir: saved_model/akt_also_stage1_pi_lr_auto_20260713_232100_42622/pilr1e4_bs64/assist2009_akt_qid_saved_model/akt_also_stage1_pi_lr_auto_20260713_232100_42622/pilr1e4_bs64_42_0_0.2_256_512_8_4_0.0001_64_100_0_0_1_student_id_None_optimistic_1.0_None_None_0.0001_0.01_None_0
            testauc: -1, testacc: -1, window_testauc: -1, window_testacc: -1

Total Epoch Time: 101.87s | Train Phase: 89.31s | Valid Phase: 12.17s
Avg Batch Time: 1.8605s
------------------------------
Epoch: 4, validauc: 0.7885, validacc: 0.7552, best epoch: 4, best auc: 0.7885, train loss: 16.833270873438522, emb_type: qid, model: akt, save_dir: saved_model/akt_also_stage1_pi_lr_auto_20260713_232100_42622/pilr1e4_bs64/assist2009_akt_qid_saved_model/akt_also_stage1_pi_lr_auto_20260713_232100_42622/pilr1e4_bs64_42_0_0.2_256_512_8_4_0.0001_64_100_0_0_1_student_id_None_optimistic_1.0_None_None_0.0001_0.01_None_0
            testauc: -1, testacc: -1, window_testauc: -1, window_testacc: -1

Total Epoch Time: 106.82s | Train Phase: 95.26s | Valid Phase: 11.26s
Avg Batch Time: 1.9846s
------------------------------
Epoch: 5, validauc: 0.7931, validacc: 0.759, best epoch: 5, best auc: 0.7931, train loss: 16.64136843830489, emb_type: qid, model: akt, save_dir: saved_model/akt_also_stage1_pi_lr_auto_20260713_232100_42622/pilr1e4_bs64/assist2009_akt_qid_saved_model/akt_also_stage1_pi_lr_auto_20260713_232100_42622/pilr1e4_bs64_42_0_0.2_256_512_8_4_0.0001_64_100_0_0_1_student_id_None_optimistic_1.0_None_None_0.0001_0.01_None_0
            testauc: -1, testacc: -1, window_testauc: -1, window_testacc: -1

Total Epoch Time: 97.61s | Train Phase: 86.53s | Valid Phase: 10.76s
Avg Batch Time: 1.8026s
------------------------------
Epoch: 6, validauc: 0.7961, validacc: 0.7608, best epoch: 6, best auc: 0.7961, train loss: 16.46920600455149, emb_type: qid, model: akt, save_dir: saved_model/akt_also_stage1_pi_lr_auto_20260713_232100_42622/pilr1e4_bs64/assist2009_akt_qid_saved_model/akt_also_stage1_pi_lr_auto_20260713_232100_42622/pilr1e4_bs64_42_0_0.2_256_512_8_4_0.0001_64_100_0_0_1_student_id_None_optimistic_1.0_None_None_0.0001_0.01_None_0
            testauc: -1, testacc: -1, window_testauc: -1, window_testacc: -1

Total Epoch Time: 104.99s | Train Phase: 93.09s | Valid Phase: 11.62s
Avg Batch Time: 1.9394s
------------------------------
Epoch: 7, validauc: 0.7996, validacc: 0.7632, best epoch: 7, best auc: 0.7996, train loss: 16.363123544517215, emb_type: qid, model: akt, save_dir: saved_model/akt_also_stage1_pi_lr_auto_20260713_232100_42622/pilr1e4_bs64/assist2009_akt_qid_saved_model/akt_also_stage1_pi_lr_auto_20260713_232100_42622/pilr1e4_bs64_42_0_0.2_256_512_8_4_0.0001_64_100_0_0_1_student_id_None_optimistic_1.0_None_None_0.0001_0.01_None_0
            testauc: -1, testacc: -1, window_testauc: -1, window_testacc: -1

Total Epoch Time: 110.72s | Train Phase: 97.34s | Valid Phase: 13.10s
Avg Batch Time: 2.0279s
------------------------------
Epoch: 8, validauc: 0.8013, validacc: 0.7643, best epoch: 8, best auc: 0.8013, train loss: 16.234463905179165, emb_type: qid, model: akt, save_dir: saved_model/akt_also_stage1_pi_lr_auto_20260713_232100_42622/pilr1e4_bs64/assist2009_akt_qid_saved_model/akt_also_stage1_pi_lr_auto_20260713_232100_42622/pilr1e4_bs64_42_0_0.2_256_512_8_4_0.0001_64_100_0_0_1_student_id_None_optimistic_1.0_None_None_0.0001_0.01_None_0
            testauc: -1, testacc: -1, window_testauc: -1, window_testacc: -1

Total Epoch Time: 101.38s | Train Phase: 89.97s | Valid Phase: 11.20s
Avg Batch Time: 1.8744s
------------------------------
Epoch: 9, validauc: 0.8026, validacc: 0.7646, best epoch: 9, best auc: 0.8026, train loss: 16.158267905678528, emb_type: qid, model: akt, save_dir: saved_model/akt_also_stage1_pi_lr_auto_20260713_232100_42622/pilr1e4_bs64/assist2009_akt_qid_saved_model/akt_also_stage1_pi_lr_auto_20260713_232100_42622/pilr1e4_bs64_42_0_0.2_256_512_8_4_0.0001_64_100_0_0_1_student_id_None_optimistic_1.0_None_None_0.0001_0.01_None_0
            testauc: -1, testacc: -1, window_testauc: -1, window_testacc: -1

Total Epoch Time: 102.60s | Train Phase: 89.70s | Valid Phase: 12.59s
Avg Batch Time: 1.8688s
------------------------------
Epoch: 10, validauc: 0.805, validacc: 0.7661, best epoch: 10, best auc: 0.805, train loss: 16.062341490161202, emb_type: qid, model: akt, save_dir: saved_model/akt_also_stage1_pi_lr_auto_20260713_232100_42622/pilr1e4_bs64/assist2009_akt_qid_saved_model/akt_also_stage1_pi_lr_auto_20260713_232100_42622/pilr1e4_bs64_42_0_0.2_256_512_8_4_0.0001_64_100_0_0_1_student_id_None_optimistic_1.0_None_None_0.0001_0.01_None_0
            testauc: -1, testacc: -1, window_testauc: -1, window_testacc: -1

Total Epoch Time: 99.28s | Train Phase: 86.20s | Valid Phase: 12.89s
Avg Batch Time: 1.7957s
------------------------------
Epoch: 11, validauc: 0.8063, validacc: 0.7668, best epoch: 11, best auc: 0.8063, train loss: 16.019821251301938, emb_type: qid, model: akt, save_dir: saved_model/akt_also_stage1_pi_lr_auto_20260713_232100_42622/pilr1e4_bs64/assist2009_akt_qid_saved_model/akt_also_stage1_pi_lr_auto_20260713_232100_42622/pilr1e4_bs64_42_0_0.2_256_512_8_4_0.0001_64_100_0_0_1_student_id_None_optimistic_1.0_None_None_0.0001_0.01_None_0
            testauc: -1, testacc: -1, window_testauc: -1, window_testacc: -1

Total Epoch Time: 103.33s | Train Phase: 90.02s | Valid Phase: 12.98s
Avg Batch Time: 1.8755s
------------------------------
Epoch: 12, validauc: 0.8063, validacc: 0.7668, best epoch: 11, best auc: 0.8063, train loss: 15.969136466643851, emb_type: qid, model: akt, save_dir: saved_model/akt_also_stage1_pi_lr_auto_20260713_232100_42622/pilr1e4_bs64/assist2009_akt_qid_saved_model/akt_also_stage1_pi_lr_auto_20260713_232100_42622/pilr1e4_bs64_42_0_0.2_256_512_8_4_0.0001_64_100_0_0_1_student_id_None_optimistic_1.0_None_None_0.0001_0.01_None_0
            testauc: -1, testacc: -1, window_testauc: -1, window_testacc: -1

Total Epoch Time: 102.29s | Train Phase: 88.96s | Valid Phase: 13.32s
Avg Batch Time: 1.8534s
------------------------------
Epoch: 13, validauc: 0.8075, validacc: 0.7674, best epoch: 13, best auc: 0.8075, train loss: 15.930047759400027, emb_type: qid, model: akt, save_dir: saved_model/akt_also_stage1_pi_lr_auto_20260713_232100_42622/pilr1e4_bs64/assist2009_akt_qid_saved_model/akt_also_stage1_pi_lr_auto_20260713_232100_42622/pilr1e4_bs64_42_0_0.2_256_512_8_4_0.0001_64_100_0_0_1_student_id_None_optimistic_1.0_None_None_0.0001_0.01_None_0
            testauc: -1, testacc: -1, window_testauc: -1, window_testacc: -1

Total Epoch Time: 101.37s | Train Phase: 89.89s | Valid Phase: 11.11s
Avg Batch Time: 1.8727s
------------------------------
Epoch: 14, validauc: 0.8075, validacc: 0.7674, best epoch: 13, best auc: 0.8075, train loss: 15.861324857929484, emb_type: qid, model: akt, save_dir: saved_model/akt_also_stage1_pi_lr_auto_20260713_232100_42622/pilr1e4_bs64/assist2009_akt_qid_saved_model/akt_also_stage1_pi_lr_auto_20260713_232100_42622/pilr1e4_bs64_42_0_0.2_256_512_8_4_0.0001_64_100_0_0_1_student_id_None_optimistic_1.0_None_None_0.0001_0.01_None_0
            testauc: -1, testacc: -1, window_testauc: -1, window_testacc: -1

Total Epoch Time: 99.52s | Train Phase: 86.14s | Valid Phase: 13.37s
Avg Batch Time: 1.7946s
------------------------------
Epoch: 15, validauc: 0.8075, validacc: 0.7674, best epoch: 13, best auc: 0.8075, train loss: 15.837769327049672, emb_type: qid, model: akt, save_dir: saved_model/akt_also_stage1_pi_lr_auto_20260713_232100_42622/pilr1e4_bs64/assist2009_akt_qid_saved_model/akt_also_stage1_pi_lr_auto_20260713_232100_42622/pilr1e4_bs64_42_0_0.2_256_512_8_4_0.0001_64_100_0_0_1_student_id_None_optimistic_1.0_None_None_0.0001_0.01_None_0
            testauc: -1, testacc: -1, window_testauc: -1, window_testacc: -1

Total Epoch Time: 99.91s | Train Phase: 84.11s | Valid Phase: 15.80s
Avg Batch Time: 1.7522s
------------------------------
Epoch: 16, validauc: 0.8088, validacc: 0.7676, best epoch: 16, best auc: 0.8088, train loss: 15.819861776563156, emb_type: qid, model: akt, save_dir: saved_model/akt_also_stage1_pi_lr_auto_20260713_232100_42622/pilr1e4_bs64/assist2009_akt_qid_saved_model/akt_also_stage1_pi_lr_auto_20260713_232100_42622/pilr1e4_bs64_42_0_0.2_256_512_8_4_0.0001_64_100_0_0_1_student_id_None_optimistic_1.0_None_None_0.0001_0.01_None_0
            testauc: -1, testacc: -1, window_testauc: -1, window_testacc: -1

Total Epoch Time: 103.57s | Train Phase: 91.36s | Valid Phase: 12.05s
Avg Batch Time: 1.9034s
------------------------------
Epoch: 17, validauc: 0.8088, validacc: 0.7676, best epoch: 16, best auc: 0.8088, train loss: 15.779255684012616, emb_type: qid, model: akt, save_dir: saved_model/akt_also_stage1_pi_lr_auto_20260713_232100_42622/pilr1e4_bs64/assist2009_akt_qid_saved_model/akt_also_stage1_pi_lr_auto_20260713_232100_42622/pilr1e4_bs64_42_0_0.2_256_512_8_4_0.0001_64_100_0_0_1_student_id_None_optimistic_1.0_None_None_0.0001_0.01_None_0
            testauc: -1, testacc: -1, window_testauc: -1, window_testacc: -1

Total Epoch Time: 105.14s | Train Phase: 94.14s | Valid Phase: 11.00s
Avg Batch Time: 1.9612s
------------------------------
Epoch: 18, validauc: 0.8088, validacc: 0.7676, best epoch: 16, best auc: 0.8088, train loss: 15.732875714222978, emb_type: qid, model: akt, save_dir: saved_model/akt_also_stage1_pi_lr_auto_20260713_232100_42622/pilr1e4_bs64/assist2009_akt_qid_saved_model/akt_also_stage1_pi_lr_auto_20260713_232100_42622/pilr1e4_bs64_42_0_0.2_256_512_8_4_0.0001_64_100_0_0_1_student_id_None_optimistic_1.0_None_None_0.0001_0.01_None_0
            testauc: -1, testacc: -1, window_testauc: -1, window_testacc: -1

Total Epoch Time: 104.09s | Train Phase: 92.21s | Valid Phase: 11.87s
Avg Batch Time: 1.9211s
------------------------------
Epoch: 19, validauc: 0.8088, validacc: 0.7676, best epoch: 16, best auc: 0.8088, train loss: 15.730592625325842, emb_type: qid, model: akt, save_dir: saved_model/akt_also_stage1_pi_lr_auto_20260713_232100_42622/pilr1e4_bs64/assist2009_akt_qid_saved_model/akt_also_stage1_pi_lr_auto_20260713_232100_42622/pilr1e4_bs64_42_0_0.2_256_512_8_4_0.0001_64_100_0_0_1_student_id_None_optimistic_1.0_None_None_0.0001_0.01_None_0
            testauc: -1, testacc: -1, window_testauc: -1, window_testacc: -1

Total Epoch Time: 99.99s | Train Phase: 88.40s | Valid Phase: 11.59s
Avg Batch Time: 1.8416s
------------------------------
Epoch: 20, validauc: 0.8102, validacc: 0.7686, best epoch: 20, best auc: 0.8102, train loss: 15.720235050689567, emb_type: qid, model: akt, save_dir: saved_model/akt_also_stage1_pi_lr_auto_20260713_232100_42622/pilr1e4_bs64/assist2009_akt_qid_saved_model/akt_also_stage1_pi_lr_auto_20260713_232100_42622/pilr1e4_bs64_42_0_0.2_256_512_8_4_0.0001_64_100_0_0_1_student_id_None_optimistic_1.0_None_None_0.0001_0.01_None_0
            testauc: -1, testacc: -1, window_testauc: -1, window_testacc: -1

Total Epoch Time: 101.62s | Train Phase: 89.21s | Valid Phase: 12.20s
Avg Batch Time: 1.8586s
------------------------------
Epoch: 21, validauc: 0.8102, validacc: 0.7686, best epoch: 20, best auc: 0.8102, train loss: 15.643351534394617, emb_type: qid, model: akt, save_dir: saved_model/akt_also_stage1_pi_lr_auto_20260713_232100_42622/pilr1e4_bs64/assist2009_akt_qid_saved_model/akt_also_stage1_pi_lr_auto_20260713_232100_42622/pilr1e4_bs64_42_0_0.2_256_512_8_4_0.0001_64_100_0_0_1_student_id_None_optimistic_1.0_None_None_0.0001_0.01_None_0
            testauc: -1, testacc: -1, window_testauc: -1, window_testacc: -1

Total Epoch Time: 101.38s | Train Phase: 90.12s | Valid Phase: 11.27s
Avg Batch Time: 1.8774s
------------------------------
Epoch: 22, validauc: 0.8102, validacc: 0.7686, best epoch: 20, best auc: 0.8102, train loss: 15.618589836326949, emb_type: qid, model: akt, save_dir: saved_model/akt_also_stage1_pi_lr_auto_20260713_232100_42622/pilr1e4_bs64/assist2009_akt_qid_saved_model/akt_also_stage1_pi_lr_auto_20260713_232100_42622/pilr1e4_bs64_42_0_0.2_256_512_8_4_0.0001_64_100_0_0_1_student_id_None_optimistic_1.0_None_None_0.0001_0.01_None_0
            testauc: -1, testacc: -1, window_testauc: -1, window_testacc: -1

Total Epoch Time: 102.82s | Train Phase: 91.07s | Valid Phase: 11.75s
Avg Batch Time: 1.8972s
------------------------------
Epoch: 23, validauc: 0.8102, validacc: 0.7686, best epoch: 20, best auc: 0.8102, train loss: 15.602623106999507, emb_type: qid, model: akt, save_dir: saved_model/akt_also_stage1_pi_lr_auto_20260713_232100_42622/pilr1e4_bs64/assist2009_akt_qid_saved_model/akt_also_stage1_pi_lr_auto_20260713_232100_42622/pilr1e4_bs64_42_0_0.2_256_512_8_4_0.0001_64_100_0_0_1_student_id_None_optimistic_1.0_None_None_0.0001_0.01_None_0
            testauc: -1, testacc: -1, window_testauc: -1, window_testacc: -1

Total Epoch Time: 100.59s | Train Phase: 90.10s | Valid Phase: 10.49s
Avg Batch Time: 1.8770s
------------------------------
Epoch: 24, validauc: 0.8113, validacc: 0.7685, best epoch: 24, best auc: 0.8113, train loss: 15.557459549900699, emb_type: qid, model: akt, save_dir: saved_model/akt_also_stage1_pi_lr_auto_20260713_232100_42622/pilr1e4_bs64/assist2009_akt_qid_saved_model/akt_also_stage1_pi_lr_auto_20260713_232100_42622/pilr1e4_bs64_42_0_0.2_256_512_8_4_0.0001_64_100_0_0_1_student_id_None_optimistic_1.0_None_None_0.0001_0.01_None_0
            testauc: -1, testacc: -1, window_testauc: -1, window_testacc: -1

Total Epoch Time: 103.33s | Train Phase: 92.59s | Valid Phase: 10.41s
Avg Batch Time: 1.9289s
------------------------------
Epoch: 25, validauc: 0.8113, validacc: 0.7685, best epoch: 24, best auc: 0.8113, train loss: 15.528016536201596, emb_type: qid, model: akt, save_dir: saved_model/akt_also_stage1_pi_lr_auto_20260713_232100_42622/pilr1e4_bs64/assist2009_akt_qid_saved_model/akt_also_stage1_pi_lr_auto_20260713_232100_42622/pilr1e4_bs64_42_0_0.2_256_512_8_4_0.0001_64_100_0_0_1_student_id_None_optimistic_1.0_None_None_0.0001_0.01_None_0
            testauc: -1, testacc: -1, window_testauc: -1, window_testacc: -1

Total Epoch Time: 104.87s | Train Phase: 93.46s | Valid Phase: 11.40s
Avg Batch Time: 1.9472s
------------------------------
Epoch: 26, validauc: 0.8125, validacc: 0.769, best epoch: 26, best auc: 0.8125, train loss: 15.478036367301032, emb_type: qid, model: akt, save_dir: saved_model/akt_also_stage1_pi_lr_auto_20260713_232100_42622/pilr1e4_bs64/assist2009_akt_qid_saved_model/akt_also_stage1_pi_lr_auto_20260713_232100_42622/pilr1e4_bs64_42_0_0.2_256_512_8_4_0.0001_64_100_0_0_1_student_id_None_optimistic_1.0_None_None_0.0001_0.01_None_0
            testauc: -1, testacc: -1, window_testauc: -1, window_testacc: -1

Total Epoch Time: 105.89s | Train Phase: 93.51s | Valid Phase: 12.09s
Avg Batch Time: 1.9481s
------------------------------
Epoch: 27, validauc: 0.8125, validacc: 0.769, best epoch: 26, best auc: 0.8125, train loss: 15.44347841355461, emb_type: qid, model: akt, save_dir: saved_model/akt_also_stage1_pi_lr_auto_20260713_232100_42622/pilr1e4_bs64/assist2009_akt_qid_saved_model/akt_also_stage1_pi_lr_auto_20260713_232100_42622/pilr1e4_bs64_42_0_0.2_256_512_8_4_0.0001_64_100_0_0_1_student_id_None_optimistic_1.0_None_None_0.0001_0.01_None_0
            testauc: -1, testacc: -1, window_testauc: -1, window_testacc: -1

Total Epoch Time: 103.12s | Train Phase: 91.99s | Valid Phase: 11.13s
Avg Batch Time: 1.9164s
------------------------------
Epoch: 28, validauc: 0.8125, validacc: 0.769, best epoch: 26, best auc: 0.8125, train loss: 15.387592691943906, emb_type: qid, model: akt, save_dir: saved_model/akt_also_stage1_pi_lr_auto_20260713_232100_42622/pilr1e4_bs64/assist2009_akt_qid_saved_model/akt_also_stage1_pi_lr_auto_20260713_232100_42622/pilr1e4_bs64_42_0_0.2_256_512_8_4_0.0001_64_100_0_0_1_student_id_None_optimistic_1.0_None_None_0.0001_0.01_None_0
            testauc: -1, testacc: -1, window_testauc: -1, window_testacc: -1

Total Epoch Time: 109.98s | Train Phase: 91.10s | Valid Phase: 18.81s
Avg Batch Time: 1.8980s
------------------------------
Epoch: 29, validauc: 0.8148, validacc: 0.7701, best epoch: 29, best auc: 0.8148, train loss: 15.299117039072998, emb_type: qid, model: akt, save_dir: saved_model/akt_also_stage1_pi_lr_auto_20260713_232100_42622/pilr1e4_bs64/assist2009_akt_qid_saved_model/akt_also_stage1_pi_lr_auto_20260713_232100_42622/pilr1e4_bs64_42_0_0.2_256_512_8_4_0.0001_64_100_0_0_1_student_id_None_optimistic_1.0_None_None_0.0001_0.01_None_0
            testauc: -1, testacc: -1, window_testauc: -1, window_testacc: -1

Total Epoch Time: 102.01s | Train Phase: 90.42s | Valid Phase: 11.19s
Avg Batch Time: 1.8837s
------------------------------
Epoch: 30, validauc: 0.8148, validacc: 0.7701, best epoch: 29, best auc: 0.8148, train loss: 15.302032636358554, emb_type: qid, model: akt, save_dir: saved_model/akt_also_stage1_pi_lr_auto_20260713_232100_42622/pilr1e4_bs64/assist2009_akt_qid_saved_model/akt_also_stage1_pi_lr_auto_20260713_232100_42622/pilr1e4_bs64_42_0_0.2_256_512_8_4_0.0001_64_100_0_0_1_student_id_None_optimistic_1.0_None_None_0.0001_0.01_None_0
            testauc: -1, testacc: -1, window_testauc: -1, window_testacc: -1

Total Epoch Time: 116.09s | Train Phase: 104.36s | Valid Phase: 11.73s
Avg Batch Time: 2.1742s
------------------------------
Epoch: 31, validauc: 0.8148, validacc: 0.7701, best epoch: 29, best auc: 0.8148, train loss: 15.264427627071953, emb_type: qid, model: akt, save_dir: saved_model/akt_also_stage1_pi_lr_auto_20260713_232100_42622/pilr1e4_bs64/assist2009_akt_qid_saved_model/akt_also_stage1_pi_lr_auto_20260713_232100_42622/pilr1e4_bs64_42_0_0.2_256_512_8_4_0.0001_64_100_0_0_1_student_id_None_optimistic_1.0_None_None_0.0001_0.01_None_0
            testauc: -1, testacc: -1, window_testauc: -1, window_testacc: -1

Total Epoch Time: 103.11s | Train Phase: 90.92s | Valid Phase: 12.19s
Avg Batch Time: 1.8942s
------------------------------
Epoch: 32, validauc: 0.8148, validacc: 0.7701, best epoch: 29, best auc: 0.8148, train loss: 15.139435136526638, emb_type: qid, model: akt, save_dir: saved_model/akt_also_stage1_pi_lr_auto_20260713_232100_42622/pilr1e4_bs64/assist2009_akt_qid_saved_model/akt_also_stage1_pi_lr_auto_20260713_232100_42622/pilr1e4_bs64_42_0_0.2_256_512_8_4_0.0001_64_100_0_0_1_student_id_None_optimistic_1.0_None_None_0.0001_0.01_None_0
            testauc: -1, testacc: -1, window_testauc: -1, window_testacc: -1

Total Epoch Time: 108.70s | Train Phase: 98.31s | Valid Phase: 10.39s
Avg Batch Time: 2.0482s
------------------------------
