
libgomp: Invalid value for environment variable OMP_NUM_THREADS

libgomp: Invalid value for environment variable OMP_NUM_THREADS
✅ 初始运行记录已写入: saved_model/akt_also_stage2_batch_tsp_20260714_010300_54754_stage2_batch/also_bs32/run_history.txt (ID: 4c091835-209a-48c6-9fea-b1eb59235752)
✅ 参数已保存至: saved_model/akt_also_stage2_batch_tsp_20260714_010300_54754_stage2_batch/also_bs32/saved_params_akt.json
✅ 参数已保存至: saved_model/akt_also_stage2_batch_tsp_20260714_010300_54754_stage2_batch/also_bs32/saved_params_akt.json
2026-07-14 02:07:12 - main - said: load config files.
[DATA_PATH] dataset=assist2009 resolved_dpath=/root/autodl-tmp/pykt-toolkit/data/assist2009
assist2009 akt {'assist2015': {'dpath': '../data/assist2015', 'num_q': 0, 'num_c': 100, 'input_type': ['concepts'], 'max_concepts': 1, 'min_seq_len': 3, 'maxlen': 200, 'emb_path': '', 'train_valid_original_file': 'train_valid.csv', 'train_valid_file': 'train_valid_sequences.csv', 'folds': [0, 1, 2, 3, 4], 'test_original_file': 'test.csv', 'test_file': 'test_sequences.csv', 'test_window_file': 'test_window_sequences.csv', 'train_valid_original_file_quelevel': 'train_valid_quelevel.csv', 'train_valid_file_quelevel': 'train_valid_sequences_quelevel.csv', 'test_file_quelevel': 'test_sequences_quelevel.csv', 'test_window_file_quelevel': 'test_window_sequences_quelevel.csv', 'test_original_file_quelevel': 'test_quelevel.csv'}, 'algebra2005': {'dpath': '../data/algebra2005', 'num_q': 173113, 'num_c': 112, 'input_type': ['questions', 'concepts'], 'max_concepts': 7, 'min_seq_len': 3, 'maxlen': 200, 'emb_path': '', 'train_valid_original_file': 'train_valid.csv', 'train_valid_file': 'train_valid_sequences.csv', 'folds': [0, 1, 2, 3, 4], 'test_original_file': 'test.csv', 'test_file': 'test_sequences.csv', 'test_window_file': 'test_window_sequences.csv', 'test_question_file': 'test_question_sequences.csv', 'test_question_window_file': 'test_question_window_sequences.csv', 'train_valid_original_file_quelevel': 'train_valid_quelevel.csv', 'train_valid_file_quelevel': 'train_valid_sequences_quelevel.csv', 'test_file_quelevel': 'test_sequences_quelevel.csv', 'test_window_file_quelevel': 'test_window_sequences_quelevel.csv', 'test_original_file_quelevel': 'test_quelevel.csv', 'students_num_train': 460, 'students_num_eval': 114}, 'assist2009': {'dpath': '/root/autodl-tmp/pykt-toolkit/data/assist2009', 'num_q': 17737, 'num_c': 123, 'input_type': ['questions', 'concepts'], 'max_concepts': 4, 'min_seq_len': 3, 'maxlen': 200, 'emb_path': '', 'train_valid_original_file': 'train_valid.csv', 'train_valid_file': 'train_valid_sequences.csv', 'folds': [0, 1, 2, 3, 4], 'test_original_file': 'test.csv', 'test_file': 'test_sequences.csv', 'test_window_file': 'test_window_sequences.csv', 'test_question_file': 'test_question_sequences.csv', 'test_question_window_file': 'test_question_window_sequences.csv', 'train_valid_original_file_quelevel': 'train_valid_quelevel.csv', 'train_valid_file_quelevel': 'train_valid_sequences_quelevel.csv', 'test_file_quelevel': 'test_sequences_quelevel.csv', 'test_window_file_quelevel': 'test_window_sequences_quelevel.csv', 'test_original_file_quelevel': 'test_quelevel.csv', 'students_num_eval': 770, 'global_question_stats_file': 'global_question_stats.csv', 'global_concept_stats_file': 'global_concept_stats.csv', 'total_questions_low_interval_file': 'total_questions_low_interval.csv', 'total_questions_medium_interval_file': 'total_questions_medium_interval.csv', 'total_questions_high_interval_file': 'total_questions_high_interval.csv', 'overall_accuracy_low_interval_file': 'overall_accuracy_low_interval.csv', 'overall_accuracy_medium_interval_file': 'overall_accuracy_medium_interval.csv', 'overall_accuracy_high_interval_file': 'overall_accuracy_high_interval.csv', 'accuracy_range_low_interval_file': 'accuracy_range_low_interval.csv', 'accuracy_range_medium_interval_file': 'accuracy_range_medium_interval.csv', 'accuracy_range_high_interval_file': 'accuracy_range_high_interval.csv', 'accuracy_variance_low_interval_file': 'accuracy_variance_low_interval.csv', 'accuracy_variance_medium_interval_file': 'accuracy_variance_medium_interval.csv', 'accuracy_variance_high_interval_file': 'accuracy_variance_high_interval.csv', 'questions_range_low_interval_file': 'questions_range_low_interval.csv', 'questions_range_medium_interval_file': 'questions_range_medium_interval.csv', 'questions_range_high_interval_file': 'questions_range_high_interval.csv', 'students_num_train': 3082}, 'slepemapy': {'dpath': '../data/slepemapy', 'num_q': 2913, 'num_c': 1458, 'input_type': ['questions', 'concepts'], 'emb_path': '', 'train_valid_original_file': 'train_valid.csv', 'train_valid_file': 'train_valid_sequences.csv', 'folds': [0, 1, 2, 3, 4], 'test_original_file': 'test.csv', 'test_file': 'test_sequences.csv', 'test_window_file': 'test_window_sequences.csv', 'test_question_file': 'test_question_sequences.csv', 'test_question_window_file': 'test_question_window_sequences.csv'}, 'assist2017': {'dpath': '../data/assist2017', 'num_q': 3162, 'num_c': 102, 'input_type': ['questions', 'concepts'], 'min_seq_len': 3, 'maxlen': 500, 'emb_path': '', 'train_valid_original_file': 'train_valid.csv', 'train_valid_file': 'train_valid_sequences.csv', 'folds': [0, 1, 2, 3, 4], 'test_original_file': 'test.csv', 'test_file': 'test_sequences.csv', 'test_window_file': 'test_window_sequences.csv', 'test_question_file': 'test_question_sequences.csv', 'test_question_window_file': 'test_question_window_sequences.csv'}, 'assist2012': {'dpath': '../data/assist2012', 'num_q': 53070, 'num_c': 265, 'input_type': ['questions', 'concepts'], 'emb_path': '', 'train_valid_original_file': 'train_valid.csv', 'train_valid_file': 'train_valid_sequences.csv', 'folds': [0, 1, 2, 3, 4], 'test_original_file': 'test.csv', 'test_file': 'test_sequences.csv', 'test_window_file': 'test_window_sequences.csv', 'test_question_file': 'test_question_sequences.csv', 'test_question_window_file': 'test_question_window_sequences.csv'}, 'statics2011': {'dpath': '../data/statics2011', 'num_q': 0, 'num_c': 1223, 'input_type': ['concepts'], 'max_concepts': 1, 'min_seq_len': 3, 'maxlen': 200, 'emb_path': '', 'train_valid_original_file': 'train_valid.csv', 'train_valid_file': 'train_valid_sequences.csv', 'folds': [0, 1, 2, 3, 4], 'test_original_file': 'test.csv', 'test_file': 'test_sequences.csv', 'test_window_file': 'test_window_sequences.csv', 'train_valid_original_file_quelevel': 'train_valid_quelevel.csv', 'train_valid_file_quelevel': 'train_valid_sequences_quelevel.csv', 'test_file_quelevel': 'test_sequences_quelevel.csv', 'test_window_file_quelevel': 'test_window_sequences_quelevel.csv', 'test_original_file_quelevel': 'test_quelevel.csv'}, 'junyi2015': {'dpath': '../data/junyi2015', 'num_q': 721, 'num_c': 39, 'input_type': ['questions', 'concepts'], 'max_concepts': 1, 'min_seq_len': 3, 'maxlen': 200, 'emb_path': '', 'train_valid_original_file': 'train_valid.csv', 'train_valid_file': 'train_valid_sequences.csv', 'folds': [0, 1, 2, 3, 4], 'test_original_file': 'test.csv', 'test_file': 'test_sequences.csv', 'test_window_file': 'test_window_sequences.csv', 'test_question_file': 'test_question_sequences.csv', 'test_question_window_file': 'test_question_window_sequences.csv'}, 'bridge2algebra2006': {'dpath': '../data/bridge2algebra2006', 'num_q': 129263, 'num_c': 493, 'input_type': ['questions', 'concepts'], 'max_concepts': 5, 'min_seq_len': 3, 'maxlen': 200, 'emb_path': '', 'train_valid_original_file': 'train_valid.csv', 'train_valid_file': 'train_valid_sequences.csv', 'folds': [0, 1, 2, 3, 4], 'test_original_file': 'test.csv', 'test_file': 'test_sequences.csv', 'test_window_file': 'test_window_sequences.csv', 'test_question_file': 'test_question_sequences.csv', 'test_question_window_file': 'test_question_window_sequences.csv', 'train_valid_original_file_quelevel': 'train_valid_quelevel.csv', 'train_valid_file_quelevel': 'train_valid_sequences_quelevel.csv', 'test_file_quelevel': 'test_sequences_quelevel.csv', 'test_window_file_quelevel': 'test_window_sequences_quelevel.csv', 'test_original_file_quelevel': 'test_quelevel.csv', 'students_num_train': 916, 'students_num_eval': 229, 'global_question_stats_file': 'global_question_stats.csv', 'global_concept_stats_file': 'global_concept_stats.csv', 'total_questions_low_interval_file': 'total_questions_low_interval.csv', 'total_questions_medium_interval_file': 'total_questions_medium_interval.csv', 'total_questions_high_interval_file': 'total_questions_high_interval.csv', 'overall_accuracy_low_interval_file': 'overall_accuracy_low_interval.csv', 'overall_accuracy_medium_interval_file': 'overall_accuracy_medium_interval.csv', 'overall_accuracy_high_interval_file': 'overall_accuracy_high_interval.csv', 'accuracy_range_low_interval_file': 'accuracy_range_low_interval.csv', 'accuracy_range_medium_interval_file': 'accuracy_range_medium_interval.csv', 'accuracy_range_high_interval_file': 'accuracy_range_high_interval.csv', 'accuracy_variance_low_interval_file': 'accuracy_variance_low_interval.csv', 'accuracy_variance_medium_interval_file': 'accuracy_variance_medium_interval.csv', 'accuracy_variance_high_interval_file': 'accuracy_variance_high_interval.csv', 'questions_range_low_interval_file': 'questions_range_low_interval.csv', 'questions_range_medium_interval_file': 'questions_range_medium_interval.csv', 'questions_range_high_interval_file': 'questions_range_high_interval.csv'}, 'ednet': {'dpath': '../data/ednet', 'num_q': 11901, 'num_c': 188, 'input_type': ['questions', 'concepts'], 'max_concepts': 7, 'min_seq_len': 3, 'maxlen': 200, 'emb_path': '', 'train_valid_original_file': 'train_valid.csv', 'train_valid_file': 'train_valid_sequences.csv', 'folds': [0, 1, 2, 3, 4], 'test_original_file': 'test.csv', 'test_file': 'test_sequences.csv', 'test_window_file': 'test_window_sequences.csv', 'test_question_file': 'test_question_sequences.csv', 'test_question_window_file': 'test_question_window_sequences.csv', 'train_valid_original_file_quelevel': 'train_valid_quelevel.csv', 'train_valid_file_quelevel': 'train_valid_sequences_quelevel.csv', 'test_file_quelevel': 'test_sequences_quelevel.csv', 'test_window_file_quelevel': 'test_window_sequences_quelevel.csv', 'test_original_file_quelevel': 'test_quelevel.csv'}, 'nips_task34': {'dpath': '../data/nips_task34', 'num_q': 948, 'num_c': 57, 'students_num_eval': 983, 'students_num_train': 3935, 'input_type': ['questions', 'concepts'], 'max_concepts': 2, 'min_seq_len': 3, 'maxlen': 200, 'emb_path': '', 'train_valid_original_file': 'train_valid.csv', 'train_valid_file': 'train_valid_sequences.csv', 'folds': [0, 1, 2, 3, 4], 'test_original_file': 'test.csv', 'test_file': 'test_sequences.csv', 'test_window_file': 'test_window_sequences.csv', 'test_question_file': 'test_question_sequences.csv', 'test_question_window_file': 'test_question_window_sequences.csv', 'train_valid_original_file_quelevel': 'train_valid_quelevel.csv', 'train_valid_file_quelevel': 'train_valid_sequences_quelevel.csv', 'test_file_quelevel': 'test_sequences_quelevel.csv', 'test_window_file_quelevel': 'test_window_sequences_quelevel.csv', 'test_original_file_quelevel': 'test_quelevel.csv', 'global_question_stats_file': 'global_question_stats.csv', 'global_concept_stats_file': 'global_concept_stats.csv', 'student_summary_file': 'student_summary.csv', 'total_questions_low_interval_file': 'total_questions_low_interval.csv', 'total_questions_medium_interval_file': 'total_questions_medium_interval.csv', 'total_questions_high_interval_file': 'total_questions_high_interval.csv', 'overall_accuracy_low_interval_file': 'overall_accuracy_low_interval.csv', 'overall_accuracy_medium_interval_file': 'overall_accuracy_medium_interval.csv', 'overall_accuracy_high_interval_file': 'overall_accuracy_high_interval.csv', 'accuracy_range_low_interval_file': 'accuracy_range_low_interval.csv', 'accuracy_range_medium_interval_file': 'accuracy_range_medium_interval.csv', 'accuracy_range_high_interval_file': 'accuracy_range_high_interval.csv', 'accuracy_variance_low_interval_file': 'accuracy_variance_low_interval.csv', 'accuracy_variance_medium_interval_file': 'accuracy_variance_medium_interval.csv', 'accuracy_variance_high_interval_file': 'accuracy_variance_high_interval.csv', 'questions_range_low_interval_file': 'questions_range_low_interval.csv', 'questions_range_medium_interval_file': 'questions_range_medium_interval.csv', 'questions_range_high_interval_file': 'questions_range_high_interval.csv', 'seq_len_10000_students_num_eval': 23, 'seq_len_20000_students_num_eval': 38, 'seq_len_30000_students_num_eval': 37, 'seq_len_18000_students_num_eval': 16, 'seq_len_22000_students_num_eval': 47}, 'poj': {'dpath': '../data/poj', 'num_q': 0, 'num_c': 2748, 'input_type': ['concepts'], 'max_concepts': 1, 'min_seq_len': 3, 'maxlen': 200, 'emb_path': '', 'train_valid_original_file': 'train_valid.csv', 'train_valid_file': 'train_valid_sequences.csv', 'folds': [0, 1, 2, 3, 4], 'test_original_file': 'test.csv', 'test_file': 'test_sequences.csv', 'test_window_file': 'test_window_sequences.csv', 'train_valid_original_file_quelevel': 'train_valid_quelevel.csv', 'train_valid_file_quelevel': 'train_valid_sequences_quelevel.csv', 'test_file_quelevel': 'test_sequences_quelevel.csv', 'test_window_file_quelevel': 'test_window_sequences_quelevel.csv', 'test_original_file_quelevel': 'test_quelevel.csv'}, 'peiyou': {'dpath': '../data/peiyou', 'num_q': 7652, 'num_c': 865, 'input_type': ['questions', 'concepts'], 'max_concepts': 6, 'min_seq_len': 3, 'maxlen': 200, 'emb_path': '', 'train_valid_file': 'train_valid_sequences.csv', 'folds': [0, 1, 2, 3, 4], 'students_num_eval': 0, 'train_valid_original_file': 'train_valid.csv', 'test_original_file': 'test.csv', 'test_file': 'test_sequences.csv', 'test_window_file': 'test_window_sequences.csv', 'test_question_file': 'test_question_sequences.csv', 'test_question_window_file': 'test_question_window_sequences.csv', 'train_valid_original_file_quelevel': 'train_valid_quelevel.csv', 'train_valid_file_quelevel': 'train_valid_sequences_quelevel.csv', 'test_file_quelevel': 'test_sequences_quelevel.csv', 'test_window_file_quelevel': 'test_window_sequences_quelevel.csv', 'test_original_file_quelevel': 'test_quelevel.csv', 'students_num_train': 14453, 'global_question_stats_file': 'global_question_stats.csv', 'global_concept_stats_file': 'global_concept_stats.csv', 'seq_len_500_students_num_eval': 0, 'seq_len_300_students_num_eval': 0, 'seq_len_400_students_num_eval': 0}, 'ednet5w': {'dpath': '../data/ednet5w', 'num_q': 12235, 'num_c': 188, 'input_type': ['questions', 'concepts'], 'max_concepts': 7, 'min_seq_len': 3, 'maxlen': 200, 'emb_path': '', 'train_valid_original_file': 'train_valid.csv', 'train_valid_file': 'train_valid_sequences.csv', 'folds': [0, 1, 2, 3, 4], 'test_original_file': 'test.csv', 'test_file': 'test_sequences.csv', 'test_window_file': 'test_window_sequences.csv', 'test_question_file': 'test_question_sequences.csv', 'test_question_window_file': 'test_question_window_sequences.csv', 'train_valid_original_file_quelevel': 'train_valid_quelevel.csv', 'train_valid_file_quelevel': 'train_valid_sequences_quelevel.csv', 'test_file_quelevel': 'test_sequences_quelevel.csv', 'test_window_file_quelevel': 'test_window_sequences_quelevel.csv', 'test_original_file_quelevel': 'test_quelevel.csv'}, 'pretrain': {'dpath': '../data/pretrain', 'num_q': 340614, 'num_c': 1838, 'input_type': ['questions', 'concepts'], 'max_concepts': 7, 'min_seq_len': 3, 'maxlen': 1024, 'emb_path': '', 'train_valid_original_file': 'train_valid.csv', 'train_valid_file': 'train_valid_sequences.csv', 'folds': [0, 1, 2, 3, 4], 'test_original_file': 'test.csv', 'test_file': 'test_sequences.csv', 'test_window_file': 'test_window_sequences.csv', 'test_question_file': 'test_question_sequences.csv', 'test_question_window_file': 'test_question_window_sequences.csv', 'train_valid_original_file_quelevel': 'train_valid_quelevel.csv', 'train_valid_file_quelevel': 'train_valid_sequences_quelevel_200.csv', 'test_file_quelevel': 'test_sequences_quelevel.csv', 'test_window_file_quelevel': 'test_window_sequences_quelevel.csv', 'test_original_file_quelevel': 'test_quelevel.csv'}, 'assist2009Anips_task34Abridge2algebra2006': {'dpath': '../data/assist2009Anips_task34Abridge2algebra2006', 'num_q': 147948, 'num_c': 673, 'input_type': ['concepts', 'questions'], 'max_concepts': 5, 'min_seq_len': 3, 'maxlen': 200, 'emb_path': '', 'train_valid_original_file': 'train_valid.csv', 'train_valid_file': 'train_valid_sequences.csv', 'folds': [0, 1, 2, 3, 4], 'test_original_file': 'test.csv', 'test_file': 'test_sequences.csv', 'test_window_file': 'test_window_sequences.csv', 'test_question_file': 'test_question_sequences.csv', 'test_question_window_file': 'test_question_window_sequences.csv', 'train_valid_original_file_quelevel': 'train_valid_quelevel.csv', 'train_valid_file_quelevel': 'train_valid_sequences_quelevel.csv', 'test_file_quelevel': 'test_sequences_quelevel.csv', 'test_window_file_quelevel': 'test_window_sequences_quelevel.csv', 'test_original_file_quelevel': 'test_quelevel.csv', 'students_num_eval': 770, 'global_question_stats_file': 'global_question_stats.csv', 'global_concept_stats_file': 'global_concept_stats.csv', 'total_questions_low_interval_file': 'total_questions_low_interval.csv', 'total_questions_medium_interval_file': 'total_questions_medium_interval.csv', 'total_questions_high_interval_file': 'total_questions_high_interval.csv', 'overall_accuracy_low_interval_file': 'overall_accuracy_low_interval.csv', 'overall_accuracy_medium_interval_file': 'overall_accuracy_medium_interval.csv', 'overall_accuracy_high_interval_file': 'overall_accuracy_high_interval.csv', 'accuracy_range_low_interval_file': 'accuracy_range_low_interval.csv', 'accuracy_range_medium_interval_file': 'accuracy_range_medium_interval.csv', 'accuracy_range_high_interval_file': 'accuracy_range_high_interval.csv', 'accuracy_variance_low_interval_file': 'accuracy_variance_low_interval.csv', 'accuracy_variance_medium_interval_file': 'accuracy_variance_medium_interval.csv', 'accuracy_variance_high_interval_file': 'accuracy_variance_high_interval.csv', 'questions_range_low_interval_file': 'questions_range_low_interval.csv', 'questions_range_medium_interval_file': 'questions_range_medium_interval.csv', 'questions_range_high_interval_file': 'questions_range_high_interval.csv', 'students_num_train': 7933}, 'peiyouAnips_task34Abridge2algebra2006': {'dpath': '../data/peiyouAnips_task34Abridge2algebra2006', 'num_q': 137863, 'num_c': 1415, 'input_type': ['questions', 'concepts'], 'max_concepts': 6, 'min_seq_len': 3, 'maxlen': 200, 'emb_path': '', 'train_valid_file': 'train_valid_sequences.csv', 'folds': [0, 1, 2, 3, 4], 'train_valid_original_file': 'train_valid.csv', 'test_original_file': 'test.csv', 'test_file': 'test_sequences.csv', 'test_window_file': 'test_window_sequences.csv', 'test_question_file': 'test_question_sequences.csv', 'test_question_window_file': 'test_question_window_sequences.csv', 'train_valid_original_file_quelevel': 'train_valid_quelevel.csv', 'train_valid_file_quelevel': 'train_valid_sequences_quelevel.csv', 'test_file_quelevel': 'test_sequences_quelevel.csv', 'test_window_file_quelevel': 'test_window_sequences_quelevel.csv', 'test_original_file_quelevel': 'test_quelevel.csv', 'students_num_eval': 983, 'global_question_stats_file': 'global_question_stats.csv', 'global_concept_stats_file': 'global_concept_stats.csv', 'student_summary_file': 'student_summary.csv', 'total_questions_low_interval_file': 'total_questions_low_interval.csv', 'total_questions_medium_interval_file': 'total_questions_medium_interval.csv', 'total_questions_high_interval_file': 'total_questions_high_interval.csv', 'overall_accuracy_low_interval_file': 'overall_accuracy_low_interval.csv', 'overall_accuracy_medium_interval_file': 'overall_accuracy_medium_interval.csv', 'overall_accuracy_high_interval_file': 'overall_accuracy_high_interval.csv', 'accuracy_range_low_interval_file': 'accuracy_range_low_interval.csv', 'accuracy_range_medium_interval_file': 'accuracy_range_medium_interval.csv', 'accuracy_range_high_interval_file': 'accuracy_range_high_interval.csv', 'accuracy_variance_low_interval_file': 'accuracy_variance_low_interval.csv', 'accuracy_variance_medium_interval_file': 'accuracy_variance_medium_interval.csv', 'accuracy_variance_high_interval_file': 'accuracy_variance_high_interval.csv', 'questions_range_low_interval_file': 'questions_range_low_interval.csv', 'questions_range_medium_interval_file': 'questions_range_medium_interval.csv', 'questions_range_high_interval_file': 'questions_range_high_interval.csv', 'students_num_train': 15181}} 0 32
2026-07-14 02:07:12 - main - said: init_dataset
Read data from processed file: /root/autodl-tmp/pykt-toolkit/data/assist2009/train_valid_sequences.csv_0.pkl
file path: /root/autodl-tmp/pykt-toolkit/data/assist2009/train_valid_sequences.csv, qlen: 741, clen: 741, rlen: 741, uidlen: 741
Read data from processed file: /root/autodl-tmp/pykt-toolkit/data/assist2009/train_valid_sequences.csv_1_2_3_4.pkl
file path: /root/autodl-tmp/pykt-toolkit/data/assist2009/train_valid_sequences.csv, qlen: 3016, clen: 3016, rlen: 3016, uidlen: 3016
params: {'dataset_name': 'assist2009', 'model_name': 'akt', 'emb_type': 'qid', 'save_dir': 'saved_model/akt_also_stage2_batch_tsp_20260714_010300_54754_stage2_batch/also_bs32', 'seed': 42, 'fold': 0, 'dropout': 0.2, 'd_model': 256, 'd_ff': 512, 'num_attn_heads': 8, 'n_blocks': 4, 'learning_rate': 0.0001, 'batch_size': 32, 'num_epochs': 100, 'use_wandb': 0, 'use_trained': 0, 'use_also': 1, 'also_grouping_mode': 'student_id', 'also_n_groups': None, 'also_mode': 'optimistic', 'also_alpha': 1.0, 'also_lr': None, 'also_weight_decay': None, 'also_pi_lr': 0.0001, 'also_pi_decay': 0.01, 'also_loss_scale': None, 'add_uuid': 0}, params_str: assist2009_akt_qid_saved_model/akt_also_stage2_batch_tsp_20260714_010300_54754_stage2_batch/also_bs32_42_0_0.2_256_512_8_4_0.0001_32_100_0_0_1_student_id_None_optimistic_1.0_None_None_0.0001_0.01_None_0
Start training model: akt, embtype: qid, save_dir: saved_model/akt_also_stage2_batch_tsp_20260714_010300_54754_stage2_batch/also_bs32/assist2009_akt_qid_saved_model/akt_also_stage2_batch_tsp_20260714_010300_54754_stage2_batch/also_bs32_42_0_0.2_256_512_8_4_0.0001_32_100_0_0_1_student_id_None_optimistic_1.0_None_None_0.0001_0.01_None_0, dataset_name: assist2009
model_config: {'dropout': 0.2, 'd_model': 256, 'd_ff': 512, 'num_attn_heads': 8, 'n_blocks': 4, 'learning_rate': 0.0001}
train_config: {'batch_size': 32, 'num_epochs': 100, 'optimizer': 'adam', 'seq_len': 200}
2026-07-14 02:07:12 - main - said: init_model
[PARAM_COUNT] model=akt emb_type=qid dataset=assist2009 trainable=6,074,795 total=6,074,795
2026-07-14 02:07:13 - main - said: train model
ALSO enabled with grouping_mode=student_id
ALSO student groups initialized from the training fold: n_groups=2465, sequences/student=[1, 7]
未找到预训练模型文件，将从头开始训练。
ALSO initialized with n_groups=2465 for grouping_mode=student_id
Epoch: 1, validauc: 0.7604, validacc: 0.7393, best epoch: 1, best auc: 0.7604, train loss: 36.58935456163802, emb_type: qid, model: akt, save_dir: saved_model/akt_also_stage2_batch_tsp_20260714_010300_54754_stage2_batch/also_bs32/assist2009_akt_qid_saved_model/akt_also_stage2_batch_tsp_20260714_010300_54754_stage2_batch/also_bs32_42_0_0.2_256_512_8_4_0.0001_32_100_0_0_1_student_id_None_optimistic_1.0_None_None_0.0001_0.01_None_0
            testauc: -1, testacc: -1, window_testauc: -1, window_testacc: -1

Total Epoch Time: 184.61s | Train Phase: 157.69s | Valid Phase: 26.79s
Avg Batch Time: 1.6599s
------------------------------
Epoch: 2, validauc: 0.7788, validacc: 0.7508, best epoch: 2, best auc: 0.7788, train loss: 34.46774991200356, emb_type: qid, model: akt, save_dir: saved_model/akt_also_stage2_batch_tsp_20260714_010300_54754_stage2_batch/also_bs32/assist2009_akt_qid_saved_model/akt_also_stage2_batch_tsp_20260714_010300_54754_stage2_batch/also_bs32_42_0_0.2_256_512_8_4_0.0001_32_100_0_0_1_student_id_None_optimistic_1.0_None_None_0.0001_0.01_None_0
            testauc: -1, testacc: -1, window_testauc: -1, window_testacc: -1

Total Epoch Time: 195.26s | Train Phase: 167.97s | Valid Phase: 26.90s
Avg Batch Time: 1.7681s
------------------------------
Epoch: 3, validauc: 0.7892, validacc: 0.7564, best epoch: 3, best auc: 0.7892, train loss: 33.5840126657514, emb_type: qid, model: akt, save_dir: saved_model/akt_also_stage2_batch_tsp_20260714_010300_54754_stage2_batch/also_bs32/assist2009_akt_qid_saved_model/akt_also_stage2_batch_tsp_20260714_010300_54754_stage2_batch/also_bs32_42_0_0.2_256_512_8_4_0.0001_32_100_0_0_1_student_id_None_optimistic_1.0_None_None_0.0001_0.01_None_0
            testauc: -1, testacc: -1, window_testauc: -1, window_testacc: -1

Total Epoch Time: 198.30s | Train Phase: 162.42s | Valid Phase: 35.50s
Avg Batch Time: 1.7097s
------------------------------
Epoch: 4, validauc: 0.7945, validacc: 0.7585, best epoch: 4, best auc: 0.7945, train loss: 33.03449552440057, emb_type: qid, model: akt, save_dir: saved_model/akt_also_stage2_batch_tsp_20260714_010300_54754_stage2_batch/also_bs32/assist2009_akt_qid_saved_model/akt_also_stage2_batch_tsp_20260714_010300_54754_stage2_batch/also_bs32_42_0_0.2_256_512_8_4_0.0001_32_100_0_0_1_student_id_None_optimistic_1.0_None_None_0.0001_0.01_None_0
            testauc: -1, testacc: -1, window_testauc: -1, window_testacc: -1

Total Epoch Time: 200.50s | Train Phase: 171.10s | Valid Phase: 29.13s
Avg Batch Time: 1.8011s
------------------------------
Epoch: 5, validauc: 0.7982, validacc: 0.7616, best epoch: 5, best auc: 0.7982, train loss: 32.74350111426911, emb_type: qid, model: akt, save_dir: saved_model/akt_also_stage2_batch_tsp_20260714_010300_54754_stage2_batch/also_bs32/assist2009_akt_qid_saved_model/akt_also_stage2_batch_tsp_20260714_010300_54754_stage2_batch/also_bs32_42_0_0.2_256_512_8_4_0.0001_32_100_0_0_1_student_id_None_optimistic_1.0_None_None_0.0001_0.01_None_0
            testauc: -1, testacc: -1, window_testauc: -1, window_testacc: -1

Total Epoch Time: 209.46s | Train Phase: 180.73s | Valid Phase: 28.59s
Avg Batch Time: 1.9024s
------------------------------
Epoch: 6, validauc: 0.8015, validacc: 0.7646, best epoch: 6, best auc: 0.8015, train loss: 32.47329731961766, emb_type: qid, model: akt, save_dir: saved_model/akt_also_stage2_batch_tsp_20260714_010300_54754_stage2_batch/also_bs32/assist2009_akt_qid_saved_model/akt_also_stage2_batch_tsp_20260714_010300_54754_stage2_batch/also_bs32_42_0_0.2_256_512_8_4_0.0001_32_100_0_0_1_student_id_None_optimistic_1.0_None_None_0.0001_0.01_None_0
            testauc: -1, testacc: -1, window_testauc: -1, window_testacc: -1

Total Epoch Time: 194.07s | Train Phase: 166.81s | Valid Phase: 26.93s
Avg Batch Time: 1.7559s
------------------------------
Epoch: 7, validauc: 0.8033, validacc: 0.7639, best epoch: 7, best auc: 0.8033, train loss: 32.20701239831398, emb_type: qid, model: akt, save_dir: saved_model/akt_also_stage2_batch_tsp_20260714_010300_54754_stage2_batch/also_bs32/assist2009_akt_qid_saved_model/akt_also_stage2_batch_tsp_20260714_010300_54754_stage2_batch/also_bs32_42_0_0.2_256_512_8_4_0.0001_32_100_0_0_1_student_id_None_optimistic_1.0_None_None_0.0001_0.01_None_0
            testauc: -1, testacc: -1, window_testauc: -1, window_testacc: -1

Total Epoch Time: 195.27s | Train Phase: 166.87s | Valid Phase: 28.00s
Avg Batch Time: 1.7566s
------------------------------
Epoch: 8, validauc: 0.8048, validacc: 0.7656, best epoch: 8, best auc: 0.8048, train loss: 32.11994863710445, emb_type: qid, model: akt, save_dir: saved_model/akt_also_stage2_batch_tsp_20260714_010300_54754_stage2_batch/also_bs32/assist2009_akt_qid_saved_model/akt_also_stage2_batch_tsp_20260714_010300_54754_stage2_batch/also_bs32_42_0_0.2_256_512_8_4_0.0001_32_100_0_0_1_student_id_None_optimistic_1.0_None_None_0.0001_0.01_None_0
            testauc: -1, testacc: -1, window_testauc: -1, window_testacc: -1

Total Epoch Time: 197.01s | Train Phase: 170.10s | Valid Phase: 26.60s
Avg Batch Time: 1.7906s
------------------------------
Epoch: 9, validauc: 0.8062, validacc: 0.7654, best epoch: 9, best auc: 0.8062, train loss: 31.99781030645348, emb_type: qid, model: akt, save_dir: saved_model/akt_also_stage2_batch_tsp_20260714_010300_54754_stage2_batch/also_bs32/assist2009_akt_qid_saved_model/akt_also_stage2_batch_tsp_20260714_010300_54754_stage2_batch/also_bs32_42_0_0.2_256_512_8_4_0.0001_32_100_0_0_1_student_id_None_optimistic_1.0_None_None_0.0001_0.01_None_0
            testauc: -1, testacc: -1, window_testauc: -1, window_testacc: -1

Total Epoch Time: 211.31s | Train Phase: 180.39s | Valid Phase: 30.61s
Avg Batch Time: 1.8988s
------------------------------
Epoch: 10, validauc: 0.8072, validacc: 0.7654, best epoch: 10, best auc: 0.8072, train loss: 31.887461396358656, emb_type: qid, model: akt, save_dir: saved_model/akt_also_stage2_batch_tsp_20260714_010300_54754_stage2_batch/also_bs32/assist2009_akt_qid_saved_model/akt_also_stage2_batch_tsp_20260714_010300_54754_stage2_batch/also_bs32_42_0_0.2_256_512_8_4_0.0001_32_100_0_0_1_student_id_None_optimistic_1.0_None_None_0.0001_0.01_None_0
            testauc: -1, testacc: -1, window_testauc: -1, window_testacc: -1

Total Epoch Time: 198.98s | Train Phase: 172.60s | Valid Phase: 26.09s
Avg Batch Time: 1.8168s
------------------------------
Epoch: 11, validauc: 0.8072, validacc: 0.7654, best epoch: 10, best auc: 0.8072, train loss: 31.84428856908252, emb_type: qid, model: akt, save_dir: saved_model/akt_also_stage2_batch_tsp_20260714_010300_54754_stage2_batch/also_bs32/assist2009_akt_qid_saved_model/akt_also_stage2_batch_tsp_20260714_010300_54754_stage2_batch/also_bs32_42_0_0.2_256_512_8_4_0.0001_32_100_0_0_1_student_id_None_optimistic_1.0_None_None_0.0001_0.01_None_0
            testauc: -1, testacc: -1, window_testauc: -1, window_testacc: -1

Total Epoch Time: 202.91s | Train Phase: 169.56s | Valid Phase: 33.35s
Avg Batch Time: 1.7848s
------------------------------
Epoch: 12, validauc: 0.8072, validacc: 0.7654, best epoch: 10, best auc: 0.8072, train loss: 31.782396070231712, emb_type: qid, model: akt, save_dir: saved_model/akt_also_stage2_batch_tsp_20260714_010300_54754_stage2_batch/also_bs32/assist2009_akt_qid_saved_model/akt_also_stage2_batch_tsp_20260714_010300_54754_stage2_batch/also_bs32_42_0_0.2_256_512_8_4_0.0001_32_100_0_0_1_student_id_None_optimistic_1.0_None_None_0.0001_0.01_None_0
            testauc: -1, testacc: -1, window_testauc: -1, window_testacc: -1

Total Epoch Time: 204.11s | Train Phase: 178.94s | Valid Phase: 25.16s
Avg Batch Time: 1.8836s
------------------------------
Epoch: 13, validauc: 0.8085, validacc: 0.7677, best epoch: 13, best auc: 0.8085, train loss: 31.69413352322425, emb_type: qid, model: akt, save_dir: saved_model/akt_also_stage2_batch_tsp_20260714_010300_54754_stage2_batch/also_bs32/assist2009_akt_qid_saved_model/akt_also_stage2_batch_tsp_20260714_010300_54754_stage2_batch/also_bs32_42_0_0.2_256_512_8_4_0.0001_32_100_0_0_1_student_id_None_optimistic_1.0_None_None_0.0001_0.01_None_0
            testauc: -1, testacc: -1, window_testauc: -1, window_testacc: -1

Total Epoch Time: 195.65s | Train Phase: 167.66s | Valid Phase: 27.74s
Avg Batch Time: 1.7649s
------------------------------
Epoch: 14, validauc: 0.8085, validacc: 0.7677, best epoch: 13, best auc: 0.8085, train loss: 31.608830231795686, emb_type: qid, model: akt, save_dir: saved_model/akt_also_stage2_batch_tsp_20260714_010300_54754_stage2_batch/also_bs32/assist2009_akt_qid_saved_model/akt_also_stage2_batch_tsp_20260714_010300_54754_stage2_batch/also_bs32_42_0_0.2_256_512_8_4_0.0001_32_100_0_0_1_student_id_None_optimistic_1.0_None_None_0.0001_0.01_None_0
            testauc: -1, testacc: -1, window_testauc: -1, window_testacc: -1

Total Epoch Time: 205.35s | Train Phase: 171.75s | Valid Phase: 33.60s
Avg Batch Time: 1.8079s
------------------------------
Epoch: 15, validauc: 0.8085, validacc: 0.7677, best epoch: 13, best auc: 0.8085, train loss: 31.47447101512081, emb_type: qid, model: akt, save_dir: saved_model/akt_also_stage2_batch_tsp_20260714_010300_54754_stage2_batch/also_bs32/assist2009_akt_qid_saved_model/akt_also_stage2_batch_tsp_20260714_010300_54754_stage2_batch/also_bs32_42_0_0.2_256_512_8_4_0.0001_32_100_0_0_1_student_id_None_optimistic_1.0_None_None_0.0001_0.01_None_0
            testauc: -1, testacc: -1, window_testauc: -1, window_testacc: -1

Total Epoch Time: 205.41s | Train Phase: 171.95s | Valid Phase: 33.45s
Avg Batch Time: 1.8100s
------------------------------
Epoch: 16, validauc: 0.8095, validacc: 0.7671, best epoch: 16, best auc: 0.8095, train loss: 31.448077406786798, emb_type: qid, model: akt, save_dir: saved_model/akt_also_stage2_batch_tsp_20260714_010300_54754_stage2_batch/also_bs32/assist2009_akt_qid_saved_model/akt_also_stage2_batch_tsp_20260714_010300_54754_stage2_batch/also_bs32_42_0_0.2_256_512_8_4_0.0001_32_100_0_0_1_student_id_None_optimistic_1.0_None_None_0.0001_0.01_None_0
            testauc: -1, testacc: -1, window_testauc: -1, window_testacc: -1

Total Epoch Time: 201.28s | Train Phase: 171.63s | Valid Phase: 29.27s
Avg Batch Time: 1.8066s
------------------------------
Epoch: 17, validauc: 0.8095, validacc: 0.7671, best epoch: 16, best auc: 0.8095, train loss: 31.430713697303595, emb_type: qid, model: akt, save_dir: saved_model/akt_also_stage2_batch_tsp_20260714_010300_54754_stage2_batch/also_bs32/assist2009_akt_qid_saved_model/akt_also_stage2_batch_tsp_20260714_010300_54754_stage2_batch/also_bs32_42_0_0.2_256_512_8_4_0.0001_32_100_0_0_1_student_id_None_optimistic_1.0_None_None_0.0001_0.01_None_0
            testauc: -1, testacc: -1, window_testauc: -1, window_testacc: -1

Total Epoch Time: 195.63s | Train Phase: 172.23s | Valid Phase: 23.40s
Avg Batch Time: 1.8129s
------------------------------
Epoch: 18, validauc: 0.8095, validacc: 0.7671, best epoch: 16, best auc: 0.8095, train loss: 31.31669668696722, emb_type: qid, model: akt, save_dir: saved_model/akt_also_stage2_batch_tsp_20260714_010300_54754_stage2_batch/also_bs32/assist2009_akt_qid_saved_model/akt_also_stage2_batch_tsp_20260714_010300_54754_stage2_batch/also_bs32_42_0_0.2_256_512_8_4_0.0001_32_100_0_0_1_student_id_None_optimistic_1.0_None_None_0.0001_0.01_None_0
            testauc: -1, testacc: -1, window_testauc: -1, window_testacc: -1

Total Epoch Time: 200.59s | Train Phase: 171.52s | Valid Phase: 29.06s
Avg Batch Time: 1.8055s
------------------------------
Epoch: 19, validauc: 0.8095, validacc: 0.7671, best epoch: 16, best auc: 0.8095, train loss: 31.246623561014555, emb_type: qid, model: akt, save_dir: saved_model/akt_also_stage2_batch_tsp_20260714_010300_54754_stage2_batch/also_bs32/assist2009_akt_qid_saved_model/akt_also_stage2_batch_tsp_20260714_010300_54754_stage2_batch/also_bs32_42_0_0.2_256_512_8_4_0.0001_32_100_0_0_1_student_id_None_optimistic_1.0_None_None_0.0001_0.01_None_0
            testauc: -1, testacc: -1, window_testauc: -1, window_testacc: -1

Total Epoch Time: 94.72s | Train Phase: 84.49s | Valid Phase: 10.23s
Avg Batch Time: 0.8894s
------------------------------
Epoch: 20, validauc: 0.8107, validacc: 0.7674, best epoch: 20, best auc: 0.8107, train loss: 31.108682017344524, emb_type: qid, model: akt, save_dir: saved_model/akt_also_stage2_batch_tsp_20260714_010300_54754_stage2_batch/also_bs32/assist2009_akt_qid_saved_model/akt_also_stage2_batch_tsp_20260714_010300_54754_stage2_batch/also_bs32_42_0_0.2_256_512_8_4_0.0001_32_100_0_0_1_student_id_None_optimistic_1.0_None_None_0.0001_0.01_None_0
            testauc: -1, testacc: -1, window_testauc: -1, window_testacc: -1

Total Epoch Time: 96.16s | Train Phase: 85.75s | Valid Phase: 10.25s
Avg Batch Time: 0.9026s
------------------------------
Epoch: 21, validauc: 0.8107, validacc: 0.7674, best epoch: 20, best auc: 0.8107, train loss: 31.11262591657854, emb_type: qid, model: akt, save_dir: saved_model/akt_also_stage2_batch_tsp_20260714_010300_54754_stage2_batch/also_bs32/assist2009_akt_qid_saved_model/akt_also_stage2_batch_tsp_20260714_010300_54754_stage2_batch/also_bs32_42_0_0.2_256_512_8_4_0.0001_32_100_0_0_1_student_id_None_optimistic_1.0_None_None_0.0001_0.01_None_0
            testauc: -1, testacc: -1, window_testauc: -1, window_testacc: -1

Total Epoch Time: 53.03s | Train Phase: 46.83s | Valid Phase: 6.19s
Avg Batch Time: 0.4930s
------------------------------
Epoch: 22, validauc: 0.8127, validacc: 0.7679, best epoch: 22, best auc: 0.8127, train loss: 30.992488735738306, emb_type: qid, model: akt, save_dir: saved_model/akt_also_stage2_batch_tsp_20260714_010300_54754_stage2_batch/also_bs32/assist2009_akt_qid_saved_model/akt_also_stage2_batch_tsp_20260714_010300_54754_stage2_batch/also_bs32_42_0_0.2_256_512_8_4_0.0001_32_100_0_0_1_student_id_None_optimistic_1.0_None_None_0.0001_0.01_None_0
            testauc: -1, testacc: -1, window_testauc: -1, window_testacc: -1

Total Epoch Time: 40.55s | Train Phase: 33.88s | Valid Phase: 6.51s
Avg Batch Time: 0.3566s
------------------------------
Epoch: 23, validauc: 0.8127, validacc: 0.7679, best epoch: 22, best auc: 0.8127, train loss: 30.882755477902283, emb_type: qid, model: akt, save_dir: saved_model/akt_also_stage2_batch_tsp_20260714_010300_54754_stage2_batch/also_bs32/assist2009_akt_qid_saved_model/akt_also_stage2_batch_tsp_20260714_010300_54754_stage2_batch/also_bs32_42_0_0.2_256_512_8_4_0.0001_32_100_0_0_1_student_id_None_optimistic_1.0_None_None_0.0001_0.01_None_0
            testauc: -1, testacc: -1, window_testauc: -1, window_testacc: -1

Total Epoch Time: 40.46s | Train Phase: 34.15s | Valid Phase: 6.31s
Avg Batch Time: 0.3595s
------------------------------
Epoch: 24, validauc: 0.8137, validacc: 0.7701, best epoch: 24, best auc: 0.8137, train loss: 30.80055374544999, emb_type: qid, model: akt, save_dir: saved_model/akt_also_stage2_batch_tsp_20260714_010300_54754_stage2_batch/also_bs32/assist2009_akt_qid_saved_model/akt_also_stage2_batch_tsp_20260714_010300_54754_stage2_batch/also_bs32_42_0_0.2_256_512_8_4_0.0001_32_100_0_0_1_student_id_None_optimistic_1.0_None_None_0.0001_0.01_None_0
            testauc: -1, testacc: -1, window_testauc: -1, window_testacc: -1

Total Epoch Time: 42.22s | Train Phase: 34.78s | Valid Phase: 7.33s
Avg Batch Time: 0.3661s
------------------------------
Epoch: 25, validauc: 0.8137, validacc: 0.7701, best epoch: 24, best auc: 0.8137, train loss: 30.65859147424105, emb_type: qid, model: akt, save_dir: saved_model/akt_also_stage2_batch_tsp_20260714_010300_54754_stage2_batch/also_bs32/assist2009_akt_qid_saved_model/akt_also_stage2_batch_tsp_20260714_010300_54754_stage2_batch/also_bs32_42_0_0.2_256_512_8_4_0.0001_32_100_0_0_1_student_id_None_optimistic_1.0_None_None_0.0001_0.01_None_0
            testauc: -1, testacc: -1, window_testauc: -1, window_testacc: -1

Total Epoch Time: 42.77s | Train Phase: 36.93s | Valid Phase: 5.84s
Avg Batch Time: 0.3887s
------------------------------
Epoch: 26, validauc: 0.8137, validacc: 0.7701, best epoch: 24, best auc: 0.8137, train loss: 30.605942286143577, emb_type: qid, model: akt, save_dir: saved_model/akt_also_stage2_batch_tsp_20260714_010300_54754_stage2_batch/also_bs32/assist2009_akt_qid_saved_model/akt_also_stage2_batch_tsp_20260714_010300_54754_stage2_batch/also_bs32_42_0_0.2_256_512_8_4_0.0001_32_100_0_0_1_student_id_None_optimistic_1.0_None_None_0.0001_0.01_None_0
            testauc: -1, testacc: -1, window_testauc: -1, window_testacc: -1

Total Epoch Time: 42.79s | Train Phase: 35.52s | Valid Phase: 7.26s
Avg Batch Time: 0.3739s
------------------------------
Epoch: 27, validauc: 0.8153, validacc: 0.7705, best epoch: 27, best auc: 0.8153, train loss: 30.462696285936158, emb_type: qid, model: akt, save_dir: saved_model/akt_also_stage2_batch_tsp_20260714_010300_54754_stage2_batch/also_bs32/assist2009_akt_qid_saved_model/akt_also_stage2_batch_tsp_20260714_010300_54754_stage2_batch/also_bs32_42_0_0.2_256_512_8_4_0.0001_32_100_0_0_1_student_id_None_optimistic_1.0_None_None_0.0001_0.01_None_0
            testauc: -1, testacc: -1, window_testauc: -1, window_testacc: -1

Total Epoch Time: 41.38s | Train Phase: 34.82s | Valid Phase: 6.40s
Avg Batch Time: 0.3666s
------------------------------
Epoch: 28, validauc: 0.8153, validacc: 0.7705, best epoch: 27, best auc: 0.8153, train loss: 30.42617981524961, emb_type: qid, model: akt, save_dir: saved_model/akt_also_stage2_batch_tsp_20260714_010300_54754_stage2_batch/also_bs32/assist2009_akt_qid_saved_model/akt_also_stage2_batch_tsp_20260714_010300_54754_stage2_batch/also_bs32_42_0_0.2_256_512_8_4_0.0001_32_100_0_0_1_student_id_None_optimistic_1.0_None_None_0.0001_0.01_None_0
            testauc: -1, testacc: -1, window_testauc: -1, window_testacc: -1

Total Epoch Time: 42.94s | Train Phase: 36.47s | Valid Phase: 6.47s
Avg Batch Time: 0.3839s
------------------------------
Epoch: 29, validauc: 0.8153, validacc: 0.7705, best epoch: 27, best auc: 0.8153, train loss: 30.225091497736827, emb_type: qid, model: akt, save_dir: saved_model/akt_also_stage2_batch_tsp_20260714_010300_54754_stage2_batch/also_bs32/assist2009_akt_qid_saved_model/akt_also_stage2_batch_tsp_20260714_010300_54754_stage2_batch/also_bs32_42_0_0.2_256_512_8_4_0.0001_32_100_0_0_1_student_id_None_optimistic_1.0_None_None_0.0001_0.01_None_0
            testauc: -1, testacc: -1, window_testauc: -1, window_testacc: -1

Total Epoch Time: 23.71s | Train Phase: 20.12s | Valid Phase: 3.59s
Avg Batch Time: 0.2118s
------------------------------
Epoch: 30, validauc: 0.8153, validacc: 0.7705, best epoch: 27, best auc: 0.8153, train loss: 30.19978705356134, emb_type: qid, model: akt, save_dir: saved_model/akt_also_stage2_batch_tsp_20260714_010300_54754_stage2_batch/also_bs32/assist2009_akt_qid_saved_model/akt_also_stage2_batch_tsp_20260714_010300_54754_stage2_batch/also_bs32_42_0_0.2_256_512_8_4_0.0001_32_100_0_0_1_student_id_None_optimistic_1.0_None_None_0.0001_0.01_None_0
            testauc: -1, testacc: -1, window_testauc: -1, window_testacc: -1

Total Epoch Time: 22.19s | Train Phase: 17.91s | Valid Phase: 4.28s
Avg Batch Time: 0.1885s
------------------------------
Epoch: 31, validauc: 0.8153, validacc: 0.7705, best epoch: 27, best auc: 0.8153, train loss: 30.019877405664122, emb_type: qid, model: akt, save_dir: saved_model/akt_also_stage2_batch_tsp_20260714_010300_54754_stage2_batch/also_bs32/assist2009_akt_qid_saved_model/akt_also_stage2_batch_tsp_20260714_010300_54754_stage2_batch/also_bs32_42_0_0.2_256_512_8_4_0.0001_32_100_0_0_1_student_id_None_optimistic_1.0_None_None_0.0001_0.01_None_0
            testauc: -1, testacc: -1, window_testauc: -1, window_testacc: -1

Total Epoch Time: 23.60s | Train Phase: 19.24s | Valid Phase: 4.36s
Avg Batch Time: 0.2026s
------------------------------
Epoch: 32, validauc: 0.8153, validacc: 0.7705, best epoch: 27, best auc: 0.8153, train loss: 29.86851241540527, emb_type: qid, model: akt, save_dir: saved_model/akt_also_stage2_batch_tsp_20260714_010300_54754_stage2_batch/also_bs32/assist2009_akt_qid_saved_model/akt_also_stage2_batch_tsp_20260714_010300_54754_stage2_batch/also_bs32_42_0_0.2_256_512_8_4_0.0001_32_100_0_0_1_student_id_None_optimistic_1.0_None_None_0.0001_0.01_None_0
            testauc: -1, testacc: -1, window_testauc: -1, window_testacc: -1

Total Epoch Time: 21.50s | Train Phase: 17.63s | Valid Phase: 3.87s
Avg Batch Time: 0.1856s
------------------------------
Epoch: 33, validauc: 0.8153, validacc: 0.7705, best epoch: 27, best auc: 0.8153, train loss: 29.614409978589457, emb_type: qid, model: akt, save_dir: saved_model/akt_also_stage2_batch_tsp_20260714_010300_54754_stage2_batch/also_bs32/assist2009_akt_qid_saved_model/akt_also_stage2_batch_tsp_20260714_010300_54754_stage2_batch/also_bs32_42_0_0.2_256_512_8_4_0.0001_32_100_0_0_1_student_id_None_optimistic_1.0_None_None_0.0001_0.01_None_0
            testauc: -1, testacc: -1, window_testauc: -1, window_testacc: -1

Total Epoch Time: 22.09s | Train Phase: 18.22s | Valid Phase: 3.87s
Avg Batch Time: 0.1918s
------------------------------
Epoch: 34, validauc: 0.8165, validacc: 0.768, best epoch: 34, best auc: 0.8165, train loss: 29.424166092231065, emb_type: qid, model: akt, save_dir: saved_model/akt_also_stage2_batch_tsp_20260714_010300_54754_stage2_batch/also_bs32/assist2009_akt_qid_saved_model/akt_also_stage2_batch_tsp_20260714_010300_54754_stage2_batch/also_bs32_42_0_0.2_256_512_8_4_0.0001_32_100_0_0_1_student_id_None_optimistic_1.0_None_None_0.0001_0.01_None_0
            testauc: -1, testacc: -1, window_testauc: -1, window_testacc: -1

Total Epoch Time: 22.29s | Train Phase: 18.05s | Valid Phase: 4.15s
Avg Batch Time: 0.1900s
------------------------------
Epoch: 35, validauc: 0.8165, validacc: 0.768, best epoch: 34, best auc: 0.8165, train loss: 29.189345222421434, emb_type: qid, model: akt, save_dir: saved_model/akt_also_stage2_batch_tsp_20260714_010300_54754_stage2_batch/also_bs32/assist2009_akt_qid_saved_model/akt_also_stage2_batch_tsp_20260714_010300_54754_stage2_batch/also_bs32_42_0_0.2_256_512_8_4_0.0001_32_100_0_0_1_student_id_None_optimistic_1.0_None_None_0.0001_0.01_None_0
            testauc: -1, testacc: -1, window_testauc: -1, window_testacc: -1

Total Epoch Time: 21.29s | Train Phase: 17.54s | Valid Phase: 3.76s
Avg Batch Time: 0.1846s
------------------------------
Epoch: 36, validauc: 0.8165, validacc: 0.768, best epoch: 34, best auc: 0.8165, train loss: 28.885343447784535, emb_type: qid, model: akt, save_dir: saved_model/akt_also_stage2_batch_tsp_20260714_010300_54754_stage2_batch/also_bs32/assist2009_akt_qid_saved_model/akt_also_stage2_batch_tsp_20260714_010300_54754_stage2_batch/also_bs32_42_0_0.2_256_512_8_4_0.0001_32_100_0_0_1_student_id_None_optimistic_1.0_None_None_0.0001_0.01_None_0
            testauc: -1, testacc: -1, window_testauc: -1, window_testacc: -1

Total Epoch Time: 21.41s | Train Phase: 17.56s | Valid Phase: 3.86s
Avg Batch Time: 0.1848s
------------------------------
Epoch: 37, validauc: 0.8165, validacc: 0.768, best epoch: 34, best auc: 0.8165, train loss: 28.73381529985985, emb_type: qid, model: akt, save_dir: saved_model/akt_also_stage2_batch_tsp_20260714_010300_54754_stage2_batch/also_bs32/assist2009_akt_qid_saved_model/akt_also_stage2_batch_tsp_20260714_010300_54754_stage2_batch/also_bs32_42_0_0.2_256_512_8_4_0.0001_32_100_0_0_1_student_id_None_optimistic_1.0_None_None_0.0001_0.01_None_0
            testauc: -1, testacc: -1, window_testauc: -1, window_testacc: -1

Total Epoch Time: 21.98s | Train Phase: 18.05s | Valid Phase: 3.93s
Avg Batch Time: 0.1900s
------------------------------
Epoch: 38, validauc: 0.8165, validacc: 0.768, best epoch: 34, best auc: 0.8165, train loss: 28.432953158937135, emb_type: qid, model: akt, save_dir: saved_model/akt_also_stage2_batch_tsp_20260714_010300_54754_stage2_batch/also_bs32/assist2009_akt_qid_saved_model/akt_also_stage2_batch_tsp_20260714_010300_54754_stage2_batch/also_bs32_42_0_0.2_256_512_8_4_0.0001_32_100_0_0_1_student_id_None_optimistic_1.0_None_None_0.0001_0.01_None_0
            testauc: -1, testacc: -1, window_testauc: -1, window_testacc: -1

Total Epoch Time: 21.51s | Train Phase: 17.65s | Valid Phase: 3.86s
Avg Batch Time: 0.1858s
------------------------------
Epoch: 39, validauc: 0.8165, validacc: 0.768, best epoch: 34, best auc: 0.8165, train loss: 28.310613804290494, emb_type: qid, model: akt, save_dir: saved_model/akt_also_stage2_batch_tsp_20260714_010300_54754_stage2_batch/also_bs32/assist2009_akt_qid_saved_model/akt_also_stage2_batch_tsp_20260714_010300_54754_stage2_batch/also_bs32_42_0_0.2_256_512_8_4_0.0001_32_100_0_0_1_student_id_None_optimistic_1.0_None_None_0.0001_0.01_None_0
            testauc: -1, testacc: -1, window_testauc: -1, window_testacc: -1

Total Epoch Time: 22.30s | Train Phase: 18.15s | Valid Phase: 4.14s
Avg Batch Time: 0.1911s
------------------------------
Epoch: 40, validauc: 0.8165, validacc: 0.768, best epoch: 34, best auc: 0.8165, train loss: 27.991703213262138, emb_type: qid, model: akt, save_dir: saved_model/akt_also_stage2_batch_tsp_20260714_010300_54754_stage2_batch/also_bs32/assist2009_akt_qid_saved_model/akt_also_stage2_batch_tsp_20260714_010300_54754_stage2_batch/also_bs32_42_0_0.2_256_512_8_4_0.0001_32_100_0_0_1_student_id_None_optimistic_1.0_None_None_0.0001_0.01_None_0
            testauc: -1, testacc: -1, window_testauc: -1, window_testacc: -1

Total Epoch Time: 21.99s | Train Phase: 17.86s | Valid Phase: 4.13s
Avg Batch Time: 0.1880s
------------------------------
Epoch: 41, validauc: 0.8165, validacc: 0.768, best epoch: 34, best auc: 0.8165, train loss: 27.80554205322023, emb_type: qid, model: akt, save_dir: saved_model/akt_also_stage2_batch_tsp_20260714_010300_54754_stage2_batch/also_bs32/assist2009_akt_qid_saved_model/akt_also_stage2_batch_tsp_20260714_010300_54754_stage2_batch/also_bs32_42_0_0.2_256_512_8_4_0.0001_32_100_0_0_1_student_id_None_optimistic_1.0_None_None_0.0001_0.01_None_0
            testauc: -1, testacc: -1, window_testauc: -1, window_testacc: -1

Total Epoch Time: 21.54s | Train Phase: 17.57s | Valid Phase: 3.97s
Avg Batch Time: 0.1849s
------------------------------
Epoch: 42, validauc: 0.8165, validacc: 0.768, best epoch: 34, best auc: 0.8165, train loss: 27.677027869579323, emb_type: qid, model: akt, save_dir: saved_model/akt_also_stage2_batch_tsp_20260714_010300_54754_stage2_batch/also_bs32/assist2009_akt_qid_saved_model/akt_also_stage2_batch_tsp_20260714_010300_54754_stage2_batch/also_bs32_42_0_0.2_256_512_8_4_0.0001_32_100_0_0_1_student_id_None_optimistic_1.0_None_None_0.0001_0.01_None_0
            testauc: -1, testacc: -1, window_testauc: -1, window_testacc: -1

Total Epoch Time: 22.38s | Train Phase: 18.23s | Valid Phase: 4.15s
Avg Batch Time: 0.1919s
------------------------------
Epoch: 43, validauc: 0.8165, validacc: 0.768, best epoch: 34, best auc: 0.8165, train loss: 27.43305699014, emb_type: qid, model: akt, save_dir: saved_model/akt_also_stage2_batch_tsp_20260714_010300_54754_stage2_batch/also_bs32/assist2009_akt_qid_saved_model/akt_also_stage2_batch_tsp_20260714_010300_54754_stage2_batch/also_bs32_42_0_0.2_256_512_8_4_0.0001_32_100_0_0_1_student_id_None_optimistic_1.0_None_None_0.0001_0.01_None_0
            testauc: -1, testacc: -1, window_testauc: -1, window_testacc: -1

Total Epoch Time: 21.30s | Train Phase: 17.53s | Valid Phase: 3.77s
Avg Batch Time: 0.1845s
------------------------------
Epoch: 44, validauc: 0.8165, validacc: 0.768, best epoch: 34, best auc: 0.8165, train loss: 27.185993276806517, emb_type: qid, model: akt, save_dir: saved_model/akt_also_stage2_batch_tsp_20260714_010300_54754_stage2_batch/also_bs32/assist2009_akt_qid_saved_model/akt_also_stage2_batch_tsp_20260714_010300_54754_stage2_batch/also_bs32_42_0_0.2_256_512_8_4_0.0001_32_100_0_0_1_student_id_None_optimistic_1.0_None_None_0.0001_0.01_None_0
            testauc: -1, testacc: -1, window_testauc: -1, window_testacc: -1

Total Epoch Time: 21.50s | Train Phase: 17.73s | Valid Phase: 3.78s
Avg Batch Time: 0.1866s
------------------------------
Early stopping at epoch 44
✅ Training Finished! Total Time Cost: 4485.31 s
fold	modelname	embtype	testauc	testacc	window_testauc	window_testacc	validauc	validacc	best_epoch
0	akt	qid	-1	-1	-1	-1	0.8164707468936602	0.7679697113109323	34
end:2026-07-14 03:21:59.143485

==================================================
Training completed. Starting prediction with predict_after_train=2
==================================================
--- 正在调用外部脚本 (subprocess): /root/autodl-tmp/pykt-toolkit/examples/wandb_predict_with_unbalance.py
--- 完整运行指令: /root/miniconda3/bin/python /root/autodl-tmp/pykt-toolkit/examples/wandb_predict_with_unbalance.py --bz 32 --save_dir /root/autodl-tmp/pykt-toolkit/saved_model/akt_also_stage2_batch_tsp_20260714_010300_54754_stage2_batch/also_bs32/assist2009_akt_qid_saved_model/akt_also_stage2_batch_tsp_20260714_010300_54754_stage2_batch/also_bs32_42_0_0.2_256_512_8_4_0.0001_32_100_0_0_1_student_id_None_optimistic_1.0_None_None_0.0001_0.01_None_0 --use_wandb 0

libgomp: Invalid value for environment variable OMP_NUM_THREADS

libgomp: Invalid value for environment variable OMP_NUM_THREADS
Namespace(bz=32, save_dir='/root/autodl-tmp/pykt-toolkit/saved_model/akt_also_stage2_batch_tsp_20260714_010300_54754_stage2_batch/also_bs32/assist2009_akt_qid_saved_model/akt_also_stage2_batch_tsp_20260714_010300_54754_stage2_batch/also_bs32_42_0_0.2_256_512_8_4_0.0001_32_100_0_0_1_student_id_None_optimistic_1.0_None_None_0.0001_0.01_None_0', fusion_type='late_fusion', use_wandb=0)
--- [Time] Start: 2026-07-14 03:22:00 ---
[DATA_PATH] dataset=assist2009 resolved_dpath=/root/autodl-tmp/pykt-toolkit/data/assist2009
model_name is akt, dataset_name is assist2009
Read data from processed file: /root/autodl-tmp/pykt-toolkit/data/assist2009/test_sequences.csv_-1.pkl
file path: /root/autodl-tmp/pykt-toolkit/data/assist2009/test_sequences.csv, qlen: 904, clen: 904, rlen: 904, uidlen: 904
Read data from processed file: /root/autodl-tmp/pykt-toolkit/data/assist2009/test_window_sequences.csv_-1.pkl
file path: /root/autodl-tmp/pykt-toolkit/data/assist2009/test_window_sequences.csv, qlen: 20362, clen: 20362, rlen: 20362, uidlen: 20362
Read data from processed file: /root/autodl-tmp/pykt-toolkit/data/assist2009/test_question_sequences.csv_-1_qtest.pkl
file path: /root/autodl-tmp/pykt-toolkit/data/assist2009/test_question_sequences.csv, qlen: 18292, clen: 18292, rlen: 18292, uidlen: 18292
Read data from processed file: /root/autodl-tmp/pykt-toolkit/data/assist2009/test_question_window_sequences.csv_-1_qtest.pkl
file path: /root/autodl-tmp/pykt-toolkit/data/assist2009/test_question_window_sequences.csv, qlen: 30610, clen: 30610, rlen: 30610, uidlen: 30610
has test_question_file!
Start predicting model: akt, embtype: qid, save_dir: /root/autodl-tmp/pykt-toolkit/saved_model/akt_also_stage2_batch_tsp_20260714_010300_54754_stage2_batch/also_bs32/assist2009_akt_qid_saved_model/akt_also_stage2_batch_tsp_20260714_010300_54754_stage2_batch/also_bs32_42_0_0.2_256_512_8_4_0.0001_32_100_0_0_1_student_id_None_optimistic_1.0_None_None_0.0001_0.01_None_0, dataset_name: assist2009
--- [Time] Data Loading: 0.53s (started 03:22:00) ---
--- [Time] Model Loading: 0.24s (started 03:22:01) ---
testauc: 0.809186156449635, testacc: 0.7580931765314035
--- [Time] Basic Evaluation: 1.92s (started 03:22:01) ---
testauc: 0.809186156449635, testacc: 0.7580931765314035, window_testauc: 0.8108273250586051, window_testacc: 0.7599129593810445
--- [Time] Window Evaluation: 23.36s (started 03:22:03) ---
[DEBUG] auc: 0.7178589124404097 (type: <class 'float'>)
[DEBUG] auc: 0.7203026310646022 (type: <class 'float'>)
--- [Time] Question Evaluation: 111.29s (started 03:22:27) ---
{'testauc': 0.809186156449635, 'testacc': 0.7580931765314035, 'window_testauc': 0.8108273250586051, 'window_testacc': 0.7599129593810445, 'oriaucconcepts': 0.7178589124404097, 'oriauclate_mean': 0.7335877780610756, 'oriauclate_vote': 0.7332792801979451, 'oriauclate_all': 0.7316300797987061, 'oriaccconcepts': 0.7051818005055415, 'oriacclate_mean': 0.7123665173957975, 'oriacclate_vote': 0.7134573429785279, 'oriacclate_all': 0.7098403949936847, 'windowaucconcepts': 0.7203026310646022, 'windowauclate_mean': 0.736208567087546, 'windowauclate_vote': 0.7359897590997521, 'windowauclate_all': 0.7341608591488642, 'windowaccconcepts': 0.7069745644937139, 'windowacclate_mean': 0.714097521860323, 'windowacclate_vote': 0.7155294207491695, 'windowacclate_all': 0.7118828515789072}
dres saved to /root/autodl-tmp/pykt-toolkit/saved_model/akt_also_stage2_batch_tsp_20260714_010300_54754_stage2_batch/also_bs32/assist2009_akt_qid_saved_model/akt_also_stage2_batch_tsp_20260714_010300_54754_stage2_batch/also_bs32_42_0_0.2_256_512_8_4_0.0001_32_100_0_0_1_student_id_None_optimistic_1.0_None_None_0.0001_0.01_None_0/all_results.json
late_trues 的唯一值: [0 1]
late_trues 的值计数:
late_trues
1    33510
0    18868
Name: count, dtype: int64
已保存每个学生AUC → /root/autodl-tmp/pykt-toolkit/saved_model/akt_also_stage2_batch_tsp_20260714_010300_54754_stage2_batch/also_bs32/assist2009_akt_qid_saved_model/akt_also_stage2_batch_tsp_20260714_010300_54754_stage2_batch/also_bs32_42_0_0.2_256_512_8_4_0.0001_32_100_0_0_1_student_id_None_optimistic_1.0_None_None_0.0001_0.01_None_0/qid_test_question_window_predictions_per_student_aucs.json
✅ 学生AUC结果已保存至: /root/autodl-tmp/pykt-toolkit/saved_model/akt_also_stage2_batch_tsp_20260714_010300_54754_stage2_batch/also_bs32/assist2009_akt_qid_saved_model/akt_also_stage2_batch_tsp_20260714_010300_54754_stage2_batch/also_bs32_42_0_0.2_256_512_8_4_0.0001_32_100_0_0_1_student_id_None_optimistic_1.0_None_None_0.0001_0.01_None_0/student_auc_output.csv
📊 总体统计指标: {
    "overall_dataset_auc": 0.6902979673359706,
    "student_stats_mean": 0.5860492247483965,
    "student_stats_std": 0.20848728900017272,
    "student_stats_max": 1.0,
    "student_stats_min": 0.0,
    "student_stats_range": 1.0,
    "student_stats_epi": 2.8109590160573816,
    "student_stats_gini_coefficient": 0.19273229650721407,
    "student_stats_average_auc": 0.5860492247483965,
    "student_stats_eawi_alpha_10": 0.47309861179636564,
    "student_stats_eawi_alpha_20": 0.38191722987047716,
    "student_stats_eawi_alpha_30": 0.3083094450818666,
    "student_stats_iqr": 0.2084428851329574,
    "student_stats_q1": 0.5,
    "student_stats_q3": 0.7084428851329574
}
✅ 总体统计结果已保存至: /root/autodl-tmp/pykt-toolkit/saved_model/akt_also_stage2_batch_tsp_20260714_010300_54754_stage2_batch/also_bs32/assist2009_akt_qid_saved_model/akt_also_stage2_batch_tsp_20260714_010300_54754_stage2_batch/also_bs32_42_0_0.2_256_512_8_4_0.0001_32_100_0_0_1_student_id_None_optimistic_1.0_None_None_0.0001_0.01_None_0/overall_stats_output.json
--- [Time] Fairness Calculation: 2.03s (started 03:24:18) ---
------------------------------
Total Prediction Time: 139.37s (end 2026-07-14 03:24:20)
------------------------------
Prediction completed successfully!
--- 外部脚本执行完毕 ---
Training and prediction process completed at: 2026-07-14 03:24:20.905185
✅ 运行历史状态已更新为成功 (ID: 4c091835-209a-48c6-9fea-b1eb59235752)
💡 正在执行最终资源清理...
💡 CUDA 缓存已释放。
