2026-07-13 23:19:40 waiting for active runner pid=42622
2026-07-13 23:19:40 active runner still owns the GPU
2026-07-13 23:20:40 active runner still owns the GPU
2026-07-13 23:21:40 active runner still owns the GPU
2026-07-13 23:22:40 active runner still owns the GPU
2026-07-13 23:23:40 active runner still owns the GPU
2026-07-13 23:24:40 active runner still owns the GPU
2026-07-13 23:25:40 active runner still owns the GPU
2026-07-13 23:26:40 active runner still owns the GPU
2026-07-13 23:27:40 active runner still owns the GPU
2026-07-13 23:28:40 active runner still owns the GPU
2026-07-13 23:29:40 active runner still owns the GPU
2026-07-13 23:30:40 active runner still owns the GPU
2026-07-13 23:31:40 active runner still owns the GPU
2026-07-13 23:32:40 active runner still owns the GPU
2026-07-13 23:33:40 active runner still owns the GPU
2026-07-13 23:34:40 active runner still owns the GPU
2026-07-13 23:35:40 active runner still owns the GPU
2026-07-13 23:36:40 active runner still owns the GPU
2026-07-13 23:37:40 active runner still owns the GPU
2026-07-13 23:38:40 active runner still owns the GPU
2026-07-13 23:39:40 active runner still owns the GPU
2026-07-13 23:40:40 active runner still owns the GPU
2026-07-13 23:41:40 active runner still owns the GPU
2026-07-13 23:42:40 active runner still owns the GPU
2026-07-13 23:43:40 active runner still owns the GPU
2026-07-13 23:44:40 active runner still owns the GPU
2026-07-13 23:45:40 active runner still owns the GPU
2026-07-13 23:46:40 active runner still owns the GPU
2026-07-13 23:47:40 active runner still owns the GPU
2026-07-13 23:48:40 active runner still owns the GPU
2026-07-13 23:49:40 active runner still owns the GPU
2026-07-13 23:50:40 active runner still owns the GPU
2026-07-13 23:51:41 active runner still owns the GPU
2026-07-13 23:52:41 active runner still owns the GPU
2026-07-13 23:53:41 active runner still owns the GPU
2026-07-13 23:54:41 active runner still owns the GPU
2026-07-13 23:55:41 active runner still owns the GPU
2026-07-13 23:56:41 active runner still owns the GPU
2026-07-13 23:57:41 active runner still owns the GPU
2026-07-13 23:58:41 active runner still owns the GPU
2026-07-13 23:59:41 active runner still owns the GPU
2026-07-14 00:00:41 active runner still owns the GPU
2026-07-14 00:01:41 active runner still owns the GPU
2026-07-14 00:02:41 active runner still owns the GPU
2026-07-14 00:03:41 active runner still owns the GPU
2026-07-14 00:04:41 active runner still owns the GPU
2026-07-14 00:05:41 active runner still owns the GPU
2026-07-14 00:06:41 active runner still owns the GPU
2026-07-14 00:07:41 active runner still owns the GPU
2026-07-14 00:08:41 active runner still owns the GPU
2026-07-14 00:09:41 active runner still owns the GPU
2026-07-14 00:10:41 active runner still owns the GPU
2026-07-14 00:11:41 active runner still owns the GPU
2026-07-14 00:12:41 active runner still owns the GPU
2026-07-14 00:13:41 active runner still owns the GPU
2026-07-14 00:14:41 active runner still owns the GPU
2026-07-14 00:15:41 active runner still owns the GPU
2026-07-14 00:16:41 active runner still owns the GPU
2026-07-14 00:17:41 active runner still owns the GPU
2026-07-14 00:18:41 active runner still owns the GPU
2026-07-14 00:19:42 active runner still owns the GPU
2026-07-14 00:20:42 active runner still owns the GPU
2026-07-14 00:21:42 active runner still owns the GPU
2026-07-14 00:22:42 active runner still owns the GPU
2026-07-14 00:23:42 active runner still owns the GPU
2026-07-14 00:24:42 active runner still owns the GPU
2026-07-14 00:25:42 active runner still owns the GPU
2026-07-14 00:26:42 active runner still owns the GPU
2026-07-14 00:27:42 active runner still owns the GPU
2026-07-14 00:28:42 active runner finished; launching missing stage 1 values
Wrote 5 AKT rows to logs/akt_also_results_summary.csv: {'evaluated': 5}
2026-07-14 02:06:33 automatic scheduling complete
