
===== iteration=1 time=2026-07-14 01:44:31 =====
0, 6 %, 19322 MiB, 32607 MiB, 101.14 W
45815 bash scripts/auto_schedule_akt_also_remaining.sh 42622 20260713_232100_42622
54754 python -m examples.wandb_akt_train --dataset_name assist2009 --model_name akt --emb_type qid --seed 42 --fold 0 --dropout 0.2 --d_model 256 --learning_rate 1e-4 --num_epochs 100 --use_wandb 0 --add_uuid 0 --use_trained 0 --batch_size 64 --use_also 1 --also_grouping_mode student_id --also_pi_lr 1e-4 --also_pi_decay 1e-2 --save_dir saved_model/akt_also_stage1_pi_lr_auto_20260713_232100_42622/pilr1e4_bs64
54755 python -m examples.wandb_akt_train --dataset_name assist2009 --model_name akt --emb_type qid --seed 42 --fold 0 --dropout 0.2 --d_model 256 --learning_rate 1e-4 --num_epochs 100 --use_wandb 0 --add_uuid 0 --use_trained 0 --batch_size 64 --use_also 1 --also_grouping_mode student_id --also_pi_lr 3e-4 --also_pi_decay 1e-2 --save_dir saved_model/akt_also_stage1_pi_lr_auto_20260713_232100_42622/pilr3e4_bs64
59275 bash scripts/auto_schedule_akt_also_tsp_stages2_to5.sh auto_20260713_232100_42622 20260714_010300_54754
64599 /bin/bash -c iteration=0 while true; do   iteration=$((iteration + 1))   printf '\n===== AKT WATCH iteration=%s time=%s =====\n' "$iteration" "$(date '+%F %T')"   printf '%s\n' '-- processes --'   ps -eo pid,etime,stat,cmd | rg 'wandb_akt_train|wandb_predict_with_unbalance|auto_schedule_akt|monitor_akt_also' | rg -v 'rg ' || true   printf '%s\n' '-- gpu --'   nvidia-smi --query-gpu=index,utilization.gpu,memory.used,memory.total,power.draw --format=csv,noheader   printf '%s\n' '-- latest epoch/completion --'   for log in logs/akt_also_stage1_pi_lr_auto_20260713_232100_42622/*.log logs/akt_also_tsp_*/*/*.log; do     [ -f "$log" ] || continue     printf '[%s] ' "$log"     rg 'Epoch:|Early stopping|Training Finished|Prediction completed successfully|Prediction failed|Traceback|CUDA out of memory' "$log" | tail -n 1 || true   done   printf '%s\n' '-- errors since last check --'   rg -n 'Traceback|CUDA out of memory|Prediction failed|ModuleNotFoundError|NameError' \     logs/akt_also_stage1_pi_lr_auto_20260713_232100_42622 \     logs/akt_also_tsp_scheduler_20260714_010300_54754 \     logs/akt_also_tsp_stage* 2>/dev/null | tail -n 30 || true   printf '%s\n' '-- tsp --'   TS_SOCKET="$PWD/logs/akt_also_tsp.socket" tsp -l || true   python scripts/summarize_akt_also_results.py   python scripts/write_akt_also_result_report.py   active_train=0   pgrep -f '[p]ython -m examples.wandb_akt_train' >/dev/null && active_train=1   active_predict=0   pgrep -f '[p]ython -m examples.wandb_predict_with_unbalance' >/dev/null && active_predict=1   active_scheduler=0   pgrep -f '[a]uto_schedule_akt_also_tsp_stages2_to5.sh' >/dev/null && active_scheduler=1   tsp_active=0   TS_SOCKET="$PWD/logs/akt_also_tsp.socket" tsp -l | rg -q 'running|queued' && tsp_active=1 || true   if [[ "$active_train" -eq 0 && "$active_predict" -eq 0 && "$active_scheduler" -eq 0 && "$tsp_active" -eq 0 ]]; then     printf '%s\n' '===== AKT WATCH COMPLETE ====='     exit 0   fi   if [[ "$iteration" -lt 3 ]]; then     sleep 60   else     sleep 600   fi done
-- errors --
-- tsp --
ID   State      Output               E-Level  Times(r/u/s)   Command [run=0/1]
Wrote 5 AKT rows to logs/akt_also_results_summary.csv: {'evaluated': 3, 'evaluation_missing': 2}
Wrote docs/AKT_ALSO_实验结果汇总.md with 3 completed and 2 pending runs

===== iteration=2 time=2026-07-14 01:45:32 =====
0, 26 %, 19322 MiB, 32607 MiB, 99.00 W
45815 bash scripts/auto_schedule_akt_also_remaining.sh 42622 20260713_232100_42622
54754 python -m examples.wandb_akt_train --dataset_name assist2009 --model_name akt --emb_type qid --seed 42 --fold 0 --dropout 0.2 --d_model 256 --learning_rate 1e-4 --num_epochs 100 --use_wandb 0 --add_uuid 0 --use_trained 0 --batch_size 64 --use_also 1 --also_grouping_mode student_id --also_pi_lr 1e-4 --also_pi_decay 1e-2 --save_dir saved_model/akt_also_stage1_pi_lr_auto_20260713_232100_42622/pilr1e4_bs64
54755 python -m examples.wandb_akt_train --dataset_name assist2009 --model_name akt --emb_type qid --seed 42 --fold 0 --dropout 0.2 --d_model 256 --learning_rate 1e-4 --num_epochs 100 --use_wandb 0 --add_uuid 0 --use_trained 0 --batch_size 64 --use_also 1 --also_grouping_mode student_id --also_pi_lr 3e-4 --also_pi_decay 1e-2 --save_dir saved_model/akt_also_stage1_pi_lr_auto_20260713_232100_42622/pilr3e4_bs64
59275 bash scripts/auto_schedule_akt_also_tsp_stages2_to5.sh auto_20260713_232100_42622 20260714_010300_54754
-- errors --
-- tsp --
ID   State      Output               E-Level  Times(r/u/s)   Command [run=0/1]
Wrote 5 AKT rows to logs/akt_also_results_summary.csv: {'evaluated': 3, 'evaluation_missing': 2}
Wrote docs/AKT_ALSO_实验结果汇总.md with 3 completed and 2 pending runs

===== iteration=3 time=2026-07-14 01:46:33 =====
0, 2 %, 19322 MiB, 32607 MiB, 101.09 W
45815 bash scripts/auto_schedule_akt_also_remaining.sh 42622 20260713_232100_42622
54754 python -m examples.wandb_akt_train --dataset_name assist2009 --model_name akt --emb_type qid --seed 42 --fold 0 --dropout 0.2 --d_model 256 --learning_rate 1e-4 --num_epochs 100 --use_wandb 0 --add_uuid 0 --use_trained 0 --batch_size 64 --use_also 1 --also_grouping_mode student_id --also_pi_lr 1e-4 --also_pi_decay 1e-2 --save_dir saved_model/akt_also_stage1_pi_lr_auto_20260713_232100_42622/pilr1e4_bs64
54755 python -m examples.wandb_akt_train --dataset_name assist2009 --model_name akt --emb_type qid --seed 42 --fold 0 --dropout 0.2 --d_model 256 --learning_rate 1e-4 --num_epochs 100 --use_wandb 0 --add_uuid 0 --use_trained 0 --batch_size 64 --use_also 1 --also_grouping_mode student_id --also_pi_lr 3e-4 --also_pi_decay 1e-2 --save_dir saved_model/akt_also_stage1_pi_lr_auto_20260713_232100_42622/pilr3e4_bs64
59275 bash scripts/auto_schedule_akt_also_tsp_stages2_to5.sh auto_20260713_232100_42622 20260714_010300_54754
-- errors --
-- tsp --
ID   State      Output               E-Level  Times(r/u/s)   Command [run=0/1]
Wrote 5 AKT rows to logs/akt_also_results_summary.csv: {'evaluated': 3, 'evaluation_missing': 2}
Wrote docs/AKT_ALSO_实验结果汇总.md with 3 completed and 2 pending runs
