
libgomp: Invalid value for environment variable OMP_NUM_THREADS

libgomp: Invalid value for environment variable OMP_NUM_THREADS
✅ 初始运行记录已写入: saved_model/akt_also_stage5_optimizer_tsp_20260714_022000_s5/alpha0_bs64/run_history.txt (ID: 3def3405-ad77-458f-aa1d-532fc6711166)
✅ 参数已保存至: saved_model/akt_also_stage5_optimizer_tsp_20260714_022000_s5/alpha0_bs64/saved_params_akt.json
✅ 参数已保存至: saved_model/akt_also_stage5_optimizer_tsp_20260714_022000_s5/alpha0_bs64/saved_params_akt.json
2026-07-14 06:50:16 - main - said: load config files.
[DATA_PATH] dataset=assist2009 resolved_dpath=/root/autodl-tmp/pykt-toolkit/data/assist2009
assist2009 akt {'assist2015': {'dpath': '../data/assist2015', 'num_q': 0, 'num_c': 100, 'input_type': ['concepts'], 'max_concepts': 1, 'min_seq_len': 3, 'maxlen': 200, 'emb_path': '', 'train_valid_original_file': 'train_valid.csv', 'train_valid_file': 'train_valid_sequences.csv', 'folds': [0, 1, 2, 3, 4], 'test_original_file': 'test.csv', 'test_file': 'test_sequences.csv', 'test_window_file': 'test_window_sequences.csv', 'train_valid_original_file_quelevel': 'train_valid_quelevel.csv', 'train_valid_file_quelevel': 'train_valid_sequences_quelevel.csv', 'test_file_quelevel': 'test_sequences_quelevel.csv', 'test_window_file_quelevel': 'test_window_sequences_quelevel.csv', 'test_original_file_quelevel': 'test_quelevel.csv'}, 'algebra2005': {'dpath': '../data/algebra2005', 'num_q': 173113, 'num_c': 112, 'input_type': ['questions', 'concepts'], 'max_concepts': 7, 'min_seq_len': 3, 'maxlen': 200, 'emb_path': '', 'train_valid_original_file': 'train_valid.csv', 'train_valid_file': 'train_valid_sequences.csv', 'folds': [0, 1, 2, 3, 4], 'test_original_file': 'test.csv', 'test_file': 'test_sequences.csv', 'test_window_file': 'test_window_sequences.csv', 'test_question_file': 'test_question_sequences.csv', 'test_question_window_file': 'test_question_window_sequences.csv', 'train_valid_original_file_quelevel': 'train_valid_quelevel.csv', 'train_valid_file_quelevel': 'train_valid_sequences_quelevel.csv', 'test_file_quelevel': 'test_sequences_quelevel.csv', 'test_window_file_quelevel': 'test_window_sequences_quelevel.csv', 'test_original_file_quelevel': 'test_quelevel.csv', 'students_num_train': 460, 'students_num_eval': 114}, 'assist2009': {'dpath': '/root/autodl-tmp/pykt-toolkit/data/assist2009', 'num_q': 17737, 'num_c': 123, 'input_type': ['questions', 'concepts'], 'max_concepts': 4, 'min_seq_len': 3, 'maxlen': 200, 'emb_path': '', 'train_valid_original_file': 'train_valid.csv', 'train_valid_file': 'train_valid_sequences.csv', 'folds': [0, 1, 2, 3, 4], 'test_original_file': 'test.csv', 'test_file': 'test_sequences.csv', 'test_window_file': 'test_window_sequences.csv', 'test_question_file': 'test_question_sequences.csv', 'test_question_window_file': 'test_question_window_sequences.csv', 'train_valid_original_file_quelevel': 'train_valid_quelevel.csv', 'train_valid_file_quelevel': 'train_valid_sequences_quelevel.csv', 'test_file_quelevel': 'test_sequences_quelevel.csv', 'test_window_file_quelevel': 'test_window_sequences_quelevel.csv', 'test_original_file_quelevel': 'test_quelevel.csv', 'students_num_eval': 770, 'global_question_stats_file': 'global_question_stats.csv', 'global_concept_stats_file': 'global_concept_stats.csv', 'total_questions_low_interval_file': 'total_questions_low_interval.csv', 'total_questions_medium_interval_file': 'total_questions_medium_interval.csv', 'total_questions_high_interval_file': 'total_questions_high_interval.csv', 'overall_accuracy_low_interval_file': 'overall_accuracy_low_interval.csv', 'overall_accuracy_medium_interval_file': 'overall_accuracy_medium_interval.csv', 'overall_accuracy_high_interval_file': 'overall_accuracy_high_interval.csv', 'accuracy_range_low_interval_file': 'accuracy_range_low_interval.csv', 'accuracy_range_medium_interval_file': 'accuracy_range_medium_interval.csv', 'accuracy_range_high_interval_file': 'accuracy_range_high_interval.csv', 'accuracy_variance_low_interval_file': 'accuracy_variance_low_interval.csv', 'accuracy_variance_medium_interval_file': 'accuracy_variance_medium_interval.csv', 'accuracy_variance_high_interval_file': 'accuracy_variance_high_interval.csv', 'questions_range_low_interval_file': 'questions_range_low_interval.csv', 'questions_range_medium_interval_file': 'questions_range_medium_interval.csv', 'questions_range_high_interval_file': 'questions_range_high_interval.csv', 'students_num_train': 3082}, 'slepemapy': {'dpath': '../data/slepemapy', 'num_q': 2913, 'num_c': 1458, 'input_type': ['questions', 'concepts'], 'emb_path': '', 'train_valid_original_file': 'train_valid.csv', 'train_valid_file': 'train_valid_sequences.csv', 'folds': [0, 1, 2, 3, 4], 'test_original_file': 'test.csv', 'test_file': 'test_sequences.csv', 'test_window_file': 'test_window_sequences.csv', 'test_question_file': 'test_question_sequences.csv', 'test_question_window_file': 'test_question_window_sequences.csv'}, 'assist2017': {'dpath': '../data/assist2017', 'num_q': 3162, 'num_c': 102, 'input_type': ['questions', 'concepts'], 'min_seq_len': 3, 'maxlen': 500, 'emb_path': '', 'train_valid_original_file': 'train_valid.csv', 'train_valid_file': 'train_valid_sequences.csv', 'folds': [0, 1, 2, 3, 4], 'test_original_file': 'test.csv', 'test_file': 'test_sequences.csv', 'test_window_file': 'test_window_sequences.csv', 'test_question_file': 'test_question_sequences.csv', 'test_question_window_file': 'test_question_window_sequences.csv'}, 'assist2012': {'dpath': '../data/assist2012', 'num_q': 53070, 'num_c': 265, 'input_type': ['questions', 'concepts'], 'emb_path': '', 'train_valid_original_file': 'train_valid.csv', 'train_valid_file': 'train_valid_sequences.csv', 'folds': [0, 1, 2, 3, 4], 'test_original_file': 'test.csv', 'test_file': 'test_sequences.csv', 'test_window_file': 'test_window_sequences.csv', 'test_question_file': 'test_question_sequences.csv', 'test_question_window_file': 'test_question_window_sequences.csv'}, 'statics2011': {'dpath': '../data/statics2011', 'num_q': 0, 'num_c': 1223, 'input_type': ['concepts'], 'max_concepts': 1, 'min_seq_len': 3, 'maxlen': 200, 'emb_path': '', 'train_valid_original_file': 'train_valid.csv', 'train_valid_file': 'train_valid_sequences.csv', 'folds': [0, 1, 2, 3, 4], 'test_original_file': 'test.csv', 'test_file': 'test_sequences.csv', 'test_window_file': 'test_window_sequences.csv', 'train_valid_original_file_quelevel': 'train_valid_quelevel.csv', 'train_valid_file_quelevel': 'train_valid_sequences_quelevel.csv', 'test_file_quelevel': 'test_sequences_quelevel.csv', 'test_window_file_quelevel': 'test_window_sequences_quelevel.csv', 'test_original_file_quelevel': 'test_quelevel.csv'}, 'junyi2015': {'dpath': '../data/junyi2015', 'num_q': 721, 'num_c': 39, 'input_type': ['questions', 'concepts'], 'max_concepts': 1, 'min_seq_len': 3, 'maxlen': 200, 'emb_path': '', 'train_valid_original_file': 'train_valid.csv', 'train_valid_file': 'train_valid_sequences.csv', 'folds': [0, 1, 2, 3, 4], 'test_original_file': 'test.csv', 'test_file': 'test_sequences.csv', 'test_window_file': 'test_window_sequences.csv', 'test_question_file': 'test_question_sequences.csv', 'test_question_window_file': 'test_question_window_sequences.csv'}, 'bridge2algebra2006': {'dpath': '../data/bridge2algebra2006', 'num_q': 129263, 'num_c': 493, 'input_type': ['questions', 'concepts'], 'max_concepts': 5, 'min_seq_len': 3, 'maxlen': 200, 'emb_path': '', 'train_valid_original_file': 'train_valid.csv', 'train_valid_file': 'train_valid_sequences.csv', 'folds': [0, 1, 2, 3, 4], 'test_original_file': 'test.csv', 'test_file': 'test_sequences.csv', 'test_window_file': 'test_window_sequences.csv', 'test_question_file': 'test_question_sequences.csv', 'test_question_window_file': 'test_question_window_sequences.csv', 'train_valid_original_file_quelevel': 'train_valid_quelevel.csv', 'train_valid_file_quelevel': 'train_valid_sequences_quelevel.csv', 'test_file_quelevel': 'test_sequences_quelevel.csv', 'test_window_file_quelevel': 'test_window_sequences_quelevel.csv', 'test_original_file_quelevel': 'test_quelevel.csv', 'students_num_train': 916, 'students_num_eval': 229, 'global_question_stats_file': 'global_question_stats.csv', 'global_concept_stats_file': 'global_concept_stats.csv', 'total_questions_low_interval_file': 'total_questions_low_interval.csv', 'total_questions_medium_interval_file': 'total_questions_medium_interval.csv', 'total_questions_high_interval_file': 'total_questions_high_interval.csv', 'overall_accuracy_low_interval_file': 'overall_accuracy_low_interval.csv', 'overall_accuracy_medium_interval_file': 'overall_accuracy_medium_interval.csv', 'overall_accuracy_high_interval_file': 'overall_accuracy_high_interval.csv', 'accuracy_range_low_interval_file': 'accuracy_range_low_interval.csv', 'accuracy_range_medium_interval_file': 'accuracy_range_medium_interval.csv', 'accuracy_range_high_interval_file': 'accuracy_range_high_interval.csv', 'accuracy_variance_low_interval_file': 'accuracy_variance_low_interval.csv', 'accuracy_variance_medium_interval_file': 'accuracy_variance_medium_interval.csv', 'accuracy_variance_high_interval_file': 'accuracy_variance_high_interval.csv', 'questions_range_low_interval_file': 'questions_range_low_interval.csv', 'questions_range_medium_interval_file': 'questions_range_medium_interval.csv', 'questions_range_high_interval_file': 'questions_range_high_interval.csv'}, 'ednet': {'dpath': '../data/ednet', 'num_q': 11901, 'num_c': 188, 'input_type': ['questions', 'concepts'], 'max_concepts': 7, 'min_seq_len': 3, 'maxlen': 200, 'emb_path': '', 'train_valid_original_file': 'train_valid.csv', 'train_valid_file': 'train_valid_sequences.csv', 'folds': [0, 1, 2, 3, 4], 'test_original_file': 'test.csv', 'test_file': 'test_sequences.csv', 'test_window_file': 'test_window_sequences.csv', 'test_question_file': 'test_question_sequences.csv', 'test_question_window_file': 'test_question_window_sequences.csv', 'train_valid_original_file_quelevel': 'train_valid_quelevel.csv', 'train_valid_file_quelevel': 'train_valid_sequences_quelevel.csv', 'test_file_quelevel': 'test_sequences_quelevel.csv', 'test_window_file_quelevel': 'test_window_sequences_quelevel.csv', 'test_original_file_quelevel': 'test_quelevel.csv'}, 'nips_task34': {'dpath': '../data/nips_task34', 'num_q': 948, 'num_c': 57, 'students_num_eval': 983, 'students_num_train': 3935, 'input_type': ['questions', 'concepts'], 'max_concepts': 2, 'min_seq_len': 3, 'maxlen': 200, 'emb_path': '', 'train_valid_original_file': 'train_valid.csv', 'train_valid_file': 'train_valid_sequences.csv', 'folds': [0, 1, 2, 3, 4], 'test_original_file': 'test.csv', 'test_file': 'test_sequences.csv', 'test_window_file': 'test_window_sequences.csv', 'test_question_file': 'test_question_sequences.csv', 'test_question_window_file': 'test_question_window_sequences.csv', 'train_valid_original_file_quelevel': 'train_valid_quelevel.csv', 'train_valid_file_quelevel': 'train_valid_sequences_quelevel.csv', 'test_file_quelevel': 'test_sequences_quelevel.csv', 'test_window_file_quelevel': 'test_window_sequences_quelevel.csv', 'test_original_file_quelevel': 'test_quelevel.csv', 'global_question_stats_file': 'global_question_stats.csv', 'global_concept_stats_file': 'global_concept_stats.csv', 'student_summary_file': 'student_summary.csv', 'total_questions_low_interval_file': 'total_questions_low_interval.csv', 'total_questions_medium_interval_file': 'total_questions_medium_interval.csv', 'total_questions_high_interval_file': 'total_questions_high_interval.csv', 'overall_accuracy_low_interval_file': 'overall_accuracy_low_interval.csv', 'overall_accuracy_medium_interval_file': 'overall_accuracy_medium_interval.csv', 'overall_accuracy_high_interval_file': 'overall_accuracy_high_interval.csv', 'accuracy_range_low_interval_file': 'accuracy_range_low_interval.csv', 'accuracy_range_medium_interval_file': 'accuracy_range_medium_interval.csv', 'accuracy_range_high_interval_file': 'accuracy_range_high_interval.csv', 'accuracy_variance_low_interval_file': 'accuracy_variance_low_interval.csv', 'accuracy_variance_medium_interval_file': 'accuracy_variance_medium_interval.csv', 'accuracy_variance_high_interval_file': 'accuracy_variance_high_interval.csv', 'questions_range_low_interval_file': 'questions_range_low_interval.csv', 'questions_range_medium_interval_file': 'questions_range_medium_interval.csv', 'questions_range_high_interval_file': 'questions_range_high_interval.csv', 'seq_len_10000_students_num_eval': 23, 'seq_len_20000_students_num_eval': 38, 'seq_len_30000_students_num_eval': 37, 'seq_len_18000_students_num_eval': 16, 'seq_len_22000_students_num_eval': 47}, 'poj': {'dpath': '../data/poj', 'num_q': 0, 'num_c': 2748, 'input_type': ['concepts'], 'max_concepts': 1, 'min_seq_len': 3, 'maxlen': 200, 'emb_path': '', 'train_valid_original_file': 'train_valid.csv', 'train_valid_file': 'train_valid_sequences.csv', 'folds': [0, 1, 2, 3, 4], 'test_original_file': 'test.csv', 'test_file': 'test_sequences.csv', 'test_window_file': 'test_window_sequences.csv', 'train_valid_original_file_quelevel': 'train_valid_quelevel.csv', 'train_valid_file_quelevel': 'train_valid_sequences_quelevel.csv', 'test_file_quelevel': 'test_sequences_quelevel.csv', 'test_window_file_quelevel': 'test_window_sequences_quelevel.csv', 'test_original_file_quelevel': 'test_quelevel.csv'}, 'peiyou': {'dpath': '../data/peiyou', 'num_q': 7652, 'num_c': 865, 'input_type': ['questions', 'concepts'], 'max_concepts': 6, 'min_seq_len': 3, 'maxlen': 200, 'emb_path': '', 'train_valid_file': 'train_valid_sequences.csv', 'folds': [0, 1, 2, 3, 4], 'students_num_eval': 0, 'train_valid_original_file': 'train_valid.csv', 'test_original_file': 'test.csv', 'test_file': 'test_sequences.csv', 'test_window_file': 'test_window_sequences.csv', 'test_question_file': 'test_question_sequences.csv', 'test_question_window_file': 'test_question_window_sequences.csv', 'train_valid_original_file_quelevel': 'train_valid_quelevel.csv', 'train_valid_file_quelevel': 'train_valid_sequences_quelevel.csv', 'test_file_quelevel': 'test_sequences_quelevel.csv', 'test_window_file_quelevel': 'test_window_sequences_quelevel.csv', 'test_original_file_quelevel': 'test_quelevel.csv', 'students_num_train': 14453, 'global_question_stats_file': 'global_question_stats.csv', 'global_concept_stats_file': 'global_concept_stats.csv', 'seq_len_500_students_num_eval': 0, 'seq_len_300_students_num_eval': 0, 'seq_len_400_students_num_eval': 0}, 'ednet5w': {'dpath': '../data/ednet5w', 'num_q': 12235, 'num_c': 188, 'input_type': ['questions', 'concepts'], 'max_concepts': 7, 'min_seq_len': 3, 'maxlen': 200, 'emb_path': '', 'train_valid_original_file': 'train_valid.csv', 'train_valid_file': 'train_valid_sequences.csv', 'folds': [0, 1, 2, 3, 4], 'test_original_file': 'test.csv', 'test_file': 'test_sequences.csv', 'test_window_file': 'test_window_sequences.csv', 'test_question_file': 'test_question_sequences.csv', 'test_question_window_file': 'test_question_window_sequences.csv', 'train_valid_original_file_quelevel': 'train_valid_quelevel.csv', 'train_valid_file_quelevel': 'train_valid_sequences_quelevel.csv', 'test_file_quelevel': 'test_sequences_quelevel.csv', 'test_window_file_quelevel': 'test_window_sequences_quelevel.csv', 'test_original_file_quelevel': 'test_quelevel.csv'}, 'pretrain': {'dpath': '../data/pretrain', 'num_q': 340614, 'num_c': 1838, 'input_type': ['questions', 'concepts'], 'max_concepts': 7, 'min_seq_len': 3, 'maxlen': 1024, 'emb_path': '', 'train_valid_original_file': 'train_valid.csv', 'train_valid_file': 'train_valid_sequences.csv', 'folds': [0, 1, 2, 3, 4], 'test_original_file': 'test.csv', 'test_file': 'test_sequences.csv', 'test_window_file': 'test_window_sequences.csv', 'test_question_file': 'test_question_sequences.csv', 'test_question_window_file': 'test_question_window_sequences.csv', 'train_valid_original_file_quelevel': 'train_valid_quelevel.csv', 'train_valid_file_quelevel': 'train_valid_sequences_quelevel_200.csv', 'test_file_quelevel': 'test_sequences_quelevel.csv', 'test_window_file_quelevel': 'test_window_sequences_quelevel.csv', 'test_original_file_quelevel': 'test_quelevel.csv'}, 'assist2009Anips_task34Abridge2algebra2006': {'dpath': '../data/assist2009Anips_task34Abridge2algebra2006', 'num_q': 147948, 'num_c': 673, 'input_type': ['concepts', 'questions'], 'max_concepts': 5, 'min_seq_len': 3, 'maxlen': 200, 'emb_path': '', 'train_valid_original_file': 'train_valid.csv', 'train_valid_file': 'train_valid_sequences.csv', 'folds': [0, 1, 2, 3, 4], 'test_original_file': 'test.csv', 'test_file': 'test_sequences.csv', 'test_window_file': 'test_window_sequences.csv', 'test_question_file': 'test_question_sequences.csv', 'test_question_window_file': 'test_question_window_sequences.csv', 'train_valid_original_file_quelevel': 'train_valid_quelevel.csv', 'train_valid_file_quelevel': 'train_valid_sequences_quelevel.csv', 'test_file_quelevel': 'test_sequences_quelevel.csv', 'test_window_file_quelevel': 'test_window_sequences_quelevel.csv', 'test_original_file_quelevel': 'test_quelevel.csv', 'students_num_eval': 770, 'global_question_stats_file': 'global_question_stats.csv', 'global_concept_stats_file': 'global_concept_stats.csv', 'total_questions_low_interval_file': 'total_questions_low_interval.csv', 'total_questions_medium_interval_file': 'total_questions_medium_interval.csv', 'total_questions_high_interval_file': 'total_questions_high_interval.csv', 'overall_accuracy_low_interval_file': 'overall_accuracy_low_interval.csv', 'overall_accuracy_medium_interval_file': 'overall_accuracy_medium_interval.csv', 'overall_accuracy_high_interval_file': 'overall_accuracy_high_interval.csv', 'accuracy_range_low_interval_file': 'accuracy_range_low_interval.csv', 'accuracy_range_medium_interval_file': 'accuracy_range_medium_interval.csv', 'accuracy_range_high_interval_file': 'accuracy_range_high_interval.csv', 'accuracy_variance_low_interval_file': 'accuracy_variance_low_interval.csv', 'accuracy_variance_medium_interval_file': 'accuracy_variance_medium_interval.csv', 'accuracy_variance_high_interval_file': 'accuracy_variance_high_interval.csv', 'questions_range_low_interval_file': 'questions_range_low_interval.csv', 'questions_range_medium_interval_file': 'questions_range_medium_interval.csv', 'questions_range_high_interval_file': 'questions_range_high_interval.csv', 'students_num_train': 7933}, 'peiyouAnips_task34Abridge2algebra2006': {'dpath': '../data/peiyouAnips_task34Abridge2algebra2006', 'num_q': 137863, 'num_c': 1415, 'input_type': ['questions', 'concepts'], 'max_concepts': 6, 'min_seq_len': 3, 'maxlen': 200, 'emb_path': '', 'train_valid_file': 'train_valid_sequences.csv', 'folds': [0, 1, 2, 3, 4], 'train_valid_original_file': 'train_valid.csv', 'test_original_file': 'test.csv', 'test_file': 'test_sequences.csv', 'test_window_file': 'test_window_sequences.csv', 'test_question_file': 'test_question_sequences.csv', 'test_question_window_file': 'test_question_window_sequences.csv', 'train_valid_original_file_quelevel': 'train_valid_quelevel.csv', 'train_valid_file_quelevel': 'train_valid_sequences_quelevel.csv', 'test_file_quelevel': 'test_sequences_quelevel.csv', 'test_window_file_quelevel': 'test_window_sequences_quelevel.csv', 'test_original_file_quelevel': 'test_quelevel.csv', 'students_num_eval': 983, 'global_question_stats_file': 'global_question_stats.csv', 'global_concept_stats_file': 'global_concept_stats.csv', 'student_summary_file': 'student_summary.csv', 'total_questions_low_interval_file': 'total_questions_low_interval.csv', 'total_questions_medium_interval_file': 'total_questions_medium_interval.csv', 'total_questions_high_interval_file': 'total_questions_high_interval.csv', 'overall_accuracy_low_interval_file': 'overall_accuracy_low_interval.csv', 'overall_accuracy_medium_interval_file': 'overall_accuracy_medium_interval.csv', 'overall_accuracy_high_interval_file': 'overall_accuracy_high_interval.csv', 'accuracy_range_low_interval_file': 'accuracy_range_low_interval.csv', 'accuracy_range_medium_interval_file': 'accuracy_range_medium_interval.csv', 'accuracy_range_high_interval_file': 'accuracy_range_high_interval.csv', 'accuracy_variance_low_interval_file': 'accuracy_variance_low_interval.csv', 'accuracy_variance_medium_interval_file': 'accuracy_variance_medium_interval.csv', 'accuracy_variance_high_interval_file': 'accuracy_variance_high_interval.csv', 'questions_range_low_interval_file': 'questions_range_low_interval.csv', 'questions_range_medium_interval_file': 'questions_range_medium_interval.csv', 'questions_range_high_interval_file': 'questions_range_high_interval.csv', 'students_num_train': 15181}} 0 64
2026-07-14 06:50:17 - main - said: init_dataset
Read data from processed file: /root/autodl-tmp/pykt-toolkit/data/assist2009/train_valid_sequences.csv_0.pkl
file path: /root/autodl-tmp/pykt-toolkit/data/assist2009/train_valid_sequences.csv, qlen: 741, clen: 741, rlen: 741, uidlen: 741
Read data from processed file: /root/autodl-tmp/pykt-toolkit/data/assist2009/train_valid_sequences.csv_1_2_3_4.pkl
file path: /root/autodl-tmp/pykt-toolkit/data/assist2009/train_valid_sequences.csv, qlen: 3016, clen: 3016, rlen: 3016, uidlen: 3016
params: {'dataset_name': 'assist2009', 'model_name': 'akt', 'emb_type': 'qid', 'save_dir': 'saved_model/akt_also_stage5_optimizer_tsp_20260714_022000_s5/alpha0_bs64', 'seed': 42, 'fold': 0, 'dropout': 0.2, 'd_model': 256, 'd_ff': 512, 'num_attn_heads': 8, 'n_blocks': 4, 'learning_rate': 0.0001, 'batch_size': 64, 'num_epochs': 100, 'use_wandb': 0, 'use_trained': 0, 'use_also': 1, 'also_grouping_mode': 'student_id', 'also_n_groups': None, 'also_mode': 'optimistic', 'also_alpha': 0.0, 'also_lr': None, 'also_weight_decay': None, 'also_pi_lr': 0.0001, 'also_pi_decay': 0.01, 'also_loss_scale': None, 'add_uuid': 0}, params_str: assist2009_akt_qid_saved_model/akt_also_stage5_optimizer_tsp_20260714_022000_s5/alpha0_bs64_42_0_0.2_256_512_8_4_0.0001_64_100_0_0_1_student_id_None_optimistic_0.0_None_None_0.0001_0.01_None_0
Start training model: akt, embtype: qid, save_dir: saved_model/akt_also_stage5_optimizer_tsp_20260714_022000_s5/alpha0_bs64/assist2009_akt_qid_saved_model/akt_also_stage5_optimizer_tsp_20260714_022000_s5/alpha0_bs64_42_0_0.2_256_512_8_4_0.0001_64_100_0_0_1_student_id_None_optimistic_0.0_None_None_0.0001_0.01_None_0, dataset_name: assist2009
model_config: {'dropout': 0.2, 'd_model': 256, 'd_ff': 512, 'num_attn_heads': 8, 'n_blocks': 4, 'learning_rate': 0.0001}
train_config: {'batch_size': 64, 'num_epochs': 100, 'optimizer': 'adam', 'seq_len': 200}
2026-07-14 06:50:17 - main - said: init_model
[PARAM_COUNT] model=akt emb_type=qid dataset=assist2009 trainable=6,074,795 total=6,074,795
2026-07-14 06:50:17 - main - said: train model
ALSO enabled with grouping_mode=student_id
ALSO student groups initialized from the training fold: n_groups=2465, sequences/student=[1, 7]
未找到预训练模型文件，将从头开始训练。
ALSO initialized with n_groups=2465 for grouping_mode=student_id
Epoch: 1, validauc: 0.7338, validacc: 0.7205, best epoch: 1, best auc: 0.7338, train loss: 18.996300428864576, emb_type: qid, model: akt, save_dir: saved_model/akt_also_stage5_optimizer_tsp_20260714_022000_s5/alpha0_bs64/assist2009_akt_qid_saved_model/akt_also_stage5_optimizer_tsp_20260714_022000_s5/alpha0_bs64_42_0_0.2_256_512_8_4_0.0001_64_100_0_0_1_student_id_None_optimistic_0.0_None_None_0.0001_0.01_None_0
            testauc: -1, testacc: -1, window_testauc: -1, window_testacc: -1

Total Epoch Time: 106.94s | Train Phase: 91.98s | Valid Phase: 14.77s
Avg Batch Time: 1.9163s
------------------------------
Epoch: 2, validauc: 0.7567, validacc: 0.7348, best epoch: 2, best auc: 0.7567, train loss: 17.778196137746793, emb_type: qid, model: akt, save_dir: saved_model/akt_also_stage5_optimizer_tsp_20260714_022000_s5/alpha0_bs64/assist2009_akt_qid_saved_model/akt_also_stage5_optimizer_tsp_20260714_022000_s5/alpha0_bs64_42_0_0.2_256_512_8_4_0.0001_64_100_0_0_1_student_id_None_optimistic_0.0_None_None_0.0001_0.01_None_0
            testauc: -1, testacc: -1, window_testauc: -1, window_testacc: -1

Total Epoch Time: 100.02s | Train Phase: 87.93s | Valid Phase: 11.78s
Avg Batch Time: 1.8319s
------------------------------
Epoch: 3, validauc: 0.768, validacc: 0.7431, best epoch: 3, best auc: 0.768, train loss: 17.358798561745072, emb_type: qid, model: akt, save_dir: saved_model/akt_also_stage5_optimizer_tsp_20260714_022000_s5/alpha0_bs64/assist2009_akt_qid_saved_model/akt_also_stage5_optimizer_tsp_20260714_022000_s5/alpha0_bs64_42_0_0.2_256_512_8_4_0.0001_64_100_0_0_1_student_id_None_optimistic_0.0_None_None_0.0001_0.01_None_0
            testauc: -1, testacc: -1, window_testauc: -1, window_testacc: -1

Total Epoch Time: 109.67s | Train Phase: 97.38s | Valid Phase: 11.92s
Avg Batch Time: 2.0287s
------------------------------
Epoch: 4, validauc: 0.7769, validacc: 0.748, best epoch: 4, best auc: 0.7769, train loss: 17.109413976813325, emb_type: qid, model: akt, save_dir: saved_model/akt_also_stage5_optimizer_tsp_20260714_022000_s5/alpha0_bs64/assist2009_akt_qid_saved_model/akt_also_stage5_optimizer_tsp_20260714_022000_s5/alpha0_bs64_42_0_0.2_256_512_8_4_0.0001_64_100_0_0_1_student_id_None_optimistic_0.0_None_None_0.0001_0.01_None_0
            testauc: -1, testacc: -1, window_testauc: -1, window_testacc: -1

Total Epoch Time: 103.11s | Train Phase: 90.65s | Valid Phase: 12.37s
Avg Batch Time: 1.8884s
------------------------------
Epoch: 5, validauc: 0.7824, validacc: 0.7518, best epoch: 5, best auc: 0.7824, train loss: 16.93764689778202, emb_type: qid, model: akt, save_dir: saved_model/akt_also_stage5_optimizer_tsp_20260714_022000_s5/alpha0_bs64/assist2009_akt_qid_saved_model/akt_also_stage5_optimizer_tsp_20260714_022000_s5/alpha0_bs64_42_0_0.2_256_512_8_4_0.0001_64_100_0_0_1_student_id_None_optimistic_0.0_None_None_0.0001_0.01_None_0
            testauc: -1, testacc: -1, window_testauc: -1, window_testacc: -1

Total Epoch Time: 110.02s | Train Phase: 98.15s | Valid Phase: 11.67s
Avg Batch Time: 2.0447s
------------------------------
Epoch: 6, validauc: 0.7861, validacc: 0.754, best epoch: 6, best auc: 0.7861, train loss: 16.788178852267976, emb_type: qid, model: akt, save_dir: saved_model/akt_also_stage5_optimizer_tsp_20260714_022000_s5/alpha0_bs64/assist2009_akt_qid_saved_model/akt_also_stage5_optimizer_tsp_20260714_022000_s5/alpha0_bs64_42_0_0.2_256_512_8_4_0.0001_64_100_0_0_1_student_id_None_optimistic_0.0_None_None_0.0001_0.01_None_0
            testauc: -1, testacc: -1, window_testauc: -1, window_testacc: -1

Total Epoch Time: 102.36s | Train Phase: 90.46s | Valid Phase: 11.61s
Avg Batch Time: 1.8847s
------------------------------
Epoch: 7, validauc: 0.7905, validacc: 0.7569, best epoch: 7, best auc: 0.7905, train loss: 16.697349093889617, emb_type: qid, model: akt, save_dir: saved_model/akt_also_stage5_optimizer_tsp_20260714_022000_s5/alpha0_bs64/assist2009_akt_qid_saved_model/akt_also_stage5_optimizer_tsp_20260714_022000_s5/alpha0_bs64_42_0_0.2_256_512_8_4_0.0001_64_100_0_0_1_student_id_None_optimistic_0.0_None_None_0.0001_0.01_None_0
            testauc: -1, testacc: -1, window_testauc: -1, window_testacc: -1

Total Epoch Time: 102.26s | Train Phase: 90.02s | Valid Phase: 12.01s
Avg Batch Time: 1.8754s
------------------------------
Epoch: 8, validauc: 0.7924, validacc: 0.7581, best epoch: 8, best auc: 0.7924, train loss: 16.56370986141248, emb_type: qid, model: akt, save_dir: saved_model/akt_also_stage5_optimizer_tsp_20260714_022000_s5/alpha0_bs64/assist2009_akt_qid_saved_model/akt_also_stage5_optimizer_tsp_20260714_022000_s5/alpha0_bs64_42_0_0.2_256_512_8_4_0.0001_64_100_0_0_1_student_id_None_optimistic_0.0_None_None_0.0001_0.01_None_0
            testauc: -1, testacc: -1, window_testauc: -1, window_testacc: -1

Total Epoch Time: 95.38s | Train Phase: 84.86s | Valid Phase: 10.29s
Avg Batch Time: 1.7679s
------------------------------
Epoch: 9, validauc: 0.7948, validacc: 0.7603, best epoch: 9, best auc: 0.7948, train loss: 16.490559319400088, emb_type: qid, model: akt, save_dir: saved_model/akt_also_stage5_optimizer_tsp_20260714_022000_s5/alpha0_bs64/assist2009_akt_qid_saved_model/akt_also_stage5_optimizer_tsp_20260714_022000_s5/alpha0_bs64_42_0_0.2_256_512_8_4_0.0001_64_100_0_0_1_student_id_None_optimistic_0.0_None_None_0.0001_0.01_None_0
            testauc: -1, testacc: -1, window_testauc: -1, window_testacc: -1

Total Epoch Time: 96.40s | Train Phase: 83.46s | Valid Phase: 12.72s
Avg Batch Time: 1.7388s
------------------------------
Epoch: 10, validauc: 0.7971, validacc: 0.761, best epoch: 10, best auc: 0.7971, train loss: 16.42729607362631, emb_type: qid, model: akt, save_dir: saved_model/akt_also_stage5_optimizer_tsp_20260714_022000_s5/alpha0_bs64/assist2009_akt_qid_saved_model/akt_also_stage5_optimizer_tsp_20260714_022000_s5/alpha0_bs64_42_0_0.2_256_512_8_4_0.0001_64_100_0_0_1_student_id_None_optimistic_0.0_None_None_0.0001_0.01_None_0
            testauc: -1, testacc: -1, window_testauc: -1, window_testacc: -1

Total Epoch Time: 103.56s | Train Phase: 91.19s | Valid Phase: 12.14s
Avg Batch Time: 1.8998s
------------------------------
Epoch: 11, validauc: 0.7985, validacc: 0.7625, best epoch: 11, best auc: 0.7985, train loss: 16.37005988928752, emb_type: qid, model: akt, save_dir: saved_model/akt_also_stage5_optimizer_tsp_20260714_022000_s5/alpha0_bs64/assist2009_akt_qid_saved_model/akt_also_stage5_optimizer_tsp_20260714_022000_s5/alpha0_bs64_42_0_0.2_256_512_8_4_0.0001_64_100_0_0_1_student_id_None_optimistic_0.0_None_None_0.0001_0.01_None_0
            testauc: -1, testacc: -1, window_testauc: -1, window_testacc: -1

Total Epoch Time: 98.42s | Train Phase: 87.21s | Valid Phase: 10.91s
Avg Batch Time: 1.8169s
------------------------------
Epoch: 12, validauc: 0.7997, validacc: 0.7623, best epoch: 12, best auc: 0.7997, train loss: 16.333166018627264, emb_type: qid, model: akt, save_dir: saved_model/akt_also_stage5_optimizer_tsp_20260714_022000_s5/alpha0_bs64/assist2009_akt_qid_saved_model/akt_also_stage5_optimizer_tsp_20260714_022000_s5/alpha0_bs64_42_0_0.2_256_512_8_4_0.0001_64_100_0_0_1_student_id_None_optimistic_0.0_None_None_0.0001_0.01_None_0
            testauc: -1, testacc: -1, window_testauc: -1, window_testacc: -1

Total Epoch Time: 102.91s | Train Phase: 90.69s | Valid Phase: 11.90s
Avg Batch Time: 1.8894s
------------------------------
Epoch: 13, validauc: 0.7997, validacc: 0.7623, best epoch: 12, best auc: 0.7997, train loss: 16.2718294617881, emb_type: qid, model: akt, save_dir: saved_model/akt_also_stage5_optimizer_tsp_20260714_022000_s5/alpha0_bs64/assist2009_akt_qid_saved_model/akt_also_stage5_optimizer_tsp_20260714_022000_s5/alpha0_bs64_42_0_0.2_256_512_8_4_0.0001_64_100_0_0_1_student_id_None_optimistic_0.0_None_None_0.0001_0.01_None_0
            testauc: -1, testacc: -1, window_testauc: -1, window_testacc: -1

Total Epoch Time: 112.08s | Train Phase: 92.37s | Valid Phase: 19.71s
Avg Batch Time: 1.9244s
------------------------------
Epoch: 14, validauc: 0.8008, validacc: 0.7623, best epoch: 14, best auc: 0.8008, train loss: 16.19153623450485, emb_type: qid, model: akt, save_dir: saved_model/akt_also_stage5_optimizer_tsp_20260714_022000_s5/alpha0_bs64/assist2009_akt_qid_saved_model/akt_also_stage5_optimizer_tsp_20260714_022000_s5/alpha0_bs64_42_0_0.2_256_512_8_4_0.0001_64_100_0_0_1_student_id_None_optimistic_0.0_None_None_0.0001_0.01_None_0
            testauc: -1, testacc: -1, window_testauc: -1, window_testacc: -1

Total Epoch Time: 98.49s | Train Phase: 86.32s | Valid Phase: 11.79s
Avg Batch Time: 1.7982s
------------------------------
Epoch: 15, validauc: 0.8008, validacc: 0.7623, best epoch: 14, best auc: 0.8008, train loss: 16.1796893512586, emb_type: qid, model: akt, save_dir: saved_model/akt_also_stage5_optimizer_tsp_20260714_022000_s5/alpha0_bs64/assist2009_akt_qid_saved_model/akt_also_stage5_optimizer_tsp_20260714_022000_s5/alpha0_bs64_42_0_0.2_256_512_8_4_0.0001_64_100_0_0_1_student_id_None_optimistic_0.0_None_None_0.0001_0.01_None_0
            testauc: -1, testacc: -1, window_testauc: -1, window_testacc: -1

Total Epoch Time: 107.42s | Train Phase: 95.11s | Valid Phase: 12.31s
Avg Batch Time: 1.9814s
------------------------------
Epoch: 16, validauc: 0.8027, validacc: 0.7629, best epoch: 16, best auc: 0.8027, train loss: 16.161828617241543, emb_type: qid, model: akt, save_dir: saved_model/akt_also_stage5_optimizer_tsp_20260714_022000_s5/alpha0_bs64/assist2009_akt_qid_saved_model/akt_also_stage5_optimizer_tsp_20260714_022000_s5/alpha0_bs64_42_0_0.2_256_512_8_4_0.0001_64_100_0_0_1_student_id_None_optimistic_0.0_None_None_0.0001_0.01_None_0
            testauc: -1, testacc: -1, window_testauc: -1, window_testacc: -1

Total Epoch Time: 104.28s | Train Phase: 91.41s | Valid Phase: 12.58s
Avg Batch Time: 1.9044s
------------------------------
Epoch: 17, validauc: 0.8027, validacc: 0.7629, best epoch: 16, best auc: 0.8027, train loss: 16.119618085963232, emb_type: qid, model: akt, save_dir: saved_model/akt_also_stage5_optimizer_tsp_20260714_022000_s5/alpha0_bs64/assist2009_akt_qid_saved_model/akt_also_stage5_optimizer_tsp_20260714_022000_s5/alpha0_bs64_42_0_0.2_256_512_8_4_0.0001_64_100_0_0_1_student_id_None_optimistic_0.0_None_None_0.0001_0.01_None_0
            testauc: -1, testacc: -1, window_testauc: -1, window_testacc: -1

Total Epoch Time: 102.42s | Train Phase: 91.65s | Valid Phase: 10.77s
Avg Batch Time: 1.9094s
------------------------------
Epoch: 18, validauc: 0.8027, validacc: 0.7629, best epoch: 16, best auc: 0.8027, train loss: 16.082427503859645, emb_type: qid, model: akt, save_dir: saved_model/akt_also_stage5_optimizer_tsp_20260714_022000_s5/alpha0_bs64/assist2009_akt_qid_saved_model/akt_also_stage5_optimizer_tsp_20260714_022000_s5/alpha0_bs64_42_0_0.2_256_512_8_4_0.0001_64_100_0_0_1_student_id_None_optimistic_0.0_None_None_0.0001_0.01_None_0
            testauc: -1, testacc: -1, window_testauc: -1, window_testacc: -1

Total Epoch Time: 104.99s | Train Phase: 93.30s | Valid Phase: 11.68s
Avg Batch Time: 1.9438s
------------------------------
Epoch: 19, validauc: 0.804, validacc: 0.7624, best epoch: 19, best auc: 0.804, train loss: 16.068557908407893, emb_type: qid, model: akt, save_dir: saved_model/akt_also_stage5_optimizer_tsp_20260714_022000_s5/alpha0_bs64/assist2009_akt_qid_saved_model/akt_also_stage5_optimizer_tsp_20260714_022000_s5/alpha0_bs64_42_0_0.2_256_512_8_4_0.0001_64_100_0_0_1_student_id_None_optimistic_0.0_None_None_0.0001_0.01_None_0
            testauc: -1, testacc: -1, window_testauc: -1, window_testacc: -1

Total Epoch Time: 103.50s | Train Phase: 91.00s | Valid Phase: 12.19s
Avg Batch Time: 1.8958s
------------------------------
Epoch: 20, validauc: 0.804, validacc: 0.7624, best epoch: 19, best auc: 0.804, train loss: 16.07649661936547, emb_type: qid, model: akt, save_dir: saved_model/akt_also_stage5_optimizer_tsp_20260714_022000_s5/alpha0_bs64/assist2009_akt_qid_saved_model/akt_also_stage5_optimizer_tsp_20260714_022000_s5/alpha0_bs64_42_0_0.2_256_512_8_4_0.0001_64_100_0_0_1_student_id_None_optimistic_0.0_None_None_0.0001_0.01_None_0
            testauc: -1, testacc: -1, window_testauc: -1, window_testacc: -1

Total Epoch Time: 110.70s | Train Phase: 98.33s | Valid Phase: 12.37s
Avg Batch Time: 2.0485s
------------------------------
Epoch: 21, validauc: 0.804, validacc: 0.7624, best epoch: 19, best auc: 0.804, train loss: 16.024683357506316, emb_type: qid, model: akt, save_dir: saved_model/akt_also_stage5_optimizer_tsp_20260714_022000_s5/alpha0_bs64/assist2009_akt_qid_saved_model/akt_also_stage5_optimizer_tsp_20260714_022000_s5/alpha0_bs64_42_0_0.2_256_512_8_4_0.0001_64_100_0_0_1_student_id_None_optimistic_0.0_None_None_0.0001_0.01_None_0
            testauc: -1, testacc: -1, window_testauc: -1, window_testacc: -1

Total Epoch Time: 103.11s | Train Phase: 91.18s | Valid Phase: 11.93s
Avg Batch Time: 1.8996s
------------------------------
Epoch: 22, validauc: 0.8051, validacc: 0.7637, best epoch: 22, best auc: 0.8051, train loss: 16.011541792486057, emb_type: qid, model: akt, save_dir: saved_model/akt_also_stage5_optimizer_tsp_20260714_022000_s5/alpha0_bs64/assist2009_akt_qid_saved_model/akt_also_stage5_optimizer_tsp_20260714_022000_s5/alpha0_bs64_42_0_0.2_256_512_8_4_0.0001_64_100_0_0_1_student_id_None_optimistic_0.0_None_None_0.0001_0.01_None_0
            testauc: -1, testacc: -1, window_testauc: -1, window_testacc: -1

Total Epoch Time: 102.59s | Train Phase: 91.74s | Valid Phase: 10.57s
Avg Batch Time: 1.9112s
------------------------------
Epoch: 23, validauc: 0.8051, validacc: 0.7637, best epoch: 22, best auc: 0.8051, train loss: 15.99649545087046, emb_type: qid, model: akt, save_dir: saved_model/akt_also_stage5_optimizer_tsp_20260714_022000_s5/alpha0_bs64/assist2009_akt_qid_saved_model/akt_also_stage5_optimizer_tsp_20260714_022000_s5/alpha0_bs64_42_0_0.2_256_512_8_4_0.0001_64_100_0_0_1_student_id_None_optimistic_0.0_None_None_0.0001_0.01_None_0
            testauc: -1, testacc: -1, window_testauc: -1, window_testacc: -1

Total Epoch Time: 96.00s | Train Phase: 85.58s | Valid Phase: 10.41s
Avg Batch Time: 1.7830s
------------------------------
Epoch: 24, validauc: 0.8051, validacc: 0.7637, best epoch: 22, best auc: 0.8051, train loss: 15.971594407796685, emb_type: qid, model: akt, save_dir: saved_model/akt_also_stage5_optimizer_tsp_20260714_022000_s5/alpha0_bs64/assist2009_akt_qid_saved_model/akt_also_stage5_optimizer_tsp_20260714_022000_s5/alpha0_bs64_42_0_0.2_256_512_8_4_0.0001_64_100_0_0_1_student_id_None_optimistic_0.0_None_None_0.0001_0.01_None_0
            testauc: -1, testacc: -1, window_testauc: -1, window_testacc: -1

Total Epoch Time: 103.31s | Train Phase: 91.61s | Valid Phase: 11.70s
Avg Batch Time: 1.9086s
------------------------------
Epoch: 25, validauc: 0.8051, validacc: 0.7637, best epoch: 22, best auc: 0.8051, train loss: 15.968649158438637, emb_type: qid, model: akt, save_dir: saved_model/akt_also_stage5_optimizer_tsp_20260714_022000_s5/alpha0_bs64/assist2009_akt_qid_saved_model/akt_also_stage5_optimizer_tsp_20260714_022000_s5/alpha0_bs64_42_0_0.2_256_512_8_4_0.0001_64_100_0_0_1_student_id_None_optimistic_0.0_None_None_0.0001_0.01_None_0
            testauc: -1, testacc: -1, window_testauc: -1, window_testacc: -1

Total Epoch Time: 109.39s | Train Phase: 96.70s | Valid Phase: 12.70s
Avg Batch Time: 2.0145s
------------------------------
Epoch: 26, validauc: 0.8051, validacc: 0.7637, best epoch: 22, best auc: 0.8051, train loss: 15.951514189858457, emb_type: qid, model: akt, save_dir: saved_model/akt_also_stage5_optimizer_tsp_20260714_022000_s5/alpha0_bs64/assist2009_akt_qid_saved_model/akt_also_stage5_optimizer_tsp_20260714_022000_s5/alpha0_bs64_42_0_0.2_256_512_8_4_0.0001_64_100_0_0_1_student_id_None_optimistic_0.0_None_None_0.0001_0.01_None_0
            testauc: -1, testacc: -1, window_testauc: -1, window_testacc: -1

Total Epoch Time: 106.10s | Train Phase: 94.25s | Valid Phase: 11.84s
Avg Batch Time: 1.9636s
------------------------------
Epoch: 27, validauc: 0.8062, validacc: 0.7632, best epoch: 27, best auc: 0.8062, train loss: 15.921697588524717, emb_type: qid, model: akt, save_dir: saved_model/akt_also_stage5_optimizer_tsp_20260714_022000_s5/alpha0_bs64/assist2009_akt_qid_saved_model/akt_also_stage5_optimizer_tsp_20260714_022000_s5/alpha0_bs64_42_0_0.2_256_512_8_4_0.0001_64_100_0_0_1_student_id_None_optimistic_0.0_None_None_0.0001_0.01_None_0
            testauc: -1, testacc: -1, window_testauc: -1, window_testacc: -1

Total Epoch Time: 104.66s | Train Phase: 93.19s | Valid Phase: 11.31s
Avg Batch Time: 1.9414s
------------------------------
Epoch: 28, validauc: 0.8062, validacc: 0.7632, best epoch: 27, best auc: 0.8062, train loss: 15.901955580974052, emb_type: qid, model: akt, save_dir: saved_model/akt_also_stage5_optimizer_tsp_20260714_022000_s5/alpha0_bs64/assist2009_akt_qid_saved_model/akt_also_stage5_optimizer_tsp_20260714_022000_s5/alpha0_bs64_42_0_0.2_256_512_8_4_0.0001_64_100_0_0_1_student_id_None_optimistic_0.0_None_None_0.0001_0.01_None_0
            testauc: -1, testacc: -1, window_testauc: -1, window_testacc: -1

Total Epoch Time: 109.14s | Train Phase: 98.80s | Valid Phase: 10.34s
Avg Batch Time: 2.0583s
------------------------------
Epoch: 29, validauc: 0.8062, validacc: 0.7632, best epoch: 27, best auc: 0.8062, train loss: 15.862943625054712, emb_type: qid, model: akt, save_dir: saved_model/akt_also_stage5_optimizer_tsp_20260714_022000_s5/alpha0_bs64/assist2009_akt_qid_saved_model/akt_also_stage5_optimizer_tsp_20260714_022000_s5/alpha0_bs64_42_0_0.2_256_512_8_4_0.0001_64_100_0_0_1_student_id_None_optimistic_0.0_None_None_0.0001_0.01_None_0
            testauc: -1, testacc: -1, window_testauc: -1, window_testacc: -1

Total Epoch Time: 101.10s | Train Phase: 91.00s | Valid Phase: 10.10s
Avg Batch Time: 1.8959s
------------------------------
Epoch: 30, validauc: 0.8062, validacc: 0.7632, best epoch: 27, best auc: 0.8062, train loss: 15.892232936712489, emb_type: qid, model: akt, save_dir: saved_model/akt_also_stage5_optimizer_tsp_20260714_022000_s5/alpha0_bs64/assist2009_akt_qid_saved_model/akt_also_stage5_optimizer_tsp_20260714_022000_s5/alpha0_bs64_42_0_0.2_256_512_8_4_0.0001_64_100_0_0_1_student_id_None_optimistic_0.0_None_None_0.0001_0.01_None_0
            testauc: -1, testacc: -1, window_testauc: -1, window_testacc: -1

Total Epoch Time: 104.98s | Train Phase: 93.44s | Valid Phase: 11.55s
Avg Batch Time: 1.9466s
------------------------------
Epoch: 31, validauc: 0.8062, validacc: 0.7632, best epoch: 27, best auc: 0.8062, train loss: 15.870999281952768, emb_type: qid, model: akt, save_dir: saved_model/akt_also_stage5_optimizer_tsp_20260714_022000_s5/alpha0_bs64/assist2009_akt_qid_saved_model/akt_also_stage5_optimizer_tsp_20260714_022000_s5/alpha0_bs64_42_0_0.2_256_512_8_4_0.0001_64_100_0_0_1_student_id_None_optimistic_0.0_None_None_0.0001_0.01_None_0
            testauc: -1, testacc: -1, window_testauc: -1, window_testacc: -1

Total Epoch Time: 105.61s | Train Phase: 94.55s | Valid Phase: 11.06s
Avg Batch Time: 1.9697s
------------------------------
Epoch: 32, validauc: 0.8062, validacc: 0.7632, best epoch: 27, best auc: 0.8062, train loss: 15.78633168043689, emb_type: qid, model: akt, save_dir: saved_model/akt_also_stage5_optimizer_tsp_20260714_022000_s5/alpha0_bs64/assist2009_akt_qid_saved_model/akt_also_stage5_optimizer_tsp_20260714_022000_s5/alpha0_bs64_42_0_0.2_256_512_8_4_0.0001_64_100_0_0_1_student_id_None_optimistic_0.0_None_None_0.0001_0.01_None_0
            testauc: -1, testacc: -1, window_testauc: -1, window_testacc: -1

Total Epoch Time: 114.40s | Train Phase: 100.92s | Valid Phase: 13.47s
Avg Batch Time: 2.1026s
------------------------------
Epoch: 33, validauc: 0.8075, validacc: 0.7643, best epoch: 33, best auc: 0.8075, train loss: 15.829405976632714, emb_type: qid, model: akt, save_dir: saved_model/akt_also_stage5_optimizer_tsp_20260714_022000_s5/alpha0_bs64/assist2009_akt_qid_saved_model/akt_also_stage5_optimizer_tsp_20260714_022000_s5/alpha0_bs64_42_0_0.2_256_512_8_4_0.0001_64_100_0_0_1_student_id_None_optimistic_0.0_None_None_0.0001_0.01_None_0
            testauc: -1, testacc: -1, window_testauc: -1, window_testacc: -1

Total Epoch Time: 107.11s | Train Phase: 95.71s | Valid Phase: 11.09s
Avg Batch Time: 1.9940s
------------------------------
Epoch: 34, validauc: 0.8075, validacc: 0.7643, best epoch: 33, best auc: 0.8075, train loss: 15.766487937088959, emb_type: qid, model: akt, save_dir: saved_model/akt_also_stage5_optimizer_tsp_20260714_022000_s5/alpha0_bs64/assist2009_akt_qid_saved_model/akt_also_stage5_optimizer_tsp_20260714_022000_s5/alpha0_bs64_42_0_0.2_256_512_8_4_0.0001_64_100_0_0_1_student_id_None_optimistic_0.0_None_None_0.0001_0.01_None_0
            testauc: -1, testacc: -1, window_testauc: -1, window_testacc: -1

Total Epoch Time: 108.80s | Train Phase: 98.70s | Valid Phase: 10.09s
Avg Batch Time: 2.0563s
------------------------------
Epoch: 35, validauc: 0.8075, validacc: 0.7643, best epoch: 33, best auc: 0.8075, train loss: 15.781439564252716, emb_type: qid, model: akt, save_dir: saved_model/akt_also_stage5_optimizer_tsp_20260714_022000_s5/alpha0_bs64/assist2009_akt_qid_saved_model/akt_also_stage5_optimizer_tsp_20260714_022000_s5/alpha0_bs64_42_0_0.2_256_512_8_4_0.0001_64_100_0_0_1_student_id_None_optimistic_0.0_None_None_0.0001_0.01_None_0
            testauc: -1, testacc: -1, window_testauc: -1, window_testacc: -1

Total Epoch Time: 107.20s | Train Phase: 93.72s | Valid Phase: 13.48s
Avg Batch Time: 1.9525s
------------------------------
Epoch: 36, validauc: 0.8075, validacc: 0.7643, best epoch: 33, best auc: 0.8075, train loss: 15.744965281987092, emb_type: qid, model: akt, save_dir: saved_model/akt_also_stage5_optimizer_tsp_20260714_022000_s5/alpha0_bs64/assist2009_akt_qid_saved_model/akt_also_stage5_optimizer_tsp_20260714_022000_s5/alpha0_bs64_42_0_0.2_256_512_8_4_0.0001_64_100_0_0_1_student_id_None_optimistic_0.0_None_None_0.0001_0.01_None_0
            testauc: -1, testacc: -1, window_testauc: -1, window_testacc: -1

Total Epoch Time: 106.28s | Train Phase: 93.49s | Valid Phase: 12.79s
Avg Batch Time: 1.9476s
------------------------------
Epoch: 37, validauc: 0.8075, validacc: 0.7643, best epoch: 33, best auc: 0.8075, train loss: 15.72913863486668, emb_type: qid, model: akt, save_dir: saved_model/akt_also_stage5_optimizer_tsp_20260714_022000_s5/alpha0_bs64/assist2009_akt_qid_saved_model/akt_also_stage5_optimizer_tsp_20260714_022000_s5/alpha0_bs64_42_0_0.2_256_512_8_4_0.0001_64_100_0_0_1_student_id_None_optimistic_0.0_None_None_0.0001_0.01_None_0
            testauc: -1, testacc: -1, window_testauc: -1, window_testacc: -1

Total Epoch Time: 110.63s | Train Phase: 91.42s | Valid Phase: 19.21s
Avg Batch Time: 1.9045s
------------------------------
Epoch: 38, validauc: 0.8087, validacc: 0.7651, best epoch: 38, best auc: 0.8087, train loss: 15.681778481795591, emb_type: qid, model: akt, save_dir: saved_model/akt_also_stage5_optimizer_tsp_20260714_022000_s5/alpha0_bs64/assist2009_akt_qid_saved_model/akt_also_stage5_optimizer_tsp_20260714_022000_s5/alpha0_bs64_42_0_0.2_256_512_8_4_0.0001_64_100_0_0_1_student_id_None_optimistic_0.0_None_None_0.0001_0.01_None_0
            testauc: -1, testacc: -1, window_testauc: -1, window_testacc: -1

Total Epoch Time: 116.17s | Train Phase: 97.50s | Valid Phase: 18.28s
Avg Batch Time: 2.0313s
------------------------------
Epoch: 39, validauc: 0.8087, validacc: 0.7651, best epoch: 38, best auc: 0.8087, train loss: 15.663001670572491, emb_type: qid, model: akt, save_dir: saved_model/akt_also_stage5_optimizer_tsp_20260714_022000_s5/alpha0_bs64/assist2009_akt_qid_saved_model/akt_also_stage5_optimizer_tsp_20260714_022000_s5/alpha0_bs64_42_0_0.2_256_512_8_4_0.0001_64_100_0_0_1_student_id_None_optimistic_0.0_None_None_0.0001_0.01_None_0
            testauc: -1, testacc: -1, window_testauc: -1, window_testacc: -1

Total Epoch Time: 110.01s | Train Phase: 90.83s | Valid Phase: 19.18s
Avg Batch Time: 1.8923s
------------------------------
Epoch: 40, validauc: 0.8087, validacc: 0.7651, best epoch: 38, best auc: 0.8087, train loss: 15.65439445523424, emb_type: qid, model: akt, save_dir: saved_model/akt_also_stage5_optimizer_tsp_20260714_022000_s5/alpha0_bs64/assist2009_akt_qid_saved_model/akt_also_stage5_optimizer_tsp_20260714_022000_s5/alpha0_bs64_42_0_0.2_256_512_8_4_0.0001_64_100_0_0_1_student_id_None_optimistic_0.0_None_None_0.0001_0.01_None_0
            testauc: -1, testacc: -1, window_testauc: -1, window_testacc: -1

Total Epoch Time: 101.11s | Train Phase: 85.98s | Valid Phase: 15.13s
Avg Batch Time: 1.7913s
------------------------------
Epoch: 41, validauc: 0.8087, validacc: 0.7651, best epoch: 38, best auc: 0.8087, train loss: 15.619235653382086, emb_type: qid, model: akt, save_dir: saved_model/akt_also_stage5_optimizer_tsp_20260714_022000_s5/alpha0_bs64/assist2009_akt_qid_saved_model/akt_also_stage5_optimizer_tsp_20260714_022000_s5/alpha0_bs64_42_0_0.2_256_512_8_4_0.0001_64_100_0_0_1_student_id_None_optimistic_0.0_None_None_0.0001_0.01_None_0
            testauc: -1, testacc: -1, window_testauc: -1, window_testacc: -1

Total Epoch Time: 104.10s | Train Phase: 94.02s | Valid Phase: 10.08s
Avg Batch Time: 1.9588s
------------------------------
Epoch: 42, validauc: 0.8099, validacc: 0.7658, best epoch: 42, best auc: 0.8099, train loss: 15.559282856954605, emb_type: qid, model: akt, save_dir: saved_model/akt_also_stage5_optimizer_tsp_20260714_022000_s5/alpha0_bs64/assist2009_akt_qid_saved_model/akt_also_stage5_optimizer_tsp_20260714_022000_s5/alpha0_bs64_42_0_0.2_256_512_8_4_0.0001_64_100_0_0_1_student_id_None_optimistic_0.0_None_None_0.0001_0.01_None_0
            testauc: -1, testacc: -1, window_testauc: -1, window_testacc: -1

Total Epoch Time: 101.40s | Train Phase: 90.02s | Valid Phase: 10.99s
Avg Batch Time: 1.8753s
------------------------------
Epoch: 43, validauc: 0.8099, validacc: 0.7658, best epoch: 42, best auc: 0.8099, train loss: 15.560776321184564, emb_type: qid, model: akt, save_dir: saved_model/akt_also_stage5_optimizer_tsp_20260714_022000_s5/alpha0_bs64/assist2009_akt_qid_saved_model/akt_also_stage5_optimizer_tsp_20260714_022000_s5/alpha0_bs64_42_0_0.2_256_512_8_4_0.0001_64_100_0_0_1_student_id_None_optimistic_0.0_None_None_0.0001_0.01_None_0
            testauc: -1, testacc: -1, window_testauc: -1, window_testacc: -1

Total Epoch Time: 100.09s | Train Phase: 89.49s | Valid Phase: 10.61s
Avg Batch Time: 1.8644s
------------------------------
Epoch: 44, validauc: 0.8099, validacc: 0.7658, best epoch: 42, best auc: 0.8099, train loss: 15.548112416272604, emb_type: qid, model: akt, save_dir: saved_model/akt_also_stage5_optimizer_tsp_20260714_022000_s5/alpha0_bs64/assist2009_akt_qid_saved_model/akt_also_stage5_optimizer_tsp_20260714_022000_s5/alpha0_bs64_42_0_0.2_256_512_8_4_0.0001_64_100_0_0_1_student_id_None_optimistic_0.0_None_None_0.0001_0.01_None_0
            testauc: -1, testacc: -1, window_testauc: -1, window_testacc: -1

Total Epoch Time: 99.79s | Train Phase: 87.60s | Valid Phase: 12.19s
Avg Batch Time: 1.8250s
------------------------------
Epoch: 45, validauc: 0.8113, validacc: 0.7654, best epoch: 45, best auc: 0.8113, train loss: 15.499119716425108, emb_type: qid, model: akt, save_dir: saved_model/akt_also_stage5_optimizer_tsp_20260714_022000_s5/alpha0_bs64/assist2009_akt_qid_saved_model/akt_also_stage5_optimizer_tsp_20260714_022000_s5/alpha0_bs64_42_0_0.2_256_512_8_4_0.0001_64_100_0_0_1_student_id_None_optimistic_0.0_None_None_0.0001_0.01_None_0
            testauc: -1, testacc: -1, window_testauc: -1, window_testacc: -1

Total Epoch Time: 104.45s | Train Phase: 92.72s | Valid Phase: 11.58s
Avg Batch Time: 1.9317s
------------------------------
Epoch: 46, validauc: 0.8113, validacc: 0.7654, best epoch: 45, best auc: 0.8113, train loss: 15.492210252703757, emb_type: qid, model: akt, save_dir: saved_model/akt_also_stage5_optimizer_tsp_20260714_022000_s5/alpha0_bs64/assist2009_akt_qid_saved_model/akt_also_stage5_optimizer_tsp_20260714_022000_s5/alpha0_bs64_42_0_0.2_256_512_8_4_0.0001_64_100_0_0_1_student_id_None_optimistic_0.0_None_None_0.0001_0.01_None_0
            testauc: -1, testacc: -1, window_testauc: -1, window_testacc: -1

Total Epoch Time: 97.76s | Train Phase: 87.10s | Valid Phase: 10.66s
Avg Batch Time: 1.8146s
------------------------------
Epoch: 47, validauc: 0.8113, validacc: 0.7654, best epoch: 45, best auc: 0.8113, train loss: 15.417332155000983, emb_type: qid, model: akt, save_dir: saved_model/akt_also_stage5_optimizer_tsp_20260714_022000_s5/alpha0_bs64/assist2009_akt_qid_saved_model/akt_also_stage5_optimizer_tsp_20260714_022000_s5/alpha0_bs64_42_0_0.2_256_512_8_4_0.0001_64_100_0_0_1_student_id_None_optimistic_0.0_None_None_0.0001_0.01_None_0
            testauc: -1, testacc: -1, window_testauc: -1, window_testacc: -1

Total Epoch Time: 102.89s | Train Phase: 92.34s | Valid Phase: 10.54s
Avg Batch Time: 1.9238s
------------------------------
Epoch: 48, validauc: 0.8113, validacc: 0.7654, best epoch: 45, best auc: 0.8113, train loss: 15.420532803408184, emb_type: qid, model: akt, save_dir: saved_model/akt_also_stage5_optimizer_tsp_20260714_022000_s5/alpha0_bs64/assist2009_akt_qid_saved_model/akt_also_stage5_optimizer_tsp_20260714_022000_s5/alpha0_bs64_42_0_0.2_256_512_8_4_0.0001_64_100_0_0_1_student_id_None_optimistic_0.0_None_None_0.0001_0.01_None_0
            testauc: -1, testacc: -1, window_testauc: -1, window_testacc: -1

Total Epoch Time: 98.51s | Train Phase: 86.72s | Valid Phase: 11.79s
Avg Batch Time: 1.8066s
------------------------------
Epoch: 49, validauc: 0.8123, validacc: 0.7659, best epoch: 49, best auc: 0.8123, train loss: 15.38118001382081, emb_type: qid, model: akt, save_dir: saved_model/akt_also_stage5_optimizer_tsp_20260714_022000_s5/alpha0_bs64/assist2009_akt_qid_saved_model/akt_also_stage5_optimizer_tsp_20260714_022000_s5/alpha0_bs64_42_0_0.2_256_512_8_4_0.0001_64_100_0_0_1_student_id_None_optimistic_0.0_None_None_0.0001_0.01_None_0
            testauc: -1, testacc: -1, window_testauc: -1, window_testacc: -1

Total Epoch Time: 97.53s | Train Phase: 87.99s | Valid Phase: 9.30s
Avg Batch Time: 1.8331s
------------------------------
Epoch: 50, validauc: 0.8123, validacc: 0.7659, best epoch: 49, best auc: 0.8123, train loss: 15.37988699870805, emb_type: qid, model: akt, save_dir: saved_model/akt_also_stage5_optimizer_tsp_20260714_022000_s5/alpha0_bs64/assist2009_akt_qid_saved_model/akt_also_stage5_optimizer_tsp_20260714_022000_s5/alpha0_bs64_42_0_0.2_256_512_8_4_0.0001_64_100_0_0_1_student_id_None_optimistic_0.0_None_None_0.0001_0.01_None_0
            testauc: -1, testacc: -1, window_testauc: -1, window_testacc: -1

Total Epoch Time: 100.48s | Train Phase: 89.29s | Valid Phase: 11.19s
Avg Batch Time: 1.8601s
------------------------------
Epoch: 51, validauc: 0.8123, validacc: 0.7659, best epoch: 49, best auc: 0.8123, train loss: 15.294011982639722, emb_type: qid, model: akt, save_dir: saved_model/akt_also_stage5_optimizer_tsp_20260714_022000_s5/alpha0_bs64/assist2009_akt_qid_saved_model/akt_also_stage5_optimizer_tsp_20260714_022000_s5/alpha0_bs64_42_0_0.2_256_512_8_4_0.0001_64_100_0_0_1_student_id_None_optimistic_0.0_None_None_0.0001_0.01_None_0
            testauc: -1, testacc: -1, window_testauc: -1, window_testacc: -1

Total Epoch Time: 102.20s | Train Phase: 90.60s | Valid Phase: 11.60s
Avg Batch Time: 1.8876s
------------------------------
Epoch: 52, validauc: 0.8134, validacc: 0.7661, best epoch: 52, best auc: 0.8134, train loss: 15.275612881689417, emb_type: qid, model: akt, save_dir: saved_model/akt_also_stage5_optimizer_tsp_20260714_022000_s5/alpha0_bs64/assist2009_akt_qid_saved_model/akt_also_stage5_optimizer_tsp_20260714_022000_s5/alpha0_bs64_42_0_0.2_256_512_8_4_0.0001_64_100_0_0_1_student_id_None_optimistic_0.0_None_None_0.0001_0.01_None_0
            testauc: -1, testacc: -1, window_testauc: -1, window_testacc: -1

Total Epoch Time: 101.91s | Train Phase: 90.81s | Valid Phase: 10.99s
Avg Batch Time: 1.8919s
------------------------------
Epoch: 53, validauc: 0.8134, validacc: 0.7661, best epoch: 52, best auc: 0.8134, train loss: 15.239181535517057, emb_type: qid, model: akt, save_dir: saved_model/akt_also_stage5_optimizer_tsp_20260714_022000_s5/alpha0_bs64/assist2009_akt_qid_saved_model/akt_also_stage5_optimizer_tsp_20260714_022000_s5/alpha0_bs64_42_0_0.2_256_512_8_4_0.0001_64_100_0_0_1_student_id_None_optimistic_0.0_None_None_0.0001_0.01_None_0
            testauc: -1, testacc: -1, window_testauc: -1, window_testacc: -1

Total Epoch Time: 58.80s | Train Phase: 53.49s | Valid Phase: 5.31s
Avg Batch Time: 1.1144s
------------------------------
Epoch: 54, validauc: 0.8134, validacc: 0.7661, best epoch: 52, best auc: 0.8134, train loss: 15.180157731005167, emb_type: qid, model: akt, save_dir: saved_model/akt_also_stage5_optimizer_tsp_20260714_022000_s5/alpha0_bs64/assist2009_akt_qid_saved_model/akt_also_stage5_optimizer_tsp_20260714_022000_s5/alpha0_bs64_42_0_0.2_256_512_8_4_0.0001_64_100_0_0_1_student_id_None_optimistic_0.0_None_None_0.0001_0.01_None_0
            testauc: -1, testacc: -1, window_testauc: -1, window_testacc: -1

Total Epoch Time: 60.10s | Train Phase: 53.84s | Valid Phase: 6.26s
Avg Batch Time: 1.1216s
------------------------------
Epoch: 55, validauc: 0.8134, validacc: 0.7661, best epoch: 52, best auc: 0.8134, train loss: 15.123229132342322, emb_type: qid, model: akt, save_dir: saved_model/akt_also_stage5_optimizer_tsp_20260714_022000_s5/alpha0_bs64/assist2009_akt_qid_saved_model/akt_also_stage5_optimizer_tsp_20260714_022000_s5/alpha0_bs64_42_0_0.2_256_512_8_4_0.0001_64_100_0_0_1_student_id_None_optimistic_0.0_None_None_0.0001_0.01_None_0
            testauc: -1, testacc: -1, window_testauc: -1, window_testacc: -1

Total Epoch Time: 51.20s | Train Phase: 47.42s | Valid Phase: 3.78s
Avg Batch Time: 0.9879s
------------------------------
Epoch: 56, validauc: 0.8145, validacc: 0.7674, best epoch: 56, best auc: 0.8145, train loss: 15.10587863076742, emb_type: qid, model: akt, save_dir: saved_model/akt_also_stage5_optimizer_tsp_20260714_022000_s5/alpha0_bs64/assist2009_akt_qid_saved_model/akt_also_stage5_optimizer_tsp_20260714_022000_s5/alpha0_bs64_42_0_0.2_256_512_8_4_0.0001_64_100_0_0_1_student_id_None_optimistic_0.0_None_None_0.0001_0.01_None_0
            testauc: -1, testacc: -1, window_testauc: -1, window_testacc: -1

Total Epoch Time: 27.23s | Train Phase: 23.01s | Valid Phase: 4.00s
Avg Batch Time: 0.4794s
------------------------------
Epoch: 57, validauc: 0.8145, validacc: 0.7674, best epoch: 56, best auc: 0.8145, train loss: 15.033910377641014, emb_type: qid, model: akt, save_dir: saved_model/akt_also_stage5_optimizer_tsp_20260714_022000_s5/alpha0_bs64/assist2009_akt_qid_saved_model/akt_also_stage5_optimizer_tsp_20260714_022000_s5/alpha0_bs64_42_0_0.2_256_512_8_4_0.0001_64_100_0_0_1_student_id_None_optimistic_0.0_None_None_0.0001_0.01_None_0
            testauc: -1, testacc: -1, window_testauc: -1, window_testacc: -1

Total Epoch Time: 26.58s | Train Phase: 22.39s | Valid Phase: 4.19s
Avg Batch Time: 0.4666s
------------------------------
Epoch: 58, validauc: 0.8145, validacc: 0.7674, best epoch: 56, best auc: 0.8145, train loss: 14.998216788785811, emb_type: qid, model: akt, save_dir: saved_model/akt_also_stage5_optimizer_tsp_20260714_022000_s5/alpha0_bs64/assist2009_akt_qid_saved_model/akt_also_stage5_optimizer_tsp_20260714_022000_s5/alpha0_bs64_42_0_0.2_256_512_8_4_0.0001_64_100_0_0_1_student_id_None_optimistic_0.0_None_None_0.0001_0.01_None_0
            testauc: -1, testacc: -1, window_testauc: -1, window_testacc: -1

Total Epoch Time: 27.50s | Train Phase: 23.72s | Valid Phase: 3.78s
Avg Batch Time: 0.4941s
------------------------------
Epoch: 59, validauc: 0.8145, validacc: 0.7674, best epoch: 56, best auc: 0.8145, train loss: 14.974048498154383, emb_type: qid, model: akt, save_dir: saved_model/akt_also_stage5_optimizer_tsp_20260714_022000_s5/alpha0_bs64/assist2009_akt_qid_saved_model/akt_also_stage5_optimizer_tsp_20260714_022000_s5/alpha0_bs64_42_0_0.2_256_512_8_4_0.0001_64_100_0_0_1_student_id_None_optimistic_0.0_None_None_0.0001_0.01_None_0
            testauc: -1, testacc: -1, window_testauc: -1, window_testacc: -1

Total Epoch Time: 27.30s | Train Phase: 23.70s | Valid Phase: 3.59s
Avg Batch Time: 0.4938s
------------------------------
Epoch: 60, validauc: 0.8145, validacc: 0.7674, best epoch: 56, best auc: 0.8145, train loss: 14.935864539473288, emb_type: qid, model: akt, save_dir: saved_model/akt_also_stage5_optimizer_tsp_20260714_022000_s5/alpha0_bs64/assist2009_akt_qid_saved_model/akt_also_stage5_optimizer_tsp_20260714_022000_s5/alpha0_bs64_42_0_0.2_256_512_8_4_0.0001_64_100_0_0_1_student_id_None_optimistic_0.0_None_None_0.0001_0.01_None_0
            testauc: -1, testacc: -1, window_testauc: -1, window_testacc: -1

Total Epoch Time: 27.98s | Train Phase: 24.12s | Valid Phase: 3.86s
Avg Batch Time: 0.5026s
------------------------------
Epoch: 61, validauc: 0.8145, validacc: 0.7674, best epoch: 56, best auc: 0.8145, train loss: 14.896250570896251, emb_type: qid, model: akt, save_dir: saved_model/akt_also_stage5_optimizer_tsp_20260714_022000_s5/alpha0_bs64/assist2009_akt_qid_saved_model/akt_also_stage5_optimizer_tsp_20260714_022000_s5/alpha0_bs64_42_0_0.2_256_512_8_4_0.0001_64_100_0_0_1_student_id_None_optimistic_0.0_None_None_0.0001_0.01_None_0
            testauc: -1, testacc: -1, window_testauc: -1, window_testacc: -1

Total Epoch Time: 28.81s | Train Phase: 25.14s | Valid Phase: 3.67s
Avg Batch Time: 0.5237s
------------------------------
Epoch: 62, validauc: 0.8145, validacc: 0.7674, best epoch: 56, best auc: 0.8145, train loss: 14.80239804426376, emb_type: qid, model: akt, save_dir: saved_model/akt_also_stage5_optimizer_tsp_20260714_022000_s5/alpha0_bs64/assist2009_akt_qid_saved_model/akt_also_stage5_optimizer_tsp_20260714_022000_s5/alpha0_bs64_42_0_0.2_256_512_8_4_0.0001_64_100_0_0_1_student_id_None_optimistic_0.0_None_None_0.0001_0.01_None_0
            testauc: -1, testacc: -1, window_testauc: -1, window_testacc: -1

Total Epoch Time: 28.20s | Train Phase: 23.92s | Valid Phase: 4.28s
Avg Batch Time: 0.4983s
------------------------------
Epoch: 63, validauc: 0.8145, validacc: 0.7674, best epoch: 56, best auc: 0.8145, train loss: 14.732299189505964, emb_type: qid, model: akt, save_dir: saved_model/akt_also_stage5_optimizer_tsp_20260714_022000_s5/alpha0_bs64/assist2009_akt_qid_saved_model/akt_also_stage5_optimizer_tsp_20260714_022000_s5/alpha0_bs64_42_0_0.2_256_512_8_4_0.0001_64_100_0_0_1_student_id_None_optimistic_0.0_None_None_0.0001_0.01_None_0
            testauc: -1, testacc: -1, window_testauc: -1, window_testacc: -1

Total Epoch Time: 29.31s | Train Phase: 24.93s | Valid Phase: 4.38s
Avg Batch Time: 0.5193s
------------------------------
Epoch: 64, validauc: 0.8145, validacc: 0.7674, best epoch: 56, best auc: 0.8145, train loss: 14.704665586329725, emb_type: qid, model: akt, save_dir: saved_model/akt_also_stage5_optimizer_tsp_20260714_022000_s5/alpha0_bs64/assist2009_akt_qid_saved_model/akt_also_stage5_optimizer_tsp_20260714_022000_s5/alpha0_bs64_42_0_0.2_256_512_8_4_0.0001_64_100_0_0_1_student_id_None_optimistic_0.0_None_None_0.0001_0.01_None_0
            testauc: -1, testacc: -1, window_testauc: -1, window_testacc: -1

Total Epoch Time: 28.71s | Train Phase: 24.54s | Valid Phase: 4.16s
Avg Batch Time: 0.5113s
------------------------------
Epoch: 65, validauc: 0.8145, validacc: 0.7674, best epoch: 56, best auc: 0.8145, train loss: 14.618805096232473, emb_type: qid, model: akt, save_dir: saved_model/akt_also_stage5_optimizer_tsp_20260714_022000_s5/alpha0_bs64/assist2009_akt_qid_saved_model/akt_also_stage5_optimizer_tsp_20260714_022000_s5/alpha0_bs64_42_0_0.2_256_512_8_4_0.0001_64_100_0_0_1_student_id_None_optimistic_0.0_None_None_0.0001_0.01_None_0
            testauc: -1, testacc: -1, window_testauc: -1, window_testacc: -1

Total Epoch Time: 27.69s | Train Phase: 23.70s | Valid Phase: 3.99s
Avg Batch Time: 0.4937s
------------------------------
