
libgomp: Invalid value for environment variable OMP_NUM_THREADS

libgomp: Invalid value for environment variable OMP_NUM_THREADS
✅ 初始运行记录已写入: saved_model/akt_also_stage5_optimizer_tsp_20260714_022000_s5/alpha05_bs64/run_history.txt (ID: e5fed818-227d-4eca-bcff-86942c57a0f8)
✅ 参数已保存至: saved_model/akt_also_stage5_optimizer_tsp_20260714_022000_s5/alpha05_bs64/saved_params_akt.json
✅ 参数已保存至: saved_model/akt_also_stage5_optimizer_tsp_20260714_022000_s5/alpha05_bs64/saved_params_akt.json
2026-07-14 06:50:17 - main - said: load config files.
[DATA_PATH] dataset=assist2009 resolved_dpath=/root/autodl-tmp/pykt-toolkit/data/assist2009
assist2009 akt {'assist2015': {'dpath': '../data/assist2015', 'num_q': 0, 'num_c': 100, 'input_type': ['concepts'], 'max_concepts': 1, 'min_seq_len': 3, 'maxlen': 200, 'emb_path': '', 'train_valid_original_file': 'train_valid.csv', 'train_valid_file': 'train_valid_sequences.csv', 'folds': [0, 1, 2, 3, 4], 'test_original_file': 'test.csv', 'test_file': 'test_sequences.csv', 'test_window_file': 'test_window_sequences.csv', 'train_valid_original_file_quelevel': 'train_valid_quelevel.csv', 'train_valid_file_quelevel': 'train_valid_sequences_quelevel.csv', 'test_file_quelevel': 'test_sequences_quelevel.csv', 'test_window_file_quelevel': 'test_window_sequences_quelevel.csv', 'test_original_file_quelevel': 'test_quelevel.csv'}, 'algebra2005': {'dpath': '../data/algebra2005', 'num_q': 173113, 'num_c': 112, 'input_type': ['questions', 'concepts'], 'max_concepts': 7, 'min_seq_len': 3, 'maxlen': 200, 'emb_path': '', 'train_valid_original_file': 'train_valid.csv', 'train_valid_file': 'train_valid_sequences.csv', 'folds': [0, 1, 2, 3, 4], 'test_original_file': 'test.csv', 'test_file': 'test_sequences.csv', 'test_window_file': 'test_window_sequences.csv', 'test_question_file': 'test_question_sequences.csv', 'test_question_window_file': 'test_question_window_sequences.csv', 'train_valid_original_file_quelevel': 'train_valid_quelevel.csv', 'train_valid_file_quelevel': 'train_valid_sequences_quelevel.csv', 'test_file_quelevel': 'test_sequences_quelevel.csv', 'test_window_file_quelevel': 'test_window_sequences_quelevel.csv', 'test_original_file_quelevel': 'test_quelevel.csv', 'students_num_train': 460, 'students_num_eval': 114}, 'assist2009': {'dpath': '/root/autodl-tmp/pykt-toolkit/data/assist2009', 'num_q': 17737, 'num_c': 123, 'input_type': ['questions', 'concepts'], 'max_concepts': 4, 'min_seq_len': 3, 'maxlen': 200, 'emb_path': '', 'train_valid_original_file': 'train_valid.csv', 'train_valid_file': 'train_valid_sequences.csv', 'folds': [0, 1, 2, 3, 4], 'test_original_file': 'test.csv', 'test_file': 'test_sequences.csv', 'test_window_file': 'test_window_sequences.csv', 'test_question_file': 'test_question_sequences.csv', 'test_question_window_file': 'test_question_window_sequences.csv', 'train_valid_original_file_quelevel': 'train_valid_quelevel.csv', 'train_valid_file_quelevel': 'train_valid_sequences_quelevel.csv', 'test_file_quelevel': 'test_sequences_quelevel.csv', 'test_window_file_quelevel': 'test_window_sequences_quelevel.csv', 'test_original_file_quelevel': 'test_quelevel.csv', 'students_num_eval': 770, 'global_question_stats_file': 'global_question_stats.csv', 'global_concept_stats_file': 'global_concept_stats.csv', 'total_questions_low_interval_file': 'total_questions_low_interval.csv', 'total_questions_medium_interval_file': 'total_questions_medium_interval.csv', 'total_questions_high_interval_file': 'total_questions_high_interval.csv', 'overall_accuracy_low_interval_file': 'overall_accuracy_low_interval.csv', 'overall_accuracy_medium_interval_file': 'overall_accuracy_medium_interval.csv', 'overall_accuracy_high_interval_file': 'overall_accuracy_high_interval.csv', 'accuracy_range_low_interval_file': 'accuracy_range_low_interval.csv', 'accuracy_range_medium_interval_file': 'accuracy_range_medium_interval.csv', 'accuracy_range_high_interval_file': 'accuracy_range_high_interval.csv', 'accuracy_variance_low_interval_file': 'accuracy_variance_low_interval.csv', 'accuracy_variance_medium_interval_file': 'accuracy_variance_medium_interval.csv', 'accuracy_variance_high_interval_file': 'accuracy_variance_high_interval.csv', 'questions_range_low_interval_file': 'questions_range_low_interval.csv', 'questions_range_medium_interval_file': 'questions_range_medium_interval.csv', 'questions_range_high_interval_file': 'questions_range_high_interval.csv', 'students_num_train': 3082}, 'slepemapy': {'dpath': '../data/slepemapy', 'num_q': 2913, 'num_c': 1458, 'input_type': ['questions', 'concepts'], 'emb_path': '', 'train_valid_original_file': 'train_valid.csv', 'train_valid_file': 'train_valid_sequences.csv', 'folds': [0, 1, 2, 3, 4], 'test_original_file': 'test.csv', 'test_file': 'test_sequences.csv', 'test_window_file': 'test_window_sequences.csv', 'test_question_file': 'test_question_sequences.csv', 'test_question_window_file': 'test_question_window_sequences.csv'}, 'assist2017': {'dpath': '../data/assist2017', 'num_q': 3162, 'num_c': 102, 'input_type': ['questions', 'concepts'], 'min_seq_len': 3, 'maxlen': 500, 'emb_path': '', 'train_valid_original_file': 'train_valid.csv', 'train_valid_file': 'train_valid_sequences.csv', 'folds': [0, 1, 2, 3, 4], 'test_original_file': 'test.csv', 'test_file': 'test_sequences.csv', 'test_window_file': 'test_window_sequences.csv', 'test_question_file': 'test_question_sequences.csv', 'test_question_window_file': 'test_question_window_sequences.csv'}, 'assist2012': {'dpath': '../data/assist2012', 'num_q': 53070, 'num_c': 265, 'input_type': ['questions', 'concepts'], 'emb_path': '', 'train_valid_original_file': 'train_valid.csv', 'train_valid_file': 'train_valid_sequences.csv', 'folds': [0, 1, 2, 3, 4], 'test_original_file': 'test.csv', 'test_file': 'test_sequences.csv', 'test_window_file': 'test_window_sequences.csv', 'test_question_file': 'test_question_sequences.csv', 'test_question_window_file': 'test_question_window_sequences.csv'}, 'statics2011': {'dpath': '../data/statics2011', 'num_q': 0, 'num_c': 1223, 'input_type': ['concepts'], 'max_concepts': 1, 'min_seq_len': 3, 'maxlen': 200, 'emb_path': '', 'train_valid_original_file': 'train_valid.csv', 'train_valid_file': 'train_valid_sequences.csv', 'folds': [0, 1, 2, 3, 4], 'test_original_file': 'test.csv', 'test_file': 'test_sequences.csv', 'test_window_file': 'test_window_sequences.csv', 'train_valid_original_file_quelevel': 'train_valid_quelevel.csv', 'train_valid_file_quelevel': 'train_valid_sequences_quelevel.csv', 'test_file_quelevel': 'test_sequences_quelevel.csv', 'test_window_file_quelevel': 'test_window_sequences_quelevel.csv', 'test_original_file_quelevel': 'test_quelevel.csv'}, 'junyi2015': {'dpath': '../data/junyi2015', 'num_q': 721, 'num_c': 39, 'input_type': ['questions', 'concepts'], 'max_concepts': 1, 'min_seq_len': 3, 'maxlen': 200, 'emb_path': '', 'train_valid_original_file': 'train_valid.csv', 'train_valid_file': 'train_valid_sequences.csv', 'folds': [0, 1, 2, 3, 4], 'test_original_file': 'test.csv', 'test_file': 'test_sequences.csv', 'test_window_file': 'test_window_sequences.csv', 'test_question_file': 'test_question_sequences.csv', 'test_question_window_file': 'test_question_window_sequences.csv'}, 'bridge2algebra2006': {'dpath': '../data/bridge2algebra2006', 'num_q': 129263, 'num_c': 493, 'input_type': ['questions', 'concepts'], 'max_concepts': 5, 'min_seq_len': 3, 'maxlen': 200, 'emb_path': '', 'train_valid_original_file': 'train_valid.csv', 'train_valid_file': 'train_valid_sequences.csv', 'folds': [0, 1, 2, 3, 4], 'test_original_file': 'test.csv', 'test_file': 'test_sequences.csv', 'test_window_file': 'test_window_sequences.csv', 'test_question_file': 'test_question_sequences.csv', 'test_question_window_file': 'test_question_window_sequences.csv', 'train_valid_original_file_quelevel': 'train_valid_quelevel.csv', 'train_valid_file_quelevel': 'train_valid_sequences_quelevel.csv', 'test_file_quelevel': 'test_sequences_quelevel.csv', 'test_window_file_quelevel': 'test_window_sequences_quelevel.csv', 'test_original_file_quelevel': 'test_quelevel.csv', 'students_num_train': 916, 'students_num_eval': 229, 'global_question_stats_file': 'global_question_stats.csv', 'global_concept_stats_file': 'global_concept_stats.csv', 'total_questions_low_interval_file': 'total_questions_low_interval.csv', 'total_questions_medium_interval_file': 'total_questions_medium_interval.csv', 'total_questions_high_interval_file': 'total_questions_high_interval.csv', 'overall_accuracy_low_interval_file': 'overall_accuracy_low_interval.csv', 'overall_accuracy_medium_interval_file': 'overall_accuracy_medium_interval.csv', 'overall_accuracy_high_interval_file': 'overall_accuracy_high_interval.csv', 'accuracy_range_low_interval_file': 'accuracy_range_low_interval.csv', 'accuracy_range_medium_interval_file': 'accuracy_range_medium_interval.csv', 'accuracy_range_high_interval_file': 'accuracy_range_high_interval.csv', 'accuracy_variance_low_interval_file': 'accuracy_variance_low_interval.csv', 'accuracy_variance_medium_interval_file': 'accuracy_variance_medium_interval.csv', 'accuracy_variance_high_interval_file': 'accuracy_variance_high_interval.csv', 'questions_range_low_interval_file': 'questions_range_low_interval.csv', 'questions_range_medium_interval_file': 'questions_range_medium_interval.csv', 'questions_range_high_interval_file': 'questions_range_high_interval.csv'}, 'ednet': {'dpath': '../data/ednet', 'num_q': 11901, 'num_c': 188, 'input_type': ['questions', 'concepts'], 'max_concepts': 7, 'min_seq_len': 3, 'maxlen': 200, 'emb_path': '', 'train_valid_original_file': 'train_valid.csv', 'train_valid_file': 'train_valid_sequences.csv', 'folds': [0, 1, 2, 3, 4], 'test_original_file': 'test.csv', 'test_file': 'test_sequences.csv', 'test_window_file': 'test_window_sequences.csv', 'test_question_file': 'test_question_sequences.csv', 'test_question_window_file': 'test_question_window_sequences.csv', 'train_valid_original_file_quelevel': 'train_valid_quelevel.csv', 'train_valid_file_quelevel': 'train_valid_sequences_quelevel.csv', 'test_file_quelevel': 'test_sequences_quelevel.csv', 'test_window_file_quelevel': 'test_window_sequences_quelevel.csv', 'test_original_file_quelevel': 'test_quelevel.csv'}, 'nips_task34': {'dpath': '../data/nips_task34', 'num_q': 948, 'num_c': 57, 'students_num_eval': 983, 'students_num_train': 3935, 'input_type': ['questions', 'concepts'], 'max_concepts': 2, 'min_seq_len': 3, 'maxlen': 200, 'emb_path': '', 'train_valid_original_file': 'train_valid.csv', 'train_valid_file': 'train_valid_sequences.csv', 'folds': [0, 1, 2, 3, 4], 'test_original_file': 'test.csv', 'test_file': 'test_sequences.csv', 'test_window_file': 'test_window_sequences.csv', 'test_question_file': 'test_question_sequences.csv', 'test_question_window_file': 'test_question_window_sequences.csv', 'train_valid_original_file_quelevel': 'train_valid_quelevel.csv', 'train_valid_file_quelevel': 'train_valid_sequences_quelevel.csv', 'test_file_quelevel': 'test_sequences_quelevel.csv', 'test_window_file_quelevel': 'test_window_sequences_quelevel.csv', 'test_original_file_quelevel': 'test_quelevel.csv', 'global_question_stats_file': 'global_question_stats.csv', 'global_concept_stats_file': 'global_concept_stats.csv', 'student_summary_file': 'student_summary.csv', 'total_questions_low_interval_file': 'total_questions_low_interval.csv', 'total_questions_medium_interval_file': 'total_questions_medium_interval.csv', 'total_questions_high_interval_file': 'total_questions_high_interval.csv', 'overall_accuracy_low_interval_file': 'overall_accuracy_low_interval.csv', 'overall_accuracy_medium_interval_file': 'overall_accuracy_medium_interval.csv', 'overall_accuracy_high_interval_file': 'overall_accuracy_high_interval.csv', 'accuracy_range_low_interval_file': 'accuracy_range_low_interval.csv', 'accuracy_range_medium_interval_file': 'accuracy_range_medium_interval.csv', 'accuracy_range_high_interval_file': 'accuracy_range_high_interval.csv', 'accuracy_variance_low_interval_file': 'accuracy_variance_low_interval.csv', 'accuracy_variance_medium_interval_file': 'accuracy_variance_medium_interval.csv', 'accuracy_variance_high_interval_file': 'accuracy_variance_high_interval.csv', 'questions_range_low_interval_file': 'questions_range_low_interval.csv', 'questions_range_medium_interval_file': 'questions_range_medium_interval.csv', 'questions_range_high_interval_file': 'questions_range_high_interval.csv', 'seq_len_10000_students_num_eval': 23, 'seq_len_20000_students_num_eval': 38, 'seq_len_30000_students_num_eval': 37, 'seq_len_18000_students_num_eval': 16, 'seq_len_22000_students_num_eval': 47}, 'poj': {'dpath': '../data/poj', 'num_q': 0, 'num_c': 2748, 'input_type': ['concepts'], 'max_concepts': 1, 'min_seq_len': 3, 'maxlen': 200, 'emb_path': '', 'train_valid_original_file': 'train_valid.csv', 'train_valid_file': 'train_valid_sequences.csv', 'folds': [0, 1, 2, 3, 4], 'test_original_file': 'test.csv', 'test_file': 'test_sequences.csv', 'test_window_file': 'test_window_sequences.csv', 'train_valid_original_file_quelevel': 'train_valid_quelevel.csv', 'train_valid_file_quelevel': 'train_valid_sequences_quelevel.csv', 'test_file_quelevel': 'test_sequences_quelevel.csv', 'test_window_file_quelevel': 'test_window_sequences_quelevel.csv', 'test_original_file_quelevel': 'test_quelevel.csv'}, 'peiyou': {'dpath': '../data/peiyou', 'num_q': 7652, 'num_c': 865, 'input_type': ['questions', 'concepts'], 'max_concepts': 6, 'min_seq_len': 3, 'maxlen': 200, 'emb_path': '', 'train_valid_file': 'train_valid_sequences.csv', 'folds': [0, 1, 2, 3, 4], 'students_num_eval': 0, 'train_valid_original_file': 'train_valid.csv', 'test_original_file': 'test.csv', 'test_file': 'test_sequences.csv', 'test_window_file': 'test_window_sequences.csv', 'test_question_file': 'test_question_sequences.csv', 'test_question_window_file': 'test_question_window_sequences.csv', 'train_valid_original_file_quelevel': 'train_valid_quelevel.csv', 'train_valid_file_quelevel': 'train_valid_sequences_quelevel.csv', 'test_file_quelevel': 'test_sequences_quelevel.csv', 'test_window_file_quelevel': 'test_window_sequences_quelevel.csv', 'test_original_file_quelevel': 'test_quelevel.csv', 'students_num_train': 14453, 'global_question_stats_file': 'global_question_stats.csv', 'global_concept_stats_file': 'global_concept_stats.csv', 'seq_len_500_students_num_eval': 0, 'seq_len_300_students_num_eval': 0, 'seq_len_400_students_num_eval': 0}, 'ednet5w': {'dpath': '../data/ednet5w', 'num_q': 12235, 'num_c': 188, 'input_type': ['questions', 'concepts'], 'max_concepts': 7, 'min_seq_len': 3, 'maxlen': 200, 'emb_path': '', 'train_valid_original_file': 'train_valid.csv', 'train_valid_file': 'train_valid_sequences.csv', 'folds': [0, 1, 2, 3, 4], 'test_original_file': 'test.csv', 'test_file': 'test_sequences.csv', 'test_window_file': 'test_window_sequences.csv', 'test_question_file': 'test_question_sequences.csv', 'test_question_window_file': 'test_question_window_sequences.csv', 'train_valid_original_file_quelevel': 'train_valid_quelevel.csv', 'train_valid_file_quelevel': 'train_valid_sequences_quelevel.csv', 'test_file_quelevel': 'test_sequences_quelevel.csv', 'test_window_file_quelevel': 'test_window_sequences_quelevel.csv', 'test_original_file_quelevel': 'test_quelevel.csv'}, 'pretrain': {'dpath': '../data/pretrain', 'num_q': 340614, 'num_c': 1838, 'input_type': ['questions', 'concepts'], 'max_concepts': 7, 'min_seq_len': 3, 'maxlen': 1024, 'emb_path': '', 'train_valid_original_file': 'train_valid.csv', 'train_valid_file': 'train_valid_sequences.csv', 'folds': [0, 1, 2, 3, 4], 'test_original_file': 'test.csv', 'test_file': 'test_sequences.csv', 'test_window_file': 'test_window_sequences.csv', 'test_question_file': 'test_question_sequences.csv', 'test_question_window_file': 'test_question_window_sequences.csv', 'train_valid_original_file_quelevel': 'train_valid_quelevel.csv', 'train_valid_file_quelevel': 'train_valid_sequences_quelevel_200.csv', 'test_file_quelevel': 'test_sequences_quelevel.csv', 'test_window_file_quelevel': 'test_window_sequences_quelevel.csv', 'test_original_file_quelevel': 'test_quelevel.csv'}, 'assist2009Anips_task34Abridge2algebra2006': {'dpath': '../data/assist2009Anips_task34Abridge2algebra2006', 'num_q': 147948, 'num_c': 673, 'input_type': ['concepts', 'questions'], 'max_concepts': 5, 'min_seq_len': 3, 'maxlen': 200, 'emb_path': '', 'train_valid_original_file': 'train_valid.csv', 'train_valid_file': 'train_valid_sequences.csv', 'folds': [0, 1, 2, 3, 4], 'test_original_file': 'test.csv', 'test_file': 'test_sequences.csv', 'test_window_file': 'test_window_sequences.csv', 'test_question_file': 'test_question_sequences.csv', 'test_question_window_file': 'test_question_window_sequences.csv', 'train_valid_original_file_quelevel': 'train_valid_quelevel.csv', 'train_valid_file_quelevel': 'train_valid_sequences_quelevel.csv', 'test_file_quelevel': 'test_sequences_quelevel.csv', 'test_window_file_quelevel': 'test_window_sequences_quelevel.csv', 'test_original_file_quelevel': 'test_quelevel.csv', 'students_num_eval': 770, 'global_question_stats_file': 'global_question_stats.csv', 'global_concept_stats_file': 'global_concept_stats.csv', 'total_questions_low_interval_file': 'total_questions_low_interval.csv', 'total_questions_medium_interval_file': 'total_questions_medium_interval.csv', 'total_questions_high_interval_file': 'total_questions_high_interval.csv', 'overall_accuracy_low_interval_file': 'overall_accuracy_low_interval.csv', 'overall_accuracy_medium_interval_file': 'overall_accuracy_medium_interval.csv', 'overall_accuracy_high_interval_file': 'overall_accuracy_high_interval.csv', 'accuracy_range_low_interval_file': 'accuracy_range_low_interval.csv', 'accuracy_range_medium_interval_file': 'accuracy_range_medium_interval.csv', 'accuracy_range_high_interval_file': 'accuracy_range_high_interval.csv', 'accuracy_variance_low_interval_file': 'accuracy_variance_low_interval.csv', 'accuracy_variance_medium_interval_file': 'accuracy_variance_medium_interval.csv', 'accuracy_variance_high_interval_file': 'accuracy_variance_high_interval.csv', 'questions_range_low_interval_file': 'questions_range_low_interval.csv', 'questions_range_medium_interval_file': 'questions_range_medium_interval.csv', 'questions_range_high_interval_file': 'questions_range_high_interval.csv', 'students_num_train': 7933}, 'peiyouAnips_task34Abridge2algebra2006': {'dpath': '../data/peiyouAnips_task34Abridge2algebra2006', 'num_q': 137863, 'num_c': 1415, 'input_type': ['questions', 'concepts'], 'max_concepts': 6, 'min_seq_len': 3, 'maxlen': 200, 'emb_path': '', 'train_valid_file': 'train_valid_sequences.csv', 'folds': [0, 1, 2, 3, 4], 'train_valid_original_file': 'train_valid.csv', 'test_original_file': 'test.csv', 'test_file': 'test_sequences.csv', 'test_window_file': 'test_window_sequences.csv', 'test_question_file': 'test_question_sequences.csv', 'test_question_window_file': 'test_question_window_sequences.csv', 'train_valid_original_file_quelevel': 'train_valid_quelevel.csv', 'train_valid_file_quelevel': 'train_valid_sequences_quelevel.csv', 'test_file_quelevel': 'test_sequences_quelevel.csv', 'test_window_file_quelevel': 'test_window_sequences_quelevel.csv', 'test_original_file_quelevel': 'test_quelevel.csv', 'students_num_eval': 983, 'global_question_stats_file': 'global_question_stats.csv', 'global_concept_stats_file': 'global_concept_stats.csv', 'student_summary_file': 'student_summary.csv', 'total_questions_low_interval_file': 'total_questions_low_interval.csv', 'total_questions_medium_interval_file': 'total_questions_medium_interval.csv', 'total_questions_high_interval_file': 'total_questions_high_interval.csv', 'overall_accuracy_low_interval_file': 'overall_accuracy_low_interval.csv', 'overall_accuracy_medium_interval_file': 'overall_accuracy_medium_interval.csv', 'overall_accuracy_high_interval_file': 'overall_accuracy_high_interval.csv', 'accuracy_range_low_interval_file': 'accuracy_range_low_interval.csv', 'accuracy_range_medium_interval_file': 'accuracy_range_medium_interval.csv', 'accuracy_range_high_interval_file': 'accuracy_range_high_interval.csv', 'accuracy_variance_low_interval_file': 'accuracy_variance_low_interval.csv', 'accuracy_variance_medium_interval_file': 'accuracy_variance_medium_interval.csv', 'accuracy_variance_high_interval_file': 'accuracy_variance_high_interval.csv', 'questions_range_low_interval_file': 'questions_range_low_interval.csv', 'questions_range_medium_interval_file': 'questions_range_medium_interval.csv', 'questions_range_high_interval_file': 'questions_range_high_interval.csv', 'students_num_train': 15181}} 0 64
2026-07-14 06:50:17 - main - said: init_dataset
Read data from processed file: /root/autodl-tmp/pykt-toolkit/data/assist2009/train_valid_sequences.csv_0.pkl
file path: /root/autodl-tmp/pykt-toolkit/data/assist2009/train_valid_sequences.csv, qlen: 741, clen: 741, rlen: 741, uidlen: 741
Read data from processed file: /root/autodl-tmp/pykt-toolkit/data/assist2009/train_valid_sequences.csv_1_2_3_4.pkl
file path: /root/autodl-tmp/pykt-toolkit/data/assist2009/train_valid_sequences.csv, qlen: 3016, clen: 3016, rlen: 3016, uidlen: 3016
params: {'dataset_name': 'assist2009', 'model_name': 'akt', 'emb_type': 'qid', 'save_dir': 'saved_model/akt_also_stage5_optimizer_tsp_20260714_022000_s5/alpha05_bs64', 'seed': 42, 'fold': 0, 'dropout': 0.2, 'd_model': 256, 'd_ff': 512, 'num_attn_heads': 8, 'n_blocks': 4, 'learning_rate': 0.0001, 'batch_size': 64, 'num_epochs': 100, 'use_wandb': 0, 'use_trained': 0, 'use_also': 1, 'also_grouping_mode': 'student_id', 'also_n_groups': None, 'also_mode': 'optimistic', 'also_alpha': 0.5, 'also_lr': None, 'also_weight_decay': None, 'also_pi_lr': 0.0001, 'also_pi_decay': 0.01, 'also_loss_scale': None, 'add_uuid': 0}, params_str: assist2009_akt_qid_saved_model/akt_also_stage5_optimizer_tsp_20260714_022000_s5/alpha05_bs64_42_0_0.2_256_512_8_4_0.0001_64_100_0_0_1_student_id_None_optimistic_0.5_None_None_0.0001_0.01_None_0
Start training model: akt, embtype: qid, save_dir: saved_model/akt_also_stage5_optimizer_tsp_20260714_022000_s5/alpha05_bs64/assist2009_akt_qid_saved_model/akt_also_stage5_optimizer_tsp_20260714_022000_s5/alpha05_bs64_42_0_0.2_256_512_8_4_0.0001_64_100_0_0_1_student_id_None_optimistic_0.5_None_None_0.0001_0.01_None_0, dataset_name: assist2009
model_config: {'dropout': 0.2, 'd_model': 256, 'd_ff': 512, 'num_attn_heads': 8, 'n_blocks': 4, 'learning_rate': 0.0001}
train_config: {'batch_size': 64, 'num_epochs': 100, 'optimizer': 'adam', 'seq_len': 200}
2026-07-14 06:50:17 - main - said: init_model
[PARAM_COUNT] model=akt emb_type=qid dataset=assist2009 trainable=6,074,795 total=6,074,795
2026-07-14 06:50:17 - main - said: train model
ALSO enabled with grouping_mode=student_id
ALSO student groups initialized from the training fold: n_groups=2465, sequences/student=[1, 7]
未找到预训练模型文件，将从头开始训练。
ALSO initialized with n_groups=2465 for grouping_mode=student_id
Epoch: 1, validauc: 0.7453, validacc: 0.7272, best epoch: 1, best auc: 0.7453, train loss: 18.789350301746722, emb_type: qid, model: akt, save_dir: saved_model/akt_also_stage5_optimizer_tsp_20260714_022000_s5/alpha05_bs64/assist2009_akt_qid_saved_model/akt_also_stage5_optimizer_tsp_20260714_022000_s5/alpha05_bs64_42_0_0.2_256_512_8_4_0.0001_64_100_0_0_1_student_id_None_optimistic_0.5_None_None_0.0001_0.01_None_0
            testauc: -1, testacc: -1, window_testauc: -1, window_testacc: -1

Total Epoch Time: 118.18s | Train Phase: 100.64s | Valid Phase: 17.51s
Avg Batch Time: 2.0966s
------------------------------
Epoch: 2, validauc: 0.7654, validacc: 0.7414, best epoch: 2, best auc: 0.7654, train loss: 17.61566763992146, emb_type: qid, model: akt, save_dir: saved_model/akt_also_stage5_optimizer_tsp_20260714_022000_s5/alpha05_bs64/assist2009_akt_qid_saved_model/akt_also_stage5_optimizer_tsp_20260714_022000_s5/alpha05_bs64_42_0_0.2_256_512_8_4_0.0001_64_100_0_0_1_student_id_None_optimistic_0.5_None_None_0.0001_0.01_None_0
            testauc: -1, testacc: -1, window_testauc: -1, window_testacc: -1

Total Epoch Time: 105.56s | Train Phase: 90.48s | Valid Phase: 14.90s
Avg Batch Time: 1.8850s
------------------------------
Epoch: 3, validauc: 0.7775, validacc: 0.7486, best epoch: 3, best auc: 0.7775, train loss: 17.17347391891292, emb_type: qid, model: akt, save_dir: saved_model/akt_also_stage5_optimizer_tsp_20260714_022000_s5/alpha05_bs64/assist2009_akt_qid_saved_model/akt_also_stage5_optimizer_tsp_20260714_022000_s5/alpha05_bs64_42_0_0.2_256_512_8_4_0.0001_64_100_0_0_1_student_id_None_optimistic_0.5_None_None_0.0001_0.01_None_0
            testauc: -1, testacc: -1, window_testauc: -1, window_testacc: -1

Total Epoch Time: 119.03s | Train Phase: 106.40s | Valid Phase: 12.41s
Avg Batch Time: 2.2167s
------------------------------
Epoch: 4, validauc: 0.7856, validacc: 0.7534, best epoch: 4, best auc: 0.7856, train loss: 16.902041083267886, emb_type: qid, model: akt, save_dir: saved_model/akt_also_stage5_optimizer_tsp_20260714_022000_s5/alpha05_bs64/assist2009_akt_qid_saved_model/akt_also_stage5_optimizer_tsp_20260714_022000_s5/alpha05_bs64_42_0_0.2_256_512_8_4_0.0001_64_100_0_0_1_student_id_None_optimistic_0.5_None_None_0.0001_0.01_None_0
            testauc: -1, testacc: -1, window_testauc: -1, window_testacc: -1

Total Epoch Time: 110.59s | Train Phase: 98.04s | Valid Phase: 12.22s
Avg Batch Time: 2.0425s
------------------------------
Epoch: 5, validauc: 0.7903, validacc: 0.7565, best epoch: 5, best auc: 0.7903, train loss: 16.720687520695137, emb_type: qid, model: akt, save_dir: saved_model/akt_also_stage5_optimizer_tsp_20260714_022000_s5/alpha05_bs64/assist2009_akt_qid_saved_model/akt_also_stage5_optimizer_tsp_20260714_022000_s5/alpha05_bs64_42_0_0.2_256_512_8_4_0.0001_64_100_0_0_1_student_id_None_optimistic_0.5_None_None_0.0001_0.01_None_0
            testauc: -1, testacc: -1, window_testauc: -1, window_testacc: -1

Total Epoch Time: 114.16s | Train Phase: 100.55s | Valid Phase: 13.43s
Avg Batch Time: 2.0948s
------------------------------
Epoch: 6, validauc: 0.7934, validacc: 0.7589, best epoch: 6, best auc: 0.7934, train loss: 16.564622023830115, emb_type: qid, model: akt, save_dir: saved_model/akt_also_stage5_optimizer_tsp_20260714_022000_s5/alpha05_bs64/assist2009_akt_qid_saved_model/akt_also_stage5_optimizer_tsp_20260714_022000_s5/alpha05_bs64_42_0_0.2_256_512_8_4_0.0001_64_100_0_0_1_student_id_None_optimistic_0.5_None_None_0.0001_0.01_None_0
            testauc: -1, testacc: -1, window_testauc: -1, window_testacc: -1

Total Epoch Time: 102.92s | Train Phase: 90.81s | Valid Phase: 11.92s
Avg Batch Time: 1.8919s
------------------------------
Epoch: 7, validauc: 0.7971, validacc: 0.761, best epoch: 7, best auc: 0.7971, train loss: 16.464749983364328, emb_type: qid, model: akt, save_dir: saved_model/akt_also_stage5_optimizer_tsp_20260714_022000_s5/alpha05_bs64/assist2009_akt_qid_saved_model/akt_also_stage5_optimizer_tsp_20260714_022000_s5/alpha05_bs64_42_0_0.2_256_512_8_4_0.0001_64_100_0_0_1_student_id_None_optimistic_0.5_None_None_0.0001_0.01_None_0
            testauc: -1, testacc: -1, window_testauc: -1, window_testacc: -1

Total Epoch Time: 109.81s | Train Phase: 95.98s | Valid Phase: 13.52s
Avg Batch Time: 1.9996s
------------------------------
Epoch: 8, validauc: 0.7986, validacc: 0.7622, best epoch: 8, best auc: 0.7986, train loss: 16.340362792784255, emb_type: qid, model: akt, save_dir: saved_model/akt_also_stage5_optimizer_tsp_20260714_022000_s5/alpha05_bs64/assist2009_akt_qid_saved_model/akt_also_stage5_optimizer_tsp_20260714_022000_s5/alpha05_bs64_42_0_0.2_256_512_8_4_0.0001_64_100_0_0_1_student_id_None_optimistic_0.5_None_None_0.0001_0.01_None_0
            testauc: -1, testacc: -1, window_testauc: -1, window_testacc: -1

Total Epoch Time: 108.00s | Train Phase: 94.16s | Valid Phase: 13.72s
Avg Batch Time: 1.9617s
------------------------------
Epoch: 9, validauc: 0.8004, validacc: 0.7631, best epoch: 9, best auc: 0.8004, train loss: 16.26398278687121, emb_type: qid, model: akt, save_dir: saved_model/akt_also_stage5_optimizer_tsp_20260714_022000_s5/alpha05_bs64/assist2009_akt_qid_saved_model/akt_also_stage5_optimizer_tsp_20260714_022000_s5/alpha05_bs64_42_0_0.2_256_512_8_4_0.0001_64_100_0_0_1_student_id_None_optimistic_0.5_None_None_0.0001_0.01_None_0
            testauc: -1, testacc: -1, window_testauc: -1, window_testacc: -1

Total Epoch Time: 111.31s | Train Phase: 97.87s | Valid Phase: 13.16s
Avg Batch Time: 2.0390s
------------------------------
Epoch: 10, validauc: 0.8027, validacc: 0.7644, best epoch: 10, best auc: 0.8027, train loss: 16.18171204685011, emb_type: qid, model: akt, save_dir: saved_model/akt_also_stage5_optimizer_tsp_20260714_022000_s5/alpha05_bs64/assist2009_akt_qid_saved_model/akt_also_stage5_optimizer_tsp_20260714_022000_s5/alpha05_bs64_42_0_0.2_256_512_8_4_0.0001_64_100_0_0_1_student_id_None_optimistic_0.5_None_None_0.0001_0.01_None_0
            testauc: -1, testacc: -1, window_testauc: -1, window_testacc: -1

Total Epoch Time: 116.34s | Train Phase: 101.89s | Valid Phase: 14.20s
Avg Batch Time: 2.1227s
------------------------------
Epoch: 11, validauc: 0.8039, validacc: 0.7651, best epoch: 11, best auc: 0.8039, train loss: 16.13255714742085, emb_type: qid, model: akt, save_dir: saved_model/akt_also_stage5_optimizer_tsp_20260714_022000_s5/alpha05_bs64/assist2009_akt_qid_saved_model/akt_also_stage5_optimizer_tsp_20260714_022000_s5/alpha05_bs64_42_0_0.2_256_512_8_4_0.0001_64_100_0_0_1_student_id_None_optimistic_0.5_None_None_0.0001_0.01_None_0
            testauc: -1, testacc: -1, window_testauc: -1, window_testacc: -1

Total Epoch Time: 108.97s | Train Phase: 94.16s | Valid Phase: 14.40s
Avg Batch Time: 1.9617s
------------------------------
Epoch: 12, validauc: 0.8039, validacc: 0.7651, best epoch: 11, best auc: 0.8039, train loss: 16.087106269108634, emb_type: qid, model: akt, save_dir: saved_model/akt_also_stage5_optimizer_tsp_20260714_022000_s5/alpha05_bs64/assist2009_akt_qid_saved_model/akt_also_stage5_optimizer_tsp_20260714_022000_s5/alpha05_bs64_42_0_0.2_256_512_8_4_0.0001_64_100_0_0_1_student_id_None_optimistic_0.5_None_None_0.0001_0.01_None_0
            testauc: -1, testacc: -1, window_testauc: -1, window_testacc: -1

Total Epoch Time: 120.20s | Train Phase: 98.51s | Valid Phase: 21.69s
Avg Batch Time: 2.0523s
------------------------------
Epoch: 13, validauc: 0.8054, validacc: 0.7653, best epoch: 13, best auc: 0.8054, train loss: 16.044407081763197, emb_type: qid, model: akt, save_dir: saved_model/akt_also_stage5_optimizer_tsp_20260714_022000_s5/alpha05_bs64/assist2009_akt_qid_saved_model/akt_also_stage5_optimizer_tsp_20260714_022000_s5/alpha05_bs64_42_0_0.2_256_512_8_4_0.0001_64_100_0_0_1_student_id_None_optimistic_0.5_None_None_0.0001_0.01_None_0
            testauc: -1, testacc: -1, window_testauc: -1, window_testacc: -1

Total Epoch Time: 107.13s | Train Phase: 94.20s | Valid Phase: 12.70s
Avg Batch Time: 1.9624s
------------------------------
Epoch: 14, validauc: 0.8054, validacc: 0.7653, best epoch: 13, best auc: 0.8054, train loss: 15.974000488684178, emb_type: qid, model: akt, save_dir: saved_model/akt_also_stage5_optimizer_tsp_20260714_022000_s5/alpha05_bs64/assist2009_akt_qid_saved_model/akt_also_stage5_optimizer_tsp_20260714_022000_s5/alpha05_bs64_42_0_0.2_256_512_8_4_0.0001_64_100_0_0_1_student_id_None_optimistic_0.5_None_None_0.0001_0.01_None_0
            testauc: -1, testacc: -1, window_testauc: -1, window_testacc: -1

Total Epoch Time: 116.36s | Train Phase: 104.11s | Valid Phase: 12.24s
Avg Batch Time: 2.1690s
------------------------------
Epoch: 15, validauc: 0.8054, validacc: 0.7653, best epoch: 13, best auc: 0.8054, train loss: 15.963248526110808, emb_type: qid, model: akt, save_dir: saved_model/akt_also_stage5_optimizer_tsp_20260714_022000_s5/alpha05_bs64/assist2009_akt_qid_saved_model/akt_also_stage5_optimizer_tsp_20260714_022000_s5/alpha05_bs64_42_0_0.2_256_512_8_4_0.0001_64_100_0_0_1_student_id_None_optimistic_0.5_None_None_0.0001_0.01_None_0
            testauc: -1, testacc: -1, window_testauc: -1, window_testacc: -1

Total Epoch Time: 106.21s | Train Phase: 93.09s | Valid Phase: 13.12s
Avg Batch Time: 1.9394s
------------------------------
Epoch: 16, validauc: 0.807, validacc: 0.766, best epoch: 16, best auc: 0.807, train loss: 15.950251511255834, emb_type: qid, model: akt, save_dir: saved_model/akt_also_stage5_optimizer_tsp_20260714_022000_s5/alpha05_bs64/assist2009_akt_qid_saved_model/akt_also_stage5_optimizer_tsp_20260714_022000_s5/alpha05_bs64_42_0_0.2_256_512_8_4_0.0001_64_100_0_0_1_student_id_None_optimistic_0.5_None_None_0.0001_0.01_None_0
            testauc: -1, testacc: -1, window_testauc: -1, window_testacc: -1

Total Epoch Time: 113.03s | Train Phase: 97.70s | Valid Phase: 15.08s
Avg Batch Time: 2.0355s
------------------------------
Epoch: 17, validauc: 0.807, validacc: 0.766, best epoch: 16, best auc: 0.807, train loss: 15.909195269633804, emb_type: qid, model: akt, save_dir: saved_model/akt_also_stage5_optimizer_tsp_20260714_022000_s5/alpha05_bs64/assist2009_akt_qid_saved_model/akt_also_stage5_optimizer_tsp_20260714_022000_s5/alpha05_bs64_42_0_0.2_256_512_8_4_0.0001_64_100_0_0_1_student_id_None_optimistic_0.5_None_None_0.0001_0.01_None_0
            testauc: -1, testacc: -1, window_testauc: -1, window_testacc: -1

Total Epoch Time: 111.36s | Train Phase: 98.80s | Valid Phase: 12.56s
Avg Batch Time: 2.0583s
------------------------------
Epoch: 18, validauc: 0.807, validacc: 0.766, best epoch: 16, best auc: 0.807, train loss: 15.870089874055532, emb_type: qid, model: akt, save_dir: saved_model/akt_also_stage5_optimizer_tsp_20260714_022000_s5/alpha05_bs64/assist2009_akt_qid_saved_model/akt_also_stage5_optimizer_tsp_20260714_022000_s5/alpha05_bs64_42_0_0.2_256_512_8_4_0.0001_64_100_0_0_1_student_id_None_optimistic_0.5_None_None_0.0001_0.01_None_0
            testauc: -1, testacc: -1, window_testauc: -1, window_testacc: -1

Total Epoch Time: 115.51s | Train Phase: 100.70s | Valid Phase: 14.80s
Avg Batch Time: 2.0980s
------------------------------
Epoch: 19, validauc: 0.807, validacc: 0.766, best epoch: 16, best auc: 0.807, train loss: 15.86402541002874, emb_type: qid, model: akt, save_dir: saved_model/akt_also_stage5_optimizer_tsp_20260714_022000_s5/alpha05_bs64/assist2009_akt_qid_saved_model/akt_also_stage5_optimizer_tsp_20260714_022000_s5/alpha05_bs64_42_0_0.2_256_512_8_4_0.0001_64_100_0_0_1_student_id_None_optimistic_0.5_None_None_0.0001_0.01_None_0
            testauc: -1, testacc: -1, window_testauc: -1, window_testacc: -1

Total Epoch Time: 110.51s | Train Phase: 98.46s | Valid Phase: 12.05s
Avg Batch Time: 2.0513s
------------------------------
Epoch: 20, validauc: 0.8084, validacc: 0.7662, best epoch: 20, best auc: 0.8084, train loss: 15.85900940934394, emb_type: qid, model: akt, save_dir: saved_model/akt_also_stage5_optimizer_tsp_20260714_022000_s5/alpha05_bs64/assist2009_akt_qid_saved_model/akt_also_stage5_optimizer_tsp_20260714_022000_s5/alpha05_bs64_42_0_0.2_256_512_8_4_0.0001_64_100_0_0_1_student_id_None_optimistic_0.5_None_None_0.0001_0.01_None_0
            testauc: -1, testacc: -1, window_testauc: -1, window_testacc: -1

Total Epoch Time: 108.90s | Train Phase: 97.04s | Valid Phase: 11.67s
Avg Batch Time: 2.0216s
------------------------------
Epoch: 21, validauc: 0.8084, validacc: 0.7662, best epoch: 20, best auc: 0.8084, train loss: 15.802387838208448, emb_type: qid, model: akt, save_dir: saved_model/akt_also_stage5_optimizer_tsp_20260714_022000_s5/alpha05_bs64/assist2009_akt_qid_saved_model/akt_also_stage5_optimizer_tsp_20260714_022000_s5/alpha05_bs64_42_0_0.2_256_512_8_4_0.0001_64_100_0_0_1_student_id_None_optimistic_0.5_None_None_0.0001_0.01_None_0
            testauc: -1, testacc: -1, window_testauc: -1, window_testacc: -1

Total Epoch Time: 104.60s | Train Phase: 90.51s | Valid Phase: 14.09s
Avg Batch Time: 1.8857s
------------------------------
Epoch: 22, validauc: 0.8084, validacc: 0.7662, best epoch: 20, best auc: 0.8084, train loss: 15.77715069932742, emb_type: qid, model: akt, save_dir: saved_model/akt_also_stage5_optimizer_tsp_20260714_022000_s5/alpha05_bs64/assist2009_akt_qid_saved_model/akt_also_stage5_optimizer_tsp_20260714_022000_s5/alpha05_bs64_42_0_0.2_256_512_8_4_0.0001_64_100_0_0_1_student_id_None_optimistic_0.5_None_None_0.0001_0.01_None_0
            testauc: -1, testacc: -1, window_testauc: -1, window_testacc: -1

Total Epoch Time: 106.28s | Train Phase: 93.88s | Valid Phase: 12.39s
Avg Batch Time: 1.9559s
------------------------------
Epoch: 23, validauc: 0.8084, validacc: 0.7662, best epoch: 20, best auc: 0.8084, train loss: 15.764699507366439, emb_type: qid, model: akt, save_dir: saved_model/akt_also_stage5_optimizer_tsp_20260714_022000_s5/alpha05_bs64/assist2009_akt_qid_saved_model/akt_also_stage5_optimizer_tsp_20260714_022000_s5/alpha05_bs64_42_0_0.2_256_512_8_4_0.0001_64_100_0_0_1_student_id_None_optimistic_0.5_None_None_0.0001_0.01_None_0
            testauc: -1, testacc: -1, window_testauc: -1, window_testacc: -1

Total Epoch Time: 116.62s | Train Phase: 104.50s | Valid Phase: 12.12s
Avg Batch Time: 2.1770s
------------------------------
Epoch: 24, validauc: 0.8084, validacc: 0.7662, best epoch: 20, best auc: 0.8084, train loss: 15.724361871931253, emb_type: qid, model: akt, save_dir: saved_model/akt_also_stage5_optimizer_tsp_20260714_022000_s5/alpha05_bs64/assist2009_akt_qid_saved_model/akt_also_stage5_optimizer_tsp_20260714_022000_s5/alpha05_bs64_42_0_0.2_256_512_8_4_0.0001_64_100_0_0_1_student_id_None_optimistic_0.5_None_None_0.0001_0.01_None_0
            testauc: -1, testacc: -1, window_testauc: -1, window_testacc: -1

Total Epoch Time: 103.20s | Train Phase: 92.40s | Valid Phase: 10.80s
Avg Batch Time: 1.9249s
------------------------------
Epoch: 25, validauc: 0.8098, validacc: 0.7669, best epoch: 25, best auc: 0.8098, train loss: 15.704445334861035, emb_type: qid, model: akt, save_dir: saved_model/akt_also_stage5_optimizer_tsp_20260714_022000_s5/alpha05_bs64/assist2009_akt_qid_saved_model/akt_also_stage5_optimizer_tsp_20260714_022000_s5/alpha05_bs64_42_0_0.2_256_512_8_4_0.0001_64_100_0_0_1_student_id_None_optimistic_0.5_None_None_0.0001_0.01_None_0
            testauc: -1, testacc: -1, window_testauc: -1, window_testacc: -1

Total Epoch Time: 113.19s | Train Phase: 100.35s | Valid Phase: 12.55s
Avg Batch Time: 2.0907s
------------------------------
Epoch: 26, validauc: 0.8098, validacc: 0.7669, best epoch: 25, best auc: 0.8098, train loss: 15.672806581347638, emb_type: qid, model: akt, save_dir: saved_model/akt_also_stage5_optimizer_tsp_20260714_022000_s5/alpha05_bs64/assist2009_akt_qid_saved_model/akt_also_stage5_optimizer_tsp_20260714_022000_s5/alpha05_bs64_42_0_0.2_256_512_8_4_0.0001_64_100_0_0_1_student_id_None_optimistic_0.5_None_None_0.0001_0.01_None_0
            testauc: -1, testacc: -1, window_testauc: -1, window_testacc: -1

Total Epoch Time: 106.39s | Train Phase: 94.99s | Valid Phase: 11.40s
Avg Batch Time: 1.9790s
------------------------------
Epoch: 27, validauc: 0.8098, validacc: 0.7669, best epoch: 25, best auc: 0.8098, train loss: 15.630274299022544, emb_type: qid, model: akt, save_dir: saved_model/akt_also_stage5_optimizer_tsp_20260714_022000_s5/alpha05_bs64/assist2009_akt_qid_saved_model/akt_also_stage5_optimizer_tsp_20260714_022000_s5/alpha05_bs64_42_0_0.2_256_512_8_4_0.0001_64_100_0_0_1_student_id_None_optimistic_0.5_None_None_0.0001_0.01_None_0
            testauc: -1, testacc: -1, window_testauc: -1, window_testacc: -1

Total Epoch Time: 108.00s | Train Phase: 96.23s | Valid Phase: 11.77s
Avg Batch Time: 2.0049s
------------------------------
Epoch: 28, validauc: 0.8108, validacc: 0.7674, best epoch: 28, best auc: 0.8108, train loss: 15.577619208074983, emb_type: qid, model: akt, save_dir: saved_model/akt_also_stage5_optimizer_tsp_20260714_022000_s5/alpha05_bs64/assist2009_akt_qid_saved_model/akt_also_stage5_optimizer_tsp_20260714_022000_s5/alpha05_bs64_42_0_0.2_256_512_8_4_0.0001_64_100_0_0_1_student_id_None_optimistic_0.5_None_None_0.0001_0.01_None_0
            testauc: -1, testacc: -1, window_testauc: -1, window_testacc: -1

Total Epoch Time: 107.75s | Train Phase: 93.70s | Valid Phase: 13.72s
Avg Batch Time: 1.9520s
------------------------------
Epoch: 29, validauc: 0.8119, validacc: 0.768, best epoch: 29, best auc: 0.8119, train loss: 15.511046611869332, emb_type: qid, model: akt, save_dir: saved_model/akt_also_stage5_optimizer_tsp_20260714_022000_s5/alpha05_bs64/assist2009_akt_qid_saved_model/akt_also_stage5_optimizer_tsp_20260714_022000_s5/alpha05_bs64_42_0_0.2_256_512_8_4_0.0001_64_100_0_0_1_student_id_None_optimistic_0.5_None_None_0.0001_0.01_None_0
            testauc: -1, testacc: -1, window_testauc: -1, window_testacc: -1

Total Epoch Time: 109.46s | Train Phase: 97.76s | Valid Phase: 11.51s
Avg Batch Time: 2.0367s
------------------------------
Epoch: 30, validauc: 0.8119, validacc: 0.768, best epoch: 29, best auc: 0.8119, train loss: 15.518056946677012, emb_type: qid, model: akt, save_dir: saved_model/akt_also_stage5_optimizer_tsp_20260714_022000_s5/alpha05_bs64/assist2009_akt_qid_saved_model/akt_also_stage5_optimizer_tsp_20260714_022000_s5/alpha05_bs64_42_0_0.2_256_512_8_4_0.0001_64_100_0_0_1_student_id_None_optimistic_0.5_None_None_0.0001_0.01_None_0
            testauc: -1, testacc: -1, window_testauc: -1, window_testacc: -1

Total Epoch Time: 115.80s | Train Phase: 102.03s | Valid Phase: 13.77s
Avg Batch Time: 2.1256s
------------------------------
Epoch: 31, validauc: 0.8119, validacc: 0.768, best epoch: 29, best auc: 0.8119, train loss: 15.476140156167801, emb_type: qid, model: akt, save_dir: saved_model/akt_also_stage5_optimizer_tsp_20260714_022000_s5/alpha05_bs64/assist2009_akt_qid_saved_model/akt_also_stage5_optimizer_tsp_20260714_022000_s5/alpha05_bs64_42_0_0.2_256_512_8_4_0.0001_64_100_0_0_1_student_id_None_optimistic_0.5_None_None_0.0001_0.01_None_0
            testauc: -1, testacc: -1, window_testauc: -1, window_testacc: -1

Total Epoch Time: 105.79s | Train Phase: 95.01s | Valid Phase: 10.78s
Avg Batch Time: 1.9794s
------------------------------
Epoch: 32, validauc: 0.8119, validacc: 0.768, best epoch: 29, best auc: 0.8119, train loss: 15.366500231685194, emb_type: qid, model: akt, save_dir: saved_model/akt_also_stage5_optimizer_tsp_20260714_022000_s5/alpha05_bs64/assist2009_akt_qid_saved_model/akt_also_stage5_optimizer_tsp_20260714_022000_s5/alpha05_bs64_42_0_0.2_256_512_8_4_0.0001_64_100_0_0_1_student_id_None_optimistic_0.5_None_None_0.0001_0.01_None_0
            testauc: -1, testacc: -1, window_testauc: -1, window_testacc: -1

Total Epoch Time: 109.93s | Train Phase: 99.84s | Valid Phase: 10.09s
Avg Batch Time: 2.0801s
------------------------------
Epoch: 33, validauc: 0.8138, validacc: 0.7684, best epoch: 33, best auc: 0.8138, train loss: 15.380860320122038, emb_type: qid, model: akt, save_dir: saved_model/akt_also_stage5_optimizer_tsp_20260714_022000_s5/alpha05_bs64/assist2009_akt_qid_saved_model/akt_also_stage5_optimizer_tsp_20260714_022000_s5/alpha05_bs64_42_0_0.2_256_512_8_4_0.0001_64_100_0_0_1_student_id_None_optimistic_0.5_None_None_0.0001_0.01_None_0
            testauc: -1, testacc: -1, window_testauc: -1, window_testacc: -1

Total Epoch Time: 111.09s | Train Phase: 96.17s | Valid Phase: 14.62s
Avg Batch Time: 2.0035s
------------------------------
Epoch: 34, validauc: 0.8138, validacc: 0.7684, best epoch: 33, best auc: 0.8138, train loss: 15.299966599074821, emb_type: qid, model: akt, save_dir: saved_model/akt_also_stage5_optimizer_tsp_20260714_022000_s5/alpha05_bs64/assist2009_akt_qid_saved_model/akt_also_stage5_optimizer_tsp_20260714_022000_s5/alpha05_bs64_42_0_0.2_256_512_8_4_0.0001_64_100_0_0_1_student_id_None_optimistic_0.5_None_None_0.0001_0.01_None_0
            testauc: -1, testacc: -1, window_testauc: -1, window_testacc: -1

Total Epoch Time: 105.29s | Train Phase: 90.87s | Valid Phase: 14.42s
Avg Batch Time: 1.8932s
------------------------------
Epoch: 35, validauc: 0.8138, validacc: 0.7684, best epoch: 33, best auc: 0.8138, train loss: 15.279784397026816, emb_type: qid, model: akt, save_dir: saved_model/akt_also_stage5_optimizer_tsp_20260714_022000_s5/alpha05_bs64/assist2009_akt_qid_saved_model/akt_also_stage5_optimizer_tsp_20260714_022000_s5/alpha05_bs64_42_0_0.2_256_512_8_4_0.0001_64_100_0_0_1_student_id_None_optimistic_0.5_None_None_0.0001_0.01_None_0
            testauc: -1, testacc: -1, window_testauc: -1, window_testacc: -1

Total Epoch Time: 117.80s | Train Phase: 97.12s | Valid Phase: 20.68s
Avg Batch Time: 2.0233s
------------------------------
Epoch: 36, validauc: 0.8138, validacc: 0.7684, best epoch: 33, best auc: 0.8138, train loss: 15.202550568674118, emb_type: qid, model: akt, save_dir: saved_model/akt_also_stage5_optimizer_tsp_20260714_022000_s5/alpha05_bs64/assist2009_akt_qid_saved_model/akt_also_stage5_optimizer_tsp_20260714_022000_s5/alpha05_bs64_42_0_0.2_256_512_8_4_0.0001_64_100_0_0_1_student_id_None_optimistic_0.5_None_None_0.0001_0.01_None_0
            testauc: -1, testacc: -1, window_testauc: -1, window_testacc: -1

Total Epoch Time: 117.10s | Train Phase: 98.71s | Valid Phase: 18.38s
Avg Batch Time: 2.0565s
------------------------------
Epoch: 37, validauc: 0.8151, validacc: 0.7685, best epoch: 37, best auc: 0.8151, train loss: 15.166508514371946, emb_type: qid, model: akt, save_dir: saved_model/akt_also_stage5_optimizer_tsp_20260714_022000_s5/alpha05_bs64/assist2009_akt_qid_saved_model/akt_also_stage5_optimizer_tsp_20260714_022000_s5/alpha05_bs64_42_0_0.2_256_512_8_4_0.0001_64_100_0_0_1_student_id_None_optimistic_0.5_None_None_0.0001_0.01_None_0
            testauc: -1, testacc: -1, window_testauc: -1, window_testacc: -1

Total Epoch Time: 111.15s | Train Phase: 91.91s | Valid Phase: 19.00s
Avg Batch Time: 1.9147s
------------------------------
Epoch: 38, validauc: 0.8151, validacc: 0.7685, best epoch: 37, best auc: 0.8151, train loss: 15.11719335504925, emb_type: qid, model: akt, save_dir: saved_model/akt_also_stage5_optimizer_tsp_20260714_022000_s5/alpha05_bs64/assist2009_akt_qid_saved_model/akt_also_stage5_optimizer_tsp_20260714_022000_s5/alpha05_bs64_42_0_0.2_256_512_8_4_0.0001_64_100_0_0_1_student_id_None_optimistic_0.5_None_None_0.0001_0.01_None_0
            testauc: -1, testacc: -1, window_testauc: -1, window_testacc: -1

Total Epoch Time: 106.66s | Train Phase: 89.67s | Valid Phase: 16.99s
Avg Batch Time: 1.8681s
------------------------------
Epoch: 39, validauc: 0.8151, validacc: 0.7685, best epoch: 37, best auc: 0.8151, train loss: 15.059751649763138, emb_type: qid, model: akt, save_dir: saved_model/akt_also_stage5_optimizer_tsp_20260714_022000_s5/alpha05_bs64/assist2009_akt_qid_saved_model/akt_also_stage5_optimizer_tsp_20260714_022000_s5/alpha05_bs64_42_0_0.2_256_512_8_4_0.0001_64_100_0_0_1_student_id_None_optimistic_0.5_None_None_0.0001_0.01_None_0
            testauc: -1, testacc: -1, window_testauc: -1, window_testacc: -1

Total Epoch Time: 108.30s | Train Phase: 96.41s | Valid Phase: 11.89s
Avg Batch Time: 2.0085s
------------------------------
Epoch: 40, validauc: 0.8166, validacc: 0.7688, best epoch: 40, best auc: 0.8166, train loss: 15.028989963598454, emb_type: qid, model: akt, save_dir: saved_model/akt_also_stage5_optimizer_tsp_20260714_022000_s5/alpha05_bs64/assist2009_akt_qid_saved_model/akt_also_stage5_optimizer_tsp_20260714_022000_s5/alpha05_bs64_42_0_0.2_256_512_8_4_0.0001_64_100_0_0_1_student_id_None_optimistic_0.5_None_None_0.0001_0.01_None_0
            testauc: -1, testacc: -1, window_testauc: -1, window_testacc: -1

Total Epoch Time: 103.29s | Train Phase: 91.19s | Valid Phase: 11.92s
Avg Batch Time: 1.8998s
------------------------------
Epoch: 41, validauc: 0.8166, validacc: 0.7688, best epoch: 40, best auc: 0.8166, train loss: 14.981678512244855, emb_type: qid, model: akt, save_dir: saved_model/akt_also_stage5_optimizer_tsp_20260714_022000_s5/alpha05_bs64/assist2009_akt_qid_saved_model/akt_also_stage5_optimizer_tsp_20260714_022000_s5/alpha05_bs64_42_0_0.2_256_512_8_4_0.0001_64_100_0_0_1_student_id_None_optimistic_0.5_None_None_0.0001_0.01_None_0
            testauc: -1, testacc: -1, window_testauc: -1, window_testacc: -1

Total Epoch Time: 103.69s | Train Phase: 92.11s | Valid Phase: 11.58s
Avg Batch Time: 1.9189s
------------------------------
Epoch: 42, validauc: 0.8166, validacc: 0.7688, best epoch: 40, best auc: 0.8166, train loss: 14.904987688505344, emb_type: qid, model: akt, save_dir: saved_model/akt_also_stage5_optimizer_tsp_20260714_022000_s5/alpha05_bs64/assist2009_akt_qid_saved_model/akt_also_stage5_optimizer_tsp_20260714_022000_s5/alpha05_bs64_42_0_0.2_256_512_8_4_0.0001_64_100_0_0_1_student_id_None_optimistic_0.5_None_None_0.0001_0.01_None_0
            testauc: -1, testacc: -1, window_testauc: -1, window_testacc: -1

Total Epoch Time: 101.03s | Train Phase: 88.68s | Valid Phase: 12.35s
Avg Batch Time: 1.8475s
------------------------------
Epoch: 43, validauc: 0.8166, validacc: 0.7688, best epoch: 40, best auc: 0.8166, train loss: 14.862636713649863, emb_type: qid, model: akt, save_dir: saved_model/akt_also_stage5_optimizer_tsp_20260714_022000_s5/alpha05_bs64/assist2009_akt_qid_saved_model/akt_also_stage5_optimizer_tsp_20260714_022000_s5/alpha05_bs64_42_0_0.2_256_512_8_4_0.0001_64_100_0_0_1_student_id_None_optimistic_0.5_None_None_0.0001_0.01_None_0
            testauc: -1, testacc: -1, window_testauc: -1, window_testacc: -1

Total Epoch Time: 105.28s | Train Phase: 94.48s | Valid Phase: 10.80s
Avg Batch Time: 1.9682s
------------------------------
Epoch: 44, validauc: 0.8166, validacc: 0.7688, best epoch: 40, best auc: 0.8166, train loss: 14.84984800779899, emb_type: qid, model: akt, save_dir: saved_model/akt_also_stage5_optimizer_tsp_20260714_022000_s5/alpha05_bs64/assist2009_akt_qid_saved_model/akt_also_stage5_optimizer_tsp_20260714_022000_s5/alpha05_bs64_42_0_0.2_256_512_8_4_0.0001_64_100_0_0_1_student_id_None_optimistic_0.5_None_None_0.0001_0.01_None_0
            testauc: -1, testacc: -1, window_testauc: -1, window_testacc: -1

Total Epoch Time: 98.20s | Train Phase: 87.17s | Valid Phase: 11.03s
Avg Batch Time: 1.8159s
------------------------------
Epoch: 45, validauc: 0.8166, validacc: 0.7688, best epoch: 40, best auc: 0.8166, train loss: 14.794668469972871, emb_type: qid, model: akt, save_dir: saved_model/akt_also_stage5_optimizer_tsp_20260714_022000_s5/alpha05_bs64/assist2009_akt_qid_saved_model/akt_also_stage5_optimizer_tsp_20260714_022000_s5/alpha05_bs64_42_0_0.2_256_512_8_4_0.0001_64_100_0_0_1_student_id_None_optimistic_0.5_None_None_0.0001_0.01_None_0
            testauc: -1, testacc: -1, window_testauc: -1, window_testacc: -1

Total Epoch Time: 102.60s | Train Phase: 92.52s | Valid Phase: 10.08s
Avg Batch Time: 1.9276s
------------------------------
Epoch: 46, validauc: 0.8166, validacc: 0.7688, best epoch: 40, best auc: 0.8166, train loss: 14.756182888862382, emb_type: qid, model: akt, save_dir: saved_model/akt_also_stage5_optimizer_tsp_20260714_022000_s5/alpha05_bs64/assist2009_akt_qid_saved_model/akt_also_stage5_optimizer_tsp_20260714_022000_s5/alpha05_bs64_42_0_0.2_256_512_8_4_0.0001_64_100_0_0_1_student_id_None_optimistic_0.5_None_None_0.0001_0.01_None_0
            testauc: -1, testacc: -1, window_testauc: -1, window_testacc: -1

Total Epoch Time: 109.61s | Train Phase: 97.72s | Valid Phase: 11.82s
Avg Batch Time: 2.0357s
------------------------------
Epoch: 47, validauc: 0.8166, validacc: 0.7688, best epoch: 40, best auc: 0.8166, train loss: 14.671070458111112, emb_type: qid, model: akt, save_dir: saved_model/akt_also_stage5_optimizer_tsp_20260714_022000_s5/alpha05_bs64/assist2009_akt_qid_saved_model/akt_also_stage5_optimizer_tsp_20260714_022000_s5/alpha05_bs64_42_0_0.2_256_512_8_4_0.0001_64_100_0_0_1_student_id_None_optimistic_0.5_None_None_0.0001_0.01_None_0
            testauc: -1, testacc: -1, window_testauc: -1, window_testacc: -1

Total Epoch Time: 99.09s | Train Phase: 88.35s | Valid Phase: 10.74s
Avg Batch Time: 1.8406s
------------------------------
Epoch: 48, validauc: 0.8166, validacc: 0.7688, best epoch: 40, best auc: 0.8166, train loss: 14.639264326353109, emb_type: qid, model: akt, save_dir: saved_model/akt_also_stage5_optimizer_tsp_20260714_022000_s5/alpha05_bs64/assist2009_akt_qid_saved_model/akt_also_stage5_optimizer_tsp_20260714_022000_s5/alpha05_bs64_42_0_0.2_256_512_8_4_0.0001_64_100_0_0_1_student_id_None_optimistic_0.5_None_None_0.0001_0.01_None_0
            testauc: -1, testacc: -1, window_testauc: -1, window_testacc: -1

Total Epoch Time: 103.63s | Train Phase: 90.24s | Valid Phase: 13.39s
Avg Batch Time: 1.8800s
------------------------------
Epoch: 49, validauc: 0.8166, validacc: 0.7688, best epoch: 40, best auc: 0.8166, train loss: 14.590960919874561, emb_type: qid, model: akt, save_dir: saved_model/akt_also_stage5_optimizer_tsp_20260714_022000_s5/alpha05_bs64/assist2009_akt_qid_saved_model/akt_also_stage5_optimizer_tsp_20260714_022000_s5/alpha05_bs64_42_0_0.2_256_512_8_4_0.0001_64_100_0_0_1_student_id_None_optimistic_0.5_None_None_0.0001_0.01_None_0
            testauc: -1, testacc: -1, window_testauc: -1, window_testacc: -1

Total Epoch Time: 105.30s | Train Phase: 94.70s | Valid Phase: 10.61s
Avg Batch Time: 1.9729s
------------------------------
Epoch: 50, validauc: 0.8166, validacc: 0.7688, best epoch: 40, best auc: 0.8166, train loss: 14.531563589315065, emb_type: qid, model: akt, save_dir: saved_model/akt_also_stage5_optimizer_tsp_20260714_022000_s5/alpha05_bs64/assist2009_akt_qid_saved_model/akt_also_stage5_optimizer_tsp_20260714_022000_s5/alpha05_bs64_42_0_0.2_256_512_8_4_0.0001_64_100_0_0_1_student_id_None_optimistic_0.5_None_None_0.0001_0.01_None_0
            testauc: -1, testacc: -1, window_testauc: -1, window_testacc: -1

Total Epoch Time: 105.47s | Train Phase: 93.18s | Valid Phase: 12.28s
Avg Batch Time: 1.9413s
------------------------------
Early stopping at epoch 50
✅ Training Finished! Total Time Cost: 5455.73 s
fold	modelname	embtype	testauc	testacc	window_testauc	window_testacc	validauc	validacc	best_epoch
0	akt	qid	-1	-1	-1	-1	0.8165876216009123	0.7687647893989589	40
end:2026-07-14 08:21:13.889261

==================================================
Training completed. Starting prediction with predict_after_train=2
==================================================
--- 正在调用外部脚本 (subprocess): /root/autodl-tmp/pykt-toolkit/examples/wandb_predict_with_unbalance.py
--- 完整运行指令: /root/miniconda3/bin/python /root/autodl-tmp/pykt-toolkit/examples/wandb_predict_with_unbalance.py --bz 64 --save_dir /root/autodl-tmp/pykt-toolkit/saved_model/akt_also_stage5_optimizer_tsp_20260714_022000_s5/alpha05_bs64/assist2009_akt_qid_saved_model/akt_also_stage5_optimizer_tsp_20260714_022000_s5/alpha05_bs64_42_0_0.2_256_512_8_4_0.0001_64_100_0_0_1_student_id_None_optimistic_0.5_None_None_0.0001_0.01_None_0 --use_wandb 0

libgomp: Invalid value for environment variable OMP_NUM_THREADS

libgomp: Invalid value for environment variable OMP_NUM_THREADS
Namespace(bz=64, save_dir='/root/autodl-tmp/pykt-toolkit/saved_model/akt_also_stage5_optimizer_tsp_20260714_022000_s5/alpha05_bs64/assist2009_akt_qid_saved_model/akt_also_stage5_optimizer_tsp_20260714_022000_s5/alpha05_bs64_42_0_0.2_256_512_8_4_0.0001_64_100_0_0_1_student_id_None_optimistic_0.5_None_None_0.0001_0.01_None_0', fusion_type='late_fusion', use_wandb=0)
--- [Time] Start: 2026-07-14 08:21:18 ---
[DATA_PATH] dataset=assist2009 resolved_dpath=/root/autodl-tmp/pykt-toolkit/data/assist2009
model_name is akt, dataset_name is assist2009
Read data from processed file: /root/autodl-tmp/pykt-toolkit/data/assist2009/test_sequences.csv_-1.pkl
file path: /root/autodl-tmp/pykt-toolkit/data/assist2009/test_sequences.csv, qlen: 904, clen: 904, rlen: 904, uidlen: 904
Read data from processed file: /root/autodl-tmp/pykt-toolkit/data/assist2009/test_window_sequences.csv_-1.pkl
file path: /root/autodl-tmp/pykt-toolkit/data/assist2009/test_window_sequences.csv, qlen: 20362, clen: 20362, rlen: 20362, uidlen: 20362
Read data from processed file: /root/autodl-tmp/pykt-toolkit/data/assist2009/test_question_sequences.csv_-1_qtest.pkl
file path: /root/autodl-tmp/pykt-toolkit/data/assist2009/test_question_sequences.csv, qlen: 18292, clen: 18292, rlen: 18292, uidlen: 18292
Read data from processed file: /root/autodl-tmp/pykt-toolkit/data/assist2009/test_question_window_sequences.csv_-1_qtest.pkl
file path: /root/autodl-tmp/pykt-toolkit/data/assist2009/test_question_window_sequences.csv, qlen: 30610, clen: 30610, rlen: 30610, uidlen: 30610
has test_question_file!
Start predicting model: akt, embtype: qid, save_dir: /root/autodl-tmp/pykt-toolkit/saved_model/akt_also_stage5_optimizer_tsp_20260714_022000_s5/alpha05_bs64/assist2009_akt_qid_saved_model/akt_also_stage5_optimizer_tsp_20260714_022000_s5/alpha05_bs64_42_0_0.2_256_512_8_4_0.0001_64_100_0_0_1_student_id_None_optimistic_0.5_None_None_0.0001_0.01_None_0, dataset_name: assist2009
--- [Time] Data Loading: 1.03s (started 08:21:18) ---
--- [Time] Model Loading: 0.57s (started 08:21:19) ---
testauc: 0.808891543704609, testacc: 0.7599508917032824
--- [Time] Basic Evaluation: 7.29s (started 08:21:19) ---
testauc: 0.808891543704609, testacc: 0.7599508917032824, window_testauc: 0.8102324618400278, window_testacc: 0.7612185686653772
--- [Time] Window Evaluation: 106.70s (started 08:21:27) ---
[DEBUG] auc: 0.7171420225320999 (type: <class 'float'>)
[DEBUG] auc: 0.7194426657647992 (type: <class 'float'>)
--- [Time] Question Evaluation: 292.41s (started 08:23:13) ---
{'testauc': 0.808891543704609, 'testacc': 0.7599508917032824, 'window_testauc': 0.8102324618400278, 'window_testacc': 0.7612185686653772, 'oriaucconcepts': 0.7171420225320999, 'oriauclate_mean': 0.7333432895280945, 'oriauclate_vote': 0.7330865562293777, 'oriauclate_all': 0.7316514477570801, 'oriaccconcepts': 0.7080335731414868, 'oriacclate_mean': 0.7158686416350901, 'oriacclate_vote': 0.7162131128717418, 'oriacclate_all': 0.7138975006698052, 'windowaucconcepts': 0.7194426657647992, 'windowauclate_mean': 0.7357053672352306, 'windowauclate_vote': 0.7354322301153051, 'windowauclate_all': 0.7339724149309909, 'windowaccconcepts': 0.709479331631169, 'windowacclate_mean': 0.7170949635343083, 'windowacclate_vote': 0.7175913551491084, 'windowacclate_all': 0.7151666730306617}
dres saved to /root/autodl-tmp/pykt-toolkit/saved_model/akt_also_stage5_optimizer_tsp_20260714_022000_s5/alpha05_bs64/assist2009_akt_qid_saved_model/akt_also_stage5_optimizer_tsp_20260714_022000_s5/alpha05_bs64_42_0_0.2_256_512_8_4_0.0001_64_100_0_0_1_student_id_None_optimistic_0.5_None_None_0.0001_0.01_None_0/all_results.json
late_trues 的唯一值: [0 1]
late_trues 的值计数:
late_trues
1    33510
0    18868
Name: count, dtype: int64
已保存每个学生AUC → /root/autodl-tmp/pykt-toolkit/saved_model/akt_also_stage5_optimizer_tsp_20260714_022000_s5/alpha05_bs64/assist2009_akt_qid_saved_model/akt_also_stage5_optimizer_tsp_20260714_022000_s5/alpha05_bs64_42_0_0.2_256_512_8_4_0.0001_64_100_0_0_1_student_id_None_optimistic_0.5_None_None_0.0001_0.01_None_0/qid_test_question_window_predictions_per_student_aucs.json
✅ 学生AUC结果已保存至: /root/autodl-tmp/pykt-toolkit/saved_model/akt_also_stage5_optimizer_tsp_20260714_022000_s5/alpha05_bs64/assist2009_akt_qid_saved_model/akt_also_stage5_optimizer_tsp_20260714_022000_s5/alpha05_bs64_42_0_0.2_256_512_8_4_0.0001_64_100_0_0_1_student_id_None_optimistic_0.5_None_None_0.0001_0.01_None_0/student_auc_output.csv
📊 总体统计指标: {
    "overall_dataset_auc": 0.6902856883547047,
    "student_stats_mean": 0.58838913916216,
    "student_stats_std": 0.20837959483059687,
    "student_stats_max": 1.0,
    "student_stats_min": 0.0,
    "student_stats_range": 1.0,
    "student_stats_epi": 2.8236408638787,
    "student_stats_gini_coefficient": 0.19268385572327323,
    "student_stats_average_auc": 0.58838913916216,
    "student_stats_eawi_alpha_10": 0.47501605116269735,
    "student_stats_eawi_alpha_20": 0.3834881268942252,
    "student_stats_eawi_alpha_30": 0.30959615598015,
    "student_stats_iqr": 0.2155762584190004,
    "student_stats_q1": 0.5,
    "student_stats_q3": 0.7155762584190004
}
✅ 总体统计结果已保存至: /root/autodl-tmp/pykt-toolkit/saved_model/akt_also_stage5_optimizer_tsp_20260714_022000_s5/alpha05_bs64/assist2009_akt_qid_saved_model/akt_also_stage5_optimizer_tsp_20260714_022000_s5/alpha05_bs64_42_0_0.2_256_512_8_4_0.0001_64_100_0_0_1_student_id_None_optimistic_0.5_None_None_0.0001_0.01_None_0/overall_stats_output.json
--- [Time] Fairness Calculation: 4.54s (started 08:28:06) ---
------------------------------
Total Prediction Time: 412.54s (end 2026-07-14 08:28:10)
------------------------------
Prediction completed successfully!
--- 外部脚本执行完毕 ---
Training and prediction process completed at: 2026-07-14 08:28:11.792389
✅ 运行历史状态已更新为成功 (ID: e5fed818-227d-4eca-bcff-86942c57a0f8)
💡 正在执行最终资源清理...
💡 CUDA 缓存已释放。
