
libgomp: Invalid value for environment variable OMP_NUM_THREADS

libgomp: Invalid value for environment variable OMP_NUM_THREADS
✅ 初始运行记录已写入: saved_model/akt_also_stage2_batch_tsp_20260714_022000_s2/baseline_bs128/run_history.txt (ID: 20f3ef6e-cc94-4618-b926-c0c7a13b856b)
✅ 参数已保存至: saved_model/akt_also_stage2_batch_tsp_20260714_022000_s2/baseline_bs128/saved_params_akt.json
✅ 参数已保存至: saved_model/akt_also_stage2_batch_tsp_20260714_022000_s2/baseline_bs128/saved_params_akt.json
2026-07-14 03:24:23 - main - said: load config files.
[DATA_PATH] dataset=assist2009 resolved_dpath=/root/autodl-tmp/pykt-toolkit/data/assist2009
assist2009 akt {'assist2015': {'dpath': '../data/assist2015', 'num_q': 0, 'num_c': 100, 'input_type': ['concepts'], 'max_concepts': 1, 'min_seq_len': 3, 'maxlen': 200, 'emb_path': '', 'train_valid_original_file': 'train_valid.csv', 'train_valid_file': 'train_valid_sequences.csv', 'folds': [0, 1, 2, 3, 4], 'test_original_file': 'test.csv', 'test_file': 'test_sequences.csv', 'test_window_file': 'test_window_sequences.csv', 'train_valid_original_file_quelevel': 'train_valid_quelevel.csv', 'train_valid_file_quelevel': 'train_valid_sequences_quelevel.csv', 'test_file_quelevel': 'test_sequences_quelevel.csv', 'test_window_file_quelevel': 'test_window_sequences_quelevel.csv', 'test_original_file_quelevel': 'test_quelevel.csv'}, 'algebra2005': {'dpath': '../data/algebra2005', 'num_q': 173113, 'num_c': 112, 'input_type': ['questions', 'concepts'], 'max_concepts': 7, 'min_seq_len': 3, 'maxlen': 200, 'emb_path': '', 'train_valid_original_file': 'train_valid.csv', 'train_valid_file': 'train_valid_sequences.csv', 'folds': [0, 1, 2, 3, 4], 'test_original_file': 'test.csv', 'test_file': 'test_sequences.csv', 'test_window_file': 'test_window_sequences.csv', 'test_question_file': 'test_question_sequences.csv', 'test_question_window_file': 'test_question_window_sequences.csv', 'train_valid_original_file_quelevel': 'train_valid_quelevel.csv', 'train_valid_file_quelevel': 'train_valid_sequences_quelevel.csv', 'test_file_quelevel': 'test_sequences_quelevel.csv', 'test_window_file_quelevel': 'test_window_sequences_quelevel.csv', 'test_original_file_quelevel': 'test_quelevel.csv', 'students_num_train': 460, 'students_num_eval': 114}, 'assist2009': {'dpath': '/root/autodl-tmp/pykt-toolkit/data/assist2009', 'num_q': 17737, 'num_c': 123, 'input_type': ['questions', 'concepts'], 'max_concepts': 4, 'min_seq_len': 3, 'maxlen': 200, 'emb_path': '', 'train_valid_original_file': 'train_valid.csv', 'train_valid_file': 'train_valid_sequences.csv', 'folds': [0, 1, 2, 3, 4], 'test_original_file': 'test.csv', 'test_file': 'test_sequences.csv', 'test_window_file': 'test_window_sequences.csv', 'test_question_file': 'test_question_sequences.csv', 'test_question_window_file': 'test_question_window_sequences.csv', 'train_valid_original_file_quelevel': 'train_valid_quelevel.csv', 'train_valid_file_quelevel': 'train_valid_sequences_quelevel.csv', 'test_file_quelevel': 'test_sequences_quelevel.csv', 'test_window_file_quelevel': 'test_window_sequences_quelevel.csv', 'test_original_file_quelevel': 'test_quelevel.csv', 'students_num_eval': 770, 'global_question_stats_file': 'global_question_stats.csv', 'global_concept_stats_file': 'global_concept_stats.csv', 'total_questions_low_interval_file': 'total_questions_low_interval.csv', 'total_questions_medium_interval_file': 'total_questions_medium_interval.csv', 'total_questions_high_interval_file': 'total_questions_high_interval.csv', 'overall_accuracy_low_interval_file': 'overall_accuracy_low_interval.csv', 'overall_accuracy_medium_interval_file': 'overall_accuracy_medium_interval.csv', 'overall_accuracy_high_interval_file': 'overall_accuracy_high_interval.csv', 'accuracy_range_low_interval_file': 'accuracy_range_low_interval.csv', 'accuracy_range_medium_interval_file': 'accuracy_range_medium_interval.csv', 'accuracy_range_high_interval_file': 'accuracy_range_high_interval.csv', 'accuracy_variance_low_interval_file': 'accuracy_variance_low_interval.csv', 'accuracy_variance_medium_interval_file': 'accuracy_variance_medium_interval.csv', 'accuracy_variance_high_interval_file': 'accuracy_variance_high_interval.csv', 'questions_range_low_interval_file': 'questions_range_low_interval.csv', 'questions_range_medium_interval_file': 'questions_range_medium_interval.csv', 'questions_range_high_interval_file': 'questions_range_high_interval.csv', 'students_num_train': 3082}, 'slepemapy': {'dpath': '../data/slepemapy', 'num_q': 2913, 'num_c': 1458, 'input_type': ['questions', 'concepts'], 'emb_path': '', 'train_valid_original_file': 'train_valid.csv', 'train_valid_file': 'train_valid_sequences.csv', 'folds': [0, 1, 2, 3, 4], 'test_original_file': 'test.csv', 'test_file': 'test_sequences.csv', 'test_window_file': 'test_window_sequences.csv', 'test_question_file': 'test_question_sequences.csv', 'test_question_window_file': 'test_question_window_sequences.csv'}, 'assist2017': {'dpath': '../data/assist2017', 'num_q': 3162, 'num_c': 102, 'input_type': ['questions', 'concepts'], 'min_seq_len': 3, 'maxlen': 500, 'emb_path': '', 'train_valid_original_file': 'train_valid.csv', 'train_valid_file': 'train_valid_sequences.csv', 'folds': [0, 1, 2, 3, 4], 'test_original_file': 'test.csv', 'test_file': 'test_sequences.csv', 'test_window_file': 'test_window_sequences.csv', 'test_question_file': 'test_question_sequences.csv', 'test_question_window_file': 'test_question_window_sequences.csv'}, 'assist2012': {'dpath': '../data/assist2012', 'num_q': 53070, 'num_c': 265, 'input_type': ['questions', 'concepts'], 'emb_path': '', 'train_valid_original_file': 'train_valid.csv', 'train_valid_file': 'train_valid_sequences.csv', 'folds': [0, 1, 2, 3, 4], 'test_original_file': 'test.csv', 'test_file': 'test_sequences.csv', 'test_window_file': 'test_window_sequences.csv', 'test_question_file': 'test_question_sequences.csv', 'test_question_window_file': 'test_question_window_sequences.csv'}, 'statics2011': {'dpath': '../data/statics2011', 'num_q': 0, 'num_c': 1223, 'input_type': ['concepts'], 'max_concepts': 1, 'min_seq_len': 3, 'maxlen': 200, 'emb_path': '', 'train_valid_original_file': 'train_valid.csv', 'train_valid_file': 'train_valid_sequences.csv', 'folds': [0, 1, 2, 3, 4], 'test_original_file': 'test.csv', 'test_file': 'test_sequences.csv', 'test_window_file': 'test_window_sequences.csv', 'train_valid_original_file_quelevel': 'train_valid_quelevel.csv', 'train_valid_file_quelevel': 'train_valid_sequences_quelevel.csv', 'test_file_quelevel': 'test_sequences_quelevel.csv', 'test_window_file_quelevel': 'test_window_sequences_quelevel.csv', 'test_original_file_quelevel': 'test_quelevel.csv'}, 'junyi2015': {'dpath': '../data/junyi2015', 'num_q': 721, 'num_c': 39, 'input_type': ['questions', 'concepts'], 'max_concepts': 1, 'min_seq_len': 3, 'maxlen': 200, 'emb_path': '', 'train_valid_original_file': 'train_valid.csv', 'train_valid_file': 'train_valid_sequences.csv', 'folds': [0, 1, 2, 3, 4], 'test_original_file': 'test.csv', 'test_file': 'test_sequences.csv', 'test_window_file': 'test_window_sequences.csv', 'test_question_file': 'test_question_sequences.csv', 'test_question_window_file': 'test_question_window_sequences.csv'}, 'bridge2algebra2006': {'dpath': '../data/bridge2algebra2006', 'num_q': 129263, 'num_c': 493, 'input_type': ['questions', 'concepts'], 'max_concepts': 5, 'min_seq_len': 3, 'maxlen': 200, 'emb_path': '', 'train_valid_original_file': 'train_valid.csv', 'train_valid_file': 'train_valid_sequences.csv', 'folds': [0, 1, 2, 3, 4], 'test_original_file': 'test.csv', 'test_file': 'test_sequences.csv', 'test_window_file': 'test_window_sequences.csv', 'test_question_file': 'test_question_sequences.csv', 'test_question_window_file': 'test_question_window_sequences.csv', 'train_valid_original_file_quelevel': 'train_valid_quelevel.csv', 'train_valid_file_quelevel': 'train_valid_sequences_quelevel.csv', 'test_file_quelevel': 'test_sequences_quelevel.csv', 'test_window_file_quelevel': 'test_window_sequences_quelevel.csv', 'test_original_file_quelevel': 'test_quelevel.csv', 'students_num_train': 916, 'students_num_eval': 229, 'global_question_stats_file': 'global_question_stats.csv', 'global_concept_stats_file': 'global_concept_stats.csv', 'total_questions_low_interval_file': 'total_questions_low_interval.csv', 'total_questions_medium_interval_file': 'total_questions_medium_interval.csv', 'total_questions_high_interval_file': 'total_questions_high_interval.csv', 'overall_accuracy_low_interval_file': 'overall_accuracy_low_interval.csv', 'overall_accuracy_medium_interval_file': 'overall_accuracy_medium_interval.csv', 'overall_accuracy_high_interval_file': 'overall_accuracy_high_interval.csv', 'accuracy_range_low_interval_file': 'accuracy_range_low_interval.csv', 'accuracy_range_medium_interval_file': 'accuracy_range_medium_interval.csv', 'accuracy_range_high_interval_file': 'accuracy_range_high_interval.csv', 'accuracy_variance_low_interval_file': 'accuracy_variance_low_interval.csv', 'accuracy_variance_medium_interval_file': 'accuracy_variance_medium_interval.csv', 'accuracy_variance_high_interval_file': 'accuracy_variance_high_interval.csv', 'questions_range_low_interval_file': 'questions_range_low_interval.csv', 'questions_range_medium_interval_file': 'questions_range_medium_interval.csv', 'questions_range_high_interval_file': 'questions_range_high_interval.csv'}, 'ednet': {'dpath': '../data/ednet', 'num_q': 11901, 'num_c': 188, 'input_type': ['questions', 'concepts'], 'max_concepts': 7, 'min_seq_len': 3, 'maxlen': 200, 'emb_path': '', 'train_valid_original_file': 'train_valid.csv', 'train_valid_file': 'train_valid_sequences.csv', 'folds': [0, 1, 2, 3, 4], 'test_original_file': 'test.csv', 'test_file': 'test_sequences.csv', 'test_window_file': 'test_window_sequences.csv', 'test_question_file': 'test_question_sequences.csv', 'test_question_window_file': 'test_question_window_sequences.csv', 'train_valid_original_file_quelevel': 'train_valid_quelevel.csv', 'train_valid_file_quelevel': 'train_valid_sequences_quelevel.csv', 'test_file_quelevel': 'test_sequences_quelevel.csv', 'test_window_file_quelevel': 'test_window_sequences_quelevel.csv', 'test_original_file_quelevel': 'test_quelevel.csv'}, 'nips_task34': {'dpath': '../data/nips_task34', 'num_q': 948, 'num_c': 57, 'students_num_eval': 983, 'students_num_train': 3935, 'input_type': ['questions', 'concepts'], 'max_concepts': 2, 'min_seq_len': 3, 'maxlen': 200, 'emb_path': '', 'train_valid_original_file': 'train_valid.csv', 'train_valid_file': 'train_valid_sequences.csv', 'folds': [0, 1, 2, 3, 4], 'test_original_file': 'test.csv', 'test_file': 'test_sequences.csv', 'test_window_file': 'test_window_sequences.csv', 'test_question_file': 'test_question_sequences.csv', 'test_question_window_file': 'test_question_window_sequences.csv', 'train_valid_original_file_quelevel': 'train_valid_quelevel.csv', 'train_valid_file_quelevel': 'train_valid_sequences_quelevel.csv', 'test_file_quelevel': 'test_sequences_quelevel.csv', 'test_window_file_quelevel': 'test_window_sequences_quelevel.csv', 'test_original_file_quelevel': 'test_quelevel.csv', 'global_question_stats_file': 'global_question_stats.csv', 'global_concept_stats_file': 'global_concept_stats.csv', 'student_summary_file': 'student_summary.csv', 'total_questions_low_interval_file': 'total_questions_low_interval.csv', 'total_questions_medium_interval_file': 'total_questions_medium_interval.csv', 'total_questions_high_interval_file': 'total_questions_high_interval.csv', 'overall_accuracy_low_interval_file': 'overall_accuracy_low_interval.csv', 'overall_accuracy_medium_interval_file': 'overall_accuracy_medium_interval.csv', 'overall_accuracy_high_interval_file': 'overall_accuracy_high_interval.csv', 'accuracy_range_low_interval_file': 'accuracy_range_low_interval.csv', 'accuracy_range_medium_interval_file': 'accuracy_range_medium_interval.csv', 'accuracy_range_high_interval_file': 'accuracy_range_high_interval.csv', 'accuracy_variance_low_interval_file': 'accuracy_variance_low_interval.csv', 'accuracy_variance_medium_interval_file': 'accuracy_variance_medium_interval.csv', 'accuracy_variance_high_interval_file': 'accuracy_variance_high_interval.csv', 'questions_range_low_interval_file': 'questions_range_low_interval.csv', 'questions_range_medium_interval_file': 'questions_range_medium_interval.csv', 'questions_range_high_interval_file': 'questions_range_high_interval.csv', 'seq_len_10000_students_num_eval': 23, 'seq_len_20000_students_num_eval': 38, 'seq_len_30000_students_num_eval': 37, 'seq_len_18000_students_num_eval': 16, 'seq_len_22000_students_num_eval': 47}, 'poj': {'dpath': '../data/poj', 'num_q': 0, 'num_c': 2748, 'input_type': ['concepts'], 'max_concepts': 1, 'min_seq_len': 3, 'maxlen': 200, 'emb_path': '', 'train_valid_original_file': 'train_valid.csv', 'train_valid_file': 'train_valid_sequences.csv', 'folds': [0, 1, 2, 3, 4], 'test_original_file': 'test.csv', 'test_file': 'test_sequences.csv', 'test_window_file': 'test_window_sequences.csv', 'train_valid_original_file_quelevel': 'train_valid_quelevel.csv', 'train_valid_file_quelevel': 'train_valid_sequences_quelevel.csv', 'test_file_quelevel': 'test_sequences_quelevel.csv', 'test_window_file_quelevel': 'test_window_sequences_quelevel.csv', 'test_original_file_quelevel': 'test_quelevel.csv'}, 'peiyou': {'dpath': '../data/peiyou', 'num_q': 7652, 'num_c': 865, 'input_type': ['questions', 'concepts'], 'max_concepts': 6, 'min_seq_len': 3, 'maxlen': 200, 'emb_path': '', 'train_valid_file': 'train_valid_sequences.csv', 'folds': [0, 1, 2, 3, 4], 'students_num_eval': 0, 'train_valid_original_file': 'train_valid.csv', 'test_original_file': 'test.csv', 'test_file': 'test_sequences.csv', 'test_window_file': 'test_window_sequences.csv', 'test_question_file': 'test_question_sequences.csv', 'test_question_window_file': 'test_question_window_sequences.csv', 'train_valid_original_file_quelevel': 'train_valid_quelevel.csv', 'train_valid_file_quelevel': 'train_valid_sequences_quelevel.csv', 'test_file_quelevel': 'test_sequences_quelevel.csv', 'test_window_file_quelevel': 'test_window_sequences_quelevel.csv', 'test_original_file_quelevel': 'test_quelevel.csv', 'students_num_train': 14453, 'global_question_stats_file': 'global_question_stats.csv', 'global_concept_stats_file': 'global_concept_stats.csv', 'seq_len_500_students_num_eval': 0, 'seq_len_300_students_num_eval': 0, 'seq_len_400_students_num_eval': 0}, 'ednet5w': {'dpath': '../data/ednet5w', 'num_q': 12235, 'num_c': 188, 'input_type': ['questions', 'concepts'], 'max_concepts': 7, 'min_seq_len': 3, 'maxlen': 200, 'emb_path': '', 'train_valid_original_file': 'train_valid.csv', 'train_valid_file': 'train_valid_sequences.csv', 'folds': [0, 1, 2, 3, 4], 'test_original_file': 'test.csv', 'test_file': 'test_sequences.csv', 'test_window_file': 'test_window_sequences.csv', 'test_question_file': 'test_question_sequences.csv', 'test_question_window_file': 'test_question_window_sequences.csv', 'train_valid_original_file_quelevel': 'train_valid_quelevel.csv', 'train_valid_file_quelevel': 'train_valid_sequences_quelevel.csv', 'test_file_quelevel': 'test_sequences_quelevel.csv', 'test_window_file_quelevel': 'test_window_sequences_quelevel.csv', 'test_original_file_quelevel': 'test_quelevel.csv'}, 'pretrain': {'dpath': '../data/pretrain', 'num_q': 340614, 'num_c': 1838, 'input_type': ['questions', 'concepts'], 'max_concepts': 7, 'min_seq_len': 3, 'maxlen': 1024, 'emb_path': '', 'train_valid_original_file': 'train_valid.csv', 'train_valid_file': 'train_valid_sequences.csv', 'folds': [0, 1, 2, 3, 4], 'test_original_file': 'test.csv', 'test_file': 'test_sequences.csv', 'test_window_file': 'test_window_sequences.csv', 'test_question_file': 'test_question_sequences.csv', 'test_question_window_file': 'test_question_window_sequences.csv', 'train_valid_original_file_quelevel': 'train_valid_quelevel.csv', 'train_valid_file_quelevel': 'train_valid_sequences_quelevel_200.csv', 'test_file_quelevel': 'test_sequences_quelevel.csv', 'test_window_file_quelevel': 'test_window_sequences_quelevel.csv', 'test_original_file_quelevel': 'test_quelevel.csv'}, 'assist2009Anips_task34Abridge2algebra2006': {'dpath': '../data/assist2009Anips_task34Abridge2algebra2006', 'num_q': 147948, 'num_c': 673, 'input_type': ['concepts', 'questions'], 'max_concepts': 5, 'min_seq_len': 3, 'maxlen': 200, 'emb_path': '', 'train_valid_original_file': 'train_valid.csv', 'train_valid_file': 'train_valid_sequences.csv', 'folds': [0, 1, 2, 3, 4], 'test_original_file': 'test.csv', 'test_file': 'test_sequences.csv', 'test_window_file': 'test_window_sequences.csv', 'test_question_file': 'test_question_sequences.csv', 'test_question_window_file': 'test_question_window_sequences.csv', 'train_valid_original_file_quelevel': 'train_valid_quelevel.csv', 'train_valid_file_quelevel': 'train_valid_sequences_quelevel.csv', 'test_file_quelevel': 'test_sequences_quelevel.csv', 'test_window_file_quelevel': 'test_window_sequences_quelevel.csv', 'test_original_file_quelevel': 'test_quelevel.csv', 'students_num_eval': 770, 'global_question_stats_file': 'global_question_stats.csv', 'global_concept_stats_file': 'global_concept_stats.csv', 'total_questions_low_interval_file': 'total_questions_low_interval.csv', 'total_questions_medium_interval_file': 'total_questions_medium_interval.csv', 'total_questions_high_interval_file': 'total_questions_high_interval.csv', 'overall_accuracy_low_interval_file': 'overall_accuracy_low_interval.csv', 'overall_accuracy_medium_interval_file': 'overall_accuracy_medium_interval.csv', 'overall_accuracy_high_interval_file': 'overall_accuracy_high_interval.csv', 'accuracy_range_low_interval_file': 'accuracy_range_low_interval.csv', 'accuracy_range_medium_interval_file': 'accuracy_range_medium_interval.csv', 'accuracy_range_high_interval_file': 'accuracy_range_high_interval.csv', 'accuracy_variance_low_interval_file': 'accuracy_variance_low_interval.csv', 'accuracy_variance_medium_interval_file': 'accuracy_variance_medium_interval.csv', 'accuracy_variance_high_interval_file': 'accuracy_variance_high_interval.csv', 'questions_range_low_interval_file': 'questions_range_low_interval.csv', 'questions_range_medium_interval_file': 'questions_range_medium_interval.csv', 'questions_range_high_interval_file': 'questions_range_high_interval.csv', 'students_num_train': 7933}, 'peiyouAnips_task34Abridge2algebra2006': {'dpath': '../data/peiyouAnips_task34Abridge2algebra2006', 'num_q': 137863, 'num_c': 1415, 'input_type': ['questions', 'concepts'], 'max_concepts': 6, 'min_seq_len': 3, 'maxlen': 200, 'emb_path': '', 'train_valid_file': 'train_valid_sequences.csv', 'folds': [0, 1, 2, 3, 4], 'train_valid_original_file': 'train_valid.csv', 'test_original_file': 'test.csv', 'test_file': 'test_sequences.csv', 'test_window_file': 'test_window_sequences.csv', 'test_question_file': 'test_question_sequences.csv', 'test_question_window_file': 'test_question_window_sequences.csv', 'train_valid_original_file_quelevel': 'train_valid_quelevel.csv', 'train_valid_file_quelevel': 'train_valid_sequences_quelevel.csv', 'test_file_quelevel': 'test_sequences_quelevel.csv', 'test_window_file_quelevel': 'test_window_sequences_quelevel.csv', 'test_original_file_quelevel': 'test_quelevel.csv', 'students_num_eval': 983, 'global_question_stats_file': 'global_question_stats.csv', 'global_concept_stats_file': 'global_concept_stats.csv', 'student_summary_file': 'student_summary.csv', 'total_questions_low_interval_file': 'total_questions_low_interval.csv', 'total_questions_medium_interval_file': 'total_questions_medium_interval.csv', 'total_questions_high_interval_file': 'total_questions_high_interval.csv', 'overall_accuracy_low_interval_file': 'overall_accuracy_low_interval.csv', 'overall_accuracy_medium_interval_file': 'overall_accuracy_medium_interval.csv', 'overall_accuracy_high_interval_file': 'overall_accuracy_high_interval.csv', 'accuracy_range_low_interval_file': 'accuracy_range_low_interval.csv', 'accuracy_range_medium_interval_file': 'accuracy_range_medium_interval.csv', 'accuracy_range_high_interval_file': 'accuracy_range_high_interval.csv', 'accuracy_variance_low_interval_file': 'accuracy_variance_low_interval.csv', 'accuracy_variance_medium_interval_file': 'accuracy_variance_medium_interval.csv', 'accuracy_variance_high_interval_file': 'accuracy_variance_high_interval.csv', 'questions_range_low_interval_file': 'questions_range_low_interval.csv', 'questions_range_medium_interval_file': 'questions_range_medium_interval.csv', 'questions_range_high_interval_file': 'questions_range_high_interval.csv', 'students_num_train': 15181}} 0 128
2026-07-14 03:24:23 - main - said: init_dataset
Read data from processed file: /root/autodl-tmp/pykt-toolkit/data/assist2009/train_valid_sequences.csv_0.pkl
file path: /root/autodl-tmp/pykt-toolkit/data/assist2009/train_valid_sequences.csv, qlen: 741, clen: 741, rlen: 741, uidlen: 741
Read data from processed file: /root/autodl-tmp/pykt-toolkit/data/assist2009/train_valid_sequences.csv_1_2_3_4.pkl
file path: /root/autodl-tmp/pykt-toolkit/data/assist2009/train_valid_sequences.csv, qlen: 3016, clen: 3016, rlen: 3016, uidlen: 3016
params: {'dataset_name': 'assist2009', 'model_name': 'akt', 'emb_type': 'qid', 'save_dir': 'saved_model/akt_also_stage2_batch_tsp_20260714_022000_s2/baseline_bs128', 'seed': 42, 'fold': 0, 'dropout': 0.2, 'd_model': 256, 'd_ff': 512, 'num_attn_heads': 8, 'n_blocks': 4, 'learning_rate': 0.0001, 'batch_size': 128, 'num_epochs': 100, 'use_wandb': 0, 'use_trained': 0, 'use_also': 0, 'also_grouping_mode': 'none', 'also_n_groups': None, 'also_mode': 'optimistic', 'also_alpha': 1.0, 'also_lr': None, 'also_weight_decay': None, 'also_pi_lr': 0.001, 'also_pi_decay': 0.01, 'also_loss_scale': None, 'add_uuid': 0}, params_str: assist2009_akt_qid_saved_model/akt_also_stage2_batch_tsp_20260714_022000_s2/baseline_bs128_42_0_0.2_256_512_8_4_0.0001_128_100_0_0_0_none_None_optimistic_1.0_None_None_0.001_0.01_None_0
Start training model: akt, embtype: qid, save_dir: saved_model/akt_also_stage2_batch_tsp_20260714_022000_s2/baseline_bs128/assist2009_akt_qid_saved_model/akt_also_stage2_batch_tsp_20260714_022000_s2/baseline_bs128_42_0_0.2_256_512_8_4_0.0001_128_100_0_0_0_none_None_optimistic_1.0_None_None_0.001_0.01_None_0, dataset_name: assist2009
model_config: {'dropout': 0.2, 'd_model': 256, 'd_ff': 512, 'num_attn_heads': 8, 'n_blocks': 4, 'learning_rate': 0.0001}
train_config: {'batch_size': 128, 'num_epochs': 100, 'optimizer': 'adam', 'seq_len': 200}
2026-07-14 03:24:23 - main - said: init_model
[PARAM_COUNT] model=akt emb_type=qid dataset=assist2009 trainable=6,074,795 total=6,074,795
2026-07-14 03:24:24 - main - said: train model
未找到预训练模型文件，将从头开始训练。
Epoch: 1, validauc: 0.7495, validacc: 0.7154, best epoch: 1, best auc: 0.7495, train loss: 0.6044681714445117, emb_type: qid, model: akt, save_dir: saved_model/akt_also_stage2_batch_tsp_20260714_022000_s2/baseline_bs128/assist2009_akt_qid_saved_model/akt_also_stage2_batch_tsp_20260714_022000_s2/baseline_bs128_42_0_0.2_256_512_8_4_0.0001_128_100_0_0_0_none_None_optimistic_1.0_None_None_0.001_0.01_None_0
            testauc: -1, testacc: -1, window_testauc: -1, window_testacc: -1

Total Epoch Time: 14.45s | Train Phase: 11.96s | Valid Phase: 2.45s
Avg Batch Time: 0.4983s
------------------------------
Epoch: 2, validauc: 0.78, validacc: 0.7504, best epoch: 2, best auc: 0.78, train loss: 0.5468273177664261, emb_type: qid, model: akt, save_dir: saved_model/akt_also_stage2_batch_tsp_20260714_022000_s2/baseline_bs128/assist2009_akt_qid_saved_model/akt_also_stage2_batch_tsp_20260714_022000_s2/baseline_bs128_42_0_0.2_256_512_8_4_0.0001_128_100_0_0_0_none_None_optimistic_1.0_None_None_0.001_0.01_None_0
            testauc: -1, testacc: -1, window_testauc: -1, window_testacc: -1

Total Epoch Time: 14.35s | Train Phase: 11.81s | Valid Phase: 2.35s
Avg Batch Time: 0.4919s
------------------------------
Epoch: 3, validauc: 0.7987, validacc: 0.7655, best epoch: 3, best auc: 0.7987, train loss: 0.523604081382438, emb_type: qid, model: akt, save_dir: saved_model/akt_also_stage2_batch_tsp_20260714_022000_s2/baseline_bs128/assist2009_akt_qid_saved_model/akt_also_stage2_batch_tsp_20260714_022000_s2/baseline_bs128_42_0_0.2_256_512_8_4_0.0001_128_100_0_0_0_none_None_optimistic_1.0_None_None_0.001_0.01_None_0
            testauc: -1, testacc: -1, window_testauc: -1, window_testacc: -1

Total Epoch Time: 15.10s | Train Phase: 12.37s | Valid Phase: 2.63s
Avg Batch Time: 0.5155s
------------------------------
Epoch: 4, validauc: 0.807, validacc: 0.7694, best epoch: 4, best auc: 0.807, train loss: 0.503280249633677, emb_type: qid, model: akt, save_dir: saved_model/akt_also_stage2_batch_tsp_20260714_022000_s2/baseline_bs128/assist2009_akt_qid_saved_model/akt_also_stage2_batch_tsp_20260714_022000_s2/baseline_bs128_42_0_0.2_256_512_8_4_0.0001_128_100_0_0_0_none_None_optimistic_1.0_None_None_0.001_0.01_None_0
            testauc: -1, testacc: -1, window_testauc: -1, window_testacc: -1

Total Epoch Time: 15.55s | Train Phase: 12.76s | Valid Phase: 2.64s
Avg Batch Time: 0.5315s
------------------------------
Epoch: 5, validauc: 0.8134, validacc: 0.7707, best epoch: 5, best auc: 0.8134, train loss: 0.49062872938247876, emb_type: qid, model: akt, save_dir: saved_model/akt_also_stage2_batch_tsp_20260714_022000_s2/baseline_bs128/assist2009_akt_qid_saved_model/akt_also_stage2_batch_tsp_20260714_022000_s2/baseline_bs128_42_0_0.2_256_512_8_4_0.0001_128_100_0_0_0_none_None_optimistic_1.0_None_None_0.001_0.01_None_0
            testauc: -1, testacc: -1, window_testauc: -1, window_testacc: -1

Total Epoch Time: 15.82s | Train Phase: 13.21s | Valid Phase: 2.45s
Avg Batch Time: 0.5505s
------------------------------
Epoch: 6, validauc: 0.8165, validacc: 0.7722, best epoch: 6, best auc: 0.8165, train loss: 0.4833001558209351, emb_type: qid, model: akt, save_dir: saved_model/akt_also_stage2_batch_tsp_20260714_022000_s2/baseline_bs128/assist2009_akt_qid_saved_model/akt_also_stage2_batch_tsp_20260714_022000_s2/baseline_bs128_42_0_0.2_256_512_8_4_0.0001_128_100_0_0_0_none_None_optimistic_1.0_None_None_0.001_0.01_None_0
            testauc: -1, testacc: -1, window_testauc: -1, window_testacc: -1

Total Epoch Time: 15.58s | Train Phase: 13.09s | Valid Phase: 2.34s
Avg Batch Time: 0.5455s
------------------------------
Epoch: 7, validauc: 0.8187, validacc: 0.773, best epoch: 7, best auc: 0.8187, train loss: 0.4779145339342838, emb_type: qid, model: akt, save_dir: saved_model/akt_also_stage2_batch_tsp_20260714_022000_s2/baseline_bs128/assist2009_akt_qid_saved_model/akt_also_stage2_batch_tsp_20260714_022000_s2/baseline_bs128_42_0_0.2_256_512_8_4_0.0001_128_100_0_0_0_none_None_optimistic_1.0_None_None_0.001_0.01_None_0
            testauc: -1, testacc: -1, window_testauc: -1, window_testacc: -1

Total Epoch Time: 15.86s | Train Phase: 13.20s | Valid Phase: 2.55s
Avg Batch Time: 0.5502s
------------------------------
Epoch: 8, validauc: 0.8204, validacc: 0.7738, best epoch: 8, best auc: 0.8204, train loss: 0.47517672297067465, emb_type: qid, model: akt, save_dir: saved_model/akt_also_stage2_batch_tsp_20260714_022000_s2/baseline_bs128/assist2009_akt_qid_saved_model/akt_also_stage2_batch_tsp_20260714_022000_s2/baseline_bs128_42_0_0.2_256_512_8_4_0.0001_128_100_0_0_0_none_None_optimistic_1.0_None_None_0.001_0.01_None_0
            testauc: -1, testacc: -1, window_testauc: -1, window_testacc: -1

Total Epoch Time: 15.06s | Train Phase: 12.53s | Valid Phase: 2.46s
Avg Batch Time: 0.5220s
------------------------------
Epoch: 9, validauc: 0.8223, validacc: 0.7746, best epoch: 9, best auc: 0.8223, train loss: 0.4724784810031992, emb_type: qid, model: akt, save_dir: saved_model/akt_also_stage2_batch_tsp_20260714_022000_s2/baseline_bs128/assist2009_akt_qid_saved_model/akt_also_stage2_batch_tsp_20260714_022000_s2/baseline_bs128_42_0_0.2_256_512_8_4_0.0001_128_100_0_0_0_none_None_optimistic_1.0_None_None_0.001_0.01_None_0
            testauc: -1, testacc: -1, window_testauc: -1, window_testacc: -1

Total Epoch Time: 15.34s | Train Phase: 12.29s | Valid Phase: 2.93s
Avg Batch Time: 0.5120s
------------------------------
Epoch: 10, validauc: 0.8236, validacc: 0.7754, best epoch: 10, best auc: 0.8236, train loss: 0.47008612054094817, emb_type: qid, model: akt, save_dir: saved_model/akt_also_stage2_batch_tsp_20260714_022000_s2/baseline_bs128/assist2009_akt_qid_saved_model/akt_also_stage2_batch_tsp_20260714_022000_s2/baseline_bs128_42_0_0.2_256_512_8_4_0.0001_128_100_0_0_0_none_None_optimistic_1.0_None_None_0.001_0.01_None_0
            testauc: -1, testacc: -1, window_testauc: -1, window_testacc: -1

Total Epoch Time: 15.00s | Train Phase: 12.44s | Valid Phase: 2.45s
Avg Batch Time: 0.5183s
------------------------------
Epoch: 11, validauc: 0.8236, validacc: 0.7754, best epoch: 10, best auc: 0.8236, train loss: 0.46804396235918927, emb_type: qid, model: akt, save_dir: saved_model/akt_also_stage2_batch_tsp_20260714_022000_s2/baseline_bs128/assist2009_akt_qid_saved_model/akt_also_stage2_batch_tsp_20260714_022000_s2/baseline_bs128_42_0_0.2_256_512_8_4_0.0001_128_100_0_0_0_none_None_optimistic_1.0_None_None_0.001_0.01_None_0
            testauc: -1, testacc: -1, window_testauc: -1, window_testacc: -1

Total Epoch Time: 15.49s | Train Phase: 12.85s | Valid Phase: 2.64s
Avg Batch Time: 0.5354s
------------------------------
Epoch: 12, validauc: 0.8253, validacc: 0.7768, best epoch: 12, best auc: 0.8253, train loss: 0.46704803135689427, emb_type: qid, model: akt, save_dir: saved_model/akt_also_stage2_batch_tsp_20260714_022000_s2/baseline_bs128/assist2009_akt_qid_saved_model/akt_also_stage2_batch_tsp_20260714_022000_s2/baseline_bs128_42_0_0.2_256_512_8_4_0.0001_128_100_0_0_0_none_None_optimistic_1.0_None_None_0.001_0.01_None_0
            testauc: -1, testacc: -1, window_testauc: -1, window_testacc: -1

Total Epoch Time: 16.57s | Train Phase: 13.76s | Valid Phase: 2.65s
Avg Batch Time: 0.5732s
------------------------------
Epoch: 13, validauc: 0.8253, validacc: 0.7768, best epoch: 12, best auc: 0.8253, train loss: 0.46454102231498356, emb_type: qid, model: akt, save_dir: saved_model/akt_also_stage2_batch_tsp_20260714_022000_s2/baseline_bs128/assist2009_akt_qid_saved_model/akt_also_stage2_batch_tsp_20260714_022000_s2/baseline_bs128_42_0_0.2_256_512_8_4_0.0001_128_100_0_0_0_none_None_optimistic_1.0_None_None_0.001_0.01_None_0
            testauc: -1, testacc: -1, window_testauc: -1, window_testacc: -1

Total Epoch Time: 15.53s | Train Phase: 12.95s | Valid Phase: 2.57s
Avg Batch Time: 0.5396s
------------------------------
Epoch: 14, validauc: 0.8267, validacc: 0.7771, best epoch: 14, best auc: 0.8267, train loss: 0.4638528729394589, emb_type: qid, model: akt, save_dir: saved_model/akt_also_stage2_batch_tsp_20260714_022000_s2/baseline_bs128/assist2009_akt_qid_saved_model/akt_also_stage2_batch_tsp_20260714_022000_s2/baseline_bs128_42_0_0.2_256_512_8_4_0.0001_128_100_0_0_0_none_None_optimistic_1.0_None_None_0.001_0.01_None_0
            testauc: -1, testacc: -1, window_testauc: -1, window_testacc: -1

Total Epoch Time: 15.31s | Train Phase: 12.67s | Valid Phase: 2.43s
Avg Batch Time: 0.5278s
------------------------------
Epoch: 15, validauc: 0.8279, validacc: 0.7784, best epoch: 15, best auc: 0.8279, train loss: 0.4626819697022843, emb_type: qid, model: akt, save_dir: saved_model/akt_also_stage2_batch_tsp_20260714_022000_s2/baseline_bs128/assist2009_akt_qid_saved_model/akt_also_stage2_batch_tsp_20260714_022000_s2/baseline_bs128_42_0_0.2_256_512_8_4_0.0001_128_100_0_0_0_none_None_optimistic_1.0_None_None_0.001_0.01_None_0
            testauc: -1, testacc: -1, window_testauc: -1, window_testacc: -1

Total Epoch Time: 16.05s | Train Phase: 13.44s | Valid Phase: 2.45s
Avg Batch Time: 0.5600s
------------------------------
Epoch: 16, validauc: 0.8279, validacc: 0.7784, best epoch: 15, best auc: 0.8279, train loss: 0.46140177099470603, emb_type: qid, model: akt, save_dir: saved_model/akt_also_stage2_batch_tsp_20260714_022000_s2/baseline_bs128/assist2009_akt_qid_saved_model/akt_also_stage2_batch_tsp_20260714_022000_s2/baseline_bs128_42_0_0.2_256_512_8_4_0.0001_128_100_0_0_0_none_None_optimistic_1.0_None_None_0.001_0.01_None_0
            testauc: -1, testacc: -1, window_testauc: -1, window_testacc: -1

Total Epoch Time: 15.33s | Train Phase: 12.99s | Valid Phase: 2.34s
Avg Batch Time: 0.5412s
------------------------------
Epoch: 17, validauc: 0.8279, validacc: 0.7784, best epoch: 15, best auc: 0.8279, train loss: 0.4601437211297832, emb_type: qid, model: akt, save_dir: saved_model/akt_also_stage2_batch_tsp_20260714_022000_s2/baseline_bs128/assist2009_akt_qid_saved_model/akt_also_stage2_batch_tsp_20260714_022000_s2/baseline_bs128_42_0_0.2_256_512_8_4_0.0001_128_100_0_0_0_none_None_optimistic_1.0_None_None_0.001_0.01_None_0
            testauc: -1, testacc: -1, window_testauc: -1, window_testacc: -1

Total Epoch Time: 15.90s | Train Phase: 13.36s | Valid Phase: 2.54s
Avg Batch Time: 0.5569s
------------------------------
Epoch: 18, validauc: 0.8297, validacc: 0.7784, best epoch: 18, best auc: 0.8297, train loss: 0.45875934130034873, emb_type: qid, model: akt, save_dir: saved_model/akt_also_stage2_batch_tsp_20260714_022000_s2/baseline_bs128/assist2009_akt_qid_saved_model/akt_also_stage2_batch_tsp_20260714_022000_s2/baseline_bs128_42_0_0.2_256_512_8_4_0.0001_128_100_0_0_0_none_None_optimistic_1.0_None_None_0.001_0.01_None_0
            testauc: -1, testacc: -1, window_testauc: -1, window_testacc: -1

Total Epoch Time: 15.45s | Train Phase: 12.95s | Valid Phase: 2.34s
Avg Batch Time: 0.5398s
------------------------------
Epoch: 19, validauc: 0.8297, validacc: 0.7784, best epoch: 18, best auc: 0.8297, train loss: 0.4583184674993519, emb_type: qid, model: akt, save_dir: saved_model/akt_also_stage2_batch_tsp_20260714_022000_s2/baseline_bs128/assist2009_akt_qid_saved_model/akt_also_stage2_batch_tsp_20260714_022000_s2/baseline_bs128_42_0_0.2_256_512_8_4_0.0001_128_100_0_0_0_none_None_optimistic_1.0_None_None_0.001_0.01_None_0
            testauc: -1, testacc: -1, window_testauc: -1, window_testacc: -1

Total Epoch Time: 15.05s | Train Phase: 12.51s | Valid Phase: 2.54s
Avg Batch Time: 0.5214s
------------------------------
Epoch: 20, validauc: 0.8314, validacc: 0.7788, best epoch: 20, best auc: 0.8314, train loss: 0.4569369033117822, emb_type: qid, model: akt, save_dir: saved_model/akt_also_stage2_batch_tsp_20260714_022000_s2/baseline_bs128/assist2009_akt_qid_saved_model/akt_also_stage2_batch_tsp_20260714_022000_s2/baseline_bs128_42_0_0.2_256_512_8_4_0.0001_128_100_0_0_0_none_None_optimistic_1.0_None_None_0.001_0.01_None_0
            testauc: -1, testacc: -1, window_testauc: -1, window_testacc: -1

Total Epoch Time: 15.56s | Train Phase: 12.75s | Valid Phase: 2.65s
Avg Batch Time: 0.5313s
------------------------------
Epoch: 21, validauc: 0.8314, validacc: 0.7788, best epoch: 20, best auc: 0.8314, train loss: 0.45560143918973095, emb_type: qid, model: akt, save_dir: saved_model/akt_also_stage2_batch_tsp_20260714_022000_s2/baseline_bs128/assist2009_akt_qid_saved_model/akt_also_stage2_batch_tsp_20260714_022000_s2/baseline_bs128_42_0_0.2_256_512_8_4_0.0001_128_100_0_0_0_none_None_optimistic_1.0_None_None_0.001_0.01_None_0
            testauc: -1, testacc: -1, window_testauc: -1, window_testacc: -1

Total Epoch Time: 14.73s | Train Phase: 12.39s | Valid Phase: 2.34s
Avg Batch Time: 0.5162s
------------------------------
Epoch: 22, validauc: 0.8324, validacc: 0.7795, best epoch: 22, best auc: 0.8324, train loss: 0.4546776643653036, emb_type: qid, model: akt, save_dir: saved_model/akt_also_stage2_batch_tsp_20260714_022000_s2/baseline_bs128/assist2009_akt_qid_saved_model/akt_also_stage2_batch_tsp_20260714_022000_s2/baseline_bs128_42_0_0.2_256_512_8_4_0.0001_128_100_0_0_0_none_None_optimistic_1.0_None_None_0.001_0.01_None_0
            testauc: -1, testacc: -1, window_testauc: -1, window_testacc: -1

Total Epoch Time: 15.58s | Train Phase: 12.66s | Valid Phase: 2.75s
Avg Batch Time: 0.5275s
------------------------------
Epoch: 23, validauc: 0.8334, validacc: 0.7802, best epoch: 23, best auc: 0.8334, train loss: 0.45287144323636525, emb_type: qid, model: akt, save_dir: saved_model/akt_also_stage2_batch_tsp_20260714_022000_s2/baseline_bs128/assist2009_akt_qid_saved_model/akt_also_stage2_batch_tsp_20260714_022000_s2/baseline_bs128_42_0_0.2_256_512_8_4_0.0001_128_100_0_0_0_none_None_optimistic_1.0_None_None_0.001_0.01_None_0
            testauc: -1, testacc: -1, window_testauc: -1, window_testacc: -1

Total Epoch Time: 14.81s | Train Phase: 12.19s | Valid Phase: 2.53s
Avg Batch Time: 0.5080s
------------------------------
Epoch: 24, validauc: 0.8349, validacc: 0.781, best epoch: 24, best auc: 0.8349, train loss: 0.45200280954311484, emb_type: qid, model: akt, save_dir: saved_model/akt_also_stage2_batch_tsp_20260714_022000_s2/baseline_bs128/assist2009_akt_qid_saved_model/akt_also_stage2_batch_tsp_20260714_022000_s2/baseline_bs128_42_0_0.2_256_512_8_4_0.0001_128_100_0_0_0_none_None_optimistic_1.0_None_None_0.001_0.01_None_0
            testauc: -1, testacc: -1, window_testauc: -1, window_testacc: -1

Total Epoch Time: 15.67s | Train Phase: 12.88s | Valid Phase: 2.63s
Avg Batch Time: 0.5367s
------------------------------
Epoch: 25, validauc: 0.8366, validacc: 0.7821, best epoch: 25, best auc: 0.8366, train loss: 0.44990640778381347, emb_type: qid, model: akt, save_dir: saved_model/akt_also_stage2_batch_tsp_20260714_022000_s2/baseline_bs128/assist2009_akt_qid_saved_model/akt_also_stage2_batch_tsp_20260714_022000_s2/baseline_bs128_42_0_0.2_256_512_8_4_0.0001_128_100_0_0_0_none_None_optimistic_1.0_None_None_0.001_0.01_None_0
            testauc: -1, testacc: -1, window_testauc: -1, window_testacc: -1

Total Epoch Time: 15.01s | Train Phase: 12.31s | Valid Phase: 2.53s
Avg Batch Time: 0.5131s
------------------------------
Epoch: 26, validauc: 0.8366, validacc: 0.7821, best epoch: 25, best auc: 0.8366, train loss: 0.448783383318089, emb_type: qid, model: akt, save_dir: saved_model/akt_also_stage2_batch_tsp_20260714_022000_s2/baseline_bs128/assist2009_akt_qid_saved_model/akt_also_stage2_batch_tsp_20260714_022000_s2/baseline_bs128_42_0_0.2_256_512_8_4_0.0001_128_100_0_0_0_none_None_optimistic_1.0_None_None_0.001_0.01_None_0
            testauc: -1, testacc: -1, window_testauc: -1, window_testacc: -1

Total Epoch Time: 15.45s | Train Phase: 13.08s | Valid Phase: 2.36s
Avg Batch Time: 0.5450s
------------------------------
Epoch: 27, validauc: 0.8387, validacc: 0.7833, best epoch: 27, best auc: 0.8387, train loss: 0.44678902390227876, emb_type: qid, model: akt, save_dir: saved_model/akt_also_stage2_batch_tsp_20260714_022000_s2/baseline_bs128/assist2009_akt_qid_saved_model/akt_also_stage2_batch_tsp_20260714_022000_s2/baseline_bs128_42_0_0.2_256_512_8_4_0.0001_128_100_0_0_0_none_None_optimistic_1.0_None_None_0.001_0.01_None_0
            testauc: -1, testacc: -1, window_testauc: -1, window_testacc: -1

Total Epoch Time: 15.97s | Train Phase: 12.95s | Valid Phase: 2.85s
Avg Batch Time: 0.5397s
------------------------------
Epoch: 28, validauc: 0.8398, validacc: 0.7841, best epoch: 28, best auc: 0.8398, train loss: 0.44540646121356325, emb_type: qid, model: akt, save_dir: saved_model/akt_also_stage2_batch_tsp_20260714_022000_s2/baseline_bs128/assist2009_akt_qid_saved_model/akt_also_stage2_batch_tsp_20260714_022000_s2/baseline_bs128_42_0_0.2_256_512_8_4_0.0001_128_100_0_0_0_none_None_optimistic_1.0_None_None_0.001_0.01_None_0
            testauc: -1, testacc: -1, window_testauc: -1, window_testacc: -1

Total Epoch Time: 16.07s | Train Phase: 13.47s | Valid Phase: 2.44s
Avg Batch Time: 0.5613s
------------------------------
Epoch: 29, validauc: 0.8412, validacc: 0.7841, best epoch: 29, best auc: 0.8412, train loss: 0.4440943384688108, emb_type: qid, model: akt, save_dir: saved_model/akt_also_stage2_batch_tsp_20260714_022000_s2/baseline_bs128/assist2009_akt_qid_saved_model/akt_also_stage2_batch_tsp_20260714_022000_s2/baseline_bs128_42_0_0.2_256_512_8_4_0.0001_128_100_0_0_0_none_None_optimistic_1.0_None_None_0.001_0.01_None_0
            testauc: -1, testacc: -1, window_testauc: -1, window_testacc: -1

Total Epoch Time: 15.85s | Train Phase: 13.11s | Valid Phase: 2.63s
Avg Batch Time: 0.5461s
------------------------------
Epoch: 30, validauc: 0.8412, validacc: 0.7841, best epoch: 29, best auc: 0.8412, train loss: 0.4419495711032142, emb_type: qid, model: akt, save_dir: saved_model/akt_also_stage2_batch_tsp_20260714_022000_s2/baseline_bs128/assist2009_akt_qid_saved_model/akt_also_stage2_batch_tsp_20260714_022000_s2/baseline_bs128_42_0_0.2_256_512_8_4_0.0001_128_100_0_0_0_none_None_optimistic_1.0_None_None_0.001_0.01_None_0
            testauc: -1, testacc: -1, window_testauc: -1, window_testacc: -1

Total Epoch Time: 16.09s | Train Phase: 13.46s | Valid Phase: 2.63s
Avg Batch Time: 0.5610s
------------------------------
Epoch: 31, validauc: 0.8429, validacc: 0.7852, best epoch: 31, best auc: 0.8429, train loss: 0.43992979809969723, emb_type: qid, model: akt, save_dir: saved_model/akt_also_stage2_batch_tsp_20260714_022000_s2/baseline_bs128/assist2009_akt_qid_saved_model/akt_also_stage2_batch_tsp_20260714_022000_s2/baseline_bs128_42_0_0.2_256_512_8_4_0.0001_128_100_0_0_0_none_None_optimistic_1.0_None_None_0.001_0.01_None_0
            testauc: -1, testacc: -1, window_testauc: -1, window_testacc: -1

Total Epoch Time: 16.08s | Train Phase: 12.67s | Valid Phase: 3.23s
Avg Batch Time: 0.5278s
------------------------------
Epoch: 32, validauc: 0.8429, validacc: 0.7852, best epoch: 31, best auc: 0.8429, train loss: 0.4377813063583916, emb_type: qid, model: akt, save_dir: saved_model/akt_also_stage2_batch_tsp_20260714_022000_s2/baseline_bs128/assist2009_akt_qid_saved_model/akt_also_stage2_batch_tsp_20260714_022000_s2/baseline_bs128_42_0_0.2_256_512_8_4_0.0001_128_100_0_0_0_none_None_optimistic_1.0_None_None_0.001_0.01_None_0
            testauc: -1, testacc: -1, window_testauc: -1, window_testacc: -1

Total Epoch Time: 15.61s | Train Phase: 12.99s | Valid Phase: 2.62s
Avg Batch Time: 0.5412s
------------------------------
Epoch: 33, validauc: 0.844, validacc: 0.7861, best epoch: 33, best auc: 0.844, train loss: 0.4354986209178766, emb_type: qid, model: akt, save_dir: saved_model/akt_also_stage2_batch_tsp_20260714_022000_s2/baseline_bs128/assist2009_akt_qid_saved_model/akt_also_stage2_batch_tsp_20260714_022000_s2/baseline_bs128_42_0_0.2_256_512_8_4_0.0001_128_100_0_0_0_none_None_optimistic_1.0_None_None_0.001_0.01_None_0
            testauc: -1, testacc: -1, window_testauc: -1, window_testacc: -1

Total Epoch Time: 15.66s | Train Phase: 13.07s | Valid Phase: 2.43s
Avg Batch Time: 0.5447s
------------------------------
Epoch: 34, validauc: 0.844, validacc: 0.7861, best epoch: 33, best auc: 0.844, train loss: 0.4342585808109916, emb_type: qid, model: akt, save_dir: saved_model/akt_also_stage2_batch_tsp_20260714_022000_s2/baseline_bs128/assist2009_akt_qid_saved_model/akt_also_stage2_batch_tsp_20260714_022000_s2/baseline_bs128_42_0_0.2_256_512_8_4_0.0001_128_100_0_0_0_none_None_optimistic_1.0_None_None_0.001_0.01_None_0
            testauc: -1, testacc: -1, window_testauc: -1, window_testacc: -1

Total Epoch Time: 15.56s | Train Phase: 12.81s | Valid Phase: 2.76s
Avg Batch Time: 0.5335s
------------------------------
Epoch: 35, validauc: 0.8452, validacc: 0.787, best epoch: 35, best auc: 0.8452, train loss: 0.432393187050792, emb_type: qid, model: akt, save_dir: saved_model/akt_also_stage2_batch_tsp_20260714_022000_s2/baseline_bs128/assist2009_akt_qid_saved_model/akt_also_stage2_batch_tsp_20260714_022000_s2/baseline_bs128_42_0_0.2_256_512_8_4_0.0001_128_100_0_0_0_none_None_optimistic_1.0_None_None_0.001_0.01_None_0
            testauc: -1, testacc: -1, window_testauc: -1, window_testacc: -1

Total Epoch Time: 17.23s | Train Phase: 14.55s | Valid Phase: 2.52s
Avg Batch Time: 0.6062s
------------------------------
Epoch: 36, validauc: 0.8452, validacc: 0.787, best epoch: 35, best auc: 0.8452, train loss: 0.4306251617217412, emb_type: qid, model: akt, save_dir: saved_model/akt_also_stage2_batch_tsp_20260714_022000_s2/baseline_bs128/assist2009_akt_qid_saved_model/akt_also_stage2_batch_tsp_20260714_022000_s2/baseline_bs128_42_0_0.2_256_512_8_4_0.0001_128_100_0_0_0_none_None_optimistic_1.0_None_None_0.001_0.01_None_0
            testauc: -1, testacc: -1, window_testauc: -1, window_testacc: -1

Total Epoch Time: 15.35s | Train Phase: 12.52s | Valid Phase: 2.83s
Avg Batch Time: 0.5216s
------------------------------
Epoch: 37, validauc: 0.8452, validacc: 0.787, best epoch: 35, best auc: 0.8452, train loss: 0.4284943354626269, emb_type: qid, model: akt, save_dir: saved_model/akt_also_stage2_batch_tsp_20260714_022000_s2/baseline_bs128/assist2009_akt_qid_saved_model/akt_also_stage2_batch_tsp_20260714_022000_s2/baseline_bs128_42_0_0.2_256_512_8_4_0.0001_128_100_0_0_0_none_None_optimistic_1.0_None_None_0.001_0.01_None_0
            testauc: -1, testacc: -1, window_testauc: -1, window_testacc: -1

Total Epoch Time: 15.00s | Train Phase: 12.46s | Valid Phase: 2.54s
Avg Batch Time: 0.5193s
------------------------------
Epoch: 38, validauc: 0.8452, validacc: 0.787, best epoch: 35, best auc: 0.8452, train loss: 0.4266192840840266, emb_type: qid, model: akt, save_dir: saved_model/akt_also_stage2_batch_tsp_20260714_022000_s2/baseline_bs128/assist2009_akt_qid_saved_model/akt_also_stage2_batch_tsp_20260714_022000_s2/baseline_bs128_42_0_0.2_256_512_8_4_0.0001_128_100_0_0_0_none_None_optimistic_1.0_None_None_0.001_0.01_None_0
            testauc: -1, testacc: -1, window_testauc: -1, window_testacc: -1

Total Epoch Time: 15.20s | Train Phase: 12.57s | Valid Phase: 2.63s
Avg Batch Time: 0.5236s
------------------------------
Epoch: 39, validauc: 0.8464, validacc: 0.788, best epoch: 39, best auc: 0.8464, train loss: 0.4246415792267295, emb_type: qid, model: akt, save_dir: saved_model/akt_also_stage2_batch_tsp_20260714_022000_s2/baseline_bs128/assist2009_akt_qid_saved_model/akt_also_stage2_batch_tsp_20260714_022000_s2/baseline_bs128_42_0_0.2_256_512_8_4_0.0001_128_100_0_0_0_none_None_optimistic_1.0_None_None_0.001_0.01_None_0
            testauc: -1, testacc: -1, window_testauc: -1, window_testacc: -1

Total Epoch Time: 15.55s | Train Phase: 12.85s | Valid Phase: 2.54s
Avg Batch Time: 0.5355s
------------------------------
Epoch: 40, validauc: 0.8464, validacc: 0.788, best epoch: 39, best auc: 0.8464, train loss: 0.4225470050656697, emb_type: qid, model: akt, save_dir: saved_model/akt_also_stage2_batch_tsp_20260714_022000_s2/baseline_bs128/assist2009_akt_qid_saved_model/akt_also_stage2_batch_tsp_20260714_022000_s2/baseline_bs128_42_0_0.2_256_512_8_4_0.0001_128_100_0_0_0_none_None_optimistic_1.0_None_None_0.001_0.01_None_0
            testauc: -1, testacc: -1, window_testauc: -1, window_testacc: -1

Total Epoch Time: 15.55s | Train Phase: 13.21s | Valid Phase: 2.34s
Avg Batch Time: 0.5504s
------------------------------
Epoch: 41, validauc: 0.8464, validacc: 0.788, best epoch: 39, best auc: 0.8464, train loss: 0.42042116445337374, emb_type: qid, model: akt, save_dir: saved_model/akt_also_stage2_batch_tsp_20260714_022000_s2/baseline_bs128/assist2009_akt_qid_saved_model/akt_also_stage2_batch_tsp_20260714_022000_s2/baseline_bs128_42_0_0.2_256_512_8_4_0.0001_128_100_0_0_0_none_None_optimistic_1.0_None_None_0.001_0.01_None_0
            testauc: -1, testacc: -1, window_testauc: -1, window_testacc: -1

Total Epoch Time: 15.39s | Train Phase: 12.75s | Valid Phase: 2.63s
Avg Batch Time: 0.5314s
------------------------------
Epoch: 42, validauc: 0.8464, validacc: 0.788, best epoch: 39, best auc: 0.8464, train loss: 0.4177892818597356, emb_type: qid, model: akt, save_dir: saved_model/akt_also_stage2_batch_tsp_20260714_022000_s2/baseline_bs128/assist2009_akt_qid_saved_model/akt_also_stage2_batch_tsp_20260714_022000_s2/baseline_bs128_42_0_0.2_256_512_8_4_0.0001_128_100_0_0_0_none_None_optimistic_1.0_None_None_0.001_0.01_None_0
            testauc: -1, testacc: -1, window_testauc: -1, window_testacc: -1

Total Epoch Time: 16.01s | Train Phase: 13.76s | Valid Phase: 2.25s
Avg Batch Time: 0.5733s
------------------------------
Epoch: 43, validauc: 0.8464, validacc: 0.788, best epoch: 39, best auc: 0.8464, train loss: 0.4161704267033553, emb_type: qid, model: akt, save_dir: saved_model/akt_also_stage2_batch_tsp_20260714_022000_s2/baseline_bs128/assist2009_akt_qid_saved_model/akt_also_stage2_batch_tsp_20260714_022000_s2/baseline_bs128_42_0_0.2_256_512_8_4_0.0001_128_100_0_0_0_none_None_optimistic_1.0_None_None_0.001_0.01_None_0
            testauc: -1, testacc: -1, window_testauc: -1, window_testacc: -1

Total Epoch Time: 15.40s | Train Phase: 12.66s | Valid Phase: 2.75s
Avg Batch Time: 0.5273s
------------------------------
Epoch: 44, validauc: 0.8464, validacc: 0.788, best epoch: 39, best auc: 0.8464, train loss: 0.41518565321819584, emb_type: qid, model: akt, save_dir: saved_model/akt_also_stage2_batch_tsp_20260714_022000_s2/baseline_bs128/assist2009_akt_qid_saved_model/akt_also_stage2_batch_tsp_20260714_022000_s2/baseline_bs128_42_0_0.2_256_512_8_4_0.0001_128_100_0_0_0_none_None_optimistic_1.0_None_None_0.001_0.01_None_0
            testauc: -1, testacc: -1, window_testauc: -1, window_testacc: -1

Total Epoch Time: 15.30s | Train Phase: 12.86s | Valid Phase: 2.44s
Avg Batch Time: 0.5357s
------------------------------
Epoch: 45, validauc: 0.8464, validacc: 0.788, best epoch: 39, best auc: 0.8464, train loss: 0.41375848339169846, emb_type: qid, model: akt, save_dir: saved_model/akt_also_stage2_batch_tsp_20260714_022000_s2/baseline_bs128/assist2009_akt_qid_saved_model/akt_also_stage2_batch_tsp_20260714_022000_s2/baseline_bs128_42_0_0.2_256_512_8_4_0.0001_128_100_0_0_0_none_None_optimistic_1.0_None_None_0.001_0.01_None_0
            testauc: -1, testacc: -1, window_testauc: -1, window_testacc: -1

Total Epoch Time: 14.91s | Train Phase: 12.37s | Valid Phase: 2.54s
Avg Batch Time: 0.5153s
------------------------------
Epoch: 46, validauc: 0.8464, validacc: 0.788, best epoch: 39, best auc: 0.8464, train loss: 0.41133371663084217, emb_type: qid, model: akt, save_dir: saved_model/akt_also_stage2_batch_tsp_20260714_022000_s2/baseline_bs128/assist2009_akt_qid_saved_model/akt_also_stage2_batch_tsp_20260714_022000_s2/baseline_bs128_42_0_0.2_256_512_8_4_0.0001_128_100_0_0_0_none_None_optimistic_1.0_None_None_0.001_0.01_None_0
            testauc: -1, testacc: -1, window_testauc: -1, window_testacc: -1

Total Epoch Time: 15.00s | Train Phase: 12.47s | Valid Phase: 2.53s
Avg Batch Time: 0.5197s
------------------------------
Epoch: 47, validauc: 0.8464, validacc: 0.788, best epoch: 39, best auc: 0.8464, train loss: 0.41118816727657204, emb_type: qid, model: akt, save_dir: saved_model/akt_also_stage2_batch_tsp_20260714_022000_s2/baseline_bs128/assist2009_akt_qid_saved_model/akt_also_stage2_batch_tsp_20260714_022000_s2/baseline_bs128_42_0_0.2_256_512_8_4_0.0001_128_100_0_0_0_none_None_optimistic_1.0_None_None_0.001_0.01_None_0
            testauc: -1, testacc: -1, window_testauc: -1, window_testacc: -1

Total Epoch Time: 15.60s | Train Phase: 13.06s | Valid Phase: 2.54s
Avg Batch Time: 0.5441s
------------------------------
Epoch: 48, validauc: 0.8464, validacc: 0.788, best epoch: 39, best auc: 0.8464, train loss: 0.40724754687864095, emb_type: qid, model: akt, save_dir: saved_model/akt_also_stage2_batch_tsp_20260714_022000_s2/baseline_bs128/assist2009_akt_qid_saved_model/akt_also_stage2_batch_tsp_20260714_022000_s2/baseline_bs128_42_0_0.2_256_512_8_4_0.0001_128_100_0_0_0_none_None_optimistic_1.0_None_None_0.001_0.01_None_0
            testauc: -1, testacc: -1, window_testauc: -1, window_testacc: -1

Total Epoch Time: 15.10s | Train Phase: 12.45s | Valid Phase: 2.64s
Avg Batch Time: 0.5189s
------------------------------
Epoch: 49, validauc: 0.8464, validacc: 0.788, best epoch: 39, best auc: 0.8464, train loss: 0.4062605520958981, emb_type: qid, model: akt, save_dir: saved_model/akt_also_stage2_batch_tsp_20260714_022000_s2/baseline_bs128/assist2009_akt_qid_saved_model/akt_also_stage2_batch_tsp_20260714_022000_s2/baseline_bs128_42_0_0.2_256_512_8_4_0.0001_128_100_0_0_0_none_None_optimistic_1.0_None_None_0.001_0.01_None_0
            testauc: -1, testacc: -1, window_testauc: -1, window_testacc: -1

Total Epoch Time: 16.49s | Train Phase: 13.76s | Valid Phase: 2.73s
Avg Batch Time: 0.5733s
------------------------------
Early stopping at epoch 49
✅ Training Finished! Total Time Cost: 759.59 s
fold	modelname	embtype	testauc	testacc	window_testauc	window_testacc	validauc	validacc	best_epoch
0	akt	qid	-1	-1	-1	-1	0.8464159117653107	0.7880170373876005	39
end:2026-07-14 03:37:04.437260

==================================================
Training completed. Starting prediction with predict_after_train=2
==================================================
--- 正在调用外部脚本 (subprocess): /root/autodl-tmp/pykt-toolkit/examples/wandb_predict_with_unbalance.py
--- 完整运行指令: /root/miniconda3/bin/python /root/autodl-tmp/pykt-toolkit/examples/wandb_predict_with_unbalance.py --bz 128 --save_dir /root/autodl-tmp/pykt-toolkit/saved_model/akt_also_stage2_batch_tsp_20260714_022000_s2/baseline_bs128/assist2009_akt_qid_saved_model/akt_also_stage2_batch_tsp_20260714_022000_s2/baseline_bs128_42_0_0.2_256_512_8_4_0.0001_128_100_0_0_0_none_None_optimistic_1.0_None_None_0.001_0.01_None_0 --use_wandb 0

libgomp: Invalid value for environment variable OMP_NUM_THREADS

libgomp: Invalid value for environment variable OMP_NUM_THREADS
Namespace(bz=128, save_dir='/root/autodl-tmp/pykt-toolkit/saved_model/akt_also_stage2_batch_tsp_20260714_022000_s2/baseline_bs128/assist2009_akt_qid_saved_model/akt_also_stage2_batch_tsp_20260714_022000_s2/baseline_bs128_42_0_0.2_256_512_8_4_0.0001_128_100_0_0_0_none_None_optimistic_1.0_None_None_0.001_0.01_None_0', fusion_type='late_fusion', use_wandb=0)
--- [Time] Start: 2026-07-14 03:37:06 ---
[DATA_PATH] dataset=assist2009 resolved_dpath=/root/autodl-tmp/pykt-toolkit/data/assist2009
model_name is akt, dataset_name is assist2009
Read data from processed file: /root/autodl-tmp/pykt-toolkit/data/assist2009/test_sequences.csv_-1.pkl
file path: /root/autodl-tmp/pykt-toolkit/data/assist2009/test_sequences.csv, qlen: 904, clen: 904, rlen: 904, uidlen: 904
Read data from processed file: /root/autodl-tmp/pykt-toolkit/data/assist2009/test_window_sequences.csv_-1.pkl
file path: /root/autodl-tmp/pykt-toolkit/data/assist2009/test_window_sequences.csv, qlen: 20362, clen: 20362, rlen: 20362, uidlen: 20362
Read data from processed file: /root/autodl-tmp/pykt-toolkit/data/assist2009/test_question_sequences.csv_-1_qtest.pkl
file path: /root/autodl-tmp/pykt-toolkit/data/assist2009/test_question_sequences.csv, qlen: 18292, clen: 18292, rlen: 18292, uidlen: 18292
Read data from processed file: /root/autodl-tmp/pykt-toolkit/data/assist2009/test_question_window_sequences.csv_-1_qtest.pkl
file path: /root/autodl-tmp/pykt-toolkit/data/assist2009/test_question_window_sequences.csv, qlen: 30610, clen: 30610, rlen: 30610, uidlen: 30610
has test_question_file!
Start predicting model: akt, embtype: qid, save_dir: /root/autodl-tmp/pykt-toolkit/saved_model/akt_also_stage2_batch_tsp_20260714_022000_s2/baseline_bs128/assist2009_akt_qid_saved_model/akt_also_stage2_batch_tsp_20260714_022000_s2/baseline_bs128_42_0_0.2_256_512_8_4_0.0001_128_100_0_0_0_none_None_optimistic_1.0_None_None_0.001_0.01_None_0, dataset_name: assist2009
--- [Time] Data Loading: 0.52s (started 03:37:06) ---
--- [Time] Model Loading: 0.23s (started 03:37:06) ---
testauc: 0.839762751438258, testacc: 0.7779949599379685
--- [Time] Basic Evaluation: 1.72s (started 03:37:07) ---
testauc: 0.839762751438258, testacc: 0.7779949599379685, window_testauc: 0.8413729374856386, window_testacc: 0.7786589297227595
--- [Time] Window Evaluation: 19.35s (started 03:37:08) ---
[DEBUG] auc: 0.7558754944345997 (type: <class 'float'>)
[DEBUG] auc: 0.7580935905171517 (type: <class 'float'>)
--- [Time] Question Evaluation: 105.70s (started 03:37:28) ---
{'testauc': 0.839762751438258, 'testacc': 0.7779949599379685, 'window_testauc': 0.8413729374856386, 'window_testacc': 0.7786589297227595, 'oriaucconcepts': 0.7558754944345997, 'oriauclate_mean': 0.7726600183160786, 'oriauclate_vote': 0.7694992710256846, 'oriauclate_all': 0.7725998328931111, 'oriaccconcepts': 0.729794542744183, 'oriacclate_mean': 0.7355417767060894, 'oriacclate_vote': 0.7347762850690857, 'oriacclate_all': 0.7355991885788647, 'windowaucconcepts': 0.7580935905171517, 'windowauclate_mean': 0.7747126370790249, 'windowauclate_vote': 0.771707863839986, 'windowauclate_all': 0.7746675682798911, 'windowaccconcepts': 0.7304547364338579, 'windowacclate_mean': 0.7363015006300355, 'windowacclate_vote': 0.735423269311543, 'windowacclate_all': 0.7364733284966971}
dres saved to /root/autodl-tmp/pykt-toolkit/saved_model/akt_also_stage2_batch_tsp_20260714_022000_s2/baseline_bs128/assist2009_akt_qid_saved_model/akt_also_stage2_batch_tsp_20260714_022000_s2/baseline_bs128_42_0_0.2_256_512_8_4_0.0001_128_100_0_0_0_none_None_optimistic_1.0_None_None_0.001_0.01_None_0/all_results.json
late_trues 的唯一值: [0 1]
late_trues 的值计数:
late_trues
1    33510
0    18868
Name: count, dtype: int64
已保存每个学生AUC → /root/autodl-tmp/pykt-toolkit/saved_model/akt_also_stage2_batch_tsp_20260714_022000_s2/baseline_bs128/assist2009_akt_qid_saved_model/akt_also_stage2_batch_tsp_20260714_022000_s2/baseline_bs128_42_0_0.2_256_512_8_4_0.0001_128_100_0_0_0_none_None_optimistic_1.0_None_None_0.001_0.01_None_0/qid_test_question_window_predictions_per_student_aucs.json
✅ 学生AUC结果已保存至: /root/autodl-tmp/pykt-toolkit/saved_model/akt_also_stage2_batch_tsp_20260714_022000_s2/baseline_bs128/assist2009_akt_qid_saved_model/akt_also_stage2_batch_tsp_20260714_022000_s2/baseline_bs128_42_0_0.2_256_512_8_4_0.0001_128_100_0_0_0_none_None_optimistic_1.0_None_None_0.001_0.01_None_0/student_auc_output.csv
📊 总体统计指标: {
    "overall_dataset_auc": 0.7550637737784238,
    "student_stats_mean": 0.614480334344305,
    "student_stats_std": 0.20310340772441124,
    "student_stats_max": 1.0,
    "student_stats_min": 0.0,
    "student_stats_range": 1.0,
    "student_stats_epi": 3.02545556093321,
    "student_stats_gini_coefficient": 0.17843503813059386,
    "student_stats_average_auc": 0.614480334344305,
    "student_stats_eawi_alpha_10": 0.5048355124550788,
    "student_stats_eawi_alpha_20": 0.41475516854047895,
    "student_stats_eawi_alpha_30": 0.3407483142270977,
    "student_stats_iqr": 0.24706156972592963,
    "student_stats_q1": 0.5,
    "student_stats_q3": 0.7470615697259296
}
✅ 总体统计结果已保存至: /root/autodl-tmp/pykt-toolkit/saved_model/akt_also_stage2_batch_tsp_20260714_022000_s2/baseline_bs128/assist2009_akt_qid_saved_model/akt_also_stage2_batch_tsp_20260714_022000_s2/baseline_bs128_42_0_0.2_256_512_8_4_0.0001_128_100_0_0_0_none_None_optimistic_1.0_None_None_0.001_0.01_None_0/overall_stats_output.json
--- [Time] Fairness Calculation: 2.07s (started 03:39:13) ---
------------------------------
Total Prediction Time: 129.58s (end 2026-07-14 03:39:15)
------------------------------
Prediction completed successfully!
--- 外部脚本执行完毕 ---
Training and prediction process completed at: 2026-07-14 03:39:16.316582
✅ 运行历史状态已更新为成功 (ID: 20f3ef6e-cc94-4618-b926-c0c7a13b856b)
💡 正在执行最终资源清理...
💡 CUDA 缓存已释放。
