
libgomp: Invalid value for environment variable OMP_NUM_THREADS

libgomp: Invalid value for environment variable OMP_NUM_THREADS
✅ 初始运行记录已写入: saved_model/akt_also_stage3_pi_decay_tsp_20260714_022000_s3/pidecay1e1_bs64/run_history.txt (ID: 1f8bef2b-a49e-44b0-bc50-6938f2f3456c)
✅ 参数已保存至: saved_model/akt_also_stage3_pi_decay_tsp_20260714_022000_s3/pidecay1e1_bs64/saved_params_akt.json
✅ 参数已保存至: saved_model/akt_also_stage3_pi_decay_tsp_20260714_022000_s3/pidecay1e1_bs64/saved_params_akt.json
2026-07-14 03:55:46 - main - said: load config files.
[DATA_PATH] dataset=assist2009 resolved_dpath=/root/autodl-tmp/pykt-toolkit/data/assist2009
assist2009 akt {'assist2015': {'dpath': '../data/assist2015', 'num_q': 0, 'num_c': 100, 'input_type': ['concepts'], 'max_concepts': 1, 'min_seq_len': 3, 'maxlen': 200, 'emb_path': '', 'train_valid_original_file': 'train_valid.csv', 'train_valid_file': 'train_valid_sequences.csv', 'folds': [0, 1, 2, 3, 4], 'test_original_file': 'test.csv', 'test_file': 'test_sequences.csv', 'test_window_file': 'test_window_sequences.csv', 'train_valid_original_file_quelevel': 'train_valid_quelevel.csv', 'train_valid_file_quelevel': 'train_valid_sequences_quelevel.csv', 'test_file_quelevel': 'test_sequences_quelevel.csv', 'test_window_file_quelevel': 'test_window_sequences_quelevel.csv', 'test_original_file_quelevel': 'test_quelevel.csv'}, 'algebra2005': {'dpath': '../data/algebra2005', 'num_q': 173113, 'num_c': 112, 'input_type': ['questions', 'concepts'], 'max_concepts': 7, 'min_seq_len': 3, 'maxlen': 200, 'emb_path': '', 'train_valid_original_file': 'train_valid.csv', 'train_valid_file': 'train_valid_sequences.csv', 'folds': [0, 1, 2, 3, 4], 'test_original_file': 'test.csv', 'test_file': 'test_sequences.csv', 'test_window_file': 'test_window_sequences.csv', 'test_question_file': 'test_question_sequences.csv', 'test_question_window_file': 'test_question_window_sequences.csv', 'train_valid_original_file_quelevel': 'train_valid_quelevel.csv', 'train_valid_file_quelevel': 'train_valid_sequences_quelevel.csv', 'test_file_quelevel': 'test_sequences_quelevel.csv', 'test_window_file_quelevel': 'test_window_sequences_quelevel.csv', 'test_original_file_quelevel': 'test_quelevel.csv', 'students_num_train': 460, 'students_num_eval': 114}, 'assist2009': {'dpath': '/root/autodl-tmp/pykt-toolkit/data/assist2009', 'num_q': 17737, 'num_c': 123, 'input_type': ['questions', 'concepts'], 'max_concepts': 4, 'min_seq_len': 3, 'maxlen': 200, 'emb_path': '', 'train_valid_original_file': 'train_valid.csv', 'train_valid_file': 'train_valid_sequences.csv', 'folds': [0, 1, 2, 3, 4], 'test_original_file': 'test.csv', 'test_file': 'test_sequences.csv', 'test_window_file': 'test_window_sequences.csv', 'test_question_file': 'test_question_sequences.csv', 'test_question_window_file': 'test_question_window_sequences.csv', 'train_valid_original_file_quelevel': 'train_valid_quelevel.csv', 'train_valid_file_quelevel': 'train_valid_sequences_quelevel.csv', 'test_file_quelevel': 'test_sequences_quelevel.csv', 'test_window_file_quelevel': 'test_window_sequences_quelevel.csv', 'test_original_file_quelevel': 'test_quelevel.csv', 'students_num_eval': 770, 'global_question_stats_file': 'global_question_stats.csv', 'global_concept_stats_file': 'global_concept_stats.csv', 'total_questions_low_interval_file': 'total_questions_low_interval.csv', 'total_questions_medium_interval_file': 'total_questions_medium_interval.csv', 'total_questions_high_interval_file': 'total_questions_high_interval.csv', 'overall_accuracy_low_interval_file': 'overall_accuracy_low_interval.csv', 'overall_accuracy_medium_interval_file': 'overall_accuracy_medium_interval.csv', 'overall_accuracy_high_interval_file': 'overall_accuracy_high_interval.csv', 'accuracy_range_low_interval_file': 'accuracy_range_low_interval.csv', 'accuracy_range_medium_interval_file': 'accuracy_range_medium_interval.csv', 'accuracy_range_high_interval_file': 'accuracy_range_high_interval.csv', 'accuracy_variance_low_interval_file': 'accuracy_variance_low_interval.csv', 'accuracy_variance_medium_interval_file': 'accuracy_variance_medium_interval.csv', 'accuracy_variance_high_interval_file': 'accuracy_variance_high_interval.csv', 'questions_range_low_interval_file': 'questions_range_low_interval.csv', 'questions_range_medium_interval_file': 'questions_range_medium_interval.csv', 'questions_range_high_interval_file': 'questions_range_high_interval.csv', 'students_num_train': 3082}, 'slepemapy': {'dpath': '../data/slepemapy', 'num_q': 2913, 'num_c': 1458, 'input_type': ['questions', 'concepts'], 'emb_path': '', 'train_valid_original_file': 'train_valid.csv', 'train_valid_file': 'train_valid_sequences.csv', 'folds': [0, 1, 2, 3, 4], 'test_original_file': 'test.csv', 'test_file': 'test_sequences.csv', 'test_window_file': 'test_window_sequences.csv', 'test_question_file': 'test_question_sequences.csv', 'test_question_window_file': 'test_question_window_sequences.csv'}, 'assist2017': {'dpath': '../data/assist2017', 'num_q': 3162, 'num_c': 102, 'input_type': ['questions', 'concepts'], 'min_seq_len': 3, 'maxlen': 500, 'emb_path': '', 'train_valid_original_file': 'train_valid.csv', 'train_valid_file': 'train_valid_sequences.csv', 'folds': [0, 1, 2, 3, 4], 'test_original_file': 'test.csv', 'test_file': 'test_sequences.csv', 'test_window_file': 'test_window_sequences.csv', 'test_question_file': 'test_question_sequences.csv', 'test_question_window_file': 'test_question_window_sequences.csv'}, 'assist2012': {'dpath': '../data/assist2012', 'num_q': 53070, 'num_c': 265, 'input_type': ['questions', 'concepts'], 'emb_path': '', 'train_valid_original_file': 'train_valid.csv', 'train_valid_file': 'train_valid_sequences.csv', 'folds': [0, 1, 2, 3, 4], 'test_original_file': 'test.csv', 'test_file': 'test_sequences.csv', 'test_window_file': 'test_window_sequences.csv', 'test_question_file': 'test_question_sequences.csv', 'test_question_window_file': 'test_question_window_sequences.csv'}, 'statics2011': {'dpath': '../data/statics2011', 'num_q': 0, 'num_c': 1223, 'input_type': ['concepts'], 'max_concepts': 1, 'min_seq_len': 3, 'maxlen': 200, 'emb_path': '', 'train_valid_original_file': 'train_valid.csv', 'train_valid_file': 'train_valid_sequences.csv', 'folds': [0, 1, 2, 3, 4], 'test_original_file': 'test.csv', 'test_file': 'test_sequences.csv', 'test_window_file': 'test_window_sequences.csv', 'train_valid_original_file_quelevel': 'train_valid_quelevel.csv', 'train_valid_file_quelevel': 'train_valid_sequences_quelevel.csv', 'test_file_quelevel': 'test_sequences_quelevel.csv', 'test_window_file_quelevel': 'test_window_sequences_quelevel.csv', 'test_original_file_quelevel': 'test_quelevel.csv'}, 'junyi2015': {'dpath': '../data/junyi2015', 'num_q': 721, 'num_c': 39, 'input_type': ['questions', 'concepts'], 'max_concepts': 1, 'min_seq_len': 3, 'maxlen': 200, 'emb_path': '', 'train_valid_original_file': 'train_valid.csv', 'train_valid_file': 'train_valid_sequences.csv', 'folds': [0, 1, 2, 3, 4], 'test_original_file': 'test.csv', 'test_file': 'test_sequences.csv', 'test_window_file': 'test_window_sequences.csv', 'test_question_file': 'test_question_sequences.csv', 'test_question_window_file': 'test_question_window_sequences.csv'}, 'bridge2algebra2006': {'dpath': '../data/bridge2algebra2006', 'num_q': 129263, 'num_c': 493, 'input_type': ['questions', 'concepts'], 'max_concepts': 5, 'min_seq_len': 3, 'maxlen': 200, 'emb_path': '', 'train_valid_original_file': 'train_valid.csv', 'train_valid_file': 'train_valid_sequences.csv', 'folds': [0, 1, 2, 3, 4], 'test_original_file': 'test.csv', 'test_file': 'test_sequences.csv', 'test_window_file': 'test_window_sequences.csv', 'test_question_file': 'test_question_sequences.csv', 'test_question_window_file': 'test_question_window_sequences.csv', 'train_valid_original_file_quelevel': 'train_valid_quelevel.csv', 'train_valid_file_quelevel': 'train_valid_sequences_quelevel.csv', 'test_file_quelevel': 'test_sequences_quelevel.csv', 'test_window_file_quelevel': 'test_window_sequences_quelevel.csv', 'test_original_file_quelevel': 'test_quelevel.csv', 'students_num_train': 916, 'students_num_eval': 229, 'global_question_stats_file': 'global_question_stats.csv', 'global_concept_stats_file': 'global_concept_stats.csv', 'total_questions_low_interval_file': 'total_questions_low_interval.csv', 'total_questions_medium_interval_file': 'total_questions_medium_interval.csv', 'total_questions_high_interval_file': 'total_questions_high_interval.csv', 'overall_accuracy_low_interval_file': 'overall_accuracy_low_interval.csv', 'overall_accuracy_medium_interval_file': 'overall_accuracy_medium_interval.csv', 'overall_accuracy_high_interval_file': 'overall_accuracy_high_interval.csv', 'accuracy_range_low_interval_file': 'accuracy_range_low_interval.csv', 'accuracy_range_medium_interval_file': 'accuracy_range_medium_interval.csv', 'accuracy_range_high_interval_file': 'accuracy_range_high_interval.csv', 'accuracy_variance_low_interval_file': 'accuracy_variance_low_interval.csv', 'accuracy_variance_medium_interval_file': 'accuracy_variance_medium_interval.csv', 'accuracy_variance_high_interval_file': 'accuracy_variance_high_interval.csv', 'questions_range_low_interval_file': 'questions_range_low_interval.csv', 'questions_range_medium_interval_file': 'questions_range_medium_interval.csv', 'questions_range_high_interval_file': 'questions_range_high_interval.csv'}, 'ednet': {'dpath': '../data/ednet', 'num_q': 11901, 'num_c': 188, 'input_type': ['questions', 'concepts'], 'max_concepts': 7, 'min_seq_len': 3, 'maxlen': 200, 'emb_path': '', 'train_valid_original_file': 'train_valid.csv', 'train_valid_file': 'train_valid_sequences.csv', 'folds': [0, 1, 2, 3, 4], 'test_original_file': 'test.csv', 'test_file': 'test_sequences.csv', 'test_window_file': 'test_window_sequences.csv', 'test_question_file': 'test_question_sequences.csv', 'test_question_window_file': 'test_question_window_sequences.csv', 'train_valid_original_file_quelevel': 'train_valid_quelevel.csv', 'train_valid_file_quelevel': 'train_valid_sequences_quelevel.csv', 'test_file_quelevel': 'test_sequences_quelevel.csv', 'test_window_file_quelevel': 'test_window_sequences_quelevel.csv', 'test_original_file_quelevel': 'test_quelevel.csv'}, 'nips_task34': {'dpath': '../data/nips_task34', 'num_q': 948, 'num_c': 57, 'students_num_eval': 983, 'students_num_train': 3935, 'input_type': ['questions', 'concepts'], 'max_concepts': 2, 'min_seq_len': 3, 'maxlen': 200, 'emb_path': '', 'train_valid_original_file': 'train_valid.csv', 'train_valid_file': 'train_valid_sequences.csv', 'folds': [0, 1, 2, 3, 4], 'test_original_file': 'test.csv', 'test_file': 'test_sequences.csv', 'test_window_file': 'test_window_sequences.csv', 'test_question_file': 'test_question_sequences.csv', 'test_question_window_file': 'test_question_window_sequences.csv', 'train_valid_original_file_quelevel': 'train_valid_quelevel.csv', 'train_valid_file_quelevel': 'train_valid_sequences_quelevel.csv', 'test_file_quelevel': 'test_sequences_quelevel.csv', 'test_window_file_quelevel': 'test_window_sequences_quelevel.csv', 'test_original_file_quelevel': 'test_quelevel.csv', 'global_question_stats_file': 'global_question_stats.csv', 'global_concept_stats_file': 'global_concept_stats.csv', 'student_summary_file': 'student_summary.csv', 'total_questions_low_interval_file': 'total_questions_low_interval.csv', 'total_questions_medium_interval_file': 'total_questions_medium_interval.csv', 'total_questions_high_interval_file': 'total_questions_high_interval.csv', 'overall_accuracy_low_interval_file': 'overall_accuracy_low_interval.csv', 'overall_accuracy_medium_interval_file': 'overall_accuracy_medium_interval.csv', 'overall_accuracy_high_interval_file': 'overall_accuracy_high_interval.csv', 'accuracy_range_low_interval_file': 'accuracy_range_low_interval.csv', 'accuracy_range_medium_interval_file': 'accuracy_range_medium_interval.csv', 'accuracy_range_high_interval_file': 'accuracy_range_high_interval.csv', 'accuracy_variance_low_interval_file': 'accuracy_variance_low_interval.csv', 'accuracy_variance_medium_interval_file': 'accuracy_variance_medium_interval.csv', 'accuracy_variance_high_interval_file': 'accuracy_variance_high_interval.csv', 'questions_range_low_interval_file': 'questions_range_low_interval.csv', 'questions_range_medium_interval_file': 'questions_range_medium_interval.csv', 'questions_range_high_interval_file': 'questions_range_high_interval.csv', 'seq_len_10000_students_num_eval': 23, 'seq_len_20000_students_num_eval': 38, 'seq_len_30000_students_num_eval': 37, 'seq_len_18000_students_num_eval': 16, 'seq_len_22000_students_num_eval': 47}, 'poj': {'dpath': '../data/poj', 'num_q': 0, 'num_c': 2748, 'input_type': ['concepts'], 'max_concepts': 1, 'min_seq_len': 3, 'maxlen': 200, 'emb_path': '', 'train_valid_original_file': 'train_valid.csv', 'train_valid_file': 'train_valid_sequences.csv', 'folds': [0, 1, 2, 3, 4], 'test_original_file': 'test.csv', 'test_file': 'test_sequences.csv', 'test_window_file': 'test_window_sequences.csv', 'train_valid_original_file_quelevel': 'train_valid_quelevel.csv', 'train_valid_file_quelevel': 'train_valid_sequences_quelevel.csv', 'test_file_quelevel': 'test_sequences_quelevel.csv', 'test_window_file_quelevel': 'test_window_sequences_quelevel.csv', 'test_original_file_quelevel': 'test_quelevel.csv'}, 'peiyou': {'dpath': '../data/peiyou', 'num_q': 7652, 'num_c': 865, 'input_type': ['questions', 'concepts'], 'max_concepts': 6, 'min_seq_len': 3, 'maxlen': 200, 'emb_path': '', 'train_valid_file': 'train_valid_sequences.csv', 'folds': [0, 1, 2, 3, 4], 'students_num_eval': 0, 'train_valid_original_file': 'train_valid.csv', 'test_original_file': 'test.csv', 'test_file': 'test_sequences.csv', 'test_window_file': 'test_window_sequences.csv', 'test_question_file': 'test_question_sequences.csv', 'test_question_window_file': 'test_question_window_sequences.csv', 'train_valid_original_file_quelevel': 'train_valid_quelevel.csv', 'train_valid_file_quelevel': 'train_valid_sequences_quelevel.csv', 'test_file_quelevel': 'test_sequences_quelevel.csv', 'test_window_file_quelevel': 'test_window_sequences_quelevel.csv', 'test_original_file_quelevel': 'test_quelevel.csv', 'students_num_train': 14453, 'global_question_stats_file': 'global_question_stats.csv', 'global_concept_stats_file': 'global_concept_stats.csv', 'seq_len_500_students_num_eval': 0, 'seq_len_300_students_num_eval': 0, 'seq_len_400_students_num_eval': 0}, 'ednet5w': {'dpath': '../data/ednet5w', 'num_q': 12235, 'num_c': 188, 'input_type': ['questions', 'concepts'], 'max_concepts': 7, 'min_seq_len': 3, 'maxlen': 200, 'emb_path': '', 'train_valid_original_file': 'train_valid.csv', 'train_valid_file': 'train_valid_sequences.csv', 'folds': [0, 1, 2, 3, 4], 'test_original_file': 'test.csv', 'test_file': 'test_sequences.csv', 'test_window_file': 'test_window_sequences.csv', 'test_question_file': 'test_question_sequences.csv', 'test_question_window_file': 'test_question_window_sequences.csv', 'train_valid_original_file_quelevel': 'train_valid_quelevel.csv', 'train_valid_file_quelevel': 'train_valid_sequences_quelevel.csv', 'test_file_quelevel': 'test_sequences_quelevel.csv', 'test_window_file_quelevel': 'test_window_sequences_quelevel.csv', 'test_original_file_quelevel': 'test_quelevel.csv'}, 'pretrain': {'dpath': '../data/pretrain', 'num_q': 340614, 'num_c': 1838, 'input_type': ['questions', 'concepts'], 'max_concepts': 7, 'min_seq_len': 3, 'maxlen': 1024, 'emb_path': '', 'train_valid_original_file': 'train_valid.csv', 'train_valid_file': 'train_valid_sequences.csv', 'folds': [0, 1, 2, 3, 4], 'test_original_file': 'test.csv', 'test_file': 'test_sequences.csv', 'test_window_file': 'test_window_sequences.csv', 'test_question_file': 'test_question_sequences.csv', 'test_question_window_file': 'test_question_window_sequences.csv', 'train_valid_original_file_quelevel': 'train_valid_quelevel.csv', 'train_valid_file_quelevel': 'train_valid_sequences_quelevel_200.csv', 'test_file_quelevel': 'test_sequences_quelevel.csv', 'test_window_file_quelevel': 'test_window_sequences_quelevel.csv', 'test_original_file_quelevel': 'test_quelevel.csv'}, 'assist2009Anips_task34Abridge2algebra2006': {'dpath': '../data/assist2009Anips_task34Abridge2algebra2006', 'num_q': 147948, 'num_c': 673, 'input_type': ['concepts', 'questions'], 'max_concepts': 5, 'min_seq_len': 3, 'maxlen': 200, 'emb_path': '', 'train_valid_original_file': 'train_valid.csv', 'train_valid_file': 'train_valid_sequences.csv', 'folds': [0, 1, 2, 3, 4], 'test_original_file': 'test.csv', 'test_file': 'test_sequences.csv', 'test_window_file': 'test_window_sequences.csv', 'test_question_file': 'test_question_sequences.csv', 'test_question_window_file': 'test_question_window_sequences.csv', 'train_valid_original_file_quelevel': 'train_valid_quelevel.csv', 'train_valid_file_quelevel': 'train_valid_sequences_quelevel.csv', 'test_file_quelevel': 'test_sequences_quelevel.csv', 'test_window_file_quelevel': 'test_window_sequences_quelevel.csv', 'test_original_file_quelevel': 'test_quelevel.csv', 'students_num_eval': 770, 'global_question_stats_file': 'global_question_stats.csv', 'global_concept_stats_file': 'global_concept_stats.csv', 'total_questions_low_interval_file': 'total_questions_low_interval.csv', 'total_questions_medium_interval_file': 'total_questions_medium_interval.csv', 'total_questions_high_interval_file': 'total_questions_high_interval.csv', 'overall_accuracy_low_interval_file': 'overall_accuracy_low_interval.csv', 'overall_accuracy_medium_interval_file': 'overall_accuracy_medium_interval.csv', 'overall_accuracy_high_interval_file': 'overall_accuracy_high_interval.csv', 'accuracy_range_low_interval_file': 'accuracy_range_low_interval.csv', 'accuracy_range_medium_interval_file': 'accuracy_range_medium_interval.csv', 'accuracy_range_high_interval_file': 'accuracy_range_high_interval.csv', 'accuracy_variance_low_interval_file': 'accuracy_variance_low_interval.csv', 'accuracy_variance_medium_interval_file': 'accuracy_variance_medium_interval.csv', 'accuracy_variance_high_interval_file': 'accuracy_variance_high_interval.csv', 'questions_range_low_interval_file': 'questions_range_low_interval.csv', 'questions_range_medium_interval_file': 'questions_range_medium_interval.csv', 'questions_range_high_interval_file': 'questions_range_high_interval.csv', 'students_num_train': 7933}, 'peiyouAnips_task34Abridge2algebra2006': {'dpath': '../data/peiyouAnips_task34Abridge2algebra2006', 'num_q': 137863, 'num_c': 1415, 'input_type': ['questions', 'concepts'], 'max_concepts': 6, 'min_seq_len': 3, 'maxlen': 200, 'emb_path': '', 'train_valid_file': 'train_valid_sequences.csv', 'folds': [0, 1, 2, 3, 4], 'train_valid_original_file': 'train_valid.csv', 'test_original_file': 'test.csv', 'test_file': 'test_sequences.csv', 'test_window_file': 'test_window_sequences.csv', 'test_question_file': 'test_question_sequences.csv', 'test_question_window_file': 'test_question_window_sequences.csv', 'train_valid_original_file_quelevel': 'train_valid_quelevel.csv', 'train_valid_file_quelevel': 'train_valid_sequences_quelevel.csv', 'test_file_quelevel': 'test_sequences_quelevel.csv', 'test_window_file_quelevel': 'test_window_sequences_quelevel.csv', 'test_original_file_quelevel': 'test_quelevel.csv', 'students_num_eval': 983, 'global_question_stats_file': 'global_question_stats.csv', 'global_concept_stats_file': 'global_concept_stats.csv', 'student_summary_file': 'student_summary.csv', 'total_questions_low_interval_file': 'total_questions_low_interval.csv', 'total_questions_medium_interval_file': 'total_questions_medium_interval.csv', 'total_questions_high_interval_file': 'total_questions_high_interval.csv', 'overall_accuracy_low_interval_file': 'overall_accuracy_low_interval.csv', 'overall_accuracy_medium_interval_file': 'overall_accuracy_medium_interval.csv', 'overall_accuracy_high_interval_file': 'overall_accuracy_high_interval.csv', 'accuracy_range_low_interval_file': 'accuracy_range_low_interval.csv', 'accuracy_range_medium_interval_file': 'accuracy_range_medium_interval.csv', 'accuracy_range_high_interval_file': 'accuracy_range_high_interval.csv', 'accuracy_variance_low_interval_file': 'accuracy_variance_low_interval.csv', 'accuracy_variance_medium_interval_file': 'accuracy_variance_medium_interval.csv', 'accuracy_variance_high_interval_file': 'accuracy_variance_high_interval.csv', 'questions_range_low_interval_file': 'questions_range_low_interval.csv', 'questions_range_medium_interval_file': 'questions_range_medium_interval.csv', 'questions_range_high_interval_file': 'questions_range_high_interval.csv', 'students_num_train': 15181}} 0 64
2026-07-14 03:55:46 - main - said: init_dataset
Read data from processed file: /root/autodl-tmp/pykt-toolkit/data/assist2009/train_valid_sequences.csv_0.pkl
file path: /root/autodl-tmp/pykt-toolkit/data/assist2009/train_valid_sequences.csv, qlen: 741, clen: 741, rlen: 741, uidlen: 741
Read data from processed file: /root/autodl-tmp/pykt-toolkit/data/assist2009/train_valid_sequences.csv_1_2_3_4.pkl
file path: /root/autodl-tmp/pykt-toolkit/data/assist2009/train_valid_sequences.csv, qlen: 3016, clen: 3016, rlen: 3016, uidlen: 3016
params: {'dataset_name': 'assist2009', 'model_name': 'akt', 'emb_type': 'qid', 'save_dir': 'saved_model/akt_also_stage3_pi_decay_tsp_20260714_022000_s3/pidecay1e1_bs64', 'seed': 42, 'fold': 0, 'dropout': 0.2, 'd_model': 256, 'd_ff': 512, 'num_attn_heads': 8, 'n_blocks': 4, 'learning_rate': 0.0001, 'batch_size': 64, 'num_epochs': 100, 'use_wandb': 0, 'use_trained': 0, 'use_also': 1, 'also_grouping_mode': 'student_id', 'also_n_groups': None, 'also_mode': 'optimistic', 'also_alpha': 1.0, 'also_lr': None, 'also_weight_decay': None, 'also_pi_lr': 0.0001, 'also_pi_decay': 0.1, 'also_loss_scale': None, 'add_uuid': 0}, params_str: assist2009_akt_qid_saved_model/akt_also_stage3_pi_decay_tsp_20260714_022000_s3/pidecay1e1_bs64_42_0_0.2_256_512_8_4_0.0001_64_100_0_0_1_student_id_None_optimistic_1.0_None_None_0.0001_0.1_None_0
Start training model: akt, embtype: qid, save_dir: saved_model/akt_also_stage3_pi_decay_tsp_20260714_022000_s3/pidecay1e1_bs64/assist2009_akt_qid_saved_model/akt_also_stage3_pi_decay_tsp_20260714_022000_s3/pidecay1e1_bs64_42_0_0.2_256_512_8_4_0.0001_64_100_0_0_1_student_id_None_optimistic_1.0_None_None_0.0001_0.1_None_0, dataset_name: assist2009
model_config: {'dropout': 0.2, 'd_model': 256, 'd_ff': 512, 'num_attn_heads': 8, 'n_blocks': 4, 'learning_rate': 0.0001}
train_config: {'batch_size': 64, 'num_epochs': 100, 'optimizer': 'adam', 'seq_len': 200}
2026-07-14 03:55:46 - main - said: init_model
[PARAM_COUNT] model=akt emb_type=qid dataset=assist2009 trainable=6,074,795 total=6,074,795
2026-07-14 03:55:47 - main - said: train model
ALSO enabled with grouping_mode=student_id
ALSO student groups initialized from the training fold: n_groups=2465, sequences/student=[1, 7]
未找到预训练模型文件，将从头开始训练。
ALSO initialized with n_groups=2465 for grouping_mode=student_id
Epoch: 1, validauc: 0.7497, validacc: 0.7306, best epoch: 1, best auc: 0.7497, train loss: 18.72829590320812, emb_type: qid, model: akt, save_dir: saved_model/akt_also_stage3_pi_decay_tsp_20260714_022000_s3/pidecay1e1_bs64/assist2009_akt_qid_saved_model/akt_also_stage3_pi_decay_tsp_20260714_022000_s3/pidecay1e1_bs64_42_0_0.2_256_512_8_4_0.0001_64_100_0_0_1_student_id_None_optimistic_1.0_None_None_0.0001_0.1_None_0
            testauc: -1, testacc: -1, window_testauc: -1, window_testacc: -1

Total Epoch Time: 109.17s | Train Phase: 93.48s | Valid Phase: 15.59s
Avg Batch Time: 1.9475s
------------------------------
Epoch: 2, validauc: 0.7685, validacc: 0.7443, best epoch: 2, best auc: 0.7685, train loss: 17.56740493593564, emb_type: qid, model: akt, save_dir: saved_model/akt_also_stage3_pi_decay_tsp_20260714_022000_s3/pidecay1e1_bs64/assist2009_akt_qid_saved_model/akt_also_stage3_pi_decay_tsp_20260714_022000_s3/pidecay1e1_bs64_42_0_0.2_256_512_8_4_0.0001_64_100_0_0_1_student_id_None_optimistic_1.0_None_None_0.0001_0.1_None_0
            testauc: -1, testacc: -1, window_testauc: -1, window_testacc: -1

Total Epoch Time: 110.99s | Train Phase: 93.38s | Valid Phase: 17.20s
Avg Batch Time: 1.9455s
------------------------------
Epoch: 3, validauc: 0.7806, validacc: 0.751, best epoch: 3, best auc: 0.7806, train loss: 17.11446335899131, emb_type: qid, model: akt, save_dir: saved_model/akt_also_stage3_pi_decay_tsp_20260714_022000_s3/pidecay1e1_bs64/assist2009_akt_qid_saved_model/akt_also_stage3_pi_decay_tsp_20260714_022000_s3/pidecay1e1_bs64_42_0_0.2_256_512_8_4_0.0001_64_100_0_0_1_student_id_None_optimistic_1.0_None_None_0.0001_0.1_None_0
            testauc: -1, testacc: -1, window_testauc: -1, window_testacc: -1

Total Epoch Time: 123.12s | Train Phase: 102.79s | Valid Phase: 19.91s
Avg Batch Time: 2.1416s
------------------------------
Epoch: 4, validauc: 0.7885, validacc: 0.7552, best epoch: 4, best auc: 0.7885, train loss: 16.833270873438522, emb_type: qid, model: akt, save_dir: saved_model/akt_also_stage3_pi_decay_tsp_20260714_022000_s3/pidecay1e1_bs64/assist2009_akt_qid_saved_model/akt_also_stage3_pi_decay_tsp_20260714_022000_s3/pidecay1e1_bs64_42_0_0.2_256_512_8_4_0.0001_64_100_0_0_1_student_id_None_optimistic_1.0_None_None_0.0001_0.1_None_0
            testauc: -1, testacc: -1, window_testauc: -1, window_testacc: -1

Total Epoch Time: 116.99s | Train Phase: 94.70s | Valid Phase: 22.10s
Avg Batch Time: 1.9728s
------------------------------
Epoch: 5, validauc: 0.7931, validacc: 0.759, best epoch: 5, best auc: 0.7931, train loss: 16.64136843830489, emb_type: qid, model: akt, save_dir: saved_model/akt_also_stage3_pi_decay_tsp_20260714_022000_s3/pidecay1e1_bs64/assist2009_akt_qid_saved_model/akt_also_stage3_pi_decay_tsp_20260714_022000_s3/pidecay1e1_bs64_42_0_0.2_256_512_8_4_0.0001_64_100_0_0_1_student_id_None_optimistic_1.0_None_None_0.0001_0.1_None_0
            testauc: -1, testacc: -1, window_testauc: -1, window_testacc: -1

Total Epoch Time: 112.88s | Train Phase: 97.81s | Valid Phase: 14.70s
Avg Batch Time: 2.0377s
------------------------------
Epoch: 6, validauc: 0.7961, validacc: 0.7608, best epoch: 6, best auc: 0.7961, train loss: 16.46920600455149, emb_type: qid, model: akt, save_dir: saved_model/akt_also_stage3_pi_decay_tsp_20260714_022000_s3/pidecay1e1_bs64/assist2009_akt_qid_saved_model/akt_also_stage3_pi_decay_tsp_20260714_022000_s3/pidecay1e1_bs64_42_0_0.2_256_512_8_4_0.0001_64_100_0_0_1_student_id_None_optimistic_1.0_None_None_0.0001_0.1_None_0
            testauc: -1, testacc: -1, window_testauc: -1, window_testacc: -1

Total Epoch Time: 112.53s | Train Phase: 99.07s | Valid Phase: 13.15s
Avg Batch Time: 2.0640s
------------------------------
Epoch: 7, validauc: 0.7996, validacc: 0.7632, best epoch: 7, best auc: 0.7996, train loss: 16.362877024540015, emb_type: qid, model: akt, save_dir: saved_model/akt_also_stage3_pi_decay_tsp_20260714_022000_s3/pidecay1e1_bs64/assist2009_akt_qid_saved_model/akt_also_stage3_pi_decay_tsp_20260714_022000_s3/pidecay1e1_bs64_42_0_0.2_256_512_8_4_0.0001_64_100_0_0_1_student_id_None_optimistic_1.0_None_None_0.0001_0.1_None_0
            testauc: -1, testacc: -1, window_testauc: -1, window_testacc: -1

Total Epoch Time: 117.38s | Train Phase: 106.54s | Valid Phase: 10.63s
Avg Batch Time: 2.2196s
------------------------------
Epoch: 8, validauc: 0.8013, validacc: 0.7643, best epoch: 8, best auc: 0.8013, train loss: 16.234205408852098, emb_type: qid, model: akt, save_dir: saved_model/akt_also_stage3_pi_decay_tsp_20260714_022000_s3/pidecay1e1_bs64/assist2009_akt_qid_saved_model/akt_also_stage3_pi_decay_tsp_20260714_022000_s3/pidecay1e1_bs64_42_0_0.2_256_512_8_4_0.0001_64_100_0_0_1_student_id_None_optimistic_1.0_None_None_0.0001_0.1_None_0
            testauc: -1, testacc: -1, window_testauc: -1, window_testacc: -1

Total Epoch Time: 106.39s | Train Phase: 93.74s | Valid Phase: 12.45s
Avg Batch Time: 1.9529s
------------------------------
Epoch: 9, validauc: 0.8026, validacc: 0.7646, best epoch: 9, best auc: 0.8026, train loss: 16.15915371943407, emb_type: qid, model: akt, save_dir: saved_model/akt_also_stage3_pi_decay_tsp_20260714_022000_s3/pidecay1e1_bs64/assist2009_akt_qid_saved_model/akt_also_stage3_pi_decay_tsp_20260714_022000_s3/pidecay1e1_bs64_42_0_0.2_256_512_8_4_0.0001_64_100_0_0_1_student_id_None_optimistic_1.0_None_None_0.0001_0.1_None_0
            testauc: -1, testacc: -1, window_testauc: -1, window_testacc: -1

Total Epoch Time: 111.84s | Train Phase: 101.01s | Valid Phase: 10.60s
Avg Batch Time: 2.1044s
------------------------------
Epoch: 10, validauc: 0.805, validacc: 0.7659, best epoch: 10, best auc: 0.805, train loss: 16.06408827383376, emb_type: qid, model: akt, save_dir: saved_model/akt_also_stage3_pi_decay_tsp_20260714_022000_s3/pidecay1e1_bs64/assist2009_akt_qid_saved_model/akt_also_stage3_pi_decay_tsp_20260714_022000_s3/pidecay1e1_bs64_42_0_0.2_256_512_8_4_0.0001_64_100_0_0_1_student_id_None_optimistic_1.0_None_None_0.0001_0.1_None_0
            testauc: -1, testacc: -1, window_testauc: -1, window_testacc: -1

Total Epoch Time: 107.05s | Train Phase: 95.97s | Valid Phase: 10.81s
Avg Batch Time: 1.9994s
------------------------------
Epoch: 11, validauc: 0.8063, validacc: 0.7667, best epoch: 11, best auc: 0.8063, train loss: 16.019243915627367, emb_type: qid, model: akt, save_dir: saved_model/akt_also_stage3_pi_decay_tsp_20260714_022000_s3/pidecay1e1_bs64/assist2009_akt_qid_saved_model/akt_also_stage3_pi_decay_tsp_20260714_022000_s3/pidecay1e1_bs64_42_0_0.2_256_512_8_4_0.0001_64_100_0_0_1_student_id_None_optimistic_1.0_None_None_0.0001_0.1_None_0
            testauc: -1, testacc: -1, window_testauc: -1, window_testacc: -1

Total Epoch Time: 103.97s | Train Phase: 91.40s | Valid Phase: 12.40s
Avg Batch Time: 1.9043s
------------------------------
Epoch: 12, validauc: 0.8063, validacc: 0.7667, best epoch: 11, best auc: 0.8063, train loss: 15.969439193387858, emb_type: qid, model: akt, save_dir: saved_model/akt_also_stage3_pi_decay_tsp_20260714_022000_s3/pidecay1e1_bs64/assist2009_akt_qid_saved_model/akt_also_stage3_pi_decay_tsp_20260714_022000_s3/pidecay1e1_bs64_42_0_0.2_256_512_8_4_0.0001_64_100_0_0_1_student_id_None_optimistic_1.0_None_None_0.0001_0.1_None_0
            testauc: -1, testacc: -1, window_testauc: -1, window_testacc: -1

Total Epoch Time: 107.05s | Train Phase: 96.32s | Valid Phase: 10.73s
Avg Batch Time: 2.0066s
------------------------------
Epoch: 13, validauc: 0.8075, validacc: 0.7673, best epoch: 13, best auc: 0.8075, train loss: 15.92893989657015, emb_type: qid, model: akt, save_dir: saved_model/akt_also_stage3_pi_decay_tsp_20260714_022000_s3/pidecay1e1_bs64/assist2009_akt_qid_saved_model/akt_also_stage3_pi_decay_tsp_20260714_022000_s3/pidecay1e1_bs64_42_0_0.2_256_512_8_4_0.0001_64_100_0_0_1_student_id_None_optimistic_1.0_None_None_0.0001_0.1_None_0
            testauc: -1, testacc: -1, window_testauc: -1, window_testacc: -1

Total Epoch Time: 105.28s | Train Phase: 93.40s | Valid Phase: 11.61s
Avg Batch Time: 1.9459s
------------------------------
Epoch: 14, validauc: 0.8075, validacc: 0.7673, best epoch: 13, best auc: 0.8075, train loss: 15.862303952762185, emb_type: qid, model: akt, save_dir: saved_model/akt_also_stage3_pi_decay_tsp_20260714_022000_s3/pidecay1e1_bs64/assist2009_akt_qid_saved_model/akt_also_stage3_pi_decay_tsp_20260714_022000_s3/pidecay1e1_bs64_42_0_0.2_256_512_8_4_0.0001_64_100_0_0_1_student_id_None_optimistic_1.0_None_None_0.0001_0.1_None_0
            testauc: -1, testacc: -1, window_testauc: -1, window_testacc: -1

Total Epoch Time: 110.62s | Train Phase: 97.40s | Valid Phase: 13.22s
Avg Batch Time: 2.0292s
------------------------------
Epoch: 15, validauc: 0.8075, validacc: 0.7673, best epoch: 13, best auc: 0.8075, train loss: 15.837793267132232, emb_type: qid, model: akt, save_dir: saved_model/akt_also_stage3_pi_decay_tsp_20260714_022000_s3/pidecay1e1_bs64/assist2009_akt_qid_saved_model/akt_also_stage3_pi_decay_tsp_20260714_022000_s3/pidecay1e1_bs64_42_0_0.2_256_512_8_4_0.0001_64_100_0_0_1_student_id_None_optimistic_1.0_None_None_0.0001_0.1_None_0
            testauc: -1, testacc: -1, window_testauc: -1, window_testacc: -1

Total Epoch Time: 107.11s | Train Phase: 95.01s | Valid Phase: 12.11s
Avg Batch Time: 1.9794s
------------------------------
Epoch: 16, validauc: 0.8088, validacc: 0.7675, best epoch: 16, best auc: 0.8088, train loss: 15.821352265025146, emb_type: qid, model: akt, save_dir: saved_model/akt_also_stage3_pi_decay_tsp_20260714_022000_s3/pidecay1e1_bs64/assist2009_akt_qid_saved_model/akt_also_stage3_pi_decay_tsp_20260714_022000_s3/pidecay1e1_bs64_42_0_0.2_256_512_8_4_0.0001_64_100_0_0_1_student_id_None_optimistic_1.0_None_None_0.0001_0.1_None_0
            testauc: -1, testacc: -1, window_testauc: -1, window_testacc: -1

Total Epoch Time: 103.97s | Train Phase: 92.27s | Valid Phase: 11.51s
Avg Batch Time: 1.9223s
------------------------------
Epoch: 17, validauc: 0.8088, validacc: 0.7675, best epoch: 16, best auc: 0.8088, train loss: 15.780208816029301, emb_type: qid, model: akt, save_dir: saved_model/akt_also_stage3_pi_decay_tsp_20260714_022000_s3/pidecay1e1_bs64/assist2009_akt_qid_saved_model/akt_also_stage3_pi_decay_tsp_20260714_022000_s3/pidecay1e1_bs64_42_0_0.2_256_512_8_4_0.0001_64_100_0_0_1_student_id_None_optimistic_1.0_None_None_0.0001_0.1_None_0
            testauc: -1, testacc: -1, window_testauc: -1, window_testacc: -1

Total Epoch Time: 103.30s | Train Phase: 91.69s | Valid Phase: 11.61s
Avg Batch Time: 1.9102s
------------------------------
Epoch: 18, validauc: 0.8088, validacc: 0.7675, best epoch: 16, best auc: 0.8088, train loss: 15.731695481880584, emb_type: qid, model: akt, save_dir: saved_model/akt_also_stage3_pi_decay_tsp_20260714_022000_s3/pidecay1e1_bs64/assist2009_akt_qid_saved_model/akt_also_stage3_pi_decay_tsp_20260714_022000_s3/pidecay1e1_bs64_42_0_0.2_256_512_8_4_0.0001_64_100_0_0_1_student_id_None_optimistic_1.0_None_None_0.0001_0.1_None_0
            testauc: -1, testacc: -1, window_testauc: -1, window_testacc: -1

Total Epoch Time: 111.81s | Train Phase: 99.22s | Valid Phase: 12.59s
Avg Batch Time: 2.0671s
------------------------------
Epoch: 19, validauc: 0.8088, validacc: 0.7675, best epoch: 16, best auc: 0.8088, train loss: 15.730797043136198, emb_type: qid, model: akt, save_dir: saved_model/akt_also_stage3_pi_decay_tsp_20260714_022000_s3/pidecay1e1_bs64/assist2009_akt_qid_saved_model/akt_also_stage3_pi_decay_tsp_20260714_022000_s3/pidecay1e1_bs64_42_0_0.2_256_512_8_4_0.0001_64_100_0_0_1_student_id_None_optimistic_1.0_None_None_0.0001_0.1_None_0
            testauc: -1, testacc: -1, window_testauc: -1, window_testacc: -1

Total Epoch Time: 113.91s | Train Phase: 98.98s | Valid Phase: 14.92s
Avg Batch Time: 2.0621s
------------------------------
Epoch: 20, validauc: 0.8103, validacc: 0.7686, best epoch: 20, best auc: 0.8103, train loss: 15.716687756061503, emb_type: qid, model: akt, save_dir: saved_model/akt_also_stage3_pi_decay_tsp_20260714_022000_s3/pidecay1e1_bs64/assist2009_akt_qid_saved_model/akt_also_stage3_pi_decay_tsp_20260714_022000_s3/pidecay1e1_bs64_42_0_0.2_256_512_8_4_0.0001_64_100_0_0_1_student_id_None_optimistic_1.0_None_None_0.0001_0.1_None_0
            testauc: -1, testacc: -1, window_testauc: -1, window_testacc: -1

Total Epoch Time: 99.20s | Train Phase: 87.45s | Valid Phase: 11.56s
Avg Batch Time: 1.8218s
------------------------------
Epoch: 21, validauc: 0.8103, validacc: 0.7686, best epoch: 20, best auc: 0.8103, train loss: 15.644518695573273, emb_type: qid, model: akt, save_dir: saved_model/akt_also_stage3_pi_decay_tsp_20260714_022000_s3/pidecay1e1_bs64/assist2009_akt_qid_saved_model/akt_also_stage3_pi_decay_tsp_20260714_022000_s3/pidecay1e1_bs64_42_0_0.2_256_512_8_4_0.0001_64_100_0_0_1_student_id_None_optimistic_1.0_None_None_0.0001_0.1_None_0
            testauc: -1, testacc: -1, window_testauc: -1, window_testacc: -1

Total Epoch Time: 114.28s | Train Phase: 103.06s | Valid Phase: 11.23s
Avg Batch Time: 2.1470s
------------------------------
Epoch: 22, validauc: 0.8103, validacc: 0.7686, best epoch: 20, best auc: 0.8103, train loss: 15.615550677337362, emb_type: qid, model: akt, save_dir: saved_model/akt_also_stage3_pi_decay_tsp_20260714_022000_s3/pidecay1e1_bs64/assist2009_akt_qid_saved_model/akt_also_stage3_pi_decay_tsp_20260714_022000_s3/pidecay1e1_bs64_42_0_0.2_256_512_8_4_0.0001_64_100_0_0_1_student_id_None_optimistic_1.0_None_None_0.0001_0.1_None_0
            testauc: -1, testacc: -1, window_testauc: -1, window_testacc: -1

Total Epoch Time: 113.01s | Train Phase: 102.76s | Valid Phase: 10.25s
Avg Batch Time: 2.1408s
------------------------------
Epoch: 23, validauc: 0.8103, validacc: 0.7686, best epoch: 20, best auc: 0.8103, train loss: 15.597746801123805, emb_type: qid, model: akt, save_dir: saved_model/akt_also_stage3_pi_decay_tsp_20260714_022000_s3/pidecay1e1_bs64/assist2009_akt_qid_saved_model/akt_also_stage3_pi_decay_tsp_20260714_022000_s3/pidecay1e1_bs64_42_0_0.2_256_512_8_4_0.0001_64_100_0_0_1_student_id_None_optimistic_1.0_None_None_0.0001_0.1_None_0
            testauc: -1, testacc: -1, window_testauc: -1, window_testacc: -1

Total Epoch Time: 100.40s | Train Phase: 88.68s | Valid Phase: 11.72s
Avg Batch Time: 1.8475s
------------------------------
Epoch: 24, validauc: 0.8103, validacc: 0.7686, best epoch: 20, best auc: 0.8103, train loss: 15.55593341252217, emb_type: qid, model: akt, save_dir: saved_model/akt_also_stage3_pi_decay_tsp_20260714_022000_s3/pidecay1e1_bs64/assist2009_akt_qid_saved_model/akt_also_stage3_pi_decay_tsp_20260714_022000_s3/pidecay1e1_bs64_42_0_0.2_256_512_8_4_0.0001_64_100_0_0_1_student_id_None_optimistic_1.0_None_None_0.0001_0.1_None_0
            testauc: -1, testacc: -1, window_testauc: -1, window_testacc: -1

Total Epoch Time: 107.41s | Train Phase: 95.91s | Valid Phase: 11.50s
Avg Batch Time: 1.9981s
------------------------------
Epoch: 25, validauc: 0.8122, validacc: 0.7688, best epoch: 25, best auc: 0.8122, train loss: 15.527213392129537, emb_type: qid, model: akt, save_dir: saved_model/akt_also_stage3_pi_decay_tsp_20260714_022000_s3/pidecay1e1_bs64/assist2009_akt_qid_saved_model/akt_also_stage3_pi_decay_tsp_20260714_022000_s3/pidecay1e1_bs64_42_0_0.2_256_512_8_4_0.0001_64_100_0_0_1_student_id_None_optimistic_1.0_None_None_0.0001_0.1_None_0
            testauc: -1, testacc: -1, window_testauc: -1, window_testacc: -1

Total Epoch Time: 105.80s | Train Phase: 93.58s | Valid Phase: 11.91s
Avg Batch Time: 1.9496s
------------------------------
Epoch: 26, validauc: 0.8122, validacc: 0.7688, best epoch: 25, best auc: 0.8122, train loss: 15.47529949294539, emb_type: qid, model: akt, save_dir: saved_model/akt_also_stage3_pi_decay_tsp_20260714_022000_s3/pidecay1e1_bs64/assist2009_akt_qid_saved_model/akt_also_stage3_pi_decay_tsp_20260714_022000_s3/pidecay1e1_bs64_42_0_0.2_256_512_8_4_0.0001_64_100_0_0_1_student_id_None_optimistic_1.0_None_None_0.0001_0.1_None_0
            testauc: -1, testacc: -1, window_testauc: -1, window_testacc: -1

Total Epoch Time: 105.70s | Train Phase: 94.70s | Valid Phase: 11.00s
Avg Batch Time: 1.9729s
------------------------------
Epoch: 27, validauc: 0.8122, validacc: 0.7688, best epoch: 25, best auc: 0.8122, train loss: 15.440225165396873, emb_type: qid, model: akt, save_dir: saved_model/akt_also_stage3_pi_decay_tsp_20260714_022000_s3/pidecay1e1_bs64/assist2009_akt_qid_saved_model/akt_also_stage3_pi_decay_tsp_20260714_022000_s3/pidecay1e1_bs64_42_0_0.2_256_512_8_4_0.0001_64_100_0_0_1_student_id_None_optimistic_1.0_None_None_0.0001_0.1_None_0
            testauc: -1, testacc: -1, window_testauc: -1, window_testacc: -1

Total Epoch Time: 108.21s | Train Phase: 96.76s | Valid Phase: 11.44s
Avg Batch Time: 2.0159s
------------------------------
Epoch: 28, validauc: 0.8135, validacc: 0.7694, best epoch: 28, best auc: 0.8135, train loss: 15.387277571746532, emb_type: qid, model: akt, save_dir: saved_model/akt_also_stage3_pi_decay_tsp_20260714_022000_s3/pidecay1e1_bs64/assist2009_akt_qid_saved_model/akt_also_stage3_pi_decay_tsp_20260714_022000_s3/pidecay1e1_bs64_42_0_0.2_256_512_8_4_0.0001_64_100_0_0_1_student_id_None_optimistic_1.0_None_None_0.0001_0.1_None_0
            testauc: -1, testacc: -1, window_testauc: -1, window_testacc: -1

Total Epoch Time: 109.00s | Train Phase: 95.88s | Valid Phase: 12.92s
Avg Batch Time: 1.9975s
------------------------------
Epoch: 29, validauc: 0.8147, validacc: 0.7701, best epoch: 29, best auc: 0.8147, train loss: 15.297875496946494, emb_type: qid, model: akt, save_dir: saved_model/akt_also_stage3_pi_decay_tsp_20260714_022000_s3/pidecay1e1_bs64/assist2009_akt_qid_saved_model/akt_also_stage3_pi_decay_tsp_20260714_022000_s3/pidecay1e1_bs64_42_0_0.2_256_512_8_4_0.0001_64_100_0_0_1_student_id_None_optimistic_1.0_None_None_0.0001_0.1_None_0
            testauc: -1, testacc: -1, window_testauc: -1, window_testacc: -1

Total Epoch Time: 107.90s | Train Phase: 93.99s | Valid Phase: 13.69s
Avg Batch Time: 1.9582s
------------------------------
Epoch: 30, validauc: 0.8147, validacc: 0.7701, best epoch: 29, best auc: 0.8147, train loss: 15.30143594802612, emb_type: qid, model: akt, save_dir: saved_model/akt_also_stage3_pi_decay_tsp_20260714_022000_s3/pidecay1e1_bs64/assist2009_akt_qid_saved_model/akt_also_stage3_pi_decay_tsp_20260714_022000_s3/pidecay1e1_bs64_42_0_0.2_256_512_8_4_0.0001_64_100_0_0_1_student_id_None_optimistic_1.0_None_None_0.0001_0.1_None_0
            testauc: -1, testacc: -1, window_testauc: -1, window_testacc: -1

Total Epoch Time: 117.79s | Train Phase: 104.38s | Valid Phase: 13.41s
Avg Batch Time: 2.1747s
------------------------------
Epoch: 31, validauc: 0.8147, validacc: 0.7701, best epoch: 29, best auc: 0.8147, train loss: 15.266673007366924, emb_type: qid, model: akt, save_dir: saved_model/akt_also_stage3_pi_decay_tsp_20260714_022000_s3/pidecay1e1_bs64/assist2009_akt_qid_saved_model/akt_also_stage3_pi_decay_tsp_20260714_022000_s3/pidecay1e1_bs64_42_0_0.2_256_512_8_4_0.0001_64_100_0_0_1_student_id_None_optimistic_1.0_None_None_0.0001_0.1_None_0
            testauc: -1, testacc: -1, window_testauc: -1, window_testacc: -1

Total Epoch Time: 108.19s | Train Phase: 97.70s | Valid Phase: 10.49s
Avg Batch Time: 2.0353s
------------------------------
Epoch: 32, validauc: 0.8147, validacc: 0.7701, best epoch: 29, best auc: 0.8147, train loss: 15.139034214714163, emb_type: qid, model: akt, save_dir: saved_model/akt_also_stage3_pi_decay_tsp_20260714_022000_s3/pidecay1e1_bs64/assist2009_akt_qid_saved_model/akt_also_stage3_pi_decay_tsp_20260714_022000_s3/pidecay1e1_bs64_42_0_0.2_256_512_8_4_0.0001_64_100_0_0_1_student_id_None_optimistic_1.0_None_None_0.0001_0.1_None_0
            testauc: -1, testacc: -1, window_testauc: -1, window_testacc: -1

Total Epoch Time: 104.19s | Train Phase: 92.03s | Valid Phase: 12.16s
Avg Batch Time: 1.9173s
------------------------------
Epoch: 33, validauc: 0.8162, validacc: 0.7701, best epoch: 33, best auc: 0.8162, train loss: 15.140730518569328, emb_type: qid, model: akt, save_dir: saved_model/akt_also_stage3_pi_decay_tsp_20260714_022000_s3/pidecay1e1_bs64/assist2009_akt_qid_saved_model/akt_also_stage3_pi_decay_tsp_20260714_022000_s3/pidecay1e1_bs64_42_0_0.2_256_512_8_4_0.0001_64_100_0_0_1_student_id_None_optimistic_1.0_None_None_0.0001_0.1_None_0
            testauc: -1, testacc: -1, window_testauc: -1, window_testacc: -1

Total Epoch Time: 112.10s | Train Phase: 100.11s | Valid Phase: 11.89s
Avg Batch Time: 2.0855s
------------------------------
Epoch: 34, validauc: 0.8162, validacc: 0.7701, best epoch: 33, best auc: 0.8162, train loss: 15.066567520616218, emb_type: qid, model: akt, save_dir: saved_model/akt_also_stage3_pi_decay_tsp_20260714_022000_s3/pidecay1e1_bs64/assist2009_akt_qid_saved_model/akt_also_stage3_pi_decay_tsp_20260714_022000_s3/pidecay1e1_bs64_42_0_0.2_256_512_8_4_0.0001_64_100_0_0_1_student_id_None_optimistic_1.0_None_None_0.0001_0.1_None_0
            testauc: -1, testacc: -1, window_testauc: -1, window_testacc: -1

Total Epoch Time: 105.00s | Train Phase: 94.08s | Valid Phase: 10.92s
Avg Batch Time: 1.9599s
------------------------------
Epoch: 35, validauc: 0.8162, validacc: 0.7701, best epoch: 33, best auc: 0.8162, train loss: 15.012078484788171, emb_type: qid, model: akt, save_dir: saved_model/akt_also_stage3_pi_decay_tsp_20260714_022000_s3/pidecay1e1_bs64/assist2009_akt_qid_saved_model/akt_also_stage3_pi_decay_tsp_20260714_022000_s3/pidecay1e1_bs64_42_0_0.2_256_512_8_4_0.0001_64_100_0_0_1_student_id_None_optimistic_1.0_None_None_0.0001_0.1_None_0
            testauc: -1, testacc: -1, window_testauc: -1, window_testacc: -1

Total Epoch Time: 105.61s | Train Phase: 95.29s | Valid Phase: 10.32s
Avg Batch Time: 1.9851s
------------------------------
Epoch: 36, validauc: 0.8162, validacc: 0.7701, best epoch: 33, best auc: 0.8162, train loss: 14.949580535986499, emb_type: qid, model: akt, save_dir: saved_model/akt_also_stage3_pi_decay_tsp_20260714_022000_s3/pidecay1e1_bs64/assist2009_akt_qid_saved_model/akt_also_stage3_pi_decay_tsp_20260714_022000_s3/pidecay1e1_bs64_42_0_0.2_256_512_8_4_0.0001_64_100_0_0_1_student_id_None_optimistic_1.0_None_None_0.0001_0.1_None_0
            testauc: -1, testacc: -1, window_testauc: -1, window_testacc: -1

Total Epoch Time: 108.13s | Train Phase: 96.37s | Valid Phase: 11.76s
Avg Batch Time: 2.0077s
------------------------------
Epoch: 37, validauc: 0.8173, validacc: 0.7692, best epoch: 37, best auc: 0.8173, train loss: 14.901245522030036, emb_type: qid, model: akt, save_dir: saved_model/akt_also_stage3_pi_decay_tsp_20260714_022000_s3/pidecay1e1_bs64/assist2009_akt_qid_saved_model/akt_also_stage3_pi_decay_tsp_20260714_022000_s3/pidecay1e1_bs64_42_0_0.2_256_512_8_4_0.0001_64_100_0_0_1_student_id_None_optimistic_1.0_None_None_0.0001_0.1_None_0
            testauc: -1, testacc: -1, window_testauc: -1, window_testacc: -1

Total Epoch Time: 105.77s | Train Phase: 94.87s | Valid Phase: 10.73s
Avg Batch Time: 1.9765s
------------------------------
Epoch: 38, validauc: 0.8173, validacc: 0.7692, best epoch: 37, best auc: 0.8173, train loss: 14.826070570518786, emb_type: qid, model: akt, save_dir: saved_model/akt_also_stage3_pi_decay_tsp_20260714_022000_s3/pidecay1e1_bs64/assist2009_akt_qid_saved_model/akt_also_stage3_pi_decay_tsp_20260714_022000_s3/pidecay1e1_bs64_42_0_0.2_256_512_8_4_0.0001_64_100_0_0_1_student_id_None_optimistic_1.0_None_None_0.0001_0.1_None_0
            testauc: -1, testacc: -1, window_testauc: -1, window_testacc: -1

Total Epoch Time: 114.32s | Train Phase: 97.07s | Valid Phase: 17.25s
Avg Batch Time: 2.0222s
------------------------------
Epoch: 39, validauc: 0.8173, validacc: 0.7692, best epoch: 37, best auc: 0.8173, train loss: 14.770792581399855, emb_type: qid, model: akt, save_dir: saved_model/akt_also_stage3_pi_decay_tsp_20260714_022000_s3/pidecay1e1_bs64/assist2009_akt_qid_saved_model/akt_also_stage3_pi_decay_tsp_20260714_022000_s3/pidecay1e1_bs64_42_0_0.2_256_512_8_4_0.0001_64_100_0_0_1_student_id_None_optimistic_1.0_None_None_0.0001_0.1_None_0
            testauc: -1, testacc: -1, window_testauc: -1, window_testacc: -1

Total Epoch Time: 108.70s | Train Phase: 91.79s | Valid Phase: 16.91s
Avg Batch Time: 1.9123s
------------------------------
Epoch: 40, validauc: 0.8184, validacc: 0.7695, best epoch: 40, best auc: 0.8184, train loss: 14.722802895753324, emb_type: qid, model: akt, save_dir: saved_model/akt_also_stage3_pi_decay_tsp_20260714_022000_s3/pidecay1e1_bs64/assist2009_akt_qid_saved_model/akt_also_stage3_pi_decay_tsp_20260714_022000_s3/pidecay1e1_bs64_42_0_0.2_256_512_8_4_0.0001_64_100_0_0_1_student_id_None_optimistic_1.0_None_None_0.0001_0.1_None_0
            testauc: -1, testacc: -1, window_testauc: -1, window_testacc: -1

Total Epoch Time: 115.60s | Train Phase: 95.01s | Valid Phase: 20.49s
Avg Batch Time: 1.9794s
------------------------------
Epoch: 41, validauc: 0.8184, validacc: 0.7695, best epoch: 40, best auc: 0.8184, train loss: 14.659401361136652, emb_type: qid, model: akt, save_dir: saved_model/akt_also_stage3_pi_decay_tsp_20260714_022000_s3/pidecay1e1_bs64/assist2009_akt_qid_saved_model/akt_also_stage3_pi_decay_tsp_20260714_022000_s3/pidecay1e1_bs64_42_0_0.2_256_512_8_4_0.0001_64_100_0_0_1_student_id_None_optimistic_1.0_None_None_0.0001_0.1_None_0
            testauc: -1, testacc: -1, window_testauc: -1, window_testacc: -1

Total Epoch Time: 103.02s | Train Phase: 91.60s | Valid Phase: 11.42s
Avg Batch Time: 1.9083s
------------------------------
Epoch: 42, validauc: 0.8184, validacc: 0.7695, best epoch: 40, best auc: 0.8184, train loss: 14.56452046173178, emb_type: qid, model: akt, save_dir: saved_model/akt_also_stage3_pi_decay_tsp_20260714_022000_s3/pidecay1e1_bs64/assist2009_akt_qid_saved_model/akt_also_stage3_pi_decay_tsp_20260714_022000_s3/pidecay1e1_bs64_42_0_0.2_256_512_8_4_0.0001_64_100_0_0_1_student_id_None_optimistic_1.0_None_None_0.0001_0.1_None_0
            testauc: -1, testacc: -1, window_testauc: -1, window_testacc: -1

Total Epoch Time: 105.67s | Train Phase: 95.04s | Valid Phase: 10.63s
Avg Batch Time: 1.9799s
------------------------------
Epoch: 43, validauc: 0.8184, validacc: 0.7695, best epoch: 40, best auc: 0.8184, train loss: 14.462555563313385, emb_type: qid, model: akt, save_dir: saved_model/akt_also_stage3_pi_decay_tsp_20260714_022000_s3/pidecay1e1_bs64/assist2009_akt_qid_saved_model/akt_also_stage3_pi_decay_tsp_20260714_022000_s3/pidecay1e1_bs64_42_0_0.2_256_512_8_4_0.0001_64_100_0_0_1_student_id_None_optimistic_1.0_None_None_0.0001_0.1_None_0
            testauc: -1, testacc: -1, window_testauc: -1, window_testacc: -1

Total Epoch Time: 105.63s | Train Phase: 94.26s | Valid Phase: 11.37s
Avg Batch Time: 1.9638s
------------------------------
Epoch: 44, validauc: 0.8184, validacc: 0.7695, best epoch: 40, best auc: 0.8184, train loss: 14.45147118882222, emb_type: qid, model: akt, save_dir: saved_model/akt_also_stage3_pi_decay_tsp_20260714_022000_s3/pidecay1e1_bs64/assist2009_akt_qid_saved_model/akt_also_stage3_pi_decay_tsp_20260714_022000_s3/pidecay1e1_bs64_42_0_0.2_256_512_8_4_0.0001_64_100_0_0_1_student_id_None_optimistic_1.0_None_None_0.0001_0.1_None_0
            testauc: -1, testacc: -1, window_testauc: -1, window_testacc: -1

Total Epoch Time: 110.98s | Train Phase: 99.66s | Valid Phase: 11.31s
Avg Batch Time: 2.0763s
------------------------------
Epoch: 45, validauc: 0.8184, validacc: 0.7695, best epoch: 40, best auc: 0.8184, train loss: 14.350526206792813, emb_type: qid, model: akt, save_dir: saved_model/akt_also_stage3_pi_decay_tsp_20260714_022000_s3/pidecay1e1_bs64/assist2009_akt_qid_saved_model/akt_also_stage3_pi_decay_tsp_20260714_022000_s3/pidecay1e1_bs64_42_0_0.2_256_512_8_4_0.0001_64_100_0_0_1_student_id_None_optimistic_1.0_None_None_0.0001_0.1_None_0
            testauc: -1, testacc: -1, window_testauc: -1, window_testacc: -1

Total Epoch Time: 105.20s | Train Phase: 93.57s | Valid Phase: 11.63s
Avg Batch Time: 1.9493s
------------------------------
Epoch: 46, validauc: 0.8184, validacc: 0.7695, best epoch: 40, best auc: 0.8184, train loss: 14.25473761606037, emb_type: qid, model: akt, save_dir: saved_model/akt_also_stage3_pi_decay_tsp_20260714_022000_s3/pidecay1e1_bs64/assist2009_akt_qid_saved_model/akt_also_stage3_pi_decay_tsp_20260714_022000_s3/pidecay1e1_bs64_42_0_0.2_256_512_8_4_0.0001_64_100_0_0_1_student_id_None_optimistic_1.0_None_None_0.0001_0.1_None_0
            testauc: -1, testacc: -1, window_testauc: -1, window_testacc: -1

Total Epoch Time: 87.90s | Train Phase: 84.44s | Valid Phase: 3.45s
Avg Batch Time: 1.7592s
------------------------------
Epoch: 47, validauc: 0.8184, validacc: 0.7695, best epoch: 40, best auc: 0.8184, train loss: 14.123555562465839, emb_type: qid, model: akt, save_dir: saved_model/akt_also_stage3_pi_decay_tsp_20260714_022000_s3/pidecay1e1_bs64/assist2009_akt_qid_saved_model/akt_also_stage3_pi_decay_tsp_20260714_022000_s3/pidecay1e1_bs64_42_0_0.2_256_512_8_4_0.0001_64_100_0_0_1_student_id_None_optimistic_1.0_None_None_0.0001_0.1_None_0
            testauc: -1, testacc: -1, window_testauc: -1, window_testacc: -1

Total Epoch Time: 47.82s | Train Phase: 41.40s | Valid Phase: 6.42s
Avg Batch Time: 0.8624s
------------------------------
Epoch: 48, validauc: 0.8184, validacc: 0.7695, best epoch: 40, best auc: 0.8184, train loss: 14.01397350373807, emb_type: qid, model: akt, save_dir: saved_model/akt_also_stage3_pi_decay_tsp_20260714_022000_s3/pidecay1e1_bs64/assist2009_akt_qid_saved_model/akt_also_stage3_pi_decay_tsp_20260714_022000_s3/pidecay1e1_bs64_42_0_0.2_256_512_8_4_0.0001_64_100_0_0_1_student_id_None_optimistic_1.0_None_None_0.0001_0.1_None_0
            testauc: -1, testacc: -1, window_testauc: -1, window_testacc: -1

Total Epoch Time: 60.59s | Train Phase: 54.12s | Valid Phase: 6.47s
Avg Batch Time: 1.1275s
------------------------------
Epoch: 49, validauc: 0.8184, validacc: 0.7695, best epoch: 40, best auc: 0.8184, train loss: 13.963197271623253, emb_type: qid, model: akt, save_dir: saved_model/akt_also_stage3_pi_decay_tsp_20260714_022000_s3/pidecay1e1_bs64/assist2009_akt_qid_saved_model/akt_also_stage3_pi_decay_tsp_20260714_022000_s3/pidecay1e1_bs64_42_0_0.2_256_512_8_4_0.0001_64_100_0_0_1_student_id_None_optimistic_1.0_None_None_0.0001_0.1_None_0
            testauc: -1, testacc: -1, window_testauc: -1, window_testacc: -1

Total Epoch Time: 31.71s | Train Phase: 27.13s | Valid Phase: 4.57s
Avg Batch Time: 0.5653s
------------------------------
Epoch: 50, validauc: 0.8184, validacc: 0.7695, best epoch: 40, best auc: 0.8184, train loss: 13.864918115521105, emb_type: qid, model: akt, save_dir: saved_model/akt_also_stage3_pi_decay_tsp_20260714_022000_s3/pidecay1e1_bs64/assist2009_akt_qid_saved_model/akt_also_stage3_pi_decay_tsp_20260714_022000_s3/pidecay1e1_bs64_42_0_0.2_256_512_8_4_0.0001_64_100_0_0_1_student_id_None_optimistic_1.0_None_None_0.0001_0.1_None_0
            testauc: -1, testacc: -1, window_testauc: -1, window_testacc: -1

Total Epoch Time: 27.90s | Train Phase: 23.64s | Valid Phase: 4.27s
Avg Batch Time: 0.4924s
------------------------------
Early stopping at epoch 50
✅ Training Finished! Total Time Cost: 5158.18 s
fold	modelname	embtype	testauc	testacc	window_testauc	window_testacc	validauc	validacc	best_epoch
0	akt	qid	-1	-1	-1	-1	0.818428794925422	0.769540937056318	40
end:2026-07-14 05:21:45.639733

==================================================
Training completed. Starting prediction with predict_after_train=2
==================================================
--- 正在调用外部脚本 (subprocess): /root/autodl-tmp/pykt-toolkit/examples/wandb_predict_with_unbalance.py
--- 完整运行指令: /root/miniconda3/bin/python /root/autodl-tmp/pykt-toolkit/examples/wandb_predict_with_unbalance.py --bz 64 --save_dir /root/autodl-tmp/pykt-toolkit/saved_model/akt_also_stage3_pi_decay_tsp_20260714_022000_s3/pidecay1e1_bs64/assist2009_akt_qid_saved_model/akt_also_stage3_pi_decay_tsp_20260714_022000_s3/pidecay1e1_bs64_42_0_0.2_256_512_8_4_0.0001_64_100_0_0_1_student_id_None_optimistic_1.0_None_None_0.0001_0.1_None_0 --use_wandb 0

libgomp: Invalid value for environment variable OMP_NUM_THREADS

libgomp: Invalid value for environment variable OMP_NUM_THREADS
Namespace(bz=64, save_dir='/root/autodl-tmp/pykt-toolkit/saved_model/akt_also_stage3_pi_decay_tsp_20260714_022000_s3/pidecay1e1_bs64/assist2009_akt_qid_saved_model/akt_also_stage3_pi_decay_tsp_20260714_022000_s3/pidecay1e1_bs64_42_0_0.2_256_512_8_4_0.0001_64_100_0_0_1_student_id_None_optimistic_1.0_None_None_0.0001_0.1_None_0', fusion_type='late_fusion', use_wandb=0)
--- [Time] Start: 2026-07-14 05:21:47 ---
[DATA_PATH] dataset=assist2009 resolved_dpath=/root/autodl-tmp/pykt-toolkit/data/assist2009
model_name is akt, dataset_name is assist2009
Read data from processed file: /root/autodl-tmp/pykt-toolkit/data/assist2009/test_sequences.csv_-1.pkl
file path: /root/autodl-tmp/pykt-toolkit/data/assist2009/test_sequences.csv, qlen: 904, clen: 904, rlen: 904, uidlen: 904
Read data from processed file: /root/autodl-tmp/pykt-toolkit/data/assist2009/test_window_sequences.csv_-1.pkl
file path: /root/autodl-tmp/pykt-toolkit/data/assist2009/test_window_sequences.csv, qlen: 20362, clen: 20362, rlen: 20362, uidlen: 20362
Read data from processed file: /root/autodl-tmp/pykt-toolkit/data/assist2009/test_question_sequences.csv_-1_qtest.pkl
file path: /root/autodl-tmp/pykt-toolkit/data/assist2009/test_question_sequences.csv, qlen: 18292, clen: 18292, rlen: 18292, uidlen: 18292
Read data from processed file: /root/autodl-tmp/pykt-toolkit/data/assist2009/test_question_window_sequences.csv_-1_qtest.pkl
file path: /root/autodl-tmp/pykt-toolkit/data/assist2009/test_question_window_sequences.csv, qlen: 30610, clen: 30610, rlen: 30610, uidlen: 30610
has test_question_file!
Start predicting model: akt, embtype: qid, save_dir: /root/autodl-tmp/pykt-toolkit/saved_model/akt_also_stage3_pi_decay_tsp_20260714_022000_s3/pidecay1e1_bs64/assist2009_akt_qid_saved_model/akt_also_stage3_pi_decay_tsp_20260714_022000_s3/pidecay1e1_bs64_42_0_0.2_256_512_8_4_0.0001_64_100_0_0_1_student_id_None_optimistic_1.0_None_None_0.0001_0.1_None_0, dataset_name: assist2009
--- [Time] Data Loading: 0.57s (started 05:21:47) ---
--- [Time] Model Loading: 0.26s (started 05:21:48) ---
testauc: 0.8109594963294806, testacc: 0.7607262858619799
--- [Time] Basic Evaluation: 2.65s (started 05:21:48) ---
testauc: 0.8109594963294806, testacc: 0.7607262858619799, window_testauc: 0.8124563790301874, window_testacc: 0.7619922630560928
--- [Time] Window Evaluation: 36.56s (started 05:21:51) ---
[DEBUG] auc: 0.7198982637363142 (type: <class 'float'>)
[DEBUG] auc: 0.7219837314961867 (type: <class 'float'>)
--- [Time] Question Evaluation: 114.85s (started 05:22:27) ---
{'testauc': 0.8109594963294806, 'testacc': 0.7607262858619799, 'window_testauc': 0.8124563790301874, 'window_testacc': 0.7619922630560928, 'oriaucconcepts': 0.7198982637363142, 'oriauclate_mean': 0.7356829232626808, 'oriauclate_vote': 0.7355097049548696, 'oriauclate_all': 0.7341862413836537, 'oriaccconcepts': 0.7087951260613131, 'oriacclate_mean': 0.7170934282542963, 'oriacclate_vote': 0.716825506181345, 'oriacclate_all': 0.7141080108699812, 'windowaucconcepts': 0.7219837314961867, 'windowauclate_mean': 0.7379932507276834, 'windowauclate_vote': 0.7378231350100561, 'windowauclate_all': 0.7364107752760276, 'windowaccconcepts': 0.7100126046346272, 'windowacclate_mean': 0.7178204589713238, 'windowacclate_vote': 0.7181259307342778, 'windowacclate_all': 0.7154912367788002}
dres saved to /root/autodl-tmp/pykt-toolkit/saved_model/akt_also_stage3_pi_decay_tsp_20260714_022000_s3/pidecay1e1_bs64/assist2009_akt_qid_saved_model/akt_also_stage3_pi_decay_tsp_20260714_022000_s3/pidecay1e1_bs64_42_0_0.2_256_512_8_4_0.0001_64_100_0_0_1_student_id_None_optimistic_1.0_None_None_0.0001_0.1_None_0/all_results.json
late_trues 的唯一值: [0 1]
late_trues 的值计数:
late_trues
1    33510
0    18868
Name: count, dtype: int64
已保存每个学生AUC → /root/autodl-tmp/pykt-toolkit/saved_model/akt_also_stage3_pi_decay_tsp_20260714_022000_s3/pidecay1e1_bs64/assist2009_akt_qid_saved_model/akt_also_stage3_pi_decay_tsp_20260714_022000_s3/pidecay1e1_bs64_42_0_0.2_256_512_8_4_0.0001_64_100_0_0_1_student_id_None_optimistic_1.0_None_None_0.0001_0.1_None_0/qid_test_question_window_predictions_per_student_aucs.json
✅ 学生AUC结果已保存至: /root/autodl-tmp/pykt-toolkit/saved_model/akt_also_stage3_pi_decay_tsp_20260714_022000_s3/pidecay1e1_bs64/assist2009_akt_qid_saved_model/akt_also_stage3_pi_decay_tsp_20260714_022000_s3/pidecay1e1_bs64_42_0_0.2_256_512_8_4_0.0001_64_100_0_0_1_student_id_None_optimistic_1.0_None_None_0.0001_0.1_None_0/student_auc_output.csv
📊 总体统计指标: {
    "overall_dataset_auc": 0.6929633256067226,
    "student_stats_mean": 0.5933402968585947,
    "student_stats_std": 0.21201937017084022,
    "student_stats_max": 1.0,
    "student_stats_min": 0.0,
    "student_stats_range": 1.0,
    "student_stats_epi": 2.798519288027764,
    "student_stats_gini_coefficient": 0.19413830304166937,
    "student_stats_average_auc": 0.5933402968585947,
    "student_stats_eawi_alpha_10": 0.47815021850022676,
    "student_stats_eawi_alpha_20": 0.3853229464815893,
    "student_stats_eawi_alpha_30": 0.3105170035286376,
    "student_stats_iqr": 0.21886300626808097,
    "student_stats_q1": 0.5,
    "student_stats_q3": 0.718863006268081
}
✅ 总体统计结果已保存至: /root/autodl-tmp/pykt-toolkit/saved_model/akt_also_stage3_pi_decay_tsp_20260714_022000_s3/pidecay1e1_bs64/assist2009_akt_qid_saved_model/akt_also_stage3_pi_decay_tsp_20260714_022000_s3/pidecay1e1_bs64_42_0_0.2_256_512_8_4_0.0001_64_100_0_0_1_student_id_None_optimistic_1.0_None_None_0.0001_0.1_None_0/overall_stats_output.json
--- [Time] Fairness Calculation: 1.91s (started 05:24:22) ---
------------------------------
Total Prediction Time: 156.80s (end 2026-07-14 05:24:24)
------------------------------
Prediction completed successfully!
--- 外部脚本执行完毕 ---
Training and prediction process completed at: 2026-07-14 05:24:24.963154
✅ 运行历史状态已更新为成功 (ID: 1f8bef2b-a49e-44b0-bc50-6938f2f3456c)
💡 正在执行最终资源清理...
💡 CUDA 缓存已释放。
