
===== half-hour check 1 2026-07-14 02:36:23 =====
 70160       29:13 Rl   python -m examples.wandb_akt_train --dataset_name assist2009 --model_name akt --emb_type qid --seed 42 --fold 0 --dropout 0.2 --d_model 256 --learning_rate 1e-4 --num_epochs 100 --use_wandb 0 --add_uuid 0 --use_trained 0 --batch_size 32 --use_also 0 --save_dir saved_model/akt_also_stage2_batch_tsp_20260714_010300_54754_stage2_batch/baseline_bs32
 70162       29:13 Rl   python -m examples.wandb_akt_train --dataset_name assist2009 --model_name akt --emb_type qid --seed 42 --fold 0 --dropout 0.2 --d_model 256 --learning_rate 1e-4 --num_epochs 100 --use_wandb 0 --add_uuid 0 --use_trained 0 --batch_size 32 --use_also 1 --also_grouping_mode student_id --also_pi_lr 1e-4 --also_pi_decay 1e-2 --save_dir saved_model/akt_also_stage2_batch_tsp_20260714_010300_54754_stage2_batch/also_bs32
0, 3 %, 10538 MiB, 32607 MiB
ID   State      Output               E-Level  Times(r/u/s)   Command [run=2/2]
0    running    /tmp/ts-out.J81tk7                           [akt-also-stage2_batch-baseline_bs32]bash scripts/tsp_run_akt_also_config.sh stage2_batch tsp_20260714_010300_54754_stage2_batch baseline_bs32 --batch_size 32 --use_also 0
1    running    /tmp/ts-out.vlSRBJ                           [akt-also-stage2_batch-also_bs32]bash scripts/tsp_run_akt_also_config.sh stage2_batch tsp_20260714_010300_54754_stage2_batch also_bs32 --batch_size 32 --use_also 1 --also_grouping_mode student_id --also_pi_lr 1e-4 --also_pi_decay 1e-2
17   queued     (file)                                       [0]&& [akt-also-s2-bs32-done]bash scripts/tsp_wait_jobs.sh 0 1
18   queued     (file)                                       [17]&& [akt-also-s2-baseline-bs128]bash scripts/tsp_run_akt_also_config.sh stage2_batch tsp_20260714_022000_s2 baseline_bs128 --batch_size 128 --use_also 0
19   queued     (file)                                       [18]&& [akt-also-s2-also-bs128]bash scripts/tsp_run_akt_also_config.sh stage2_batch tsp_20260714_022000_s2 also_bs128 --batch_size 128 --use_also 1 --also_grouping_mode student_id --also_pi_lr 1e-4 --also_pi_decay 1e-2
20   queued     (file)                                       [19]&& [akt-also-s3-pidecay1e3]bash scripts/tsp_run_akt_also_config.sh stage3_pi_decay tsp_20260714_022000_s3 pidecay1e3_bs64 --batch_size 64 --use_also 1 --also_grouping_mode student_id --also_pi_lr 1e-4 --also_pi_decay 1e-3
21   queued     (file)                                       [19]&& [akt-also-s3-pidecay1e1]bash scripts/tsp_run_akt_also_config.sh stage3_pi_decay tsp_20260714_022000_s3 pidecay1e1_bs64 --batch_size 64 --use_also 1 --also_grouping_mode student_id --also_pi_lr 1e-4 --also_pi_decay 1e-1
22   queued     (file)                                       [20]&& [akt-also-s3-done]bash scripts/tsp_wait_jobs.sh 20 21
23   queued     (file)                                       [22]&& [akt-also-s4-loss-half]bash scripts/tsp_run_akt_also_config.sh stage4_loss_scale tsp_20260714_022000_s4 loss_scale_half_bs64 --batch_size 64 --use_also 1 --also_grouping_mode student_id --also_pi_lr 1e-4 --also_pi_decay 1e-2 --also_loss_scale 19.2578125
24   queued     (file)                                       [22]&& [akt-also-s4-loss-double]bash scripts/tsp_run_akt_also_config.sh stage4_loss_scale tsp_20260714_022000_s4 loss_scale_double_bs64 --batch_size 64 --use_also 1 --also_grouping_mode student_id --also_pi_lr 1e-4 --also_pi_decay 1e-2 --also_loss_scale 77.03125
25   queued     (file)                                       [23]&& [akt-also-s4-done]bash scripts/tsp_wait_jobs.sh 23 24
26   queued     (file)                                       [25]&& [akt-also-s5-alpha0]bash scripts/tsp_run_akt_also_config.sh stage5_optimizer tsp_20260714_022000_s5 alpha0_bs64 --batch_size 64 --use_also 1 --also_grouping_mode student_id --also_pi_lr 1e-4 --also_pi_decay 1e-2 --also_alpha 0.0
27   queued     (file)                                       [25]&& [akt-also-s5-alpha05]bash scripts/tsp_run_akt_also_config.sh stage5_optimizer tsp_20260714_022000_s5 alpha05_bs64 --batch_size 64 --use_also 1 --also_grouping_mode student_id --also_pi_lr 1e-4 --also_pi_decay 1e-2 --also_alpha 0.5
28   queued     (file)                                       [26]&& [akt-also-s5-alpha-done]bash scripts/tsp_wait_jobs.sh 26 27
29   queued     (file)                                       [28]&& [akt-also-s5-descent-ascent]bash scripts/tsp_run_akt_also_config.sh stage5_optimizer tsp_20260714_022000_s5 descent_ascent_bs64 --batch_size 64 --use_also 1 --also_grouping_mode student_id --also_pi_lr 1e-4 --also_pi_decay 1e-2 --also_mode descent-ascent
Wrote 7 AKT rows to logs/akt_also_results_summary.csv: {'evaluated': 5, 'evaluation_missing': 2}
Wrote docs/AKT_ALSO_实验结果汇总.md with 5 completed and 2 pending runs

===== half-hour check 2 2026-07-14 03:06:23 =====
 70160       59:14 Rl   python -m examples.wandb_akt_train --dataset_name assist2009 --model_name akt --emb_type qid --seed 42 --fold 0 --dropout 0.2 --d_model 256 --learning_rate 1e-4 --num_epochs 100 --use_wandb 0 --add_uuid 0 --use_trained 0 --batch_size 32 --use_also 0 --save_dir saved_model/akt_also_stage2_batch_tsp_20260714_010300_54754_stage2_batch/baseline_bs32
 70162       59:14 Rl   python -m examples.wandb_akt_train --dataset_name assist2009 --model_name akt --emb_type qid --seed 42 --fold 0 --dropout 0.2 --d_model 256 --learning_rate 1e-4 --num_epochs 100 --use_wandb 0 --add_uuid 0 --use_trained 0 --batch_size 32 --use_also 1 --also_grouping_mode student_id --also_pi_lr 1e-4 --also_pi_decay 1e-2 --save_dir saved_model/akt_also_stage2_batch_tsp_20260714_010300_54754_stage2_batch/also_bs32
0, 23 %, 10538 MiB, 32607 MiB
ID   State      Output               E-Level  Times(r/u/s)   Command [run=2/2]
0    running    /tmp/ts-out.J81tk7                           [akt-also-stage2_batch-baseline_bs32]bash scripts/tsp_run_akt_also_config.sh stage2_batch tsp_20260714_010300_54754_stage2_batch baseline_bs32 --batch_size 32 --use_also 0
1    running    /tmp/ts-out.vlSRBJ                           [akt-also-stage2_batch-also_bs32]bash scripts/tsp_run_akt_also_config.sh stage2_batch tsp_20260714_010300_54754_stage2_batch also_bs32 --batch_size 32 --use_also 1 --also_grouping_mode student_id --also_pi_lr 1e-4 --also_pi_decay 1e-2
17   queued     (file)                                       [0]&& [akt-also-s2-bs32-done]bash scripts/tsp_wait_jobs.sh 0 1
18   queued     (file)                                       [17]&& [akt-also-s2-baseline-bs128]bash scripts/tsp_run_akt_also_config.sh stage2_batch tsp_20260714_022000_s2 baseline_bs128 --batch_size 128 --use_also 0
19   queued     (file)                                       [18]&& [akt-also-s2-also-bs128]bash scripts/tsp_run_akt_also_config.sh stage2_batch tsp_20260714_022000_s2 also_bs128 --batch_size 128 --use_also 1 --also_grouping_mode student_id --also_pi_lr 1e-4 --also_pi_decay 1e-2
20   queued     (file)                                       [19]&& [akt-also-s3-pidecay1e3]bash scripts/tsp_run_akt_also_config.sh stage3_pi_decay tsp_20260714_022000_s3 pidecay1e3_bs64 --batch_size 64 --use_also 1 --also_grouping_mode student_id --also_pi_lr 1e-4 --also_pi_decay 1e-3
21   queued     (file)                                       [19]&& [akt-also-s3-pidecay1e1]bash scripts/tsp_run_akt_also_config.sh stage3_pi_decay tsp_20260714_022000_s3 pidecay1e1_bs64 --batch_size 64 --use_also 1 --also_grouping_mode student_id --also_pi_lr 1e-4 --also_pi_decay 1e-1
22   queued     (file)                                       [20]&& [akt-also-s3-done]bash scripts/tsp_wait_jobs.sh 20 21
23   queued     (file)                                       [22]&& [akt-also-s4-loss-half]bash scripts/tsp_run_akt_also_config.sh stage4_loss_scale tsp_20260714_022000_s4 loss_scale_half_bs64 --batch_size 64 --use_also 1 --also_grouping_mode student_id --also_pi_lr 1e-4 --also_pi_decay 1e-2 --also_loss_scale 19.2578125
24   queued     (file)                                       [22]&& [akt-also-s4-loss-double]bash scripts/tsp_run_akt_also_config.sh stage4_loss_scale tsp_20260714_022000_s4 loss_scale_double_bs64 --batch_size 64 --use_also 1 --also_grouping_mode student_id --also_pi_lr 1e-4 --also_pi_decay 1e-2 --also_loss_scale 77.03125
25   queued     (file)                                       [23]&& [akt-also-s4-done]bash scripts/tsp_wait_jobs.sh 23 24
26   queued     (file)                                       [25]&& [akt-also-s5-alpha0]bash scripts/tsp_run_akt_also_config.sh stage5_optimizer tsp_20260714_022000_s5 alpha0_bs64 --batch_size 64 --use_also 1 --also_grouping_mode student_id --also_pi_lr 1e-4 --also_pi_decay 1e-2 --also_alpha 0.0
27   queued     (file)                                       [25]&& [akt-also-s5-alpha05]bash scripts/tsp_run_akt_also_config.sh stage5_optimizer tsp_20260714_022000_s5 alpha05_bs64 --batch_size 64 --use_also 1 --also_grouping_mode student_id --also_pi_lr 1e-4 --also_pi_decay 1e-2 --also_alpha 0.5
28   queued     (file)                                       [26]&& [akt-also-s5-alpha-done]bash scripts/tsp_wait_jobs.sh 26 27
29   queued     (file)                                       [28]&& [akt-also-s5-descent-ascent]bash scripts/tsp_run_akt_also_config.sh stage5_optimizer tsp_20260714_022000_s5 descent_ascent_bs64 --batch_size 64 --use_also 1 --also_grouping_mode student_id --also_pi_lr 1e-4 --also_pi_decay 1e-2 --also_mode descent-ascent
Wrote 7 AKT rows to logs/akt_also_results_summary.csv: {'evaluated': 5, 'evaluation_missing': 2}
Wrote docs/AKT_ALSO_实验结果汇总.md with 5 completed and 2 pending runs

===== half-hour check 3 2026-07-14 03:36:24 =====
 93167       12:04 Sl   python -m examples.wandb_akt_train --dataset_name assist2009 --model_name akt --emb_type qid --seed 42 --fold 0 --dropout 0.2 --d_model 256 --learning_rate 1e-4 --num_epochs 100 --use_wandb 0 --add_uuid 0 --use_trained 0 --batch_size 128 --use_also 0 --save_dir saved_model/akt_also_stage2_batch_tsp_20260714_022000_s2/baseline_bs128
0, 12 %, 18255 MiB, 32607 MiB
ID   State      Output               E-Level  Times(r/u/s)   Command [run=1/2]
18   running    /tmp/ts-out.L6tm6v                           [17]&& [akt-also-s2-baseline-bs128]bash scripts/tsp_run_akt_also_config.sh stage2_batch tsp_20260714_022000_s2 baseline_bs128 --batch_size 128 --use_also 0
19   queued     (file)                                       [18]&& [akt-also-s2-also-bs128]bash scripts/tsp_run_akt_also_config.sh stage2_batch tsp_20260714_022000_s2 also_bs128 --batch_size 128 --use_also 1 --also_grouping_mode student_id --also_pi_lr 1e-4 --also_pi_decay 1e-2
20   queued     (file)                                       [19]&& [akt-also-s3-pidecay1e3]bash scripts/tsp_run_akt_also_config.sh stage3_pi_decay tsp_20260714_022000_s3 pidecay1e3_bs64 --batch_size 64 --use_also 1 --also_grouping_mode student_id --also_pi_lr 1e-4 --also_pi_decay 1e-3
21   queued     (file)                                       [19]&& [akt-also-s3-pidecay1e1]bash scripts/tsp_run_akt_also_config.sh stage3_pi_decay tsp_20260714_022000_s3 pidecay1e1_bs64 --batch_size 64 --use_also 1 --also_grouping_mode student_id --also_pi_lr 1e-4 --also_pi_decay 1e-1
22   queued     (file)                                       [20]&& [akt-also-s3-done]bash scripts/tsp_wait_jobs.sh 20 21
23   queued     (file)                                       [22]&& [akt-also-s4-loss-half]bash scripts/tsp_run_akt_also_config.sh stage4_loss_scale tsp_20260714_022000_s4 loss_scale_half_bs64 --batch_size 64 --use_also 1 --also_grouping_mode student_id --also_pi_lr 1e-4 --also_pi_decay 1e-2 --also_loss_scale 19.2578125
24   queued     (file)                                       [22]&& [akt-also-s4-loss-double]bash scripts/tsp_run_akt_also_config.sh stage4_loss_scale tsp_20260714_022000_s4 loss_scale_double_bs64 --batch_size 64 --use_also 1 --also_grouping_mode student_id --also_pi_lr 1e-4 --also_pi_decay 1e-2 --also_loss_scale 77.03125
25   queued     (file)                                       [23]&& [akt-also-s4-done]bash scripts/tsp_wait_jobs.sh 23 24
26   queued     (file)                                       [25]&& [akt-also-s5-alpha0]bash scripts/tsp_run_akt_also_config.sh stage5_optimizer tsp_20260714_022000_s5 alpha0_bs64 --batch_size 64 --use_also 1 --also_grouping_mode student_id --also_pi_lr 1e-4 --also_pi_decay 1e-2 --also_alpha 0.0
27   queued     (file)                                       [25]&& [akt-also-s5-alpha05]bash scripts/tsp_run_akt_also_config.sh stage5_optimizer tsp_20260714_022000_s5 alpha05_bs64 --batch_size 64 --use_also 1 --also_grouping_mode student_id --also_pi_lr 1e-4 --also_pi_decay 1e-2 --also_alpha 0.5
28   queued     (file)                                       [26]&& [akt-also-s5-alpha-done]bash scripts/tsp_wait_jobs.sh 26 27
29   queued     (file)                                       [28]&& [akt-also-s5-descent-ascent]bash scripts/tsp_run_akt_also_config.sh stage5_optimizer tsp_20260714_022000_s5 descent_ascent_bs64 --batch_size 64 --use_also 1 --also_grouping_mode student_id --also_pi_lr 1e-4 --also_pi_decay 1e-2 --also_mode descent-ascent
0    finished   /tmp/ts-out.J81tk7   0        4145.71/32991.41/41.82 [akt-also-stage2_batch-baseline_bs32]bash scripts/tsp_run_akt_also_config.sh stage2_batch tsp_20260714_010300_54754_stage2_batch baseline_bs32 --batch_size 32 --use_also 0
1    finished   /tmp/ts-out.vlSRBJ   0        4631.20/35549.16/36.58 [akt-also-stage2_batch-also_bs32]bash scripts/tsp_run_akt_also_config.sh stage2_batch tsp_20260714_010300_54754_stage2_batch also_bs32 --batch_size 32 --use_also 1 --also_grouping_mode student_id --also_pi_lr 1e-4 --also_pi_decay 1e-2
17   finished   /tmp/ts-out.gJoxSg   0        485.49/0.00/0.00 [0]&& [akt-also-s2-bs32-done]bash scripts/tsp_wait_jobs.sh 0 1
Wrote 8 AKT rows to logs/akt_also_results_summary.csv: {'evaluated': 7, 'evaluation_missing': 1}
Wrote docs/AKT_ALSO_实验结果汇总.md with 7 completed and 1 pending runs

===== half-hour check 4 2026-07-14 04:06:25 =====
102789       10:41 Rl   python -m examples.wandb_akt_train --dataset_name assist2009 --model_name akt --emb_type qid --seed 42 --fold 0 --dropout 0.2 --d_model 256 --learning_rate 1e-4 --num_epochs 100 --use_wandb 0 --add_uuid 0 --use_trained 0 --batch_size 64 --use_also 1 --also_grouping_mode student_id --also_pi_lr 1e-4 --also_pi_decay 1e-1 --save_dir saved_model/akt_also_stage3_pi_decay_tsp_20260714_022000_s3/pidecay1e1_bs64
102790       10:41 Sl   python -m examples.wandb_akt_train --dataset_name assist2009 --model_name akt --emb_type qid --seed 42 --fold 0 --dropout 0.2 --d_model 256 --learning_rate 1e-4 --num_epochs 100 --use_wandb 0 --add_uuid 0 --use_trained 0 --batch_size 64 --use_also 1 --also_grouping_mode student_id --also_pi_lr 1e-4 --also_pi_decay 1e-3 --save_dir saved_model/akt_also_stage3_pi_decay_tsp_20260714_022000_s3/pidecay1e3_bs64
0, 8 %, 19282 MiB, 32607 MiB
ID   State      Output               E-Level  Times(r/u/s)   Command [run=2/2]
20   running    /tmp/ts-out.vqqZwj                           [19]&& [akt-also-s3-pidecay1e3]bash scripts/tsp_run_akt_also_config.sh stage3_pi_decay tsp_20260714_022000_s3 pidecay1e3_bs64 --batch_size 64 --use_also 1 --also_grouping_mode student_id --also_pi_lr 1e-4 --also_pi_decay 1e-3
21   running    /tmp/ts-out.4aXn7c                           [19]&& [akt-also-s3-pidecay1e1]bash scripts/tsp_run_akt_also_config.sh stage3_pi_decay tsp_20260714_022000_s3 pidecay1e1_bs64 --batch_size 64 --use_also 1 --also_grouping_mode student_id --also_pi_lr 1e-4 --also_pi_decay 1e-1
22   queued     (file)                                       [20]&& [akt-also-s3-done]bash scripts/tsp_wait_jobs.sh 20 21
23   queued     (file)                                       [22]&& [akt-also-s4-loss-half]bash scripts/tsp_run_akt_also_config.sh stage4_loss_scale tsp_20260714_022000_s4 loss_scale_half_bs64 --batch_size 64 --use_also 1 --also_grouping_mode student_id --also_pi_lr 1e-4 --also_pi_decay 1e-2 --also_loss_scale 19.2578125
24   queued     (file)                                       [22]&& [akt-also-s4-loss-double]bash scripts/tsp_run_akt_also_config.sh stage4_loss_scale tsp_20260714_022000_s4 loss_scale_double_bs64 --batch_size 64 --use_also 1 --also_grouping_mode student_id --also_pi_lr 1e-4 --also_pi_decay 1e-2 --also_loss_scale 77.03125
25   queued     (file)                                       [23]&& [akt-also-s4-done]bash scripts/tsp_wait_jobs.sh 23 24
26   queued     (file)                                       [25]&& [akt-also-s5-alpha0]bash scripts/tsp_run_akt_also_config.sh stage5_optimizer tsp_20260714_022000_s5 alpha0_bs64 --batch_size 64 --use_also 1 --also_grouping_mode student_id --also_pi_lr 1e-4 --also_pi_decay 1e-2 --also_alpha 0.0
27   queued     (file)                                       [25]&& [akt-also-s5-alpha05]bash scripts/tsp_run_akt_also_config.sh stage5_optimizer tsp_20260714_022000_s5 alpha05_bs64 --batch_size 64 --use_also 1 --also_grouping_mode student_id --also_pi_lr 1e-4 --also_pi_decay 1e-2 --also_alpha 0.5
28   queued     (file)                                       [26]&& [akt-also-s5-alpha-done]bash scripts/tsp_wait_jobs.sh 26 27
29   queued     (file)                                       [28]&& [akt-also-s5-descent-ascent]bash scripts/tsp_run_akt_also_config.sh stage5_optimizer tsp_20260714_022000_s5 descent_ascent_bs64 --batch_size 64 --use_also 1 --also_grouping_mode student_id --also_pi_lr 1e-4 --also_pi_decay 1e-2 --also_mode descent-ascent
0    finished   /tmp/ts-out.J81tk7   0        4145.71/32991.41/41.82 [akt-also-stage2_batch-baseline_bs32]bash scripts/tsp_run_akt_also_config.sh stage2_batch tsp_20260714_010300_54754_stage2_batch baseline_bs32 --batch_size 32 --use_also 0
1    finished   /tmp/ts-out.vlSRBJ   0        4631.20/35549.16/36.58 [akt-also-stage2_batch-also_bs32]bash scripts/tsp_run_akt_also_config.sh stage2_batch tsp_20260714_010300_54754_stage2_batch also_bs32 --batch_size 32 --use_also 1 --also_grouping_mode student_id --also_pi_lr 1e-4 --also_pi_decay 1e-2
17   finished   /tmp/ts-out.gJoxSg   0        485.49/0.00/0.00 [0]&& [akt-also-s2-bs32-done]bash scripts/tsp_wait_jobs.sh 0 1
18   finished   /tmp/ts-out.L6tm6v   0        895.38/11410.15/20.54 [17]&& [akt-also-s2-baseline-bs128]bash scripts/tsp_run_akt_also_config.sh stage2_batch tsp_20260714_022000_s2 baseline_bs128 --batch_size 128 --use_also 0
19   finished   /tmp/ts-out.RUnket   0        987.34/12687.46/21.05 [18]&& [akt-also-s2-also-bs128]bash scripts/tsp_run_akt_also_config.sh stage2_batch tsp_20260714_022000_s2 also_bs128 --batch_size 128 --use_also 1 --also_grouping_mode student_id --also_pi_lr 1e-4 --also_pi_decay 1e-2
Wrote 11 AKT rows to logs/akt_also_results_summary.csv: {'evaluated': 9, 'evaluation_missing': 2}
Wrote docs/AKT_ALSO_实验结果汇总.md with 9 completed and 2 pending runs

===== half-hour check 5 2026-07-14 04:36:26 =====
102789       40:42 Rl   python -m examples.wandb_akt_train --dataset_name assist2009 --model_name akt --emb_type qid --seed 42 --fold 0 --dropout 0.2 --d_model 256 --learning_rate 1e-4 --num_epochs 100 --use_wandb 0 --add_uuid 0 --use_trained 0 --batch_size 64 --use_also 1 --also_grouping_mode student_id --also_pi_lr 1e-4 --also_pi_decay 1e-1 --save_dir saved_model/akt_also_stage3_pi_decay_tsp_20260714_022000_s3/pidecay1e1_bs64
102790       40:42 Rl   python -m examples.wandb_akt_train --dataset_name assist2009 --model_name akt --emb_type qid --seed 42 --fold 0 --dropout 0.2 --d_model 256 --learning_rate 1e-4 --num_epochs 100 --use_wandb 0 --add_uuid 0 --use_trained 0 --batch_size 64 --use_also 1 --also_grouping_mode student_id --also_pi_lr 1e-4 --also_pi_decay 1e-3 --save_dir saved_model/akt_also_stage3_pi_decay_tsp_20260714_022000_s3/pidecay1e3_bs64
0, 5 %, 19294 MiB, 32607 MiB
ID   State      Output               E-Level  Times(r/u/s)   Command [run=2/2]
20   running    /tmp/ts-out.vqqZwj                           [19]&& [akt-also-s3-pidecay1e3]bash scripts/tsp_run_akt_also_config.sh stage3_pi_decay tsp_20260714_022000_s3 pidecay1e3_bs64 --batch_size 64 --use_also 1 --also_grouping_mode student_id --also_pi_lr 1e-4 --also_pi_decay 1e-3
21   running    /tmp/ts-out.4aXn7c                           [19]&& [akt-also-s3-pidecay1e1]bash scripts/tsp_run_akt_also_config.sh stage3_pi_decay tsp_20260714_022000_s3 pidecay1e1_bs64 --batch_size 64 --use_also 1 --also_grouping_mode student_id --also_pi_lr 1e-4 --also_pi_decay 1e-1
22   queued     (file)                                       [20]&& [akt-also-s3-done]bash scripts/tsp_wait_jobs.sh 20 21
23   queued     (file)                                       [22]&& [akt-also-s4-loss-half]bash scripts/tsp_run_akt_also_config.sh stage4_loss_scale tsp_20260714_022000_s4 loss_scale_half_bs64 --batch_size 64 --use_also 1 --also_grouping_mode student_id --also_pi_lr 1e-4 --also_pi_decay 1e-2 --also_loss_scale 19.2578125
24   queued     (file)                                       [22]&& [akt-also-s4-loss-double]bash scripts/tsp_run_akt_also_config.sh stage4_loss_scale tsp_20260714_022000_s4 loss_scale_double_bs64 --batch_size 64 --use_also 1 --also_grouping_mode student_id --also_pi_lr 1e-4 --also_pi_decay 1e-2 --also_loss_scale 77.03125
25   queued     (file)                                       [23]&& [akt-also-s4-done]bash scripts/tsp_wait_jobs.sh 23 24
26   queued     (file)                                       [25]&& [akt-also-s5-alpha0]bash scripts/tsp_run_akt_also_config.sh stage5_optimizer tsp_20260714_022000_s5 alpha0_bs64 --batch_size 64 --use_also 1 --also_grouping_mode student_id --also_pi_lr 1e-4 --also_pi_decay 1e-2 --also_alpha 0.0
27   queued     (file)                                       [25]&& [akt-also-s5-alpha05]bash scripts/tsp_run_akt_also_config.sh stage5_optimizer tsp_20260714_022000_s5 alpha05_bs64 --batch_size 64 --use_also 1 --also_grouping_mode student_id --also_pi_lr 1e-4 --also_pi_decay 1e-2 --also_alpha 0.5
28   queued     (file)                                       [26]&& [akt-also-s5-alpha-done]bash scripts/tsp_wait_jobs.sh 26 27
29   queued     (file)                                       [28]&& [akt-also-s5-descent-ascent]bash scripts/tsp_run_akt_also_config.sh stage5_optimizer tsp_20260714_022000_s5 descent_ascent_bs64 --batch_size 64 --use_also 1 --also_grouping_mode student_id --also_pi_lr 1e-4 --also_pi_decay 1e-2 --also_mode descent-ascent
0    finished   /tmp/ts-out.J81tk7   0        4145.71/32991.41/41.82 [akt-also-stage2_batch-baseline_bs32]bash scripts/tsp_run_akt_also_config.sh stage2_batch tsp_20260714_010300_54754_stage2_batch baseline_bs32 --batch_size 32 --use_also 0
1    finished   /tmp/ts-out.vlSRBJ   0        4631.20/35549.16/36.58 [akt-also-stage2_batch-also_bs32]bash scripts/tsp_run_akt_also_config.sh stage2_batch tsp_20260714_010300_54754_stage2_batch also_bs32 --batch_size 32 --use_also 1 --also_grouping_mode student_id --also_pi_lr 1e-4 --also_pi_decay 1e-2
17   finished   /tmp/ts-out.gJoxSg   0        485.49/0.00/0.00 [0]&& [akt-also-s2-bs32-done]bash scripts/tsp_wait_jobs.sh 0 1
18   finished   /tmp/ts-out.L6tm6v   0        895.38/11410.15/20.54 [17]&& [akt-also-s2-baseline-bs128]bash scripts/tsp_run_akt_also_config.sh stage2_batch tsp_20260714_022000_s2 baseline_bs128 --batch_size 128 --use_also 0
19   finished   /tmp/ts-out.RUnket   0        987.34/12687.46/21.05 [18]&& [akt-also-s2-also-bs128]bash scripts/tsp_run_akt_also_config.sh stage2_batch tsp_20260714_022000_s2 also_bs128 --batch_size 128 --use_also 1 --also_grouping_mode student_id --also_pi_lr 1e-4 --also_pi_decay 1e-2
Wrote 11 AKT rows to logs/akt_also_results_summary.csv: {'evaluated': 9, 'evaluation_missing': 2}
Wrote docs/AKT_ALSO_实验结果汇总.md with 9 completed and 2 pending runs

===== half-hour check 6 2026-07-14 05:06:26 =====
102789    01:10:43 Rl   python -m examples.wandb_akt_train --dataset_name assist2009 --model_name akt --emb_type qid --seed 42 --fold 0 --dropout 0.2 --d_model 256 --learning_rate 1e-4 --num_epochs 100 --use_wandb 0 --add_uuid 0 --use_trained 0 --batch_size 64 --use_also 1 --also_grouping_mode student_id --also_pi_lr 1e-4 --also_pi_decay 1e-1 --save_dir saved_model/akt_also_stage3_pi_decay_tsp_20260714_022000_s3/pidecay1e1_bs64
102790    01:10:43 Rl   python -m examples.wandb_akt_train --dataset_name assist2009 --model_name akt --emb_type qid --seed 42 --fold 0 --dropout 0.2 --d_model 256 --learning_rate 1e-4 --num_epochs 100 --use_wandb 0 --add_uuid 0 --use_trained 0 --batch_size 64 --use_also 1 --also_grouping_mode student_id --also_pi_lr 1e-4 --also_pi_decay 1e-3 --save_dir saved_model/akt_also_stage3_pi_decay_tsp_20260714_022000_s3/pidecay1e3_bs64
0, 19 %, 19322 MiB, 32607 MiB
ID   State      Output               E-Level  Times(r/u/s)   Command [run=2/2]
20   running    /tmp/ts-out.vqqZwj                           [19]&& [akt-also-s3-pidecay1e3]bash scripts/tsp_run_akt_also_config.sh stage3_pi_decay tsp_20260714_022000_s3 pidecay1e3_bs64 --batch_size 64 --use_also 1 --also_grouping_mode student_id --also_pi_lr 1e-4 --also_pi_decay 1e-3
21   running    /tmp/ts-out.4aXn7c                           [19]&& [akt-also-s3-pidecay1e1]bash scripts/tsp_run_akt_also_config.sh stage3_pi_decay tsp_20260714_022000_s3 pidecay1e1_bs64 --batch_size 64 --use_also 1 --also_grouping_mode student_id --also_pi_lr 1e-4 --also_pi_decay 1e-1
22   queued     (file)                                       [20]&& [akt-also-s3-done]bash scripts/tsp_wait_jobs.sh 20 21
23   queued     (file)                                       [22]&& [akt-also-s4-loss-half]bash scripts/tsp_run_akt_also_config.sh stage4_loss_scale tsp_20260714_022000_s4 loss_scale_half_bs64 --batch_size 64 --use_also 1 --also_grouping_mode student_id --also_pi_lr 1e-4 --also_pi_decay 1e-2 --also_loss_scale 19.2578125
24   queued     (file)                                       [22]&& [akt-also-s4-loss-double]bash scripts/tsp_run_akt_also_config.sh stage4_loss_scale tsp_20260714_022000_s4 loss_scale_double_bs64 --batch_size 64 --use_also 1 --also_grouping_mode student_id --also_pi_lr 1e-4 --also_pi_decay 1e-2 --also_loss_scale 77.03125
25   queued     (file)                                       [23]&& [akt-also-s4-done]bash scripts/tsp_wait_jobs.sh 23 24
26   queued     (file)                                       [25]&& [akt-also-s5-alpha0]bash scripts/tsp_run_akt_also_config.sh stage5_optimizer tsp_20260714_022000_s5 alpha0_bs64 --batch_size 64 --use_also 1 --also_grouping_mode student_id --also_pi_lr 1e-4 --also_pi_decay 1e-2 --also_alpha 0.0
27   queued     (file)                                       [25]&& [akt-also-s5-alpha05]bash scripts/tsp_run_akt_also_config.sh stage5_optimizer tsp_20260714_022000_s5 alpha05_bs64 --batch_size 64 --use_also 1 --also_grouping_mode student_id --also_pi_lr 1e-4 --also_pi_decay 1e-2 --also_alpha 0.5
28   queued     (file)                                       [26]&& [akt-also-s5-alpha-done]bash scripts/tsp_wait_jobs.sh 26 27
29   queued     (file)                                       [28]&& [akt-also-s5-descent-ascent]bash scripts/tsp_run_akt_also_config.sh stage5_optimizer tsp_20260714_022000_s5 descent_ascent_bs64 --batch_size 64 --use_also 1 --also_grouping_mode student_id --also_pi_lr 1e-4 --also_pi_decay 1e-2 --also_mode descent-ascent
0    finished   /tmp/ts-out.J81tk7   0        4145.71/32991.41/41.82 [akt-also-stage2_batch-baseline_bs32]bash scripts/tsp_run_akt_also_config.sh stage2_batch tsp_20260714_010300_54754_stage2_batch baseline_bs32 --batch_size 32 --use_also 0
1    finished   /tmp/ts-out.vlSRBJ   0        4631.20/35549.16/36.58 [akt-also-stage2_batch-also_bs32]bash scripts/tsp_run_akt_also_config.sh stage2_batch tsp_20260714_010300_54754_stage2_batch also_bs32 --batch_size 32 --use_also 1 --also_grouping_mode student_id --also_pi_lr 1e-4 --also_pi_decay 1e-2
17   finished   /tmp/ts-out.gJoxSg   0        485.49/0.00/0.00 [0]&& [akt-also-s2-bs32-done]bash scripts/tsp_wait_jobs.sh 0 1
18   finished   /tmp/ts-out.L6tm6v   0        895.38/11410.15/20.54 [17]&& [akt-also-s2-baseline-bs128]bash scripts/tsp_run_akt_also_config.sh stage2_batch tsp_20260714_022000_s2 baseline_bs128 --batch_size 128 --use_also 0
19   finished   /tmp/ts-out.RUnket   0        987.34/12687.46/21.05 [18]&& [akt-also-s2-also-bs128]bash scripts/tsp_run_akt_also_config.sh stage2_batch tsp_20260714_022000_s2 also_bs128 --batch_size 128 --use_also 1 --also_grouping_mode student_id --also_pi_lr 1e-4 --also_pi_decay 1e-2
Wrote 11 AKT rows to logs/akt_also_results_summary.csv: {'evaluated': 9, 'evaluation_missing': 2}
Wrote docs/AKT_ALSO_实验结果汇总.md with 9 completed and 2 pending runs

===== half-hour check 7 2026-07-14 05:36:28 =====
127377       12:02 Rl   python -m examples.wandb_akt_train --dataset_name assist2009 --model_name akt --emb_type qid --seed 42 --fold 0 --dropout 0.2 --d_model 256 --learning_rate 1e-4 --num_epochs 100 --use_wandb 0 --add_uuid 0 --use_trained 0 --batch_size 64 --use_also 1 --also_grouping_mode student_id --also_pi_lr 1e-4 --also_pi_decay 1e-2 --also_loss_scale 19.2578125 --save_dir saved_model/akt_also_stage4_loss_scale_tsp_20260714_022000_s4/loss_scale_half_bs64
127378       12:02 Rl   python -m examples.wandb_akt_train --dataset_name assist2009 --model_name akt --emb_type qid --seed 42 --fold 0 --dropout 0.2 --d_model 256 --learning_rate 1e-4 --num_epochs 100 --use_wandb 0 --add_uuid 0 --use_trained 0 --batch_size 64 --use_also 1 --also_grouping_mode student_id --also_pi_lr 1e-4 --also_pi_decay 1e-2 --also_loss_scale 77.03125 --save_dir saved_model/akt_also_stage4_loss_scale_tsp_20260714_022000_s4/loss_scale_double_bs64
0, 98 %, 19282 MiB, 32607 MiB
ID   State      Output               E-Level  Times(r/u/s)   Command [run=2/2]
23   running    /tmp/ts-out.6ZY8er                           [22]&& [akt-also-s4-loss-half]bash scripts/tsp_run_akt_also_config.sh stage4_loss_scale tsp_20260714_022000_s4 loss_scale_half_bs64 --batch_size 64 --use_also 1 --also_grouping_mode student_id --also_pi_lr 1e-4 --also_pi_decay 1e-2 --also_loss_scale 19.2578125
24   running    /tmp/ts-out.Scmand                           [22]&& [akt-also-s4-loss-double]bash scripts/tsp_run_akt_also_config.sh stage4_loss_scale tsp_20260714_022000_s4 loss_scale_double_bs64 --batch_size 64 --use_also 1 --also_grouping_mode student_id --also_pi_lr 1e-4 --also_pi_decay 1e-2 --also_loss_scale 77.03125
25   queued     (file)                                       [23]&& [akt-also-s4-done]bash scripts/tsp_wait_jobs.sh 23 24
26   queued     (file)                                       [25]&& [akt-also-s5-alpha0]bash scripts/tsp_run_akt_also_config.sh stage5_optimizer tsp_20260714_022000_s5 alpha0_bs64 --batch_size 64 --use_also 1 --also_grouping_mode student_id --also_pi_lr 1e-4 --also_pi_decay 1e-2 --also_alpha 0.0
27   queued     (file)                                       [25]&& [akt-also-s5-alpha05]bash scripts/tsp_run_akt_also_config.sh stage5_optimizer tsp_20260714_022000_s5 alpha05_bs64 --batch_size 64 --use_also 1 --also_grouping_mode student_id --also_pi_lr 1e-4 --also_pi_decay 1e-2 --also_alpha 0.5
28   queued     (file)                                       [26]&& [akt-also-s5-alpha-done]bash scripts/tsp_wait_jobs.sh 26 27
29   queued     (file)                                       [28]&& [akt-also-s5-descent-ascent]bash scripts/tsp_run_akt_also_config.sh stage5_optimizer tsp_20260714_022000_s5 descent_ascent_bs64 --batch_size 64 --use_also 1 --also_grouping_mode student_id --also_pi_lr 1e-4 --also_pi_decay 1e-2 --also_mode descent-ascent
0    finished   /tmp/ts-out.J81tk7   0        4145.71/32991.41/41.82 [akt-also-stage2_batch-baseline_bs32]bash scripts/tsp_run_akt_also_config.sh stage2_batch tsp_20260714_010300_54754_stage2_batch baseline_bs32 --batch_size 32 --use_also 0
1    finished   /tmp/ts-out.vlSRBJ   0        4631.20/35549.16/36.58 [akt-also-stage2_batch-also_bs32]bash scripts/tsp_run_akt_also_config.sh stage2_batch tsp_20260714_010300_54754_stage2_batch also_bs32 --batch_size 32 --use_also 1 --also_grouping_mode student_id --also_pi_lr 1e-4 --also_pi_decay 1e-2
17   finished   /tmp/ts-out.gJoxSg   0        485.49/0.00/0.00 [0]&& [akt-also-s2-bs32-done]bash scripts/tsp_wait_jobs.sh 0 1
18   finished   /tmp/ts-out.L6tm6v   0        895.38/11410.15/20.54 [17]&& [akt-also-s2-baseline-bs128]bash scripts/tsp_run_akt_also_config.sh stage2_batch tsp_20260714_022000_s2 baseline_bs128 --batch_size 128 --use_also 0
19   finished   /tmp/ts-out.RUnket   0        987.34/12687.46/21.05 [18]&& [akt-also-s2-also-bs128]bash scripts/tsp_run_akt_also_config.sh stage2_batch tsp_20260714_022000_s2 also_bs128 --batch_size 128 --use_also 1 --also_grouping_mode student_id --also_pi_lr 1e-4 --also_pi_decay 1e-2
20   finished   /tmp/ts-out.vqqZwj   0        5274.72/33114.70/36.50 [19]&& [akt-also-s3-pidecay1e3]bash scripts/tsp_run_akt_also_config.sh stage3_pi_decay tsp_20260714_022000_s3 pidecay1e3_bs64 --batch_size 64 --use_also 1 --also_grouping_mode student_id --also_pi_lr 1e-4 --also_pi_decay 1e-3
21   finished   /tmp/ts-out.4aXn7c   0        5321.31/37560.52/34.61 [19]&& [akt-also-s3-pidecay1e1]bash scripts/tsp_run_akt_also_config.sh stage3_pi_decay tsp_20260714_022000_s3 pidecay1e1_bs64 --batch_size 64 --use_also 1 --also_grouping_mode student_id --also_pi_lr 1e-4 --also_pi_decay 1e-1
22   finished   /tmp/ts-out.iLYx9x   0        46.59/0.00/0.00 [20]&& [akt-also-s3-done]bash scripts/tsp_wait_jobs.sh 20 21
Wrote 13 AKT rows to logs/akt_also_results_summary.csv: {'evaluated': 11, 'evaluation_missing': 2}
Wrote docs/AKT_ALSO_实验结果汇总.md with 11 completed and 2 pending runs

===== half-hour check 8 2026-07-14 06:06:28 =====
127377       42:02 Rl   python -m examples.wandb_akt_train --dataset_name assist2009 --model_name akt --emb_type qid --seed 42 --fold 0 --dropout 0.2 --d_model 256 --learning_rate 1e-4 --num_epochs 100 --use_wandb 0 --add_uuid 0 --use_trained 0 --batch_size 64 --use_also 1 --also_grouping_mode student_id --also_pi_lr 1e-4 --also_pi_decay 1e-2 --also_loss_scale 19.2578125 --save_dir saved_model/akt_also_stage4_loss_scale_tsp_20260714_022000_s4/loss_scale_half_bs64
127378       42:02 Sl   python -m examples.wandb_akt_train --dataset_name assist2009 --model_name akt --emb_type qid --seed 42 --fold 0 --dropout 0.2 --d_model 256 --learning_rate 1e-4 --num_epochs 100 --use_wandb 0 --add_uuid 0 --use_trained 0 --batch_size 64 --use_also 1 --also_grouping_mode student_id --also_pi_lr 1e-4 --also_pi_decay 1e-2 --also_loss_scale 77.03125 --save_dir saved_model/akt_also_stage4_loss_scale_tsp_20260714_022000_s4/loss_scale_double_bs64
0, 2 %, 19290 MiB, 32607 MiB
ID   State      Output               E-Level  Times(r/u/s)   Command [run=2/2]
23   running    /tmp/ts-out.6ZY8er                           [22]&& [akt-also-s4-loss-half]bash scripts/tsp_run_akt_also_config.sh stage4_loss_scale tsp_20260714_022000_s4 loss_scale_half_bs64 --batch_size 64 --use_also 1 --also_grouping_mode student_id --also_pi_lr 1e-4 --also_pi_decay 1e-2 --also_loss_scale 19.2578125
24   running    /tmp/ts-out.Scmand                           [22]&& [akt-also-s4-loss-double]bash scripts/tsp_run_akt_also_config.sh stage4_loss_scale tsp_20260714_022000_s4 loss_scale_double_bs64 --batch_size 64 --use_also 1 --also_grouping_mode student_id --also_pi_lr 1e-4 --also_pi_decay 1e-2 --also_loss_scale 77.03125
25   queued     (file)                                       [23]&& [akt-also-s4-done]bash scripts/tsp_wait_jobs.sh 23 24
26   queued     (file)                                       [25]&& [akt-also-s5-alpha0]bash scripts/tsp_run_akt_also_config.sh stage5_optimizer tsp_20260714_022000_s5 alpha0_bs64 --batch_size 64 --use_also 1 --also_grouping_mode student_id --also_pi_lr 1e-4 --also_pi_decay 1e-2 --also_alpha 0.0
27   queued     (file)                                       [25]&& [akt-also-s5-alpha05]bash scripts/tsp_run_akt_also_config.sh stage5_optimizer tsp_20260714_022000_s5 alpha05_bs64 --batch_size 64 --use_also 1 --also_grouping_mode student_id --also_pi_lr 1e-4 --also_pi_decay 1e-2 --also_alpha 0.5
28   queued     (file)                                       [26]&& [akt-also-s5-alpha-done]bash scripts/tsp_wait_jobs.sh 26 27
29   queued     (file)                                       [28]&& [akt-also-s5-descent-ascent]bash scripts/tsp_run_akt_also_config.sh stage5_optimizer tsp_20260714_022000_s5 descent_ascent_bs64 --batch_size 64 --use_also 1 --also_grouping_mode student_id --also_pi_lr 1e-4 --also_pi_decay 1e-2 --also_mode descent-ascent
0    finished   /tmp/ts-out.J81tk7   0        4145.71/32991.41/41.82 [akt-also-stage2_batch-baseline_bs32]bash scripts/tsp_run_akt_also_config.sh stage2_batch tsp_20260714_010300_54754_stage2_batch baseline_bs32 --batch_size 32 --use_also 0
1    finished   /tmp/ts-out.vlSRBJ   0        4631.20/35549.16/36.58 [akt-also-stage2_batch-also_bs32]bash scripts/tsp_run_akt_also_config.sh stage2_batch tsp_20260714_010300_54754_stage2_batch also_bs32 --batch_size 32 --use_also 1 --also_grouping_mode student_id --also_pi_lr 1e-4 --also_pi_decay 1e-2
17   finished   /tmp/ts-out.gJoxSg   0        485.49/0.00/0.00 [0]&& [akt-also-s2-bs32-done]bash scripts/tsp_wait_jobs.sh 0 1
18   finished   /tmp/ts-out.L6tm6v   0        895.38/11410.15/20.54 [17]&& [akt-also-s2-baseline-bs128]bash scripts/tsp_run_akt_also_config.sh stage2_batch tsp_20260714_022000_s2 baseline_bs128 --batch_size 128 --use_also 0
19   finished   /tmp/ts-out.RUnket   0        987.34/12687.46/21.05 [18]&& [akt-also-s2-also-bs128]bash scripts/tsp_run_akt_also_config.sh stage2_batch tsp_20260714_022000_s2 also_bs128 --batch_size 128 --use_also 1 --also_grouping_mode student_id --also_pi_lr 1e-4 --also_pi_decay 1e-2
20   finished   /tmp/ts-out.vqqZwj   0        5274.72/33114.70/36.50 [19]&& [akt-also-s3-pidecay1e3]bash scripts/tsp_run_akt_also_config.sh stage3_pi_decay tsp_20260714_022000_s3 pidecay1e3_bs64 --batch_size 64 --use_also 1 --also_grouping_mode student_id --also_pi_lr 1e-4 --also_pi_decay 1e-3
21   finished   /tmp/ts-out.4aXn7c   0        5321.31/37560.52/34.61 [19]&& [akt-also-s3-pidecay1e1]bash scripts/tsp_run_akt_also_config.sh stage3_pi_decay tsp_20260714_022000_s3 pidecay1e1_bs64 --batch_size 64 --use_also 1 --also_grouping_mode student_id --also_pi_lr 1e-4 --also_pi_decay 1e-1
22   finished   /tmp/ts-out.iLYx9x   0        46.59/0.00/0.00 [20]&& [akt-also-s3-done]bash scripts/tsp_wait_jobs.sh 20 21
Wrote 13 AKT rows to logs/akt_also_results_summary.csv: {'evaluated': 11, 'evaluation_missing': 2}
Wrote docs/AKT_ALSO_实验结果汇总.md with 11 completed and 2 pending runs

===== half-hour check 9 2026-07-14 06:36:29 =====
127377    01:12:04 Rl   python -m examples.wandb_akt_train --dataset_name assist2009 --model_name akt --emb_type qid --seed 42 --fold 0 --dropout 0.2 --d_model 256 --learning_rate 1e-4 --num_epochs 100 --use_wandb 0 --add_uuid 0 --use_trained 0 --batch_size 64 --use_also 1 --also_grouping_mode student_id --also_pi_lr 1e-4 --also_pi_decay 1e-2 --also_loss_scale 19.2578125 --save_dir saved_model/akt_also_stage4_loss_scale_tsp_20260714_022000_s4/loss_scale_half_bs64
127378    01:12:04 Sl   python -m examples.wandb_akt_train --dataset_name assist2009 --model_name akt --emb_type qid --seed 42 --fold 0 --dropout 0.2 --d_model 256 --learning_rate 1e-4 --num_epochs 100 --use_wandb 0 --add_uuid 0 --use_trained 0 --batch_size 64 --use_also 1 --also_grouping_mode student_id --also_pi_lr 1e-4 --also_pi_decay 1e-2 --also_loss_scale 77.03125 --save_dir saved_model/akt_also_stage4_loss_scale_tsp_20260714_022000_s4/loss_scale_double_bs64
0, 24 %, 19304 MiB, 32607 MiB
ID   State      Output               E-Level  Times(r/u/s)   Command [run=2/2]
23   running    /tmp/ts-out.6ZY8er                           [22]&& [akt-also-s4-loss-half]bash scripts/tsp_run_akt_also_config.sh stage4_loss_scale tsp_20260714_022000_s4 loss_scale_half_bs64 --batch_size 64 --use_also 1 --also_grouping_mode student_id --also_pi_lr 1e-4 --also_pi_decay 1e-2 --also_loss_scale 19.2578125
24   running    /tmp/ts-out.Scmand                           [22]&& [akt-also-s4-loss-double]bash scripts/tsp_run_akt_also_config.sh stage4_loss_scale tsp_20260714_022000_s4 loss_scale_double_bs64 --batch_size 64 --use_also 1 --also_grouping_mode student_id --also_pi_lr 1e-4 --also_pi_decay 1e-2 --also_loss_scale 77.03125
25   queued     (file)                                       [23]&& [akt-also-s4-done]bash scripts/tsp_wait_jobs.sh 23 24
26   queued     (file)                                       [25]&& [akt-also-s5-alpha0]bash scripts/tsp_run_akt_also_config.sh stage5_optimizer tsp_20260714_022000_s5 alpha0_bs64 --batch_size 64 --use_also 1 --also_grouping_mode student_id --also_pi_lr 1e-4 --also_pi_decay 1e-2 --also_alpha 0.0
27   queued     (file)                                       [25]&& [akt-also-s5-alpha05]bash scripts/tsp_run_akt_also_config.sh stage5_optimizer tsp_20260714_022000_s5 alpha05_bs64 --batch_size 64 --use_also 1 --also_grouping_mode student_id --also_pi_lr 1e-4 --also_pi_decay 1e-2 --also_alpha 0.5
28   queued     (file)                                       [26]&& [akt-also-s5-alpha-done]bash scripts/tsp_wait_jobs.sh 26 27
29   queued     (file)                                       [28]&& [akt-also-s5-descent-ascent]bash scripts/tsp_run_akt_also_config.sh stage5_optimizer tsp_20260714_022000_s5 descent_ascent_bs64 --batch_size 64 --use_also 1 --also_grouping_mode student_id --also_pi_lr 1e-4 --also_pi_decay 1e-2 --also_mode descent-ascent
0    finished   /tmp/ts-out.J81tk7   0        4145.71/32991.41/41.82 [akt-also-stage2_batch-baseline_bs32]bash scripts/tsp_run_akt_also_config.sh stage2_batch tsp_20260714_010300_54754_stage2_batch baseline_bs32 --batch_size 32 --use_also 0
1    finished   /tmp/ts-out.vlSRBJ   0        4631.20/35549.16/36.58 [akt-also-stage2_batch-also_bs32]bash scripts/tsp_run_akt_also_config.sh stage2_batch tsp_20260714_010300_54754_stage2_batch also_bs32 --batch_size 32 --use_also 1 --also_grouping_mode student_id --also_pi_lr 1e-4 --also_pi_decay 1e-2
17   finished   /tmp/ts-out.gJoxSg   0        485.49/0.00/0.00 [0]&& [akt-also-s2-bs32-done]bash scripts/tsp_wait_jobs.sh 0 1
18   finished   /tmp/ts-out.L6tm6v   0        895.38/11410.15/20.54 [17]&& [akt-also-s2-baseline-bs128]bash scripts/tsp_run_akt_also_config.sh stage2_batch tsp_20260714_022000_s2 baseline_bs128 --batch_size 128 --use_also 0
19   finished   /tmp/ts-out.RUnket   0        987.34/12687.46/21.05 [18]&& [akt-also-s2-also-bs128]bash scripts/tsp_run_akt_also_config.sh stage2_batch tsp_20260714_022000_s2 also_bs128 --batch_size 128 --use_also 1 --also_grouping_mode student_id --also_pi_lr 1e-4 --also_pi_decay 1e-2
20   finished   /tmp/ts-out.vqqZwj   0        5274.72/33114.70/36.50 [19]&& [akt-also-s3-pidecay1e3]bash scripts/tsp_run_akt_also_config.sh stage3_pi_decay tsp_20260714_022000_s3 pidecay1e3_bs64 --batch_size 64 --use_also 1 --also_grouping_mode student_id --also_pi_lr 1e-4 --also_pi_decay 1e-3
21   finished   /tmp/ts-out.4aXn7c   0        5321.31/37560.52/34.61 [19]&& [akt-also-s3-pidecay1e1]bash scripts/tsp_run_akt_also_config.sh stage3_pi_decay tsp_20260714_022000_s3 pidecay1e1_bs64 --batch_size 64 --use_also 1 --also_grouping_mode student_id --also_pi_lr 1e-4 --also_pi_decay 1e-1
22   finished   /tmp/ts-out.iLYx9x   0        46.59/0.00/0.00 [20]&& [akt-also-s3-done]bash scripts/tsp_wait_jobs.sh 20 21
Wrote 13 AKT rows to logs/akt_also_results_summary.csv: {'evaluated': 11, 'evaluation_missing': 2}
Wrote docs/AKT_ALSO_实验结果汇总.md with 11 completed and 2 pending runs

===== half-hour check 10 2026-07-14 07:06:30 =====
151352       16:15 Sl   python -m examples.wandb_akt_train --dataset_name assist2009 --model_name akt --emb_type qid --seed 42 --fold 0 --dropout 0.2 --d_model 256 --learning_rate 1e-4 --num_epochs 100 --use_wandb 0 --add_uuid 0 --use_trained 0 --batch_size 64 --use_also 1 --also_grouping_mode student_id --also_pi_lr 1e-4 --also_pi_decay 1e-2 --also_alpha 0.5 --save_dir saved_model/akt_also_stage5_optimizer_tsp_20260714_022000_s5/alpha05_bs64
151353       16:15 Rl   python -m examples.wandb_akt_train --dataset_name assist2009 --model_name akt --emb_type qid --seed 42 --fold 0 --dropout 0.2 --d_model 256 --learning_rate 1e-4 --num_epochs 100 --use_wandb 0 --add_uuid 0 --use_trained 0 --batch_size 64 --use_also 1 --also_grouping_mode student_id --also_pi_lr 1e-4 --also_pi_decay 1e-2 --also_alpha 0.0 --save_dir saved_model/akt_also_stage5_optimizer_tsp_20260714_022000_s5/alpha0_bs64
0, 24 %, 19286 MiB, 32607 MiB
ID   State      Output               E-Level  Times(r/u/s)   Command [run=2/2]
26   running    /tmp/ts-out.ofE7jH                           [25]&& [akt-also-s5-alpha0]bash scripts/tsp_run_akt_also_config.sh stage5_optimizer tsp_20260714_022000_s5 alpha0_bs64 --batch_size 64 --use_also 1 --also_grouping_mode student_id --also_pi_lr 1e-4 --also_pi_decay 1e-2 --also_alpha 0.0
27   running    /tmp/ts-out.oBdPzt                           [25]&& [akt-also-s5-alpha05]bash scripts/tsp_run_akt_also_config.sh stage5_optimizer tsp_20260714_022000_s5 alpha05_bs64 --batch_size 64 --use_also 1 --also_grouping_mode student_id --also_pi_lr 1e-4 --also_pi_decay 1e-2 --also_alpha 0.5
28   queued     (file)                                       [26]&& [akt-also-s5-alpha-done]bash scripts/tsp_wait_jobs.sh 26 27
29   queued     (file)                                       [28]&& [akt-also-s5-descent-ascent]bash scripts/tsp_run_akt_also_config.sh stage5_optimizer tsp_20260714_022000_s5 descent_ascent_bs64 --batch_size 64 --use_also 1 --also_grouping_mode student_id --also_pi_lr 1e-4 --also_pi_decay 1e-2 --also_mode descent-ascent
0    finished   /tmp/ts-out.J81tk7   0        4145.71/32991.41/41.82 [akt-also-stage2_batch-baseline_bs32]bash scripts/tsp_run_akt_also_config.sh stage2_batch tsp_20260714_010300_54754_stage2_batch baseline_bs32 --batch_size 32 --use_also 0
1    finished   /tmp/ts-out.vlSRBJ   0        4631.20/35549.16/36.58 [akt-also-stage2_batch-also_bs32]bash scripts/tsp_run_akt_also_config.sh stage2_batch tsp_20260714_010300_54754_stage2_batch also_bs32 --batch_size 32 --use_also 1 --also_grouping_mode student_id --also_pi_lr 1e-4 --also_pi_decay 1e-2
17   finished   /tmp/ts-out.gJoxSg   0        485.49/0.00/0.00 [0]&& [akt-also-s2-bs32-done]bash scripts/tsp_wait_jobs.sh 0 1
18   finished   /tmp/ts-out.L6tm6v   0        895.38/11410.15/20.54 [17]&& [akt-also-s2-baseline-bs128]bash scripts/tsp_run_akt_also_config.sh stage2_batch tsp_20260714_022000_s2 baseline_bs128 --batch_size 128 --use_also 0
19   finished   /tmp/ts-out.RUnket   0        987.34/12687.46/21.05 [18]&& [akt-also-s2-also-bs128]bash scripts/tsp_run_akt_also_config.sh stage2_batch tsp_20260714_022000_s2 also_bs128 --batch_size 128 --use_also 1 --also_grouping_mode student_id --also_pi_lr 1e-4 --also_pi_decay 1e-2
20   finished   /tmp/ts-out.vqqZwj   0        5274.72/33114.70/36.50 [19]&& [akt-also-s3-pidecay1e3]bash scripts/tsp_run_akt_also_config.sh stage3_pi_decay tsp_20260714_022000_s3 pidecay1e3_bs64 --batch_size 64 --use_also 1 --also_grouping_mode student_id --also_pi_lr 1e-4 --also_pi_decay 1e-3
21   finished   /tmp/ts-out.4aXn7c   0        5321.31/37560.52/34.61 [19]&& [akt-also-s3-pidecay1e1]bash scripts/tsp_run_akt_also_config.sh stage3_pi_decay tsp_20260714_022000_s3 pidecay1e1_bs64 --batch_size 64 --use_also 1 --also_grouping_mode student_id --also_pi_lr 1e-4 --also_pi_decay 1e-1
22   finished   /tmp/ts-out.iLYx9x   0        46.59/0.00/0.00 [20]&& [akt-also-s3-done]bash scripts/tsp_wait_jobs.sh 20 21
24   finished   /tmp/ts-out.Scmand   0        4898.88/29691.21/32.63 [22]&& [akt-also-s4-loss-double]bash scripts/tsp_run_akt_also_config.sh stage4_loss_scale tsp_20260714_022000_s4 loss_scale_double_bs64 --batch_size 64 --use_also 1 --also_grouping_mode student_id --also_pi_lr 1e-4 --also_pi_decay 1e-2 --also_loss_scale 77.03125
23   finished   /tmp/ts-out.6ZY8er   0        5149.28/38757.60/32.51 [22]&& [akt-also-s4-loss-half]bash scripts/tsp_run_akt_also_config.sh stage4_loss_scale tsp_20260714_022000_s4 loss_scale_half_bs64 --batch_size 64 --use_also 1 --also_grouping_mode student_id --also_pi_lr 1e-4 --also_pi_decay 1e-2 --also_loss_scale 19.2578125
25   finished   /tmp/ts-out.N3F8JJ   0        0.00/0.00/0.00 [23]&& [akt-also-s4-done]bash scripts/tsp_wait_jobs.sh 23 24
Wrote 15 AKT rows to logs/akt_also_results_summary.csv: {'evaluated': 13, 'evaluation_missing': 2}
Wrote docs/AKT_ALSO_实验结果汇总.md with 13 completed and 2 pending runs

===== half-hour check 11 2026-07-14 07:36:30 =====
151352       46:15 Rl   python -m examples.wandb_akt_train --dataset_name assist2009 --model_name akt --emb_type qid --seed 42 --fold 0 --dropout 0.2 --d_model 256 --learning_rate 1e-4 --num_epochs 100 --use_wandb 0 --add_uuid 0 --use_trained 0 --batch_size 64 --use_also 1 --also_grouping_mode student_id --also_pi_lr 1e-4 --also_pi_decay 1e-2 --also_alpha 0.5 --save_dir saved_model/akt_also_stage5_optimizer_tsp_20260714_022000_s5/alpha05_bs64
151353       46:15 Rl   python -m examples.wandb_akt_train --dataset_name assist2009 --model_name akt --emb_type qid --seed 42 --fold 0 --dropout 0.2 --d_model 256 --learning_rate 1e-4 --num_epochs 100 --use_wandb 0 --add_uuid 0 --use_trained 0 --batch_size 64 --use_also 1 --also_grouping_mode student_id --also_pi_lr 1e-4 --also_pi_decay 1e-2 --also_alpha 0.0 --save_dir saved_model/akt_also_stage5_optimizer_tsp_20260714_022000_s5/alpha0_bs64
0, 9 %, 19296 MiB, 32607 MiB
ID   State      Output               E-Level  Times(r/u/s)   Command [run=2/2]
26   running    /tmp/ts-out.ofE7jH                           [25]&& [akt-also-s5-alpha0]bash scripts/tsp_run_akt_also_config.sh stage5_optimizer tsp_20260714_022000_s5 alpha0_bs64 --batch_size 64 --use_also 1 --also_grouping_mode student_id --also_pi_lr 1e-4 --also_pi_decay 1e-2 --also_alpha 0.0
27   running    /tmp/ts-out.oBdPzt                           [25]&& [akt-also-s5-alpha05]bash scripts/tsp_run_akt_also_config.sh stage5_optimizer tsp_20260714_022000_s5 alpha05_bs64 --batch_size 64 --use_also 1 --also_grouping_mode student_id --also_pi_lr 1e-4 --also_pi_decay 1e-2 --also_alpha 0.5
28   queued     (file)                                       [26]&& [akt-also-s5-alpha-done]bash scripts/tsp_wait_jobs.sh 26 27
29   queued     (file)                                       [28]&& [akt-also-s5-descent-ascent]bash scripts/tsp_run_akt_also_config.sh stage5_optimizer tsp_20260714_022000_s5 descent_ascent_bs64 --batch_size 64 --use_also 1 --also_grouping_mode student_id --also_pi_lr 1e-4 --also_pi_decay 1e-2 --also_mode descent-ascent
0    finished   /tmp/ts-out.J81tk7   0        4145.71/32991.41/41.82 [akt-also-stage2_batch-baseline_bs32]bash scripts/tsp_run_akt_also_config.sh stage2_batch tsp_20260714_010300_54754_stage2_batch baseline_bs32 --batch_size 32 --use_also 0
1    finished   /tmp/ts-out.vlSRBJ   0        4631.20/35549.16/36.58 [akt-also-stage2_batch-also_bs32]bash scripts/tsp_run_akt_also_config.sh stage2_batch tsp_20260714_010300_54754_stage2_batch also_bs32 --batch_size 32 --use_also 1 --also_grouping_mode student_id --also_pi_lr 1e-4 --also_pi_decay 1e-2
17   finished   /tmp/ts-out.gJoxSg   0        485.49/0.00/0.00 [0]&& [akt-also-s2-bs32-done]bash scripts/tsp_wait_jobs.sh 0 1
18   finished   /tmp/ts-out.L6tm6v   0        895.38/11410.15/20.54 [17]&& [akt-also-s2-baseline-bs128]bash scripts/tsp_run_akt_also_config.sh stage2_batch tsp_20260714_022000_s2 baseline_bs128 --batch_size 128 --use_also 0
19   finished   /tmp/ts-out.RUnket   0        987.34/12687.46/21.05 [18]&& [akt-also-s2-also-bs128]bash scripts/tsp_run_akt_also_config.sh stage2_batch tsp_20260714_022000_s2 also_bs128 --batch_size 128 --use_also 1 --also_grouping_mode student_id --also_pi_lr 1e-4 --also_pi_decay 1e-2
20   finished   /tmp/ts-out.vqqZwj   0        5274.72/33114.70/36.50 [19]&& [akt-also-s3-pidecay1e3]bash scripts/tsp_run_akt_also_config.sh stage3_pi_decay tsp_20260714_022000_s3 pidecay1e3_bs64 --batch_size 64 --use_also 1 --also_grouping_mode student_id --also_pi_lr 1e-4 --also_pi_decay 1e-3
21   finished   /tmp/ts-out.4aXn7c   0        5321.31/37560.52/34.61 [19]&& [akt-also-s3-pidecay1e1]bash scripts/tsp_run_akt_also_config.sh stage3_pi_decay tsp_20260714_022000_s3 pidecay1e1_bs64 --batch_size 64 --use_also 1 --also_grouping_mode student_id --also_pi_lr 1e-4 --also_pi_decay 1e-1
22   finished   /tmp/ts-out.iLYx9x   0        46.59/0.00/0.00 [20]&& [akt-also-s3-done]bash scripts/tsp_wait_jobs.sh 20 21
24   finished   /tmp/ts-out.Scmand   0        4898.88/29691.21/32.63 [22]&& [akt-also-s4-loss-double]bash scripts/tsp_run_akt_also_config.sh stage4_loss_scale tsp_20260714_022000_s4 loss_scale_double_bs64 --batch_size 64 --use_also 1 --also_grouping_mode student_id --also_pi_lr 1e-4 --also_pi_decay 1e-2 --also_loss_scale 77.03125
23   finished   /tmp/ts-out.6ZY8er   0        5149.28/38757.60/32.51 [22]&& [akt-also-s4-loss-half]bash scripts/tsp_run_akt_also_config.sh stage4_loss_scale tsp_20260714_022000_s4 loss_scale_half_bs64 --batch_size 64 --use_also 1 --also_grouping_mode student_id --also_pi_lr 1e-4 --also_pi_decay 1e-2 --also_loss_scale 19.2578125
25   finished   /tmp/ts-out.N3F8JJ   0        0.00/0.00/0.00 [23]&& [akt-also-s4-done]bash scripts/tsp_wait_jobs.sh 23 24
Wrote 15 AKT rows to logs/akt_also_results_summary.csv: {'evaluated': 13, 'evaluation_missing': 2}
Wrote docs/AKT_ALSO_实验结果汇总.md with 13 completed and 2 pending runs

===== half-hour check 12 2026-07-14 08:06:31 =====
151352    01:16:16 Rl   python -m examples.wandb_akt_train --dataset_name assist2009 --model_name akt --emb_type qid --seed 42 --fold 0 --dropout 0.2 --d_model 256 --learning_rate 1e-4 --num_epochs 100 --use_wandb 0 --add_uuid 0 --use_trained 0 --batch_size 64 --use_also 1 --also_grouping_mode student_id --also_pi_lr 1e-4 --also_pi_decay 1e-2 --also_alpha 0.5 --save_dir saved_model/akt_also_stage5_optimizer_tsp_20260714_022000_s5/alpha05_bs64
151353    01:16:16 Rl   python -m examples.wandb_akt_train --dataset_name assist2009 --model_name akt --emb_type qid --seed 42 --fold 0 --dropout 0.2 --d_model 256 --learning_rate 1e-4 --num_epochs 100 --use_wandb 0 --add_uuid 0 --use_trained 0 --batch_size 64 --use_also 1 --also_grouping_mode student_id --also_pi_lr 1e-4 --also_pi_decay 1e-2 --also_alpha 0.0 --save_dir saved_model/akt_also_stage5_optimizer_tsp_20260714_022000_s5/alpha0_bs64
0, 2 %, 19322 MiB, 32607 MiB
ID   State      Output               E-Level  Times(r/u/s)   Command [run=2/2]
26   running    /tmp/ts-out.ofE7jH                           [25]&& [akt-also-s5-alpha0]bash scripts/tsp_run_akt_also_config.sh stage5_optimizer tsp_20260714_022000_s5 alpha0_bs64 --batch_size 64 --use_also 1 --also_grouping_mode student_id --also_pi_lr 1e-4 --also_pi_decay 1e-2 --also_alpha 0.0
27   running    /tmp/ts-out.oBdPzt                           [25]&& [akt-also-s5-alpha05]bash scripts/tsp_run_akt_also_config.sh stage5_optimizer tsp_20260714_022000_s5 alpha05_bs64 --batch_size 64 --use_also 1 --also_grouping_mode student_id --also_pi_lr 1e-4 --also_pi_decay 1e-2 --also_alpha 0.5
28   queued     (file)                                       [26]&& [akt-also-s5-alpha-done]bash scripts/tsp_wait_jobs.sh 26 27
29   queued     (file)                                       [28]&& [akt-also-s5-descent-ascent]bash scripts/tsp_run_akt_also_config.sh stage5_optimizer tsp_20260714_022000_s5 descent_ascent_bs64 --batch_size 64 --use_also 1 --also_grouping_mode student_id --also_pi_lr 1e-4 --also_pi_decay 1e-2 --also_mode descent-ascent
0    finished   /tmp/ts-out.J81tk7   0        4145.71/32991.41/41.82 [akt-also-stage2_batch-baseline_bs32]bash scripts/tsp_run_akt_also_config.sh stage2_batch tsp_20260714_010300_54754_stage2_batch baseline_bs32 --batch_size 32 --use_also 0
1    finished   /tmp/ts-out.vlSRBJ   0        4631.20/35549.16/36.58 [akt-also-stage2_batch-also_bs32]bash scripts/tsp_run_akt_also_config.sh stage2_batch tsp_20260714_010300_54754_stage2_batch also_bs32 --batch_size 32 --use_also 1 --also_grouping_mode student_id --also_pi_lr 1e-4 --also_pi_decay 1e-2
17   finished   /tmp/ts-out.gJoxSg   0        485.49/0.00/0.00 [0]&& [akt-also-s2-bs32-done]bash scripts/tsp_wait_jobs.sh 0 1
18   finished   /tmp/ts-out.L6tm6v   0        895.38/11410.15/20.54 [17]&& [akt-also-s2-baseline-bs128]bash scripts/tsp_run_akt_also_config.sh stage2_batch tsp_20260714_022000_s2 baseline_bs128 --batch_size 128 --use_also 0
19   finished   /tmp/ts-out.RUnket   0        987.34/12687.46/21.05 [18]&& [akt-also-s2-also-bs128]bash scripts/tsp_run_akt_also_config.sh stage2_batch tsp_20260714_022000_s2 also_bs128 --batch_size 128 --use_also 1 --also_grouping_mode student_id --also_pi_lr 1e-4 --also_pi_decay 1e-2
20   finished   /tmp/ts-out.vqqZwj   0        5274.72/33114.70/36.50 [19]&& [akt-also-s3-pidecay1e3]bash scripts/tsp_run_akt_also_config.sh stage3_pi_decay tsp_20260714_022000_s3 pidecay1e3_bs64 --batch_size 64 --use_also 1 --also_grouping_mode student_id --also_pi_lr 1e-4 --also_pi_decay 1e-3
21   finished   /tmp/ts-out.4aXn7c   0        5321.31/37560.52/34.61 [19]&& [akt-also-s3-pidecay1e1]bash scripts/tsp_run_akt_also_config.sh stage3_pi_decay tsp_20260714_022000_s3 pidecay1e1_bs64 --batch_size 64 --use_also 1 --also_grouping_mode student_id --also_pi_lr 1e-4 --also_pi_decay 1e-1
22   finished   /tmp/ts-out.iLYx9x   0        46.59/0.00/0.00 [20]&& [akt-also-s3-done]bash scripts/tsp_wait_jobs.sh 20 21
24   finished   /tmp/ts-out.Scmand   0        4898.88/29691.21/32.63 [22]&& [akt-also-s4-loss-double]bash scripts/tsp_run_akt_also_config.sh stage4_loss_scale tsp_20260714_022000_s4 loss_scale_double_bs64 --batch_size 64 --use_also 1 --also_grouping_mode student_id --also_pi_lr 1e-4 --also_pi_decay 1e-2 --also_loss_scale 77.03125
23   finished   /tmp/ts-out.6ZY8er   0        5149.28/38757.60/32.51 [22]&& [akt-also-s4-loss-half]bash scripts/tsp_run_akt_also_config.sh stage4_loss_scale tsp_20260714_022000_s4 loss_scale_half_bs64 --batch_size 64 --use_also 1 --also_grouping_mode student_id --also_pi_lr 1e-4 --also_pi_decay 1e-2 --also_loss_scale 19.2578125
25   finished   /tmp/ts-out.N3F8JJ   0        0.00/0.00/0.00 [23]&& [akt-also-s4-done]bash scripts/tsp_wait_jobs.sh 23 24
Wrote 15 AKT rows to logs/akt_also_results_summary.csv: {'evaluated': 13, 'evaluation_missing': 2}
Wrote docs/AKT_ALSO_实验结果汇总.md with 13 completed and 2 pending runs
