
libgomp: Invalid value for environment variable OMP_NUM_THREADS

libgomp: Invalid value for environment variable OMP_NUM_THREADS
✅ 初始运行记录已写入: saved_model/akt_also_full_20260713_225853_42622/s1_pilr1e3_bs64/run_history.txt (ID: c1910972-6aa5-42f1-b6ea-cde91f4286c0)
✅ 参数已保存至: saved_model/akt_also_full_20260713_225853_42622/s1_pilr1e3_bs64/saved_params_akt.json
✅ 参数已保存至: saved_model/akt_also_full_20260713_225853_42622/s1_pilr1e3_bs64/saved_params_akt.json
2026-07-13 22:58:55 - main - said: load config files.
[DATA_PATH] dataset=assist2009 resolved_dpath=/root/autodl-tmp/pykt-toolkit/data/assist2009
assist2009 akt {'assist2015': {'dpath': '../data/assist2015', 'num_q': 0, 'num_c': 100, 'input_type': ['concepts'], 'max_concepts': 1, 'min_seq_len': 3, 'maxlen': 200, 'emb_path': '', 'train_valid_original_file': 'train_valid.csv', 'train_valid_file': 'train_valid_sequences.csv', 'folds': [0, 1, 2, 3, 4], 'test_original_file': 'test.csv', 'test_file': 'test_sequences.csv', 'test_window_file': 'test_window_sequences.csv', 'train_valid_original_file_quelevel': 'train_valid_quelevel.csv', 'train_valid_file_quelevel': 'train_valid_sequences_quelevel.csv', 'test_file_quelevel': 'test_sequences_quelevel.csv', 'test_window_file_quelevel': 'test_window_sequences_quelevel.csv', 'test_original_file_quelevel': 'test_quelevel.csv'}, 'algebra2005': {'dpath': '../data/algebra2005', 'num_q': 173113, 'num_c': 112, 'input_type': ['questions', 'concepts'], 'max_concepts': 7, 'min_seq_len': 3, 'maxlen': 200, 'emb_path': '', 'train_valid_original_file': 'train_valid.csv', 'train_valid_file': 'train_valid_sequences.csv', 'folds': [0, 1, 2, 3, 4], 'test_original_file': 'test.csv', 'test_file': 'test_sequences.csv', 'test_window_file': 'test_window_sequences.csv', 'test_question_file': 'test_question_sequences.csv', 'test_question_window_file': 'test_question_window_sequences.csv', 'train_valid_original_file_quelevel': 'train_valid_quelevel.csv', 'train_valid_file_quelevel': 'train_valid_sequences_quelevel.csv', 'test_file_quelevel': 'test_sequences_quelevel.csv', 'test_window_file_quelevel': 'test_window_sequences_quelevel.csv', 'test_original_file_quelevel': 'test_quelevel.csv', 'students_num_train': 460, 'students_num_eval': 114}, 'assist2009': {'dpath': '/root/autodl-tmp/pykt-toolkit/data/assist2009', 'num_q': 17737, 'num_c': 123, 'input_type': ['questions', 'concepts'], 'max_concepts': 4, 'min_seq_len': 3, 'maxlen': 200, 'emb_path': '', 'train_valid_original_file': 'train_valid.csv', 'train_valid_file': 'train_valid_sequences.csv', 'folds': [0, 1, 2, 3, 4], 'test_original_file': 'test.csv', 'test_file': 'test_sequences.csv', 'test_window_file': 'test_window_sequences.csv', 'test_question_file': 'test_question_sequences.csv', 'test_question_window_file': 'test_question_window_sequences.csv', 'train_valid_original_file_quelevel': 'train_valid_quelevel.csv', 'train_valid_file_quelevel': 'train_valid_sequences_quelevel.csv', 'test_file_quelevel': 'test_sequences_quelevel.csv', 'test_window_file_quelevel': 'test_window_sequences_quelevel.csv', 'test_original_file_quelevel': 'test_quelevel.csv', 'students_num_eval': 770, 'global_question_stats_file': 'global_question_stats.csv', 'global_concept_stats_file': 'global_concept_stats.csv', 'total_questions_low_interval_file': 'total_questions_low_interval.csv', 'total_questions_medium_interval_file': 'total_questions_medium_interval.csv', 'total_questions_high_interval_file': 'total_questions_high_interval.csv', 'overall_accuracy_low_interval_file': 'overall_accuracy_low_interval.csv', 'overall_accuracy_medium_interval_file': 'overall_accuracy_medium_interval.csv', 'overall_accuracy_high_interval_file': 'overall_accuracy_high_interval.csv', 'accuracy_range_low_interval_file': 'accuracy_range_low_interval.csv', 'accuracy_range_medium_interval_file': 'accuracy_range_medium_interval.csv', 'accuracy_range_high_interval_file': 'accuracy_range_high_interval.csv', 'accuracy_variance_low_interval_file': 'accuracy_variance_low_interval.csv', 'accuracy_variance_medium_interval_file': 'accuracy_variance_medium_interval.csv', 'accuracy_variance_high_interval_file': 'accuracy_variance_high_interval.csv', 'questions_range_low_interval_file': 'questions_range_low_interval.csv', 'questions_range_medium_interval_file': 'questions_range_medium_interval.csv', 'questions_range_high_interval_file': 'questions_range_high_interval.csv', 'students_num_train': 3082}, 'slepemapy': {'dpath': '../data/slepemapy', 'num_q': 2913, 'num_c': 1458, 'input_type': ['questions', 'concepts'], 'emb_path': '', 'train_valid_original_file': 'train_valid.csv', 'train_valid_file': 'train_valid_sequences.csv', 'folds': [0, 1, 2, 3, 4], 'test_original_file': 'test.csv', 'test_file': 'test_sequences.csv', 'test_window_file': 'test_window_sequences.csv', 'test_question_file': 'test_question_sequences.csv', 'test_question_window_file': 'test_question_window_sequences.csv'}, 'assist2017': {'dpath': '../data/assist2017', 'num_q': 3162, 'num_c': 102, 'input_type': ['questions', 'concepts'], 'min_seq_len': 3, 'maxlen': 500, 'emb_path': '', 'train_valid_original_file': 'train_valid.csv', 'train_valid_file': 'train_valid_sequences.csv', 'folds': [0, 1, 2, 3, 4], 'test_original_file': 'test.csv', 'test_file': 'test_sequences.csv', 'test_window_file': 'test_window_sequences.csv', 'test_question_file': 'test_question_sequences.csv', 'test_question_window_file': 'test_question_window_sequences.csv'}, 'assist2012': {'dpath': '../data/assist2012', 'num_q': 53070, 'num_c': 265, 'input_type': ['questions', 'concepts'], 'emb_path': '', 'train_valid_original_file': 'train_valid.csv', 'train_valid_file': 'train_valid_sequences.csv', 'folds': [0, 1, 2, 3, 4], 'test_original_file': 'test.csv', 'test_file': 'test_sequences.csv', 'test_window_file': 'test_window_sequences.csv', 'test_question_file': 'test_question_sequences.csv', 'test_question_window_file': 'test_question_window_sequences.csv'}, 'statics2011': {'dpath': '../data/statics2011', 'num_q': 0, 'num_c': 1223, 'input_type': ['concepts'], 'max_concepts': 1, 'min_seq_len': 3, 'maxlen': 200, 'emb_path': '', 'train_valid_original_file': 'train_valid.csv', 'train_valid_file': 'train_valid_sequences.csv', 'folds': [0, 1, 2, 3, 4], 'test_original_file': 'test.csv', 'test_file': 'test_sequences.csv', 'test_window_file': 'test_window_sequences.csv', 'train_valid_original_file_quelevel': 'train_valid_quelevel.csv', 'train_valid_file_quelevel': 'train_valid_sequences_quelevel.csv', 'test_file_quelevel': 'test_sequences_quelevel.csv', 'test_window_file_quelevel': 'test_window_sequences_quelevel.csv', 'test_original_file_quelevel': 'test_quelevel.csv'}, 'junyi2015': {'dpath': '../data/junyi2015', 'num_q': 721, 'num_c': 39, 'input_type': ['questions', 'concepts'], 'max_concepts': 1, 'min_seq_len': 3, 'maxlen': 200, 'emb_path': '', 'train_valid_original_file': 'train_valid.csv', 'train_valid_file': 'train_valid_sequences.csv', 'folds': [0, 1, 2, 3, 4], 'test_original_file': 'test.csv', 'test_file': 'test_sequences.csv', 'test_window_file': 'test_window_sequences.csv', 'test_question_file': 'test_question_sequences.csv', 'test_question_window_file': 'test_question_window_sequences.csv'}, 'bridge2algebra2006': {'dpath': '../data/bridge2algebra2006', 'num_q': 129263, 'num_c': 493, 'input_type': ['questions', 'concepts'], 'max_concepts': 5, 'min_seq_len': 3, 'maxlen': 200, 'emb_path': '', 'train_valid_original_file': 'train_valid.csv', 'train_valid_file': 'train_valid_sequences.csv', 'folds': [0, 1, 2, 3, 4], 'test_original_file': 'test.csv', 'test_file': 'test_sequences.csv', 'test_window_file': 'test_window_sequences.csv', 'test_question_file': 'test_question_sequences.csv', 'test_question_window_file': 'test_question_window_sequences.csv', 'train_valid_original_file_quelevel': 'train_valid_quelevel.csv', 'train_valid_file_quelevel': 'train_valid_sequences_quelevel.csv', 'test_file_quelevel': 'test_sequences_quelevel.csv', 'test_window_file_quelevel': 'test_window_sequences_quelevel.csv', 'test_original_file_quelevel': 'test_quelevel.csv', 'students_num_train': 916, 'students_num_eval': 229, 'global_question_stats_file': 'global_question_stats.csv', 'global_concept_stats_file': 'global_concept_stats.csv', 'total_questions_low_interval_file': 'total_questions_low_interval.csv', 'total_questions_medium_interval_file': 'total_questions_medium_interval.csv', 'total_questions_high_interval_file': 'total_questions_high_interval.csv', 'overall_accuracy_low_interval_file': 'overall_accuracy_low_interval.csv', 'overall_accuracy_medium_interval_file': 'overall_accuracy_medium_interval.csv', 'overall_accuracy_high_interval_file': 'overall_accuracy_high_interval.csv', 'accuracy_range_low_interval_file': 'accuracy_range_low_interval.csv', 'accuracy_range_medium_interval_file': 'accuracy_range_medium_interval.csv', 'accuracy_range_high_interval_file': 'accuracy_range_high_interval.csv', 'accuracy_variance_low_interval_file': 'accuracy_variance_low_interval.csv', 'accuracy_variance_medium_interval_file': 'accuracy_variance_medium_interval.csv', 'accuracy_variance_high_interval_file': 'accuracy_variance_high_interval.csv', 'questions_range_low_interval_file': 'questions_range_low_interval.csv', 'questions_range_medium_interval_file': 'questions_range_medium_interval.csv', 'questions_range_high_interval_file': 'questions_range_high_interval.csv'}, 'ednet': {'dpath': '../data/ednet', 'num_q': 11901, 'num_c': 188, 'input_type': ['questions', 'concepts'], 'max_concepts': 7, 'min_seq_len': 3, 'maxlen': 200, 'emb_path': '', 'train_valid_original_file': 'train_valid.csv', 'train_valid_file': 'train_valid_sequences.csv', 'folds': [0, 1, 2, 3, 4], 'test_original_file': 'test.csv', 'test_file': 'test_sequences.csv', 'test_window_file': 'test_window_sequences.csv', 'test_question_file': 'test_question_sequences.csv', 'test_question_window_file': 'test_question_window_sequences.csv', 'train_valid_original_file_quelevel': 'train_valid_quelevel.csv', 'train_valid_file_quelevel': 'train_valid_sequences_quelevel.csv', 'test_file_quelevel': 'test_sequences_quelevel.csv', 'test_window_file_quelevel': 'test_window_sequences_quelevel.csv', 'test_original_file_quelevel': 'test_quelevel.csv'}, 'nips_task34': {'dpath': '../data/nips_task34', 'num_q': 948, 'num_c': 57, 'students_num_eval': 983, 'students_num_train': 3935, 'input_type': ['questions', 'concepts'], 'max_concepts': 2, 'min_seq_len': 3, 'maxlen': 200, 'emb_path': '', 'train_valid_original_file': 'train_valid.csv', 'train_valid_file': 'train_valid_sequences.csv', 'folds': [0, 1, 2, 3, 4], 'test_original_file': 'test.csv', 'test_file': 'test_sequences.csv', 'test_window_file': 'test_window_sequences.csv', 'test_question_file': 'test_question_sequences.csv', 'test_question_window_file': 'test_question_window_sequences.csv', 'train_valid_original_file_quelevel': 'train_valid_quelevel.csv', 'train_valid_file_quelevel': 'train_valid_sequences_quelevel.csv', 'test_file_quelevel': 'test_sequences_quelevel.csv', 'test_window_file_quelevel': 'test_window_sequences_quelevel.csv', 'test_original_file_quelevel': 'test_quelevel.csv', 'global_question_stats_file': 'global_question_stats.csv', 'global_concept_stats_file': 'global_concept_stats.csv', 'student_summary_file': 'student_summary.csv', 'total_questions_low_interval_file': 'total_questions_low_interval.csv', 'total_questions_medium_interval_file': 'total_questions_medium_interval.csv', 'total_questions_high_interval_file': 'total_questions_high_interval.csv', 'overall_accuracy_low_interval_file': 'overall_accuracy_low_interval.csv', 'overall_accuracy_medium_interval_file': 'overall_accuracy_medium_interval.csv', 'overall_accuracy_high_interval_file': 'overall_accuracy_high_interval.csv', 'accuracy_range_low_interval_file': 'accuracy_range_low_interval.csv', 'accuracy_range_medium_interval_file': 'accuracy_range_medium_interval.csv', 'accuracy_range_high_interval_file': 'accuracy_range_high_interval.csv', 'accuracy_variance_low_interval_file': 'accuracy_variance_low_interval.csv', 'accuracy_variance_medium_interval_file': 'accuracy_variance_medium_interval.csv', 'accuracy_variance_high_interval_file': 'accuracy_variance_high_interval.csv', 'questions_range_low_interval_file': 'questions_range_low_interval.csv', 'questions_range_medium_interval_file': 'questions_range_medium_interval.csv', 'questions_range_high_interval_file': 'questions_range_high_interval.csv', 'seq_len_10000_students_num_eval': 23, 'seq_len_20000_students_num_eval': 38, 'seq_len_30000_students_num_eval': 37, 'seq_len_18000_students_num_eval': 16, 'seq_len_22000_students_num_eval': 47}, 'poj': {'dpath': '../data/poj', 'num_q': 0, 'num_c': 2748, 'input_type': ['concepts'], 'max_concepts': 1, 'min_seq_len': 3, 'maxlen': 200, 'emb_path': '', 'train_valid_original_file': 'train_valid.csv', 'train_valid_file': 'train_valid_sequences.csv', 'folds': [0, 1, 2, 3, 4], 'test_original_file': 'test.csv', 'test_file': 'test_sequences.csv', 'test_window_file': 'test_window_sequences.csv', 'train_valid_original_file_quelevel': 'train_valid_quelevel.csv', 'train_valid_file_quelevel': 'train_valid_sequences_quelevel.csv', 'test_file_quelevel': 'test_sequences_quelevel.csv', 'test_window_file_quelevel': 'test_window_sequences_quelevel.csv', 'test_original_file_quelevel': 'test_quelevel.csv'}, 'peiyou': {'dpath': '../data/peiyou', 'num_q': 7652, 'num_c': 865, 'input_type': ['questions', 'concepts'], 'max_concepts': 6, 'min_seq_len': 3, 'maxlen': 200, 'emb_path': '', 'train_valid_file': 'train_valid_sequences.csv', 'folds': [0, 1, 2, 3, 4], 'students_num_eval': 0, 'train_valid_original_file': 'train_valid.csv', 'test_original_file': 'test.csv', 'test_file': 'test_sequences.csv', 'test_window_file': 'test_window_sequences.csv', 'test_question_file': 'test_question_sequences.csv', 'test_question_window_file': 'test_question_window_sequences.csv', 'train_valid_original_file_quelevel': 'train_valid_quelevel.csv', 'train_valid_file_quelevel': 'train_valid_sequences_quelevel.csv', 'test_file_quelevel': 'test_sequences_quelevel.csv', 'test_window_file_quelevel': 'test_window_sequences_quelevel.csv', 'test_original_file_quelevel': 'test_quelevel.csv', 'students_num_train': 14453, 'global_question_stats_file': 'global_question_stats.csv', 'global_concept_stats_file': 'global_concept_stats.csv', 'seq_len_500_students_num_eval': 0, 'seq_len_300_students_num_eval': 0, 'seq_len_400_students_num_eval': 0}, 'ednet5w': {'dpath': '../data/ednet5w', 'num_q': 12235, 'num_c': 188, 'input_type': ['questions', 'concepts'], 'max_concepts': 7, 'min_seq_len': 3, 'maxlen': 200, 'emb_path': '', 'train_valid_original_file': 'train_valid.csv', 'train_valid_file': 'train_valid_sequences.csv', 'folds': [0, 1, 2, 3, 4], 'test_original_file': 'test.csv', 'test_file': 'test_sequences.csv', 'test_window_file': 'test_window_sequences.csv', 'test_question_file': 'test_question_sequences.csv', 'test_question_window_file': 'test_question_window_sequences.csv', 'train_valid_original_file_quelevel': 'train_valid_quelevel.csv', 'train_valid_file_quelevel': 'train_valid_sequences_quelevel.csv', 'test_file_quelevel': 'test_sequences_quelevel.csv', 'test_window_file_quelevel': 'test_window_sequences_quelevel.csv', 'test_original_file_quelevel': 'test_quelevel.csv'}, 'pretrain': {'dpath': '../data/pretrain', 'num_q': 340614, 'num_c': 1838, 'input_type': ['questions', 'concepts'], 'max_concepts': 7, 'min_seq_len': 3, 'maxlen': 1024, 'emb_path': '', 'train_valid_original_file': 'train_valid.csv', 'train_valid_file': 'train_valid_sequences.csv', 'folds': [0, 1, 2, 3, 4], 'test_original_file': 'test.csv', 'test_file': 'test_sequences.csv', 'test_window_file': 'test_window_sequences.csv', 'test_question_file': 'test_question_sequences.csv', 'test_question_window_file': 'test_question_window_sequences.csv', 'train_valid_original_file_quelevel': 'train_valid_quelevel.csv', 'train_valid_file_quelevel': 'train_valid_sequences_quelevel_200.csv', 'test_file_quelevel': 'test_sequences_quelevel.csv', 'test_window_file_quelevel': 'test_window_sequences_quelevel.csv', 'test_original_file_quelevel': 'test_quelevel.csv'}, 'assist2009Anips_task34Abridge2algebra2006': {'dpath': '../data/assist2009Anips_task34Abridge2algebra2006', 'num_q': 147948, 'num_c': 673, 'input_type': ['concepts', 'questions'], 'max_concepts': 5, 'min_seq_len': 3, 'maxlen': 200, 'emb_path': '', 'train_valid_original_file': 'train_valid.csv', 'train_valid_file': 'train_valid_sequences.csv', 'folds': [0, 1, 2, 3, 4], 'test_original_file': 'test.csv', 'test_file': 'test_sequences.csv', 'test_window_file': 'test_window_sequences.csv', 'test_question_file': 'test_question_sequences.csv', 'test_question_window_file': 'test_question_window_sequences.csv', 'train_valid_original_file_quelevel': 'train_valid_quelevel.csv', 'train_valid_file_quelevel': 'train_valid_sequences_quelevel.csv', 'test_file_quelevel': 'test_sequences_quelevel.csv', 'test_window_file_quelevel': 'test_window_sequences_quelevel.csv', 'test_original_file_quelevel': 'test_quelevel.csv', 'students_num_eval': 770, 'global_question_stats_file': 'global_question_stats.csv', 'global_concept_stats_file': 'global_concept_stats.csv', 'total_questions_low_interval_file': 'total_questions_low_interval.csv', 'total_questions_medium_interval_file': 'total_questions_medium_interval.csv', 'total_questions_high_interval_file': 'total_questions_high_interval.csv', 'overall_accuracy_low_interval_file': 'overall_accuracy_low_interval.csv', 'overall_accuracy_medium_interval_file': 'overall_accuracy_medium_interval.csv', 'overall_accuracy_high_interval_file': 'overall_accuracy_high_interval.csv', 'accuracy_range_low_interval_file': 'accuracy_range_low_interval.csv', 'accuracy_range_medium_interval_file': 'accuracy_range_medium_interval.csv', 'accuracy_range_high_interval_file': 'accuracy_range_high_interval.csv', 'accuracy_variance_low_interval_file': 'accuracy_variance_low_interval.csv', 'accuracy_variance_medium_interval_file': 'accuracy_variance_medium_interval.csv', 'accuracy_variance_high_interval_file': 'accuracy_variance_high_interval.csv', 'questions_range_low_interval_file': 'questions_range_low_interval.csv', 'questions_range_medium_interval_file': 'questions_range_medium_interval.csv', 'questions_range_high_interval_file': 'questions_range_high_interval.csv', 'students_num_train': 7933}, 'peiyouAnips_task34Abridge2algebra2006': {'dpath': '../data/peiyouAnips_task34Abridge2algebra2006', 'num_q': 137863, 'num_c': 1415, 'input_type': ['questions', 'concepts'], 'max_concepts': 6, 'min_seq_len': 3, 'maxlen': 200, 'emb_path': '', 'train_valid_file': 'train_valid_sequences.csv', 'folds': [0, 1, 2, 3, 4], 'train_valid_original_file': 'train_valid.csv', 'test_original_file': 'test.csv', 'test_file': 'test_sequences.csv', 'test_window_file': 'test_window_sequences.csv', 'test_question_file': 'test_question_sequences.csv', 'test_question_window_file': 'test_question_window_sequences.csv', 'train_valid_original_file_quelevel': 'train_valid_quelevel.csv', 'train_valid_file_quelevel': 'train_valid_sequences_quelevel.csv', 'test_file_quelevel': 'test_sequences_quelevel.csv', 'test_window_file_quelevel': 'test_window_sequences_quelevel.csv', 'test_original_file_quelevel': 'test_quelevel.csv', 'students_num_eval': 983, 'global_question_stats_file': 'global_question_stats.csv', 'global_concept_stats_file': 'global_concept_stats.csv', 'student_summary_file': 'student_summary.csv', 'total_questions_low_interval_file': 'total_questions_low_interval.csv', 'total_questions_medium_interval_file': 'total_questions_medium_interval.csv', 'total_questions_high_interval_file': 'total_questions_high_interval.csv', 'overall_accuracy_low_interval_file': 'overall_accuracy_low_interval.csv', 'overall_accuracy_medium_interval_file': 'overall_accuracy_medium_interval.csv', 'overall_accuracy_high_interval_file': 'overall_accuracy_high_interval.csv', 'accuracy_range_low_interval_file': 'accuracy_range_low_interval.csv', 'accuracy_range_medium_interval_file': 'accuracy_range_medium_interval.csv', 'accuracy_range_high_interval_file': 'accuracy_range_high_interval.csv', 'accuracy_variance_low_interval_file': 'accuracy_variance_low_interval.csv', 'accuracy_variance_medium_interval_file': 'accuracy_variance_medium_interval.csv', 'accuracy_variance_high_interval_file': 'accuracy_variance_high_interval.csv', 'questions_range_low_interval_file': 'questions_range_low_interval.csv', 'questions_range_medium_interval_file': 'questions_range_medium_interval.csv', 'questions_range_high_interval_file': 'questions_range_high_interval.csv', 'students_num_train': 15181}} 0 64
2026-07-13 22:58:55 - main - said: init_dataset
Read data from processed file: /root/autodl-tmp/pykt-toolkit/data/assist2009/train_valid_sequences.csv_0.pkl
file path: /root/autodl-tmp/pykt-toolkit/data/assist2009/train_valid_sequences.csv, qlen: 741, clen: 741, rlen: 741, uidlen: 741
Read data from processed file: /root/autodl-tmp/pykt-toolkit/data/assist2009/train_valid_sequences.csv_1_2_3_4.pkl
file path: /root/autodl-tmp/pykt-toolkit/data/assist2009/train_valid_sequences.csv, qlen: 3016, clen: 3016, rlen: 3016, uidlen: 3016
params: {'dataset_name': 'assist2009', 'model_name': 'akt', 'emb_type': 'qid', 'save_dir': 'saved_model/akt_also_full_20260713_225853_42622/s1_pilr1e3_bs64', 'seed': 42, 'fold': 0, 'dropout': 0.2, 'd_model': 256, 'd_ff': 512, 'num_attn_heads': 8, 'n_blocks': 4, 'learning_rate': 0.0001, 'batch_size': 64, 'num_epochs': 100, 'use_wandb': 0, 'use_trained': 0, 'use_also': 1, 'also_grouping_mode': 'student_id', 'also_n_groups': None, 'also_mode': 'optimistic', 'also_alpha': 1.0, 'also_lr': None, 'also_weight_decay': None, 'also_pi_lr': 0.001, 'also_pi_decay': 0.01, 'also_loss_scale': None, 'add_uuid': 0}, params_str: assist2009_akt_qid_saved_model/akt_also_full_20260713_225853_42622/s1_pilr1e3_bs64_42_0_0.2_256_512_8_4_0.0001_64_100_0_0_1_student_id_None_optimistic_1.0_None_None_0.001_0.01_None_0
Start training model: akt, embtype: qid, save_dir: saved_model/akt_also_full_20260713_225853_42622/s1_pilr1e3_bs64/assist2009_akt_qid_saved_model/akt_also_full_20260713_225853_42622/s1_pilr1e3_bs64_42_0_0.2_256_512_8_4_0.0001_64_100_0_0_1_student_id_None_optimistic_1.0_None_None_0.001_0.01_None_0, dataset_name: assist2009
model_config: {'dropout': 0.2, 'd_model': 256, 'd_ff': 512, 'num_attn_heads': 8, 'n_blocks': 4, 'learning_rate': 0.0001}
train_config: {'batch_size': 64, 'num_epochs': 100, 'optimizer': 'adam', 'seq_len': 200}
2026-07-13 22:58:55 - main - said: init_model
[PARAM_COUNT] model=akt emb_type=qid dataset=assist2009 trainable=6,074,795 total=6,074,795
2026-07-13 22:58:56 - main - said: train model
ALSO enabled with grouping_mode=student_id
ALSO student groups initialized from the training fold: n_groups=2465, sequences/student=[1, 7]
未找到预训练模型文件，将从头开始训练。
ALSO initialized with n_groups=2465 for grouping_mode=student_id
Epoch: 1, validauc: 0.7496, validacc: 0.7304, best epoch: 1, best auc: 0.7496, train loss: 18.73043795851645, emb_type: qid, model: akt, save_dir: saved_model/akt_also_full_20260713_225853_42622/s1_pilr1e3_bs64/assist2009_akt_qid_saved_model/akt_also_full_20260713_225853_42622/s1_pilr1e3_bs64_42_0_0.2_256_512_8_4_0.0001_64_100_0_0_1_student_id_None_optimistic_1.0_None_None_0.001_0.01_None_0
            testauc: -1, testacc: -1, window_testauc: -1, window_testacc: -1

Total Epoch Time: 124.37s | Train Phase: 101.38s | Valid Phase: 22.96s
Avg Batch Time: 2.1121s
------------------------------
Epoch: 2, validauc: 0.7684, validacc: 0.744, best epoch: 2, best auc: 0.7684, train loss: 17.570405796192105, emb_type: qid, model: akt, save_dir: saved_model/akt_also_full_20260713_225853_42622/s1_pilr1e3_bs64/assist2009_akt_qid_saved_model/akt_also_full_20260713_225853_42622/s1_pilr1e3_bs64_42_0_0.2_256_512_8_4_0.0001_64_100_0_0_1_student_id_None_optimistic_1.0_None_None_0.001_0.01_None_0
            testauc: -1, testacc: -1, window_testauc: -1, window_testacc: -1

Total Epoch Time: 128.45s | Train Phase: 112.45s | Valid Phase: 15.80s
Avg Batch Time: 2.3427s
------------------------------
Epoch: 3, validauc: 0.7805, validacc: 0.751, best epoch: 3, best auc: 0.7805, train loss: 17.116433696799298, emb_type: qid, model: akt, save_dir: saved_model/akt_also_full_20260713_225853_42622/s1_pilr1e3_bs64/assist2009_akt_qid_saved_model/akt_also_full_20260713_225853_42622/s1_pilr1e3_bs64_42_0_0.2_256_512_8_4_0.0001_64_100_0_0_1_student_id_None_optimistic_1.0_None_None_0.001_0.01_None_0
            testauc: -1, testacc: -1, window_testauc: -1, window_testacc: -1

Total Epoch Time: 105.31s | Train Phase: 92.75s | Valid Phase: 12.35s
Avg Batch Time: 1.9322s
------------------------------
Epoch: 4, validauc: 0.7884, validacc: 0.755, best epoch: 4, best auc: 0.7884, train loss: 16.835240873865654, emb_type: qid, model: akt, save_dir: saved_model/akt_also_full_20260713_225853_42622/s1_pilr1e3_bs64/assist2009_akt_qid_saved_model/akt_also_full_20260713_225853_42622/s1_pilr1e3_bs64_42_0_0.2_256_512_8_4_0.0001_64_100_0_0_1_student_id_None_optimistic_1.0_None_None_0.001_0.01_None_0
            testauc: -1, testacc: -1, window_testauc: -1, window_testacc: -1

Total Epoch Time: 106.50s | Train Phase: 94.41s | Valid Phase: 11.90s
Avg Batch Time: 1.9670s
------------------------------
Epoch: 5, validauc: 0.793, validacc: 0.7586, best epoch: 5, best auc: 0.793, train loss: 16.642150202142425, emb_type: qid, model: akt, save_dir: saved_model/akt_also_full_20260713_225853_42622/s1_pilr1e3_bs64/assist2009_akt_qid_saved_model/akt_also_full_20260713_225853_42622/s1_pilr1e3_bs64_42_0_0.2_256_512_8_4_0.0001_64_100_0_0_1_student_id_None_optimistic_1.0_None_None_0.001_0.01_None_0
            testauc: -1, testacc: -1, window_testauc: -1, window_testacc: -1

Total Epoch Time: 114.12s | Train Phase: 100.10s | Valid Phase: 13.79s
Avg Batch Time: 2.0854s
------------------------------
Epoch: 6, validauc: 0.7961, validacc: 0.7609, best epoch: 6, best auc: 0.7961, train loss: 16.471871805590254, emb_type: qid, model: akt, save_dir: saved_model/akt_also_full_20260713_225853_42622/s1_pilr1e3_bs64/assist2009_akt_qid_saved_model/akt_also_full_20260713_225853_42622/s1_pilr1e3_bs64_42_0_0.2_256_512_8_4_0.0001_64_100_0_0_1_student_id_None_optimistic_1.0_None_None_0.001_0.01_None_0
            testauc: -1, testacc: -1, window_testauc: -1, window_testacc: -1

Total Epoch Time: 107.68s | Train Phase: 96.45s | Valid Phase: 11.04s
Avg Batch Time: 2.0094s
------------------------------
Epoch: 7, validauc: 0.7994, validacc: 0.7629, best epoch: 7, best auc: 0.7994, train loss: 16.365105697545726, emb_type: qid, model: akt, save_dir: saved_model/akt_also_full_20260713_225853_42622/s1_pilr1e3_bs64/assist2009_akt_qid_saved_model/akt_also_full_20260713_225853_42622/s1_pilr1e3_bs64_42_0_0.2_256_512_8_4_0.0001_64_100_0_0_1_student_id_None_optimistic_1.0_None_None_0.001_0.01_None_0
            testauc: -1, testacc: -1, window_testauc: -1, window_testacc: -1

Total Epoch Time: 149.90s | Train Phase: 134.99s | Valid Phase: 14.62s
Avg Batch Time: 2.8123s
------------------------------
Epoch: 8, validauc: 0.8012, validacc: 0.7642, best epoch: 8, best auc: 0.8012, train loss: 16.238242438639347, emb_type: qid, model: akt, save_dir: saved_model/akt_also_full_20260713_225853_42622/s1_pilr1e3_bs64/assist2009_akt_qid_saved_model/akt_also_full_20260713_225853_42622/s1_pilr1e3_bs64_42_0_0.2_256_512_8_4_0.0001_64_100_0_0_1_student_id_None_optimistic_1.0_None_None_0.001_0.01_None_0
            testauc: -1, testacc: -1, window_testauc: -1, window_testacc: -1

Total Epoch Time: 130.59s | Train Phase: 115.03s | Valid Phase: 15.37s
Avg Batch Time: 2.3964s
------------------------------
Epoch: 9, validauc: 0.8023, validacc: 0.7644, best epoch: 9, best auc: 0.8023, train loss: 16.161971063538587, emb_type: qid, model: akt, save_dir: saved_model/akt_also_full_20260713_225853_42622/s1_pilr1e3_bs64/assist2009_akt_qid_saved_model/akt_also_full_20260713_225853_42622/s1_pilr1e3_bs64_42_0_0.2_256_512_8_4_0.0001_64_100_0_0_1_student_id_None_optimistic_1.0_None_None_0.001_0.01_None_0
            testauc: -1, testacc: -1, window_testauc: -1, window_testacc: -1

Total Epoch Time: 141.59s | Train Phase: 129.28s | Valid Phase: 12.13s
Avg Batch Time: 2.6934s
------------------------------
Epoch: 10, validauc: 0.8047, validacc: 0.7659, best epoch: 10, best auc: 0.8047, train loss: 16.069263942585795, emb_type: qid, model: akt, save_dir: saved_model/akt_also_full_20260713_225853_42622/s1_pilr1e3_bs64/assist2009_akt_qid_saved_model/akt_also_full_20260713_225853_42622/s1_pilr1e3_bs64_42_0_0.2_256_512_8_4_0.0001_64_100_0_0_1_student_id_None_optimistic_1.0_None_None_0.001_0.01_None_0
            testauc: -1, testacc: -1, window_testauc: -1, window_testacc: -1

Total Epoch Time: 108.39s | Train Phase: 95.27s | Valid Phase: 12.94s
Avg Batch Time: 1.9848s
------------------------------
Epoch: 11, validauc: 0.8061, validacc: 0.7664, best epoch: 11, best auc: 0.8061, train loss: 16.02532188974315, emb_type: qid, model: akt, save_dir: saved_model/akt_also_full_20260713_225853_42622/s1_pilr1e3_bs64/assist2009_akt_qid_saved_model/akt_also_full_20260713_225853_42622/s1_pilr1e3_bs64_42_0_0.2_256_512_8_4_0.0001_64_100_0_0_1_student_id_None_optimistic_1.0_None_None_0.001_0.01_None_0
            testauc: -1, testacc: -1, window_testauc: -1, window_testacc: -1

Total Epoch Time: 109.31s | Train Phase: 98.24s | Valid Phase: 10.88s
Avg Batch Time: 2.0467s
------------------------------
Epoch: 12, validauc: 0.8061, validacc: 0.7664, best epoch: 11, best auc: 0.8061, train loss: 15.978057803154206, emb_type: qid, model: akt, save_dir: saved_model/akt_also_full_20260713_225853_42622/s1_pilr1e3_bs64/assist2009_akt_qid_saved_model/akt_also_full_20260713_225853_42622/s1_pilr1e3_bs64_42_0_0.2_256_512_8_4_0.0001_64_100_0_0_1_student_id_None_optimistic_1.0_None_None_0.001_0.01_None_0
            testauc: -1, testacc: -1, window_testauc: -1, window_testacc: -1

Total Epoch Time: 107.12s | Train Phase: 96.93s | Valid Phase: 10.20s
Avg Batch Time: 2.0193s
------------------------------
Epoch: 13, validauc: 0.8071, validacc: 0.7672, best epoch: 13, best auc: 0.8071, train loss: 15.93400509038002, emb_type: qid, model: akt, save_dir: saved_model/akt_also_full_20260713_225853_42622/s1_pilr1e3_bs64/assist2009_akt_qid_saved_model/akt_also_full_20260713_225853_42622/s1_pilr1e3_bs64_42_0_0.2_256_512_8_4_0.0001_64_100_0_0_1_student_id_None_optimistic_1.0_None_None_0.001_0.01_None_0
            testauc: -1, testacc: -1, window_testauc: -1, window_testacc: -1

Total Epoch Time: 109.40s | Train Phase: 96.57s | Valid Phase: 12.51s
Avg Batch Time: 2.0120s
------------------------------
Epoch: 14, validauc: 0.8071, validacc: 0.7672, best epoch: 13, best auc: 0.8071, train loss: 15.872925757388382, emb_type: qid, model: akt, save_dir: saved_model/akt_also_full_20260713_225853_42622/s1_pilr1e3_bs64/assist2009_akt_qid_saved_model/akt_also_full_20260713_225853_42622/s1_pilr1e3_bs64_42_0_0.2_256_512_8_4_0.0001_64_100_0_0_1_student_id_None_optimistic_1.0_None_None_0.001_0.01_None_0
            testauc: -1, testacc: -1, window_testauc: -1, window_testacc: -1

Total Epoch Time: 107.80s | Train Phase: 96.57s | Valid Phase: 11.23s
Avg Batch Time: 2.0118s
------------------------------
Epoch: 15, validauc: 0.8071, validacc: 0.7672, best epoch: 13, best auc: 0.8071, train loss: 15.84806391833626, emb_type: qid, model: akt, save_dir: saved_model/akt_also_full_20260713_225853_42622/s1_pilr1e3_bs64/assist2009_akt_qid_saved_model/akt_also_full_20260713_225853_42622/s1_pilr1e3_bs64_42_0_0.2_256_512_8_4_0.0001_64_100_0_0_1_student_id_None_optimistic_1.0_None_None_0.001_0.01_None_0
            testauc: -1, testacc: -1, window_testauc: -1, window_testacc: -1

Total Epoch Time: 107.00s | Train Phase: 95.82s | Valid Phase: 11.18s
Avg Batch Time: 1.9962s
------------------------------
Epoch: 16, validauc: 0.8085, validacc: 0.7669, best epoch: 16, best auc: 0.8085, train loss: 15.833991645079665, emb_type: qid, model: akt, save_dir: saved_model/akt_also_full_20260713_225853_42622/s1_pilr1e3_bs64/assist2009_akt_qid_saved_model/akt_also_full_20260713_225853_42622/s1_pilr1e3_bs64_42_0_0.2_256_512_8_4_0.0001_64_100_0_0_1_student_id_None_optimistic_1.0_None_None_0.001_0.01_None_0
            testauc: -1, testacc: -1, window_testauc: -1, window_testacc: -1

Total Epoch Time: 116.32s | Train Phase: 104.27s | Valid Phase: 11.73s
Avg Batch Time: 2.1724s
------------------------------
Epoch: 17, validauc: 0.8085, validacc: 0.7669, best epoch: 16, best auc: 0.8085, train loss: 15.792199795263842, emb_type: qid, model: akt, save_dir: saved_model/akt_also_full_20260713_225853_42622/s1_pilr1e3_bs64/assist2009_akt_qid_saved_model/akt_also_full_20260713_225853_42622/s1_pilr1e3_bs64_42_0_0.2_256_512_8_4_0.0001_64_100_0_0_1_student_id_None_optimistic_1.0_None_None_0.001_0.01_None_0
            testauc: -1, testacc: -1, window_testauc: -1, window_testacc: -1

Total Epoch Time: 110.77s | Train Phase: 99.64s | Valid Phase: 11.13s
Avg Batch Time: 2.0757s
------------------------------
Epoch: 18, validauc: 0.8085, validacc: 0.7669, best epoch: 16, best auc: 0.8085, train loss: 15.746286106444439, emb_type: qid, model: akt, save_dir: saved_model/akt_also_full_20260713_225853_42622/s1_pilr1e3_bs64/assist2009_akt_qid_saved_model/akt_also_full_20260713_225853_42622/s1_pilr1e3_bs64_42_0_0.2_256_512_8_4_0.0001_64_100_0_0_1_student_id_None_optimistic_1.0_None_None_0.001_0.01_None_0
            testauc: -1, testacc: -1, window_testauc: -1, window_testacc: -1

Total Epoch Time: 97.90s | Train Phase: 87.54s | Valid Phase: 10.35s
Avg Batch Time: 1.8238s
------------------------------
Epoch: 19, validauc: 0.8085, validacc: 0.7669, best epoch: 16, best auc: 0.8085, train loss: 15.745848209440567, emb_type: qid, model: akt, save_dir: saved_model/akt_also_full_20260713_225853_42622/s1_pilr1e3_bs64/assist2009_akt_qid_saved_model/akt_also_full_20260713_225853_42622/s1_pilr1e3_bs64_42_0_0.2_256_512_8_4_0.0001_64_100_0_0_1_student_id_None_optimistic_1.0_None_None_0.001_0.01_None_0
            testauc: -1, testacc: -1, window_testauc: -1, window_testacc: -1

Total Epoch Time: 98.63s | Train Phase: 86.32s | Valid Phase: 12.31s
Avg Batch Time: 1.7983s
------------------------------
Epoch: 20, validauc: 0.8099, validacc: 0.768, best epoch: 20, best auc: 0.8099, train loss: 15.736029022102153, emb_type: qid, model: akt, save_dir: saved_model/akt_also_full_20260713_225853_42622/s1_pilr1e3_bs64/assist2009_akt_qid_saved_model/akt_also_full_20260713_225853_42622/s1_pilr1e3_bs64_42_0_0.2_256_512_8_4_0.0001_64_100_0_0_1_student_id_None_optimistic_1.0_None_None_0.001_0.01_None_0
            testauc: -1, testacc: -1, window_testauc: -1, window_testacc: -1

Total Epoch Time: 102.49s | Train Phase: 86.17s | Valid Phase: 16.01s
Avg Batch Time: 1.7951s
------------------------------
Epoch: 21, validauc: 0.8099, validacc: 0.768, best epoch: 20, best auc: 0.8099, train loss: 15.667770530317577, emb_type: qid, model: akt, save_dir: saved_model/akt_also_full_20260713_225853_42622/s1_pilr1e3_bs64/assist2009_akt_qid_saved_model/akt_also_full_20260713_225853_42622/s1_pilr1e3_bs64_42_0_0.2_256_512_8_4_0.0001_64_100_0_0_1_student_id_None_optimistic_1.0_None_None_0.001_0.01_None_0
            testauc: -1, testacc: -1, window_testauc: -1, window_testacc: -1

Total Epoch Time: 92.91s | Train Phase: 81.38s | Valid Phase: 11.52s
Avg Batch Time: 1.6955s
------------------------------
Epoch: 22, validauc: 0.8099, validacc: 0.768, best epoch: 20, best auc: 0.8099, train loss: 15.64205172018111, emb_type: qid, model: akt, save_dir: saved_model/akt_also_full_20260713_225853_42622/s1_pilr1e3_bs64/assist2009_akt_qid_saved_model/akt_also_full_20260713_225853_42622/s1_pilr1e3_bs64_42_0_0.2_256_512_8_4_0.0001_64_100_0_0_1_student_id_None_optimistic_1.0_None_None_0.001_0.01_None_0
            testauc: -1, testacc: -1, window_testauc: -1, window_testacc: -1

Total Epoch Time: 99.89s | Train Phase: 88.30s | Valid Phase: 11.58s
Avg Batch Time: 1.8396s
------------------------------
Epoch: 23, validauc: 0.8109, validacc: 0.7682, best epoch: 23, best auc: 0.8109, train loss: 15.619503880108999, emb_type: qid, model: akt, save_dir: saved_model/akt_also_full_20260713_225853_42622/s1_pilr1e3_bs64/assist2009_akt_qid_saved_model/akt_also_full_20260713_225853_42622/s1_pilr1e3_bs64_42_0_0.2_256_512_8_4_0.0001_64_100_0_0_1_student_id_None_optimistic_1.0_None_None_0.001_0.01_None_0
            testauc: -1, testacc: -1, window_testauc: -1, window_testacc: -1

Total Epoch Time: 106.39s | Train Phase: 95.70s | Valid Phase: 10.40s
Avg Batch Time: 1.9937s
------------------------------
Epoch: 24, validauc: 0.8109, validacc: 0.7682, best epoch: 23, best auc: 0.8109, train loss: 15.580987720118566, emb_type: qid, model: akt, save_dir: saved_model/akt_also_full_20260713_225853_42622/s1_pilr1e3_bs64/assist2009_akt_qid_saved_model/akt_also_full_20260713_225853_42622/s1_pilr1e3_bs64_42_0_0.2_256_512_8_4_0.0001_64_100_0_0_1_student_id_None_optimistic_1.0_None_None_0.001_0.01_None_0
            testauc: -1, testacc: -1, window_testauc: -1, window_testacc: -1

Total Epoch Time: 96.72s | Train Phase: 86.12s | Valid Phase: 10.60s
Avg Batch Time: 1.7941s
------------------------------
Epoch: 25, validauc: 0.8121, validacc: 0.7691, best epoch: 25, best auc: 0.8121, train loss: 15.55793167372377, emb_type: qid, model: akt, save_dir: saved_model/akt_also_full_20260713_225853_42622/s1_pilr1e3_bs64/assist2009_akt_qid_saved_model/akt_also_full_20260713_225853_42622/s1_pilr1e3_bs64_42_0_0.2_256_512_8_4_0.0001_64_100_0_0_1_student_id_None_optimistic_1.0_None_None_0.001_0.01_None_0
            testauc: -1, testacc: -1, window_testauc: -1, window_testacc: -1

Total Epoch Time: 99.40s | Train Phase: 87.09s | Valid Phase: 12.20s
Avg Batch Time: 1.8144s
------------------------------
Epoch: 26, validauc: 0.8121, validacc: 0.7691, best epoch: 25, best auc: 0.8121, train loss: 15.504220987185741, emb_type: qid, model: akt, save_dir: saved_model/akt_also_full_20260713_225853_42622/s1_pilr1e3_bs64/assist2009_akt_qid_saved_model/akt_also_full_20260713_225853_42622/s1_pilr1e3_bs64_42_0_0.2_256_512_8_4_0.0001_64_100_0_0_1_student_id_None_optimistic_1.0_None_None_0.001_0.01_None_0
            testauc: -1, testacc: -1, window_testauc: -1, window_testacc: -1

Total Epoch Time: 102.58s | Train Phase: 91.90s | Valid Phase: 10.69s
Avg Batch Time: 1.9145s
------------------------------
Epoch: 27, validauc: 0.8121, validacc: 0.7691, best epoch: 25, best auc: 0.8121, train loss: 15.468403118605076, emb_type: qid, model: akt, save_dir: saved_model/akt_also_full_20260713_225853_42622/s1_pilr1e3_bs64/assist2009_akt_qid_saved_model/akt_also_full_20260713_225853_42622/s1_pilr1e3_bs64_42_0_0.2_256_512_8_4_0.0001_64_100_0_0_1_student_id_None_optimistic_1.0_None_None_0.001_0.01_None_0
            testauc: -1, testacc: -1, window_testauc: -1, window_testacc: -1

Total Epoch Time: 98.19s | Train Phase: 88.51s | Valid Phase: 9.68s
Avg Batch Time: 1.8440s
------------------------------
Epoch: 28, validauc: 0.8131, validacc: 0.769, best epoch: 28, best auc: 0.8131, train loss: 15.418235884617891, emb_type: qid, model: akt, save_dir: saved_model/akt_also_full_20260713_225853_42622/s1_pilr1e3_bs64/assist2009_akt_qid_saved_model/akt_also_full_20260713_225853_42622/s1_pilr1e3_bs64_42_0_0.2_256_512_8_4_0.0001_64_100_0_0_1_student_id_None_optimistic_1.0_None_None_0.001_0.01_None_0
            testauc: -1, testacc: -1, window_testauc: -1, window_testacc: -1

Total Epoch Time: 110.82s | Train Phase: 100.25s | Valid Phase: 10.36s
Avg Batch Time: 2.0886s
------------------------------
Epoch: 29, validauc: 0.8145, validacc: 0.7707, best epoch: 29, best auc: 0.8145, train loss: 15.337270938450308, emb_type: qid, model: akt, save_dir: saved_model/akt_also_full_20260713_225853_42622/s1_pilr1e3_bs64/assist2009_akt_qid_saved_model/akt_also_full_20260713_225853_42622/s1_pilr1e3_bs64_42_0_0.2_256_512_8_4_0.0001_64_100_0_0_1_student_id_None_optimistic_1.0_None_None_0.001_0.01_None_0
            testauc: -1, testacc: -1, window_testauc: -1, window_testacc: -1

Total Epoch Time: 107.99s | Train Phase: 94.58s | Valid Phase: 13.22s
Avg Batch Time: 1.9704s
------------------------------
Epoch: 30, validauc: 0.8145, validacc: 0.7707, best epoch: 29, best auc: 0.8145, train loss: 15.32850339698331, emb_type: qid, model: akt, save_dir: saved_model/akt_also_full_20260713_225853_42622/s1_pilr1e3_bs64/assist2009_akt_qid_saved_model/akt_also_full_20260713_225853_42622/s1_pilr1e3_bs64_42_0_0.2_256_512_8_4_0.0001_64_100_0_0_1_student_id_None_optimistic_1.0_None_None_0.001_0.01_None_0
            testauc: -1, testacc: -1, window_testauc: -1, window_testacc: -1

Total Epoch Time: 97.79s | Train Phase: 87.00s | Valid Phase: 10.78s
Avg Batch Time: 1.8126s
------------------------------
Epoch: 31, validauc: 0.8145, validacc: 0.7707, best epoch: 29, best auc: 0.8145, train loss: 15.287227850015109, emb_type: qid, model: akt, save_dir: saved_model/akt_also_full_20260713_225853_42622/s1_pilr1e3_bs64/assist2009_akt_qid_saved_model/akt_also_full_20260713_225853_42622/s1_pilr1e3_bs64_42_0_0.2_256_512_8_4_0.0001_64_100_0_0_1_student_id_None_optimistic_1.0_None_None_0.001_0.01_None_0
            testauc: -1, testacc: -1, window_testauc: -1, window_testacc: -1

Total Epoch Time: 104.72s | Train Phase: 94.37s | Valid Phase: 10.36s
Avg Batch Time: 1.9659s
------------------------------
Epoch: 32, validauc: 0.8145, validacc: 0.7707, best epoch: 29, best auc: 0.8145, train loss: 15.164620187141159, emb_type: qid, model: akt, save_dir: saved_model/akt_also_full_20260713_225853_42622/s1_pilr1e3_bs64/assist2009_akt_qid_saved_model/akt_also_full_20260713_225853_42622/s1_pilr1e3_bs64_42_0_0.2_256_512_8_4_0.0001_64_100_0_0_1_student_id_None_optimistic_1.0_None_None_0.001_0.01_None_0
            testauc: -1, testacc: -1, window_testauc: -1, window_testacc: -1

Total Epoch Time: 101.67s | Train Phase: 90.99s | Valid Phase: 10.59s
Avg Batch Time: 1.8957s
------------------------------
Epoch: 33, validauc: 0.816, validacc: 0.7701, best epoch: 33, best auc: 0.816, train loss: 15.166888638820732, emb_type: qid, model: akt, save_dir: saved_model/akt_also_full_20260713_225853_42622/s1_pilr1e3_bs64/assist2009_akt_qid_saved_model/akt_also_full_20260713_225853_42622/s1_pilr1e3_bs64_42_0_0.2_256_512_8_4_0.0001_64_100_0_0_1_student_id_None_optimistic_1.0_None_None_0.001_0.01_None_0
            testauc: -1, testacc: -1, window_testauc: -1, window_testacc: -1

Total Epoch Time: 102.53s | Train Phase: 91.03s | Valid Phase: 11.28s
Avg Batch Time: 1.8965s
------------------------------
Epoch: 34, validauc: 0.816, validacc: 0.7701, best epoch: 33, best auc: 0.816, train loss: 15.09773622961503, emb_type: qid, model: akt, save_dir: saved_model/akt_also_full_20260713_225853_42622/s1_pilr1e3_bs64/assist2009_akt_qid_saved_model/akt_also_full_20260713_225853_42622/s1_pilr1e3_bs64_42_0_0.2_256_512_8_4_0.0001_64_100_0_0_1_student_id_None_optimistic_1.0_None_None_0.001_0.01_None_0
            testauc: -1, testacc: -1, window_testauc: -1, window_testacc: -1

Total Epoch Time: 103.78s | Train Phase: 91.89s | Valid Phase: 11.89s
Avg Batch Time: 1.9144s
------------------------------
Epoch: 35, validauc: 0.816, validacc: 0.7701, best epoch: 33, best auc: 0.816, train loss: 15.036469150334957, emb_type: qid, model: akt, save_dir: saved_model/akt_also_full_20260713_225853_42622/s1_pilr1e3_bs64/assist2009_akt_qid_saved_model/akt_also_full_20260713_225853_42622/s1_pilr1e3_bs64_42_0_0.2_256_512_8_4_0.0001_64_100_0_0_1_student_id_None_optimistic_1.0_None_None_0.001_0.01_None_0
            testauc: -1, testacc: -1, window_testauc: -1, window_testacc: -1

Total Epoch Time: 104.19s | Train Phase: 94.01s | Valid Phase: 10.17s
Avg Batch Time: 1.9586s
------------------------------
Epoch: 36, validauc: 0.816, validacc: 0.7701, best epoch: 33, best auc: 0.816, train loss: 14.972140394078432, emb_type: qid, model: akt, save_dir: saved_model/akt_also_full_20260713_225853_42622/s1_pilr1e3_bs64/assist2009_akt_qid_saved_model/akt_also_full_20260713_225853_42622/s1_pilr1e3_bs64_42_0_0.2_256_512_8_4_0.0001_64_100_0_0_1_student_id_None_optimistic_1.0_None_None_0.001_0.01_None_0
            testauc: -1, testacc: -1, window_testauc: -1, window_testacc: -1

Total Epoch Time: 105.00s | Train Phase: 93.26s | Valid Phase: 11.74s
Avg Batch Time: 1.9429s
------------------------------
Epoch: 37, validauc: 0.817, validacc: 0.7687, best epoch: 37, best auc: 0.817, train loss: 14.915005121594305, emb_type: qid, model: akt, save_dir: saved_model/akt_also_full_20260713_225853_42622/s1_pilr1e3_bs64/assist2009_akt_qid_saved_model/akt_also_full_20260713_225853_42622/s1_pilr1e3_bs64_42_0_0.2_256_512_8_4_0.0001_64_100_0_0_1_student_id_None_optimistic_1.0_None_None_0.001_0.01_None_0
            testauc: -1, testacc: -1, window_testauc: -1, window_testacc: -1

Total Epoch Time: 104.31s | Train Phase: 94.03s | Valid Phase: 10.18s
Avg Batch Time: 1.9589s
------------------------------
Epoch: 38, validauc: 0.817, validacc: 0.7687, best epoch: 37, best auc: 0.817, train loss: 14.83690711575243, emb_type: qid, model: akt, save_dir: saved_model/akt_also_full_20260713_225853_42622/s1_pilr1e3_bs64/assist2009_akt_qid_saved_model/akt_also_full_20260713_225853_42622/s1_pilr1e3_bs64_42_0_0.2_256_512_8_4_0.0001_64_100_0_0_1_student_id_None_optimistic_1.0_None_None_0.001_0.01_None_0
            testauc: -1, testacc: -1, window_testauc: -1, window_testacc: -1

Total Epoch Time: 108.29s | Train Phase: 96.60s | Valid Phase: 11.69s
Avg Batch Time: 2.0124s
------------------------------
Epoch: 39, validauc: 0.817, validacc: 0.7687, best epoch: 37, best auc: 0.817, train loss: 14.773768560578603, emb_type: qid, model: akt, save_dir: saved_model/akt_also_full_20260713_225853_42622/s1_pilr1e3_bs64/assist2009_akt_qid_saved_model/akt_also_full_20260713_225853_42622/s1_pilr1e3_bs64_42_0_0.2_256_512_8_4_0.0001_64_100_0_0_1_student_id_None_optimistic_1.0_None_None_0.001_0.01_None_0
            testauc: -1, testacc: -1, window_testauc: -1, window_testacc: -1

Total Epoch Time: 102.09s | Train Phase: 88.89s | Valid Phase: 13.21s
Avg Batch Time: 1.8518s
------------------------------
Epoch: 40, validauc: 0.817, validacc: 0.7687, best epoch: 37, best auc: 0.817, train loss: 14.72694780747561, emb_type: qid, model: akt, save_dir: saved_model/akt_also_full_20260713_225853_42622/s1_pilr1e3_bs64/assist2009_akt_qid_saved_model/akt_also_full_20260713_225853_42622/s1_pilr1e3_bs64_42_0_0.2_256_512_8_4_0.0001_64_100_0_0_1_student_id_None_optimistic_1.0_None_None_0.001_0.01_None_0
            testauc: -1, testacc: -1, window_testauc: -1, window_testacc: -1

Total Epoch Time: 99.21s | Train Phase: 83.20s | Valid Phase: 16.01s
Avg Batch Time: 1.7333s
------------------------------
Epoch: 41, validauc: 0.817, validacc: 0.7687, best epoch: 37, best auc: 0.817, train loss: 14.62928002595489, emb_type: qid, model: akt, save_dir: saved_model/akt_also_full_20260713_225853_42622/s1_pilr1e3_bs64/assist2009_akt_qid_saved_model/akt_also_full_20260713_225853_42622/s1_pilr1e3_bs64_42_0_0.2_256_512_8_4_0.0001_64_100_0_0_1_student_id_None_optimistic_1.0_None_None_0.001_0.01_None_0
            testauc: -1, testacc: -1, window_testauc: -1, window_testacc: -1

Total Epoch Time: 104.72s | Train Phase: 91.20s | Valid Phase: 13.52s
Avg Batch Time: 1.8999s
------------------------------
Epoch: 42, validauc: 0.817, validacc: 0.7687, best epoch: 37, best auc: 0.817, train loss: 14.543209946255969, emb_type: qid, model: akt, save_dir: saved_model/akt_also_full_20260713_225853_42622/s1_pilr1e3_bs64/assist2009_akt_qid_saved_model/akt_also_full_20260713_225853_42622/s1_pilr1e3_bs64_42_0_0.2_256_512_8_4_0.0001_64_100_0_0_1_student_id_None_optimistic_1.0_None_None_0.001_0.01_None_0
            testauc: -1, testacc: -1, window_testauc: -1, window_testacc: -1

Total Epoch Time: 105.69s | Train Phase: 94.60s | Valid Phase: 11.08s
Avg Batch Time: 1.9709s
------------------------------
Epoch: 43, validauc: 0.817, validacc: 0.7687, best epoch: 37, best auc: 0.817, train loss: 14.433457235974887, emb_type: qid, model: akt, save_dir: saved_model/akt_also_full_20260713_225853_42622/s1_pilr1e3_bs64/assist2009_akt_qid_saved_model/akt_also_full_20260713_225853_42622/s1_pilr1e3_bs64_42_0_0.2_256_512_8_4_0.0001_64_100_0_0_1_student_id_None_optimistic_1.0_None_None_0.001_0.01_None_0
            testauc: -1, testacc: -1, window_testauc: -1, window_testacc: -1

Total Epoch Time: 103.51s | Train Phase: 92.61s | Valid Phase: 10.90s
Avg Batch Time: 1.9293s
------------------------------
Epoch: 44, validauc: 0.817, validacc: 0.7687, best epoch: 37, best auc: 0.817, train loss: 14.399161299376958, emb_type: qid, model: akt, save_dir: saved_model/akt_also_full_20260713_225853_42622/s1_pilr1e3_bs64/assist2009_akt_qid_saved_model/akt_also_full_20260713_225853_42622/s1_pilr1e3_bs64_42_0_0.2_256_512_8_4_0.0001_64_100_0_0_1_student_id_None_optimistic_1.0_None_None_0.001_0.01_None_0
            testauc: -1, testacc: -1, window_testauc: -1, window_testacc: -1

Total Epoch Time: 102.39s | Train Phase: 92.79s | Valid Phase: 9.60s
Avg Batch Time: 1.9332s
------------------------------
Epoch: 45, validauc: 0.817, validacc: 0.7687, best epoch: 37, best auc: 0.817, train loss: 14.263226204308713, emb_type: qid, model: akt, save_dir: saved_model/akt_also_full_20260713_225853_42622/s1_pilr1e3_bs64/assist2009_akt_qid_saved_model/akt_also_full_20260713_225853_42622/s1_pilr1e3_bs64_42_0_0.2_256_512_8_4_0.0001_64_100_0_0_1_student_id_None_optimistic_1.0_None_None_0.001_0.01_None_0
            testauc: -1, testacc: -1, window_testauc: -1, window_testacc: -1

Total Epoch Time: 103.21s | Train Phase: 91.00s | Valid Phase: 12.20s
Avg Batch Time: 1.8959s
------------------------------
Epoch: 46, validauc: 0.817, validacc: 0.7687, best epoch: 37, best auc: 0.817, train loss: 14.202484907067841, emb_type: qid, model: akt, save_dir: saved_model/akt_also_full_20260713_225853_42622/s1_pilr1e3_bs64/assist2009_akt_qid_saved_model/akt_also_full_20260713_225853_42622/s1_pilr1e3_bs64_42_0_0.2_256_512_8_4_0.0001_64_100_0_0_1_student_id_None_optimistic_1.0_None_None_0.001_0.01_None_0
            testauc: -1, testacc: -1, window_testauc: -1, window_testacc: -1

Total Epoch Time: 98.71s | Train Phase: 89.00s | Valid Phase: 9.71s
Avg Batch Time: 1.8542s
------------------------------
Epoch: 47, validauc: 0.817, validacc: 0.7687, best epoch: 37, best auc: 0.817, train loss: 14.064253295091133, emb_type: qid, model: akt, save_dir: saved_model/akt_also_full_20260713_225853_42622/s1_pilr1e3_bs64/assist2009_akt_qid_saved_model/akt_also_full_20260713_225853_42622/s1_pilr1e3_bs64_42_0_0.2_256_512_8_4_0.0001_64_100_0_0_1_student_id_None_optimistic_1.0_None_None_0.001_0.01_None_0
            testauc: -1, testacc: -1, window_testauc: -1, window_testacc: -1

Total Epoch Time: 97.70s | Train Phase: 86.04s | Valid Phase: 11.65s
Avg Batch Time: 1.7925s
------------------------------
Early stopping at epoch 47
✅ Training Finished! Total Time Cost: 5048.15 s
fold	modelname	embtype	testauc	testacc	window_testauc	window_testacc	validauc	validacc	best_epoch
0	akt	qid	-1	-1	-1	-1	0.8170153526805697	0.7687269285376243	37
end:2026-07-14 00:23:04.688651

==================================================
Training completed. Starting prediction with predict_after_train=2
==================================================
--- 正在调用外部脚本 (subprocess): /root/autodl-tmp/pykt-toolkit/examples/wandb_predict_with_unbalance.py
--- 完整运行指令: /root/miniconda3/bin/python /root/autodl-tmp/pykt-toolkit/examples/wandb_predict_with_unbalance.py --bz 64 --save_dir /root/autodl-tmp/pykt-toolkit/saved_model/akt_also_full_20260713_225853_42622/s1_pilr1e3_bs64/assist2009_akt_qid_saved_model/akt_also_full_20260713_225853_42622/s1_pilr1e3_bs64_42_0_0.2_256_512_8_4_0.0001_64_100_0_0_1_student_id_None_optimistic_1.0_None_None_0.001_0.01_None_0 --use_wandb 0

libgomp: Invalid value for environment variable OMP_NUM_THREADS

libgomp: Invalid value for environment variable OMP_NUM_THREADS
Namespace(bz=64, save_dir='/root/autodl-tmp/pykt-toolkit/saved_model/akt_also_full_20260713_225853_42622/s1_pilr1e3_bs64/assist2009_akt_qid_saved_model/akt_also_full_20260713_225853_42622/s1_pilr1e3_bs64_42_0_0.2_256_512_8_4_0.0001_64_100_0_0_1_student_id_None_optimistic_1.0_None_None_0.001_0.01_None_0', fusion_type='late_fusion', use_wandb=0)
--- [Time] Start: 2026-07-14 00:23:10 ---
[DATA_PATH] dataset=assist2009 resolved_dpath=/root/autodl-tmp/pykt-toolkit/data/assist2009
model_name is akt, dataset_name is assist2009
Read data from processed file: /root/autodl-tmp/pykt-toolkit/data/assist2009/test_sequences.csv_-1.pkl
file path: /root/autodl-tmp/pykt-toolkit/data/assist2009/test_sequences.csv, qlen: 904, clen: 904, rlen: 904, uidlen: 904
Read data from processed file: /root/autodl-tmp/pykt-toolkit/data/assist2009/test_window_sequences.csv_-1.pkl
file path: /root/autodl-tmp/pykt-toolkit/data/assist2009/test_window_sequences.csv, qlen: 20362, clen: 20362, rlen: 20362, uidlen: 20362
Read data from processed file: /root/autodl-tmp/pykt-toolkit/data/assist2009/test_question_sequences.csv_-1_qtest.pkl
file path: /root/autodl-tmp/pykt-toolkit/data/assist2009/test_question_sequences.csv, qlen: 18292, clen: 18292, rlen: 18292, uidlen: 18292
Read data from processed file: /root/autodl-tmp/pykt-toolkit/data/assist2009/test_question_window_sequences.csv_-1_qtest.pkl
file path: /root/autodl-tmp/pykt-toolkit/data/assist2009/test_question_window_sequences.csv, qlen: 30610, clen: 30610, rlen: 30610, uidlen: 30610
has test_question_file!
Start predicting model: akt, embtype: qid, save_dir: /root/autodl-tmp/pykt-toolkit/saved_model/akt_also_full_20260713_225853_42622/s1_pilr1e3_bs64/assist2009_akt_qid_saved_model/akt_also_full_20260713_225853_42622/s1_pilr1e3_bs64_42_0_0.2_256_512_8_4_0.0001_64_100_0_0_1_student_id_None_optimistic_1.0_None_None_0.001_0.01_None_0, dataset_name: assist2009
--- [Time] Data Loading: 1.16s (started 00:23:10) ---
--- [Time] Model Loading: 0.64s (started 00:23:11) ---
testauc: 0.8099529871013254, testacc: 0.7592239596795037
--- [Time] Basic Evaluation: 7.39s (started 00:23:12) ---
testauc: 0.8099529871013254, testacc: 0.7592239596795037, window_testauc: 0.811515532903804, window_testacc: 0.7607833655705997
--- [Time] Window Evaluation: 107.14s (started 00:23:19) ---
[DEBUG] auc: 0.7181461398911957 (type: <class 'float'>)
[DEBUG] auc: 0.7202654768721982 (type: <class 'float'>)
--- [Time] Question Evaluation: 162.60s (started 00:25:07) ---
{'testauc': 0.8099529871013254, 'testacc': 0.7592239596795037, 'window_testauc': 0.811515532903804, 'window_testacc': 0.7607833655705997, 'oriaucconcepts': 0.7181461398911957, 'oriauclate_mean': 0.733982709891838, 'oriauclate_vote': 0.7336529163694306, 'oriauclate_all': 0.7325282586303762, 'oriaccconcepts': 0.7073530364897271, 'oriacclate_mean': 0.7145673058521835, 'oriacclate_vote': 0.7150840127071612, 'oriacclate_all': 0.712672714050599, 'windowaucconcepts': 0.7202654768721982, 'windowauclate_mean': 0.7363400914943043, 'windowauclate_vote': 0.7359748990726509, 'windowauclate_all': 0.7348028200695315, 'windowaccconcepts': 0.7089783782036779, 'windowacclate_mean': 0.7160449043491542, 'windowacclate_vote': 0.7168467677269083, 'windowacclate_all': 0.714345717667723}
dres saved to /root/autodl-tmp/pykt-toolkit/saved_model/akt_also_full_20260713_225853_42622/s1_pilr1e3_bs64/assist2009_akt_qid_saved_model/akt_also_full_20260713_225853_42622/s1_pilr1e3_bs64_42_0_0.2_256_512_8_4_0.0001_64_100_0_0_1_student_id_None_optimistic_1.0_None_None_0.001_0.01_None_0/all_results.json
late_trues 的唯一值: [0 1]
late_trues 的值计数:
late_trues
1    33510
0    18868
Name: count, dtype: int64
已保存每个学生AUC → /root/autodl-tmp/pykt-toolkit/saved_model/akt_also_full_20260713_225853_42622/s1_pilr1e3_bs64/assist2009_akt_qid_saved_model/akt_also_full_20260713_225853_42622/s1_pilr1e3_bs64_42_0_0.2_256_512_8_4_0.0001_64_100_0_0_1_student_id_None_optimistic_1.0_None_None_0.001_0.01_None_0/qid_test_question_window_predictions_per_student_aucs.json
✅ 学生AUC结果已保存至: /root/autodl-tmp/pykt-toolkit/saved_model/akt_also_full_20260713_225853_42622/s1_pilr1e3_bs64/assist2009_akt_qid_saved_model/akt_also_full_20260713_225853_42622/s1_pilr1e3_bs64_42_0_0.2_256_512_8_4_0.0001_64_100_0_0_1_student_id_None_optimistic_1.0_None_None_0.001_0.01_None_0/student_auc_output.csv
📊 总体统计指标: {
    "overall_dataset_auc": 0.6895963594080008,
    "student_stats_mean": 0.5930412190176569,
    "student_stats_std": 0.208251769679358,
    "student_stats_max": 1.0,
    "student_stats_min": 0.0,
    "student_stats_range": 1.0,
    "student_stats_epi": 2.84771274659876,
    "student_stats_gini_coefficient": 0.19070091736373768,
    "student_stats_average_auc": 0.5930412190176569,
    "student_stats_eawi_alpha_10": 0.47994771451648044,
    "student_stats_eawi_alpha_20": 0.3884212450715583,
    "student_stats_eawi_alpha_30": 0.31434895731284695,
    "student_stats_iqr": 0.2142857142857143,
    "student_stats_q1": 0.5,
    "student_stats_q3": 0.7142857142857143
}
✅ 总体统计结果已保存至: /root/autodl-tmp/pykt-toolkit/saved_model/akt_also_full_20260713_225853_42622/s1_pilr1e3_bs64/assist2009_akt_qid_saved_model/akt_also_full_20260713_225853_42622/s1_pilr1e3_bs64_42_0_0.2_256_512_8_4_0.0001_64_100_0_0_1_student_id_None_optimistic_1.0_None_None_0.001_0.01_None_0/overall_stats_output.json
--- [Time] Fairness Calculation: 2.04s (started 00:27:49) ---
------------------------------
Total Prediction Time: 280.96s (end 2026-07-14 00:27:51)
------------------------------
Prediction completed successfully!
训练过程中发生错误: name 'original_argv' is not defined
⚠️ 运行历史状态已更新为失败 (ID: c1910972-6aa5-42f1-b6ea-cde91f4286c0)
💡 正在执行最终资源清理...
💡 CUDA 缓存已释放。
Traceback (most recent call last):
  File "<frozen runpy>", line 198, in _run_module_as_main
  File "<frozen runpy>", line 88, in _run_code
  File "/root/autodl-tmp/pykt-toolkit/examples/wandb_akt_train.py", line 45, in <module>
    main(params)
  File "/root/autodl-tmp/pykt-toolkit/examples/wandb_train.py", line 515, in main
    update_run_history(run_history_path, run_id, 'False')
^^^^^^^
  File "/root/autodl-tmp/pykt-toolkit/examples/wandb_train.py", line 494, in main
    traceback.print_exc() 
               ^^^^^^^^^^^^
NameError: name 'original_argv' is not defined
