
libgomp: Invalid value for environment variable OMP_NUM_THREADS

libgomp: Invalid value for environment variable OMP_NUM_THREADS
✅ 初始运行记录已写入: saved_model/akt_also_full_20260713_225853_42622/s1_pilr3e5_bs64/run_history.txt (ID: 5363402b-5835-42e0-9bc9-6890441b44bc)
✅ 参数已保存至: saved_model/akt_also_full_20260713_225853_42622/s1_pilr3e5_bs64/saved_params_akt.json
✅ 参数已保存至: saved_model/akt_also_full_20260713_225853_42622/s1_pilr3e5_bs64/saved_params_akt.json
2026-07-13 22:58:55 - main - said: load config files.
[DATA_PATH] dataset=assist2009 resolved_dpath=/root/autodl-tmp/pykt-toolkit/data/assist2009
assist2009 akt {'assist2015': {'dpath': '../data/assist2015', 'num_q': 0, 'num_c': 100, 'input_type': ['concepts'], 'max_concepts': 1, 'min_seq_len': 3, 'maxlen': 200, 'emb_path': '', 'train_valid_original_file': 'train_valid.csv', 'train_valid_file': 'train_valid_sequences.csv', 'folds': [0, 1, 2, 3, 4], 'test_original_file': 'test.csv', 'test_file': 'test_sequences.csv', 'test_window_file': 'test_window_sequences.csv', 'train_valid_original_file_quelevel': 'train_valid_quelevel.csv', 'train_valid_file_quelevel': 'train_valid_sequences_quelevel.csv', 'test_file_quelevel': 'test_sequences_quelevel.csv', 'test_window_file_quelevel': 'test_window_sequences_quelevel.csv', 'test_original_file_quelevel': 'test_quelevel.csv'}, 'algebra2005': {'dpath': '../data/algebra2005', 'num_q': 173113, 'num_c': 112, 'input_type': ['questions', 'concepts'], 'max_concepts': 7, 'min_seq_len': 3, 'maxlen': 200, 'emb_path': '', 'train_valid_original_file': 'train_valid.csv', 'train_valid_file': 'train_valid_sequences.csv', 'folds': [0, 1, 2, 3, 4], 'test_original_file': 'test.csv', 'test_file': 'test_sequences.csv', 'test_window_file': 'test_window_sequences.csv', 'test_question_file': 'test_question_sequences.csv', 'test_question_window_file': 'test_question_window_sequences.csv', 'train_valid_original_file_quelevel': 'train_valid_quelevel.csv', 'train_valid_file_quelevel': 'train_valid_sequences_quelevel.csv', 'test_file_quelevel': 'test_sequences_quelevel.csv', 'test_window_file_quelevel': 'test_window_sequences_quelevel.csv', 'test_original_file_quelevel': 'test_quelevel.csv', 'students_num_train': 460, 'students_num_eval': 114}, 'assist2009': {'dpath': '/root/autodl-tmp/pykt-toolkit/data/assist2009', 'num_q': 17737, 'num_c': 123, 'input_type': ['questions', 'concepts'], 'max_concepts': 4, 'min_seq_len': 3, 'maxlen': 200, 'emb_path': '', 'train_valid_original_file': 'train_valid.csv', 'train_valid_file': 'train_valid_sequences.csv', 'folds': [0, 1, 2, 3, 4], 'test_original_file': 'test.csv', 'test_file': 'test_sequences.csv', 'test_window_file': 'test_window_sequences.csv', 'test_question_file': 'test_question_sequences.csv', 'test_question_window_file': 'test_question_window_sequences.csv', 'train_valid_original_file_quelevel': 'train_valid_quelevel.csv', 'train_valid_file_quelevel': 'train_valid_sequences_quelevel.csv', 'test_file_quelevel': 'test_sequences_quelevel.csv', 'test_window_file_quelevel': 'test_window_sequences_quelevel.csv', 'test_original_file_quelevel': 'test_quelevel.csv', 'students_num_eval': 770, 'global_question_stats_file': 'global_question_stats.csv', 'global_concept_stats_file': 'global_concept_stats.csv', 'total_questions_low_interval_file': 'total_questions_low_interval.csv', 'total_questions_medium_interval_file': 'total_questions_medium_interval.csv', 'total_questions_high_interval_file': 'total_questions_high_interval.csv', 'overall_accuracy_low_interval_file': 'overall_accuracy_low_interval.csv', 'overall_accuracy_medium_interval_file': 'overall_accuracy_medium_interval.csv', 'overall_accuracy_high_interval_file': 'overall_accuracy_high_interval.csv', 'accuracy_range_low_interval_file': 'accuracy_range_low_interval.csv', 'accuracy_range_medium_interval_file': 'accuracy_range_medium_interval.csv', 'accuracy_range_high_interval_file': 'accuracy_range_high_interval.csv', 'accuracy_variance_low_interval_file': 'accuracy_variance_low_interval.csv', 'accuracy_variance_medium_interval_file': 'accuracy_variance_medium_interval.csv', 'accuracy_variance_high_interval_file': 'accuracy_variance_high_interval.csv', 'questions_range_low_interval_file': 'questions_range_low_interval.csv', 'questions_range_medium_interval_file': 'questions_range_medium_interval.csv', 'questions_range_high_interval_file': 'questions_range_high_interval.csv', 'students_num_train': 3082}, 'slepemapy': {'dpath': '../data/slepemapy', 'num_q': 2913, 'num_c': 1458, 'input_type': ['questions', 'concepts'], 'emb_path': '', 'train_valid_original_file': 'train_valid.csv', 'train_valid_file': 'train_valid_sequences.csv', 'folds': [0, 1, 2, 3, 4], 'test_original_file': 'test.csv', 'test_file': 'test_sequences.csv', 'test_window_file': 'test_window_sequences.csv', 'test_question_file': 'test_question_sequences.csv', 'test_question_window_file': 'test_question_window_sequences.csv'}, 'assist2017': {'dpath': '../data/assist2017', 'num_q': 3162, 'num_c': 102, 'input_type': ['questions', 'concepts'], 'min_seq_len': 3, 'maxlen': 500, 'emb_path': '', 'train_valid_original_file': 'train_valid.csv', 'train_valid_file': 'train_valid_sequences.csv', 'folds': [0, 1, 2, 3, 4], 'test_original_file': 'test.csv', 'test_file': 'test_sequences.csv', 'test_window_file': 'test_window_sequences.csv', 'test_question_file': 'test_question_sequences.csv', 'test_question_window_file': 'test_question_window_sequences.csv'}, 'assist2012': {'dpath': '../data/assist2012', 'num_q': 53070, 'num_c': 265, 'input_type': ['questions', 'concepts'], 'emb_path': '', 'train_valid_original_file': 'train_valid.csv', 'train_valid_file': 'train_valid_sequences.csv', 'folds': [0, 1, 2, 3, 4], 'test_original_file': 'test.csv', 'test_file': 'test_sequences.csv', 'test_window_file': 'test_window_sequences.csv', 'test_question_file': 'test_question_sequences.csv', 'test_question_window_file': 'test_question_window_sequences.csv'}, 'statics2011': {'dpath': '../data/statics2011', 'num_q': 0, 'num_c': 1223, 'input_type': ['concepts'], 'max_concepts': 1, 'min_seq_len': 3, 'maxlen': 200, 'emb_path': '', 'train_valid_original_file': 'train_valid.csv', 'train_valid_file': 'train_valid_sequences.csv', 'folds': [0, 1, 2, 3, 4], 'test_original_file': 'test.csv', 'test_file': 'test_sequences.csv', 'test_window_file': 'test_window_sequences.csv', 'train_valid_original_file_quelevel': 'train_valid_quelevel.csv', 'train_valid_file_quelevel': 'train_valid_sequences_quelevel.csv', 'test_file_quelevel': 'test_sequences_quelevel.csv', 'test_window_file_quelevel': 'test_window_sequences_quelevel.csv', 'test_original_file_quelevel': 'test_quelevel.csv'}, 'junyi2015': {'dpath': '../data/junyi2015', 'num_q': 721, 'num_c': 39, 'input_type': ['questions', 'concepts'], 'max_concepts': 1, 'min_seq_len': 3, 'maxlen': 200, 'emb_path': '', 'train_valid_original_file': 'train_valid.csv', 'train_valid_file': 'train_valid_sequences.csv', 'folds': [0, 1, 2, 3, 4], 'test_original_file': 'test.csv', 'test_file': 'test_sequences.csv', 'test_window_file': 'test_window_sequences.csv', 'test_question_file': 'test_question_sequences.csv', 'test_question_window_file': 'test_question_window_sequences.csv'}, 'bridge2algebra2006': {'dpath': '../data/bridge2algebra2006', 'num_q': 129263, 'num_c': 493, 'input_type': ['questions', 'concepts'], 'max_concepts': 5, 'min_seq_len': 3, 'maxlen': 200, 'emb_path': '', 'train_valid_original_file': 'train_valid.csv', 'train_valid_file': 'train_valid_sequences.csv', 'folds': [0, 1, 2, 3, 4], 'test_original_file': 'test.csv', 'test_file': 'test_sequences.csv', 'test_window_file': 'test_window_sequences.csv', 'test_question_file': 'test_question_sequences.csv', 'test_question_window_file': 'test_question_window_sequences.csv', 'train_valid_original_file_quelevel': 'train_valid_quelevel.csv', 'train_valid_file_quelevel': 'train_valid_sequences_quelevel.csv', 'test_file_quelevel': 'test_sequences_quelevel.csv', 'test_window_file_quelevel': 'test_window_sequences_quelevel.csv', 'test_original_file_quelevel': 'test_quelevel.csv', 'students_num_train': 916, 'students_num_eval': 229, 'global_question_stats_file': 'global_question_stats.csv', 'global_concept_stats_file': 'global_concept_stats.csv', 'total_questions_low_interval_file': 'total_questions_low_interval.csv', 'total_questions_medium_interval_file': 'total_questions_medium_interval.csv', 'total_questions_high_interval_file': 'total_questions_high_interval.csv', 'overall_accuracy_low_interval_file': 'overall_accuracy_low_interval.csv', 'overall_accuracy_medium_interval_file': 'overall_accuracy_medium_interval.csv', 'overall_accuracy_high_interval_file': 'overall_accuracy_high_interval.csv', 'accuracy_range_low_interval_file': 'accuracy_range_low_interval.csv', 'accuracy_range_medium_interval_file': 'accuracy_range_medium_interval.csv', 'accuracy_range_high_interval_file': 'accuracy_range_high_interval.csv', 'accuracy_variance_low_interval_file': 'accuracy_variance_low_interval.csv', 'accuracy_variance_medium_interval_file': 'accuracy_variance_medium_interval.csv', 'accuracy_variance_high_interval_file': 'accuracy_variance_high_interval.csv', 'questions_range_low_interval_file': 'questions_range_low_interval.csv', 'questions_range_medium_interval_file': 'questions_range_medium_interval.csv', 'questions_range_high_interval_file': 'questions_range_high_interval.csv'}, 'ednet': {'dpath': '../data/ednet', 'num_q': 11901, 'num_c': 188, 'input_type': ['questions', 'concepts'], 'max_concepts': 7, 'min_seq_len': 3, 'maxlen': 200, 'emb_path': '', 'train_valid_original_file': 'train_valid.csv', 'train_valid_file': 'train_valid_sequences.csv', 'folds': [0, 1, 2, 3, 4], 'test_original_file': 'test.csv', 'test_file': 'test_sequences.csv', 'test_window_file': 'test_window_sequences.csv', 'test_question_file': 'test_question_sequences.csv', 'test_question_window_file': 'test_question_window_sequences.csv', 'train_valid_original_file_quelevel': 'train_valid_quelevel.csv', 'train_valid_file_quelevel': 'train_valid_sequences_quelevel.csv', 'test_file_quelevel': 'test_sequences_quelevel.csv', 'test_window_file_quelevel': 'test_window_sequences_quelevel.csv', 'test_original_file_quelevel': 'test_quelevel.csv'}, 'nips_task34': {'dpath': '../data/nips_task34', 'num_q': 948, 'num_c': 57, 'students_num_eval': 983, 'students_num_train': 3935, 'input_type': ['questions', 'concepts'], 'max_concepts': 2, 'min_seq_len': 3, 'maxlen': 200, 'emb_path': '', 'train_valid_original_file': 'train_valid.csv', 'train_valid_file': 'train_valid_sequences.csv', 'folds': [0, 1, 2, 3, 4], 'test_original_file': 'test.csv', 'test_file': 'test_sequences.csv', 'test_window_file': 'test_window_sequences.csv', 'test_question_file': 'test_question_sequences.csv', 'test_question_window_file': 'test_question_window_sequences.csv', 'train_valid_original_file_quelevel': 'train_valid_quelevel.csv', 'train_valid_file_quelevel': 'train_valid_sequences_quelevel.csv', 'test_file_quelevel': 'test_sequences_quelevel.csv', 'test_window_file_quelevel': 'test_window_sequences_quelevel.csv', 'test_original_file_quelevel': 'test_quelevel.csv', 'global_question_stats_file': 'global_question_stats.csv', 'global_concept_stats_file': 'global_concept_stats.csv', 'student_summary_file': 'student_summary.csv', 'total_questions_low_interval_file': 'total_questions_low_interval.csv', 'total_questions_medium_interval_file': 'total_questions_medium_interval.csv', 'total_questions_high_interval_file': 'total_questions_high_interval.csv', 'overall_accuracy_low_interval_file': 'overall_accuracy_low_interval.csv', 'overall_accuracy_medium_interval_file': 'overall_accuracy_medium_interval.csv', 'overall_accuracy_high_interval_file': 'overall_accuracy_high_interval.csv', 'accuracy_range_low_interval_file': 'accuracy_range_low_interval.csv', 'accuracy_range_medium_interval_file': 'accuracy_range_medium_interval.csv', 'accuracy_range_high_interval_file': 'accuracy_range_high_interval.csv', 'accuracy_variance_low_interval_file': 'accuracy_variance_low_interval.csv', 'accuracy_variance_medium_interval_file': 'accuracy_variance_medium_interval.csv', 'accuracy_variance_high_interval_file': 'accuracy_variance_high_interval.csv', 'questions_range_low_interval_file': 'questions_range_low_interval.csv', 'questions_range_medium_interval_file': 'questions_range_medium_interval.csv', 'questions_range_high_interval_file': 'questions_range_high_interval.csv', 'seq_len_10000_students_num_eval': 23, 'seq_len_20000_students_num_eval': 38, 'seq_len_30000_students_num_eval': 37, 'seq_len_18000_students_num_eval': 16, 'seq_len_22000_students_num_eval': 47}, 'poj': {'dpath': '../data/poj', 'num_q': 0, 'num_c': 2748, 'input_type': ['concepts'], 'max_concepts': 1, 'min_seq_len': 3, 'maxlen': 200, 'emb_path': '', 'train_valid_original_file': 'train_valid.csv', 'train_valid_file': 'train_valid_sequences.csv', 'folds': [0, 1, 2, 3, 4], 'test_original_file': 'test.csv', 'test_file': 'test_sequences.csv', 'test_window_file': 'test_window_sequences.csv', 'train_valid_original_file_quelevel': 'train_valid_quelevel.csv', 'train_valid_file_quelevel': 'train_valid_sequences_quelevel.csv', 'test_file_quelevel': 'test_sequences_quelevel.csv', 'test_window_file_quelevel': 'test_window_sequences_quelevel.csv', 'test_original_file_quelevel': 'test_quelevel.csv'}, 'peiyou': {'dpath': '../data/peiyou', 'num_q': 7652, 'num_c': 865, 'input_type': ['questions', 'concepts'], 'max_concepts': 6, 'min_seq_len': 3, 'maxlen': 200, 'emb_path': '', 'train_valid_file': 'train_valid_sequences.csv', 'folds': [0, 1, 2, 3, 4], 'students_num_eval': 0, 'train_valid_original_file': 'train_valid.csv', 'test_original_file': 'test.csv', 'test_file': 'test_sequences.csv', 'test_window_file': 'test_window_sequences.csv', 'test_question_file': 'test_question_sequences.csv', 'test_question_window_file': 'test_question_window_sequences.csv', 'train_valid_original_file_quelevel': 'train_valid_quelevel.csv', 'train_valid_file_quelevel': 'train_valid_sequences_quelevel.csv', 'test_file_quelevel': 'test_sequences_quelevel.csv', 'test_window_file_quelevel': 'test_window_sequences_quelevel.csv', 'test_original_file_quelevel': 'test_quelevel.csv', 'students_num_train': 14453, 'global_question_stats_file': 'global_question_stats.csv', 'global_concept_stats_file': 'global_concept_stats.csv', 'seq_len_500_students_num_eval': 0, 'seq_len_300_students_num_eval': 0, 'seq_len_400_students_num_eval': 0}, 'ednet5w': {'dpath': '../data/ednet5w', 'num_q': 12235, 'num_c': 188, 'input_type': ['questions', 'concepts'], 'max_concepts': 7, 'min_seq_len': 3, 'maxlen': 200, 'emb_path': '', 'train_valid_original_file': 'train_valid.csv', 'train_valid_file': 'train_valid_sequences.csv', 'folds': [0, 1, 2, 3, 4], 'test_original_file': 'test.csv', 'test_file': 'test_sequences.csv', 'test_window_file': 'test_window_sequences.csv', 'test_question_file': 'test_question_sequences.csv', 'test_question_window_file': 'test_question_window_sequences.csv', 'train_valid_original_file_quelevel': 'train_valid_quelevel.csv', 'train_valid_file_quelevel': 'train_valid_sequences_quelevel.csv', 'test_file_quelevel': 'test_sequences_quelevel.csv', 'test_window_file_quelevel': 'test_window_sequences_quelevel.csv', 'test_original_file_quelevel': 'test_quelevel.csv'}, 'pretrain': {'dpath': '../data/pretrain', 'num_q': 340614, 'num_c': 1838, 'input_type': ['questions', 'concepts'], 'max_concepts': 7, 'min_seq_len': 3, 'maxlen': 1024, 'emb_path': '', 'train_valid_original_file': 'train_valid.csv', 'train_valid_file': 'train_valid_sequences.csv', 'folds': [0, 1, 2, 3, 4], 'test_original_file': 'test.csv', 'test_file': 'test_sequences.csv', 'test_window_file': 'test_window_sequences.csv', 'test_question_file': 'test_question_sequences.csv', 'test_question_window_file': 'test_question_window_sequences.csv', 'train_valid_original_file_quelevel': 'train_valid_quelevel.csv', 'train_valid_file_quelevel': 'train_valid_sequences_quelevel_200.csv', 'test_file_quelevel': 'test_sequences_quelevel.csv', 'test_window_file_quelevel': 'test_window_sequences_quelevel.csv', 'test_original_file_quelevel': 'test_quelevel.csv'}, 'assist2009Anips_task34Abridge2algebra2006': {'dpath': '../data/assist2009Anips_task34Abridge2algebra2006', 'num_q': 147948, 'num_c': 673, 'input_type': ['concepts', 'questions'], 'max_concepts': 5, 'min_seq_len': 3, 'maxlen': 200, 'emb_path': '', 'train_valid_original_file': 'train_valid.csv', 'train_valid_file': 'train_valid_sequences.csv', 'folds': [0, 1, 2, 3, 4], 'test_original_file': 'test.csv', 'test_file': 'test_sequences.csv', 'test_window_file': 'test_window_sequences.csv', 'test_question_file': 'test_question_sequences.csv', 'test_question_window_file': 'test_question_window_sequences.csv', 'train_valid_original_file_quelevel': 'train_valid_quelevel.csv', 'train_valid_file_quelevel': 'train_valid_sequences_quelevel.csv', 'test_file_quelevel': 'test_sequences_quelevel.csv', 'test_window_file_quelevel': 'test_window_sequences_quelevel.csv', 'test_original_file_quelevel': 'test_quelevel.csv', 'students_num_eval': 770, 'global_question_stats_file': 'global_question_stats.csv', 'global_concept_stats_file': 'global_concept_stats.csv', 'total_questions_low_interval_file': 'total_questions_low_interval.csv', 'total_questions_medium_interval_file': 'total_questions_medium_interval.csv', 'total_questions_high_interval_file': 'total_questions_high_interval.csv', 'overall_accuracy_low_interval_file': 'overall_accuracy_low_interval.csv', 'overall_accuracy_medium_interval_file': 'overall_accuracy_medium_interval.csv', 'overall_accuracy_high_interval_file': 'overall_accuracy_high_interval.csv', 'accuracy_range_low_interval_file': 'accuracy_range_low_interval.csv', 'accuracy_range_medium_interval_file': 'accuracy_range_medium_interval.csv', 'accuracy_range_high_interval_file': 'accuracy_range_high_interval.csv', 'accuracy_variance_low_interval_file': 'accuracy_variance_low_interval.csv', 'accuracy_variance_medium_interval_file': 'accuracy_variance_medium_interval.csv', 'accuracy_variance_high_interval_file': 'accuracy_variance_high_interval.csv', 'questions_range_low_interval_file': 'questions_range_low_interval.csv', 'questions_range_medium_interval_file': 'questions_range_medium_interval.csv', 'questions_range_high_interval_file': 'questions_range_high_interval.csv', 'students_num_train': 7933}, 'peiyouAnips_task34Abridge2algebra2006': {'dpath': '../data/peiyouAnips_task34Abridge2algebra2006', 'num_q': 137863, 'num_c': 1415, 'input_type': ['questions', 'concepts'], 'max_concepts': 6, 'min_seq_len': 3, 'maxlen': 200, 'emb_path': '', 'train_valid_file': 'train_valid_sequences.csv', 'folds': [0, 1, 2, 3, 4], 'train_valid_original_file': 'train_valid.csv', 'test_original_file': 'test.csv', 'test_file': 'test_sequences.csv', 'test_window_file': 'test_window_sequences.csv', 'test_question_file': 'test_question_sequences.csv', 'test_question_window_file': 'test_question_window_sequences.csv', 'train_valid_original_file_quelevel': 'train_valid_quelevel.csv', 'train_valid_file_quelevel': 'train_valid_sequences_quelevel.csv', 'test_file_quelevel': 'test_sequences_quelevel.csv', 'test_window_file_quelevel': 'test_window_sequences_quelevel.csv', 'test_original_file_quelevel': 'test_quelevel.csv', 'students_num_eval': 983, 'global_question_stats_file': 'global_question_stats.csv', 'global_concept_stats_file': 'global_concept_stats.csv', 'student_summary_file': 'student_summary.csv', 'total_questions_low_interval_file': 'total_questions_low_interval.csv', 'total_questions_medium_interval_file': 'total_questions_medium_interval.csv', 'total_questions_high_interval_file': 'total_questions_high_interval.csv', 'overall_accuracy_low_interval_file': 'overall_accuracy_low_interval.csv', 'overall_accuracy_medium_interval_file': 'overall_accuracy_medium_interval.csv', 'overall_accuracy_high_interval_file': 'overall_accuracy_high_interval.csv', 'accuracy_range_low_interval_file': 'accuracy_range_low_interval.csv', 'accuracy_range_medium_interval_file': 'accuracy_range_medium_interval.csv', 'accuracy_range_high_interval_file': 'accuracy_range_high_interval.csv', 'accuracy_variance_low_interval_file': 'accuracy_variance_low_interval.csv', 'accuracy_variance_medium_interval_file': 'accuracy_variance_medium_interval.csv', 'accuracy_variance_high_interval_file': 'accuracy_variance_high_interval.csv', 'questions_range_low_interval_file': 'questions_range_low_interval.csv', 'questions_range_medium_interval_file': 'questions_range_medium_interval.csv', 'questions_range_high_interval_file': 'questions_range_high_interval.csv', 'students_num_train': 15181}} 0 64
2026-07-13 22:58:55 - main - said: init_dataset
Read data from processed file: /root/autodl-tmp/pykt-toolkit/data/assist2009/train_valid_sequences.csv_0.pkl
file path: /root/autodl-tmp/pykt-toolkit/data/assist2009/train_valid_sequences.csv, qlen: 741, clen: 741, rlen: 741, uidlen: 741
Read data from processed file: /root/autodl-tmp/pykt-toolkit/data/assist2009/train_valid_sequences.csv_1_2_3_4.pkl
file path: /root/autodl-tmp/pykt-toolkit/data/assist2009/train_valid_sequences.csv, qlen: 3016, clen: 3016, rlen: 3016, uidlen: 3016
params: {'dataset_name': 'assist2009', 'model_name': 'akt', 'emb_type': 'qid', 'save_dir': 'saved_model/akt_also_full_20260713_225853_42622/s1_pilr3e5_bs64', 'seed': 42, 'fold': 0, 'dropout': 0.2, 'd_model': 256, 'd_ff': 512, 'num_attn_heads': 8, 'n_blocks': 4, 'learning_rate': 0.0001, 'batch_size': 64, 'num_epochs': 100, 'use_wandb': 0, 'use_trained': 0, 'use_also': 1, 'also_grouping_mode': 'student_id', 'also_n_groups': None, 'also_mode': 'optimistic', 'also_alpha': 1.0, 'also_lr': None, 'also_weight_decay': None, 'also_pi_lr': 3e-05, 'also_pi_decay': 0.01, 'also_loss_scale': None, 'add_uuid': 0}, params_str: assist2009_akt_qid_saved_model/akt_also_full_20260713_225853_42622/s1_pilr3e5_bs64_42_0_0.2_256_512_8_4_0.0001_64_100_0_0_1_student_id_None_optimistic_1.0_None_None_3e-05_0.01_None_0
Start training model: akt, embtype: qid, save_dir: saved_model/akt_also_full_20260713_225853_42622/s1_pilr3e5_bs64/assist2009_akt_qid_saved_model/akt_also_full_20260713_225853_42622/s1_pilr3e5_bs64_42_0_0.2_256_512_8_4_0.0001_64_100_0_0_1_student_id_None_optimistic_1.0_None_None_3e-05_0.01_None_0, dataset_name: assist2009
model_config: {'dropout': 0.2, 'd_model': 256, 'd_ff': 512, 'num_attn_heads': 8, 'n_blocks': 4, 'learning_rate': 0.0001}
train_config: {'batch_size': 64, 'num_epochs': 100, 'optimizer': 'adam', 'seq_len': 200}
2026-07-13 22:58:55 - main - said: init_model
[PARAM_COUNT] model=akt emb_type=qid dataset=assist2009 trainable=6,074,795 total=6,074,795
2026-07-13 22:58:56 - main - said: train model
ALSO enabled with grouping_mode=student_id
ALSO student groups initialized from the training fold: n_groups=2465, sequences/student=[1, 7]
未找到预训练模型文件，将从头开始训练。
ALSO initialized with n_groups=2465 for grouping_mode=student_id
Epoch: 1, validauc: 0.7497, validacc: 0.7306, best epoch: 1, best auc: 0.7497, train loss: 18.728921272979154, emb_type: qid, model: akt, save_dir: saved_model/akt_also_full_20260713_225853_42622/s1_pilr3e5_bs64/assist2009_akt_qid_saved_model/akt_also_full_20260713_225853_42622/s1_pilr3e5_bs64_42_0_0.2_256_512_8_4_0.0001_64_100_0_0_1_student_id_None_optimistic_1.0_None_None_3e-05_0.01_None_0
            testauc: -1, testacc: -1, window_testauc: -1, window_testacc: -1

Total Epoch Time: 122.23s | Train Phase: 101.33s | Valid Phase: 20.79s
Avg Batch Time: 2.1111s
------------------------------
Epoch: 2, validauc: 0.7684, validacc: 0.7442, best epoch: 2, best auc: 0.7684, train loss: 17.567589362453848, emb_type: qid, model: akt, save_dir: saved_model/akt_also_full_20260713_225853_42622/s1_pilr3e5_bs64/assist2009_akt_qid_saved_model/akt_also_full_20260713_225853_42622/s1_pilr3e5_bs64_42_0_0.2_256_512_8_4_0.0001_64_100_0_0_1_student_id_None_optimistic_1.0_None_None_3e-05_0.01_None_0
            testauc: -1, testacc: -1, window_testauc: -1, window_testacc: -1

Total Epoch Time: 126.00s | Train Phase: 111.39s | Valid Phase: 14.19s
Avg Batch Time: 2.3205s
------------------------------
Epoch: 3, validauc: 0.7805, validacc: 0.751, best epoch: 3, best auc: 0.7805, train loss: 17.11655980003499, emb_type: qid, model: akt, save_dir: saved_model/akt_also_full_20260713_225853_42622/s1_pilr3e5_bs64/assist2009_akt_qid_saved_model/akt_also_full_20260713_225853_42622/s1_pilr3e5_bs64_42_0_0.2_256_512_8_4_0.0001_64_100_0_0_1_student_id_None_optimistic_1.0_None_None_3e-05_0.01_None_0
            testauc: -1, testacc: -1, window_testauc: -1, window_testacc: -1

Total Epoch Time: 97.34s | Train Phase: 85.69s | Valid Phase: 11.50s
Avg Batch Time: 1.7851s
------------------------------
Epoch: 4, validauc: 0.7885, validacc: 0.7554, best epoch: 4, best auc: 0.7885, train loss: 16.83513378793455, emb_type: qid, model: akt, save_dir: saved_model/akt_also_full_20260713_225853_42622/s1_pilr3e5_bs64/assist2009_akt_qid_saved_model/akt_also_full_20260713_225853_42622/s1_pilr3e5_bs64_42_0_0.2_256_512_8_4_0.0001_64_100_0_0_1_student_id_None_optimistic_1.0_None_None_3e-05_0.01_None_0
            testauc: -1, testacc: -1, window_testauc: -1, window_testacc: -1

Total Epoch Time: 107.16s | Train Phase: 96.58s | Valid Phase: 10.39s
Avg Batch Time: 2.0121s
------------------------------
Epoch: 5, validauc: 0.7929, validacc: 0.7586, best epoch: 5, best auc: 0.7929, train loss: 16.63916250352845, emb_type: qid, model: akt, save_dir: saved_model/akt_also_full_20260713_225853_42622/s1_pilr3e5_bs64/assist2009_akt_qid_saved_model/akt_also_full_20260713_225853_42622/s1_pilr3e5_bs64_42_0_0.2_256_512_8_4_0.0001_64_100_0_0_1_student_id_None_optimistic_1.0_None_None_3e-05_0.01_None_0
            testauc: -1, testacc: -1, window_testauc: -1, window_testacc: -1

Total Epoch Time: 110.32s | Train Phase: 97.99s | Valid Phase: 12.01s
Avg Batch Time: 2.0414s
------------------------------
Epoch: 6, validauc: 0.7961, validacc: 0.7607, best epoch: 6, best auc: 0.7961, train loss: 16.468219889630788, emb_type: qid, model: akt, save_dir: saved_model/akt_also_full_20260713_225853_42622/s1_pilr3e5_bs64/assist2009_akt_qid_saved_model/akt_also_full_20260713_225853_42622/s1_pilr3e5_bs64_42_0_0.2_256_512_8_4_0.0001_64_100_0_0_1_student_id_None_optimistic_1.0_None_None_3e-05_0.01_None_0
            testauc: -1, testacc: -1, window_testauc: -1, window_testacc: -1

Total Epoch Time: 105.98s | Train Phase: 95.96s | Valid Phase: 9.62s
Avg Batch Time: 1.9991s
------------------------------
Epoch: 7, validauc: 0.7995, validacc: 0.7632, best epoch: 7, best auc: 0.7995, train loss: 16.3623792794786, emb_type: qid, model: akt, save_dir: saved_model/akt_also_full_20260713_225853_42622/s1_pilr3e5_bs64/assist2009_akt_qid_saved_model/akt_also_full_20260713_225853_42622/s1_pilr3e5_bs64_42_0_0.2_256_512_8_4_0.0001_64_100_0_0_1_student_id_None_optimistic_1.0_None_None_3e-05_0.01_None_0
            testauc: -1, testacc: -1, window_testauc: -1, window_testacc: -1

Total Epoch Time: 125.49s | Train Phase: 109.63s | Valid Phase: 15.70s
Avg Batch Time: 2.2839s
------------------------------
Epoch: 8, validauc: 0.8012, validacc: 0.7644, best epoch: 8, best auc: 0.8012, train loss: 16.233722608080868, emb_type: qid, model: akt, save_dir: saved_model/akt_also_full_20260713_225853_42622/s1_pilr3e5_bs64/assist2009_akt_qid_saved_model/akt_also_full_20260713_225853_42622/s1_pilr3e5_bs64_42_0_0.2_256_512_8_4_0.0001_64_100_0_0_1_student_id_None_optimistic_1.0_None_None_3e-05_0.01_None_0
            testauc: -1, testacc: -1, window_testauc: -1, window_testacc: -1

Total Epoch Time: 133.41s | Train Phase: 121.62s | Valid Phase: 11.49s
Avg Batch Time: 2.5338s
------------------------------
Epoch: 9, validauc: 0.8024, validacc: 0.7645, best epoch: 9, best auc: 0.8024, train loss: 16.160007488106835, emb_type: qid, model: akt, save_dir: saved_model/akt_also_full_20260713_225853_42622/s1_pilr3e5_bs64/assist2009_akt_qid_saved_model/akt_also_full_20260713_225853_42622/s1_pilr3e5_bs64_42_0_0.2_256_512_8_4_0.0001_64_100_0_0_1_student_id_None_optimistic_1.0_None_None_3e-05_0.01_None_0
            testauc: -1, testacc: -1, window_testauc: -1, window_testacc: -1

Total Epoch Time: 142.79s | Train Phase: 125.69s | Valid Phase: 16.90s
Avg Batch Time: 2.6186s
------------------------------
Epoch: 10, validauc: 0.8049, validacc: 0.7661, best epoch: 10, best auc: 0.8049, train loss: 16.061871098749695, emb_type: qid, model: akt, save_dir: saved_model/akt_also_full_20260713_225853_42622/s1_pilr3e5_bs64/assist2009_akt_qid_saved_model/akt_also_full_20260713_225853_42622/s1_pilr3e5_bs64_42_0_0.2_256_512_8_4_0.0001_64_100_0_0_1_student_id_None_optimistic_1.0_None_None_3e-05_0.01_None_0
            testauc: -1, testacc: -1, window_testauc: -1, window_testacc: -1

Total Epoch Time: 113.91s | Train Phase: 101.89s | Valid Phase: 11.81s
Avg Batch Time: 2.1228s
------------------------------
Epoch: 11, validauc: 0.8062, validacc: 0.7667, best epoch: 11, best auc: 0.8062, train loss: 16.02026140944412, emb_type: qid, model: akt, save_dir: saved_model/akt_also_full_20260713_225853_42622/s1_pilr3e5_bs64/assist2009_akt_qid_saved_model/akt_also_full_20260713_225853_42622/s1_pilr3e5_bs64_42_0_0.2_256_512_8_4_0.0001_64_100_0_0_1_student_id_None_optimistic_1.0_None_None_3e-05_0.01_None_0
            testauc: -1, testacc: -1, window_testauc: -1, window_testacc: -1

Total Epoch Time: 109.91s | Train Phase: 98.62s | Valid Phase: 10.97s
Avg Batch Time: 2.0545s
------------------------------
Epoch: 12, validauc: 0.8062, validacc: 0.7667, best epoch: 11, best auc: 0.8062, train loss: 15.972893233511273, emb_type: qid, model: akt, save_dir: saved_model/akt_also_full_20260713_225853_42622/s1_pilr3e5_bs64/assist2009_akt_qid_saved_model/akt_also_full_20260713_225853_42622/s1_pilr3e5_bs64_42_0_0.2_256_512_8_4_0.0001_64_100_0_0_1_student_id_None_optimistic_1.0_None_None_3e-05_0.01_None_0
            testauc: -1, testacc: -1, window_testauc: -1, window_testacc: -1

Total Epoch Time: 109.39s | Train Phase: 97.67s | Valid Phase: 11.72s
Avg Batch Time: 2.0348s
------------------------------
Epoch: 13, validauc: 0.8074, validacc: 0.7673, best epoch: 13, best auc: 0.8074, train loss: 15.924980762560027, emb_type: qid, model: akt, save_dir: saved_model/akt_also_full_20260713_225853_42622/s1_pilr3e5_bs64/assist2009_akt_qid_saved_model/akt_also_full_20260713_225853_42622/s1_pilr3e5_bs64_42_0_0.2_256_512_8_4_0.0001_64_100_0_0_1_student_id_None_optimistic_1.0_None_None_3e-05_0.01_None_0
            testauc: -1, testacc: -1, window_testauc: -1, window_testacc: -1

Total Epoch Time: 112.29s | Train Phase: 99.77s | Valid Phase: 12.32s
Avg Batch Time: 2.0786s
------------------------------
Epoch: 14, validauc: 0.8074, validacc: 0.7673, best epoch: 13, best auc: 0.8074, train loss: 15.865409344239547, emb_type: qid, model: akt, save_dir: saved_model/akt_also_full_20260713_225853_42622/s1_pilr3e5_bs64/assist2009_akt_qid_saved_model/akt_also_full_20260713_225853_42622/s1_pilr3e5_bs64_42_0_0.2_256_512_8_4_0.0001_64_100_0_0_1_student_id_None_optimistic_1.0_None_None_3e-05_0.01_None_0
            testauc: -1, testacc: -1, window_testauc: -1, window_testacc: -1

Total Epoch Time: 108.30s | Train Phase: 95.55s | Valid Phase: 12.75s
Avg Batch Time: 1.9906s
------------------------------
Epoch: 15, validauc: 0.8074, validacc: 0.7673, best epoch: 13, best auc: 0.8074, train loss: 15.835818253544739, emb_type: qid, model: akt, save_dir: saved_model/akt_also_full_20260713_225853_42622/s1_pilr3e5_bs64/assist2009_akt_qid_saved_model/akt_also_full_20260713_225853_42622/s1_pilr3e5_bs64_42_0_0.2_256_512_8_4_0.0001_64_100_0_0_1_student_id_None_optimistic_1.0_None_None_3e-05_0.01_None_0
            testauc: -1, testacc: -1, window_testauc: -1, window_testacc: -1

Total Epoch Time: 109.62s | Train Phase: 98.13s | Valid Phase: 11.49s
Avg Batch Time: 2.0444s
------------------------------
Epoch: 16, validauc: 0.8088, validacc: 0.7675, best epoch: 16, best auc: 0.8088, train loss: 15.822132014089535, emb_type: qid, model: akt, save_dir: saved_model/akt_also_full_20260713_225853_42622/s1_pilr3e5_bs64/assist2009_akt_qid_saved_model/akt_also_full_20260713_225853_42622/s1_pilr3e5_bs64_42_0_0.2_256_512_8_4_0.0001_64_100_0_0_1_student_id_None_optimistic_1.0_None_None_3e-05_0.01_None_0
            testauc: -1, testacc: -1, window_testauc: -1, window_testacc: -1

Total Epoch Time: 112.55s | Train Phase: 100.77s | Valid Phase: 11.72s
Avg Batch Time: 2.0994s
------------------------------
Epoch: 17, validauc: 0.8088, validacc: 0.7675, best epoch: 16, best auc: 0.8088, train loss: 15.776356470090482, emb_type: qid, model: akt, save_dir: saved_model/akt_also_full_20260713_225853_42622/s1_pilr3e5_bs64/assist2009_akt_qid_saved_model/akt_also_full_20260713_225853_42622/s1_pilr3e5_bs64_42_0_0.2_256_512_8_4_0.0001_64_100_0_0_1_student_id_None_optimistic_1.0_None_None_3e-05_0.01_None_0
            testauc: -1, testacc: -1, window_testauc: -1, window_testacc: -1

Total Epoch Time: 111.45s | Train Phase: 99.55s | Valid Phase: 11.90s
Avg Batch Time: 2.0739s
------------------------------
Epoch: 18, validauc: 0.8088, validacc: 0.7675, best epoch: 16, best auc: 0.8088, train loss: 15.734249245131565, emb_type: qid, model: akt, save_dir: saved_model/akt_also_full_20260713_225853_42622/s1_pilr3e5_bs64/assist2009_akt_qid_saved_model/akt_also_full_20260713_225853_42622/s1_pilr3e5_bs64_42_0_0.2_256_512_8_4_0.0001_64_100_0_0_1_student_id_None_optimistic_1.0_None_None_3e-05_0.01_None_0
            testauc: -1, testacc: -1, window_testauc: -1, window_testacc: -1

Total Epoch Time: 105.11s | Train Phase: 92.59s | Valid Phase: 12.52s
Avg Batch Time: 1.9289s
------------------------------
Epoch: 19, validauc: 0.8088, validacc: 0.7675, best epoch: 16, best auc: 0.8088, train loss: 15.731086079842763, emb_type: qid, model: akt, save_dir: saved_model/akt_also_full_20260713_225853_42622/s1_pilr3e5_bs64/assist2009_akt_qid_saved_model/akt_also_full_20260713_225853_42622/s1_pilr3e5_bs64_42_0_0.2_256_512_8_4_0.0001_64_100_0_0_1_student_id_None_optimistic_1.0_None_None_3e-05_0.01_None_0
            testauc: -1, testacc: -1, window_testauc: -1, window_testacc: -1

Total Epoch Time: 109.98s | Train Phase: 94.91s | Valid Phase: 15.07s
Avg Batch Time: 1.9773s
------------------------------
Epoch: 20, validauc: 0.8103, validacc: 0.7684, best epoch: 20, best auc: 0.8103, train loss: 15.72250320457829, emb_type: qid, model: akt, save_dir: saved_model/akt_also_full_20260713_225853_42622/s1_pilr3e5_bs64/assist2009_akt_qid_saved_model/akt_also_full_20260713_225853_42622/s1_pilr3e5_bs64_42_0_0.2_256_512_8_4_0.0001_64_100_0_0_1_student_id_None_optimistic_1.0_None_None_3e-05_0.01_None_0
            testauc: -1, testacc: -1, window_testauc: -1, window_testacc: -1

Total Epoch Time: 115.71s | Train Phase: 92.42s | Valid Phase: 23.09s
Avg Batch Time: 1.9254s
------------------------------
Epoch: 21, validauc: 0.8103, validacc: 0.7684, best epoch: 20, best auc: 0.8103, train loss: 15.646407485216367, emb_type: qid, model: akt, save_dir: saved_model/akt_also_full_20260713_225853_42622/s1_pilr3e5_bs64/assist2009_akt_qid_saved_model/akt_also_full_20260713_225853_42622/s1_pilr3e5_bs64_42_0_0.2_256_512_8_4_0.0001_64_100_0_0_1_student_id_None_optimistic_1.0_None_None_3e-05_0.01_None_0
            testauc: -1, testacc: -1, window_testauc: -1, window_testacc: -1

Total Epoch Time: 105.20s | Train Phase: 92.34s | Valid Phase: 12.86s
Avg Batch Time: 1.9237s
------------------------------
Epoch: 22, validauc: 0.8103, validacc: 0.7684, best epoch: 20, best auc: 0.8103, train loss: 15.616437353332865, emb_type: qid, model: akt, save_dir: saved_model/akt_also_full_20260713_225853_42622/s1_pilr3e5_bs64/assist2009_akt_qid_saved_model/akt_also_full_20260713_225853_42622/s1_pilr3e5_bs64_42_0_0.2_256_512_8_4_0.0001_64_100_0_0_1_student_id_None_optimistic_1.0_None_None_3e-05_0.01_None_0
            testauc: -1, testacc: -1, window_testauc: -1, window_testacc: -1

Total Epoch Time: 104.20s | Train Phase: 92.11s | Valid Phase: 12.09s
Avg Batch Time: 1.9189s
------------------------------
Epoch: 23, validauc: 0.8103, validacc: 0.7684, best epoch: 20, best auc: 0.8103, train loss: 15.604761500306545, emb_type: qid, model: akt, save_dir: saved_model/akt_also_full_20260713_225853_42622/s1_pilr3e5_bs64/assist2009_akt_qid_saved_model/akt_also_full_20260713_225853_42622/s1_pilr3e5_bs64_42_0_0.2_256_512_8_4_0.0001_64_100_0_0_1_student_id_None_optimistic_1.0_None_None_3e-05_0.01_None_0
            testauc: -1, testacc: -1, window_testauc: -1, window_testacc: -1

Total Epoch Time: 110.09s | Train Phase: 97.52s | Valid Phase: 12.58s
Avg Batch Time: 2.0316s
------------------------------
Epoch: 24, validauc: 0.8114, validacc: 0.7689, best epoch: 24, best auc: 0.8114, train loss: 15.560163871982224, emb_type: qid, model: akt, save_dir: saved_model/akt_also_full_20260713_225853_42622/s1_pilr3e5_bs64/assist2009_akt_qid_saved_model/akt_also_full_20260713_225853_42622/s1_pilr3e5_bs64_42_0_0.2_256_512_8_4_0.0001_64_100_0_0_1_student_id_None_optimistic_1.0_None_None_3e-05_0.01_None_0
            testauc: -1, testacc: -1, window_testauc: -1, window_testacc: -1

Total Epoch Time: 108.01s | Train Phase: 96.76s | Valid Phase: 10.94s
Avg Batch Time: 2.0159s
------------------------------
Epoch: 25, validauc: 0.8114, validacc: 0.7689, best epoch: 24, best auc: 0.8114, train loss: 15.532626106402601, emb_type: qid, model: akt, save_dir: saved_model/akt_also_full_20260713_225853_42622/s1_pilr3e5_bs64/assist2009_akt_qid_saved_model/akt_also_full_20260713_225853_42622/s1_pilr3e5_bs64_42_0_0.2_256_512_8_4_0.0001_64_100_0_0_1_student_id_None_optimistic_1.0_None_None_3e-05_0.01_None_0
            testauc: -1, testacc: -1, window_testauc: -1, window_testacc: -1

Total Epoch Time: 104.78s | Train Phase: 93.41s | Valid Phase: 11.37s
Avg Batch Time: 1.9460s
------------------------------
Epoch: 26, validauc: 0.8126, validacc: 0.7689, best epoch: 26, best auc: 0.8126, train loss: 15.48171373828898, emb_type: qid, model: akt, save_dir: saved_model/akt_also_full_20260713_225853_42622/s1_pilr3e5_bs64/assist2009_akt_qid_saved_model/akt_also_full_20260713_225853_42622/s1_pilr3e5_bs64_42_0_0.2_256_512_8_4_0.0001_64_100_0_0_1_student_id_None_optimistic_1.0_None_None_3e-05_0.01_None_0
            testauc: -1, testacc: -1, window_testauc: -1, window_testacc: -1

Total Epoch Time: 107.83s | Train Phase: 94.79s | Valid Phase: 12.73s
Avg Batch Time: 1.9748s
------------------------------
Epoch: 27, validauc: 0.8126, validacc: 0.7689, best epoch: 26, best auc: 0.8126, train loss: 15.450278316531893, emb_type: qid, model: akt, save_dir: saved_model/akt_also_full_20260713_225853_42622/s1_pilr3e5_bs64/assist2009_akt_qid_saved_model/akt_also_full_20260713_225853_42622/s1_pilr3e5_bs64_42_0_0.2_256_512_8_4_0.0001_64_100_0_0_1_student_id_None_optimistic_1.0_None_None_3e-05_0.01_None_0
            testauc: -1, testacc: -1, window_testauc: -1, window_testacc: -1

Total Epoch Time: 106.50s | Train Phase: 93.27s | Valid Phase: 13.23s
Avg Batch Time: 1.9431s
------------------------------
Epoch: 28, validauc: 0.8126, validacc: 0.7689, best epoch: 26, best auc: 0.8126, train loss: 15.396902942767762, emb_type: qid, model: akt, save_dir: saved_model/akt_also_full_20260713_225853_42622/s1_pilr3e5_bs64/assist2009_akt_qid_saved_model/akt_also_full_20260713_225853_42622/s1_pilr3e5_bs64_42_0_0.2_256_512_8_4_0.0001_64_100_0_0_1_student_id_None_optimistic_1.0_None_None_3e-05_0.01_None_0
            testauc: -1, testacc: -1, window_testauc: -1, window_testacc: -1

Total Epoch Time: 112.72s | Train Phase: 99.04s | Valid Phase: 13.68s
Avg Batch Time: 2.0633s
------------------------------
Epoch: 29, validauc: 0.8147, validacc: 0.7702, best epoch: 29, best auc: 0.8147, train loss: 15.304177310962572, emb_type: qid, model: akt, save_dir: saved_model/akt_also_full_20260713_225853_42622/s1_pilr3e5_bs64/assist2009_akt_qid_saved_model/akt_also_full_20260713_225853_42622/s1_pilr3e5_bs64_42_0_0.2_256_512_8_4_0.0001_64_100_0_0_1_student_id_None_optimistic_1.0_None_None_3e-05_0.01_None_0
            testauc: -1, testacc: -1, window_testauc: -1, window_testacc: -1

Total Epoch Time: 105.98s | Train Phase: 94.15s | Valid Phase: 11.61s
Avg Batch Time: 1.9615s
------------------------------
Epoch: 30, validauc: 0.8147, validacc: 0.7702, best epoch: 29, best auc: 0.8147, train loss: 15.308030531234024, emb_type: qid, model: akt, save_dir: saved_model/akt_also_full_20260713_225853_42622/s1_pilr3e5_bs64/assist2009_akt_qid_saved_model/akt_also_full_20260713_225853_42622/s1_pilr3e5_bs64_42_0_0.2_256_512_8_4_0.0001_64_100_0_0_1_student_id_None_optimistic_1.0_None_None_3e-05_0.01_None_0
            testauc: -1, testacc: -1, window_testauc: -1, window_testacc: -1

Total Epoch Time: 112.89s | Train Phase: 101.09s | Valid Phase: 11.80s
Avg Batch Time: 2.1060s
------------------------------
Epoch: 31, validauc: 0.8147, validacc: 0.7702, best epoch: 29, best auc: 0.8147, train loss: 15.274527578850908, emb_type: qid, model: akt, save_dir: saved_model/akt_also_full_20260713_225853_42622/s1_pilr3e5_bs64/assist2009_akt_qid_saved_model/akt_also_full_20260713_225853_42622/s1_pilr3e5_bs64_42_0_0.2_256_512_8_4_0.0001_64_100_0_0_1_student_id_None_optimistic_1.0_None_None_3e-05_0.01_None_0
            testauc: -1, testacc: -1, window_testauc: -1, window_testacc: -1

Total Epoch Time: 108.91s | Train Phase: 95.69s | Valid Phase: 13.21s
Avg Batch Time: 1.9936s
------------------------------
Epoch: 32, validauc: 0.8147, validacc: 0.7702, best epoch: 29, best auc: 0.8147, train loss: 15.150463711647566, emb_type: qid, model: akt, save_dir: saved_model/akt_also_full_20260713_225853_42622/s1_pilr3e5_bs64/assist2009_akt_qid_saved_model/akt_also_full_20260713_225853_42622/s1_pilr3e5_bs64_42_0_0.2_256_512_8_4_0.0001_64_100_0_0_1_student_id_None_optimistic_1.0_None_None_3e-05_0.01_None_0
            testauc: -1, testacc: -1, window_testauc: -1, window_testacc: -1

Total Epoch Time: 105.07s | Train Phase: 94.04s | Valid Phase: 11.03s
Avg Batch Time: 1.9592s
------------------------------
Epoch: 33, validauc: 0.8161, validacc: 0.7702, best epoch: 33, best auc: 0.8161, train loss: 15.147912720633348, emb_type: qid, model: akt, save_dir: saved_model/akt_also_full_20260713_225853_42622/s1_pilr3e5_bs64/assist2009_akt_qid_saved_model/akt_also_full_20260713_225853_42622/s1_pilr3e5_bs64_42_0_0.2_256_512_8_4_0.0001_64_100_0_0_1_student_id_None_optimistic_1.0_None_None_3e-05_0.01_None_0
            testauc: -1, testacc: -1, window_testauc: -1, window_testacc: -1

Total Epoch Time: 108.13s | Train Phase: 96.44s | Valid Phase: 11.38s
Avg Batch Time: 2.0091s
------------------------------
Epoch: 34, validauc: 0.8161, validacc: 0.7702, best epoch: 33, best auc: 0.8161, train loss: 15.072994999838132, emb_type: qid, model: akt, save_dir: saved_model/akt_also_full_20260713_225853_42622/s1_pilr3e5_bs64/assist2009_akt_qid_saved_model/akt_also_full_20260713_225853_42622/s1_pilr3e5_bs64_42_0_0.2_256_512_8_4_0.0001_64_100_0_0_1_student_id_None_optimistic_1.0_None_None_3e-05_0.01_None_0
            testauc: -1, testacc: -1, window_testauc: -1, window_testacc: -1

Total Epoch Time: 108.49s | Train Phase: 94.61s | Valid Phase: 13.88s
Avg Batch Time: 1.9710s
------------------------------
Epoch: 35, validauc: 0.8161, validacc: 0.7702, best epoch: 33, best auc: 0.8161, train loss: 15.016788125897342, emb_type: qid, model: akt, save_dir: saved_model/akt_also_full_20260713_225853_42622/s1_pilr3e5_bs64/assist2009_akt_qid_saved_model/akt_also_full_20260713_225853_42622/s1_pilr3e5_bs64_42_0_0.2_256_512_8_4_0.0001_64_100_0_0_1_student_id_None_optimistic_1.0_None_None_3e-05_0.01_None_0
            testauc: -1, testacc: -1, window_testauc: -1, window_testacc: -1

Total Epoch Time: 108.50s | Train Phase: 97.35s | Valid Phase: 11.15s
Avg Batch Time: 2.0281s
------------------------------
Epoch: 36, validauc: 0.8161, validacc: 0.7702, best epoch: 33, best auc: 0.8161, train loss: 14.952132342114487, emb_type: qid, model: akt, save_dir: saved_model/akt_also_full_20260713_225853_42622/s1_pilr3e5_bs64/assist2009_akt_qid_saved_model/akt_also_full_20260713_225853_42622/s1_pilr3e5_bs64_42_0_0.2_256_512_8_4_0.0001_64_100_0_0_1_student_id_None_optimistic_1.0_None_None_3e-05_0.01_None_0
            testauc: -1, testacc: -1, window_testauc: -1, window_testacc: -1

Total Epoch Time: 105.38s | Train Phase: 95.48s | Valid Phase: 9.91s
Avg Batch Time: 1.9891s
------------------------------
Epoch: 37, validauc: 0.8172, validacc: 0.7693, best epoch: 37, best auc: 0.8172, train loss: 14.90970088560662, emb_type: qid, model: akt, save_dir: saved_model/akt_also_full_20260713_225853_42622/s1_pilr3e5_bs64/assist2009_akt_qid_saved_model/akt_also_full_20260713_225853_42622/s1_pilr3e5_bs64_42_0_0.2_256_512_8_4_0.0001_64_100_0_0_1_student_id_None_optimistic_1.0_None_None_3e-05_0.01_None_0
            testauc: -1, testacc: -1, window_testauc: -1, window_testacc: -1

Total Epoch Time: 111.42s | Train Phase: 98.95s | Valid Phase: 12.16s
Avg Batch Time: 2.0615s
------------------------------
Epoch: 38, validauc: 0.8172, validacc: 0.7693, best epoch: 37, best auc: 0.8172, train loss: 14.831464068149904, emb_type: qid, model: akt, save_dir: saved_model/akt_also_full_20260713_225853_42622/s1_pilr3e5_bs64/assist2009_akt_qid_saved_model/akt_also_full_20260713_225853_42622/s1_pilr3e5_bs64_42_0_0.2_256_512_8_4_0.0001_64_100_0_0_1_student_id_None_optimistic_1.0_None_None_3e-05_0.01_None_0
            testauc: -1, testacc: -1, window_testauc: -1, window_testacc: -1

Total Epoch Time: 102.59s | Train Phase: 89.69s | Valid Phase: 12.90s
Avg Batch Time: 1.8684s
------------------------------
Epoch: 39, validauc: 0.8172, validacc: 0.7693, best epoch: 37, best auc: 0.8172, train loss: 14.771564368373356, emb_type: qid, model: akt, save_dir: saved_model/akt_also_full_20260713_225853_42622/s1_pilr3e5_bs64/assist2009_akt_qid_saved_model/akt_also_full_20260713_225853_42622/s1_pilr3e5_bs64_42_0_0.2_256_512_8_4_0.0001_64_100_0_0_1_student_id_None_optimistic_1.0_None_None_3e-05_0.01_None_0
            testauc: -1, testacc: -1, window_testauc: -1, window_testacc: -1

Total Epoch Time: 110.93s | Train Phase: 90.92s | Valid Phase: 20.01s
Avg Batch Time: 1.8942s
------------------------------
Epoch: 40, validauc: 0.8183, validacc: 0.7697, best epoch: 40, best auc: 0.8183, train loss: 14.733104825524336, emb_type: qid, model: akt, save_dir: saved_model/akt_also_full_20260713_225853_42622/s1_pilr3e5_bs64/assist2009_akt_qid_saved_model/akt_also_full_20260713_225853_42622/s1_pilr3e5_bs64_42_0_0.2_256_512_8_4_0.0001_64_100_0_0_1_student_id_None_optimistic_1.0_None_None_3e-05_0.01_None_0
            testauc: -1, testacc: -1, window_testauc: -1, window_testacc: -1

Total Epoch Time: 111.01s | Train Phase: 95.58s | Valid Phase: 15.09s
Avg Batch Time: 1.9912s
------------------------------
Epoch: 41, validauc: 0.8183, validacc: 0.7697, best epoch: 40, best auc: 0.8183, train loss: 14.67011793787068, emb_type: qid, model: akt, save_dir: saved_model/akt_also_full_20260713_225853_42622/s1_pilr3e5_bs64/assist2009_akt_qid_saved_model/akt_also_full_20260713_225853_42622/s1_pilr3e5_bs64_42_0_0.2_256_512_8_4_0.0001_64_100_0_0_1_student_id_None_optimistic_1.0_None_None_3e-05_0.01_None_0
            testauc: -1, testacc: -1, window_testauc: -1, window_testacc: -1

Total Epoch Time: 109.66s | Train Phase: 96.86s | Valid Phase: 12.80s
Avg Batch Time: 2.0178s
------------------------------
Epoch: 42, validauc: 0.8183, validacc: 0.7697, best epoch: 40, best auc: 0.8183, train loss: 14.567710305720967, emb_type: qid, model: akt, save_dir: saved_model/akt_also_full_20260713_225853_42622/s1_pilr3e5_bs64/assist2009_akt_qid_saved_model/akt_also_full_20260713_225853_42622/s1_pilr3e5_bs64_42_0_0.2_256_512_8_4_0.0001_64_100_0_0_1_student_id_None_optimistic_1.0_None_None_3e-05_0.01_None_0
            testauc: -1, testacc: -1, window_testauc: -1, window_testacc: -1

Total Epoch Time: 109.22s | Train Phase: 97.64s | Valid Phase: 11.58s
Avg Batch Time: 2.0341s
------------------------------
Epoch: 43, validauc: 0.8183, validacc: 0.7697, best epoch: 40, best auc: 0.8183, train loss: 14.471283101859532, emb_type: qid, model: akt, save_dir: saved_model/akt_also_full_20260713_225853_42622/s1_pilr3e5_bs64/assist2009_akt_qid_saved_model/akt_also_full_20260713_225853_42622/s1_pilr3e5_bs64_42_0_0.2_256_512_8_4_0.0001_64_100_0_0_1_student_id_None_optimistic_1.0_None_None_3e-05_0.01_None_0
            testauc: -1, testacc: -1, window_testauc: -1, window_testacc: -1

Total Epoch Time: 107.18s | Train Phase: 95.38s | Valid Phase: 11.80s
Avg Batch Time: 1.9871s
------------------------------
Epoch: 44, validauc: 0.8183, validacc: 0.7697, best epoch: 40, best auc: 0.8183, train loss: 14.448184436725606, emb_type: qid, model: akt, save_dir: saved_model/akt_also_full_20260713_225853_42622/s1_pilr3e5_bs64/assist2009_akt_qid_saved_model/akt_also_full_20260713_225853_42622/s1_pilr3e5_bs64_42_0_0.2_256_512_8_4_0.0001_64_100_0_0_1_student_id_None_optimistic_1.0_None_None_3e-05_0.01_None_0
            testauc: -1, testacc: -1, window_testauc: -1, window_testacc: -1

Total Epoch Time: 104.02s | Train Phase: 94.41s | Valid Phase: 9.61s
Avg Batch Time: 1.9669s
------------------------------
Epoch: 45, validauc: 0.8183, validacc: 0.7697, best epoch: 40, best auc: 0.8183, train loss: 14.335413735741424, emb_type: qid, model: akt, save_dir: saved_model/akt_also_full_20260713_225853_42622/s1_pilr3e5_bs64/assist2009_akt_qid_saved_model/akt_also_full_20260713_225853_42622/s1_pilr3e5_bs64_42_0_0.2_256_512_8_4_0.0001_64_100_0_0_1_student_id_None_optimistic_1.0_None_None_3e-05_0.01_None_0
            testauc: -1, testacc: -1, window_testauc: -1, window_testacc: -1

Total Epoch Time: 100.50s | Train Phase: 89.69s | Valid Phase: 10.81s
Avg Batch Time: 1.8686s
------------------------------
Epoch: 46, validauc: 0.8183, validacc: 0.7697, best epoch: 40, best auc: 0.8183, train loss: 14.257167298382997, emb_type: qid, model: akt, save_dir: saved_model/akt_also_full_20260713_225853_42622/s1_pilr3e5_bs64/assist2009_akt_qid_saved_model/akt_also_full_20260713_225853_42622/s1_pilr3e5_bs64_42_0_0.2_256_512_8_4_0.0001_64_100_0_0_1_student_id_None_optimistic_1.0_None_None_3e-05_0.01_None_0
            testauc: -1, testacc: -1, window_testauc: -1, window_testacc: -1

Total Epoch Time: 76.80s | Train Phase: 73.82s | Valid Phase: 2.97s
Avg Batch Time: 1.5380s
------------------------------
Epoch: 47, validauc: 0.8183, validacc: 0.7697, best epoch: 40, best auc: 0.8183, train loss: 14.112337154967008, emb_type: qid, model: akt, save_dir: saved_model/akt_also_full_20260713_225853_42622/s1_pilr3e5_bs64/assist2009_akt_qid_saved_model/akt_also_full_20260713_225853_42622/s1_pilr3e5_bs64_42_0_0.2_256_512_8_4_0.0001_64_100_0_0_1_student_id_None_optimistic_1.0_None_None_3e-05_0.01_None_0
            testauc: -1, testacc: -1, window_testauc: -1, window_testacc: -1

Total Epoch Time: 50.50s | Train Phase: 44.01s | Valid Phase: 6.49s
Avg Batch Time: 0.9168s
------------------------------
Epoch: 48, validauc: 0.8183, validacc: 0.7697, best epoch: 40, best auc: 0.8183, train loss: 14.000211344648408, emb_type: qid, model: akt, save_dir: saved_model/akt_also_full_20260713_225853_42622/s1_pilr3e5_bs64/assist2009_akt_qid_saved_model/akt_also_full_20260713_225853_42622/s1_pilr3e5_bs64_42_0_0.2_256_512_8_4_0.0001_64_100_0_0_1_student_id_None_optimistic_1.0_None_None_3e-05_0.01_None_0
            testauc: -1, testacc: -1, window_testauc: -1, window_testacc: -1

Total Epoch Time: 58.19s | Train Phase: 51.88s | Valid Phase: 6.31s
Avg Batch Time: 1.0809s
------------------------------
Epoch: 49, validauc: 0.8183, validacc: 0.7697, best epoch: 40, best auc: 0.8183, train loss: 13.940757188284666, emb_type: qid, model: akt, save_dir: saved_model/akt_also_full_20260713_225853_42622/s1_pilr3e5_bs64/assist2009_akt_qid_saved_model/akt_also_full_20260713_225853_42622/s1_pilr3e5_bs64_42_0_0.2_256_512_8_4_0.0001_64_100_0_0_1_student_id_None_optimistic_1.0_None_None_3e-05_0.01_None_0
            testauc: -1, testacc: -1, window_testauc: -1, window_testacc: -1

Total Epoch Time: 31.19s | Train Phase: 27.33s | Valid Phase: 3.86s
Avg Batch Time: 0.5693s
------------------------------
Epoch: 50, validauc: 0.8183, validacc: 0.7697, best epoch: 40, best auc: 0.8183, train loss: 13.847768327158432, emb_type: qid, model: akt, save_dir: saved_model/akt_also_full_20260713_225853_42622/s1_pilr3e5_bs64/assist2009_akt_qid_saved_model/akt_also_full_20260713_225853_42622/s1_pilr3e5_bs64_42_0_0.2_256_512_8_4_0.0001_64_100_0_0_1_student_id_None_optimistic_1.0_None_None_3e-05_0.01_None_0
            testauc: -1, testacc: -1, window_testauc: -1, window_testacc: -1

Total Epoch Time: 27.01s | Train Phase: 22.83s | Valid Phase: 4.19s
Avg Batch Time: 0.4756s
------------------------------
Early stopping at epoch 50
✅ Training Finished! Total Time Cost: 5221.84 s
fold	modelname	embtype	testauc	testacc	window_testauc	window_testacc	validauc	validacc	best_epoch
0	akt	qid	-1	-1	-1	-1	0.8182819603403098	0.7696734500709891	40
end:2026-07-14 00:25:58.171860

==================================================
Training completed. Starting prediction with predict_after_train=2
==================================================
--- 正在调用外部脚本 (subprocess): /root/autodl-tmp/pykt-toolkit/examples/wandb_predict_with_unbalance.py
--- 完整运行指令: /root/miniconda3/bin/python /root/autodl-tmp/pykt-toolkit/examples/wandb_predict_with_unbalance.py --bz 64 --save_dir /root/autodl-tmp/pykt-toolkit/saved_model/akt_also_full_20260713_225853_42622/s1_pilr3e5_bs64/assist2009_akt_qid_saved_model/akt_also_full_20260713_225853_42622/s1_pilr3e5_bs64_42_0_0.2_256_512_8_4_0.0001_64_100_0_0_1_student_id_None_optimistic_1.0_None_None_3e-05_0.01_None_0 --use_wandb 0

libgomp: Invalid value for environment variable OMP_NUM_THREADS

libgomp: Invalid value for environment variable OMP_NUM_THREADS
Namespace(bz=64, save_dir='/root/autodl-tmp/pykt-toolkit/saved_model/akt_also_full_20260713_225853_42622/s1_pilr3e5_bs64/assist2009_akt_qid_saved_model/akt_also_full_20260713_225853_42622/s1_pilr3e5_bs64_42_0_0.2_256_512_8_4_0.0001_64_100_0_0_1_student_id_None_optimistic_1.0_None_None_3e-05_0.01_None_0', fusion_type='late_fusion', use_wandb=0)
--- [Time] Start: 2026-07-14 00:26:00 ---
[DATA_PATH] dataset=assist2009 resolved_dpath=/root/autodl-tmp/pykt-toolkit/data/assist2009
model_name is akt, dataset_name is assist2009
Read data from processed file: /root/autodl-tmp/pykt-toolkit/data/assist2009/test_sequences.csv_-1.pkl
file path: /root/autodl-tmp/pykt-toolkit/data/assist2009/test_sequences.csv, qlen: 904, clen: 904, rlen: 904, uidlen: 904
Read data from processed file: /root/autodl-tmp/pykt-toolkit/data/assist2009/test_window_sequences.csv_-1.pkl
file path: /root/autodl-tmp/pykt-toolkit/data/assist2009/test_window_sequences.csv, qlen: 20362, clen: 20362, rlen: 20362, uidlen: 20362
Read data from processed file: /root/autodl-tmp/pykt-toolkit/data/assist2009/test_question_sequences.csv_-1_qtest.pkl
file path: /root/autodl-tmp/pykt-toolkit/data/assist2009/test_question_sequences.csv, qlen: 18292, clen: 18292, rlen: 18292, uidlen: 18292
Read data from processed file: /root/autodl-tmp/pykt-toolkit/data/assist2009/test_question_window_sequences.csv_-1_qtest.pkl
file path: /root/autodl-tmp/pykt-toolkit/data/assist2009/test_question_window_sequences.csv, qlen: 30610, clen: 30610, rlen: 30610, uidlen: 30610
has test_question_file!
Start predicting model: akt, embtype: qid, save_dir: /root/autodl-tmp/pykt-toolkit/saved_model/akt_also_full_20260713_225853_42622/s1_pilr3e5_bs64/assist2009_akt_qid_saved_model/akt_also_full_20260713_225853_42622/s1_pilr3e5_bs64_42_0_0.2_256_512_8_4_0.0001_64_100_0_0_1_student_id_None_optimistic_1.0_None_None_3e-05_0.01_None_0, dataset_name: assist2009
--- [Time] Data Loading: 0.57s (started 00:26:00) ---
--- [Time] Model Loading: 0.26s (started 00:26:00) ---
testauc: 0.810830187467134, testacc: 0.7607747479968984
--- [Time] Basic Evaluation: 2.66s (started 00:26:00) ---
testauc: 0.810830187467134, testacc: 0.7607747479968984, window_testauc: 0.8123491706539658, window_testacc: 0.7616215344938749
--- [Time] Window Evaluation: 35.60s (started 00:26:03) ---
[DEBUG] auc: 0.7196022769165018 (type: <class 'float'>)
[DEBUG] auc: 0.7217039381886956 (type: <class 'float'>)
--- [Time] Question Evaluation: 114.62s (started 00:26:39) ---
{'testauc': 0.810830187467134, 'testacc': 0.7607747479968984, 'window_testauc': 0.8123491706539658, 'window_testacc': 0.7616215344938749, 'oriaucconcepts': 0.7196022769165018, 'oriauclate_mean': 0.7354337106590363, 'oriauclate_vote': 0.7351850724756895, 'oriauclate_all': 0.7339771166430202, 'oriaccconcepts': 0.7089409553438331, 'oriacclate_mean': 0.7171508401270716, 'oriacclate_vote': 0.7169211926359704, 'oriacclate_all': 0.7144333448157079, 'windowaucconcepts': 0.7217039381886956, 'windowauclate_mean': 0.7377714803822969, 'windowauclate_vote': 0.7375787152028951, 'windowauclate_all': 0.7362108659592814, 'windowaccconcepts': 0.7097378882389063, 'windowacclate_mean': 0.7174386192676314, 'windowacclate_vote': 0.7178586429416931, 'windowacclate_all': 0.7153003169269541}
dres saved to /root/autodl-tmp/pykt-toolkit/saved_model/akt_also_full_20260713_225853_42622/s1_pilr3e5_bs64/assist2009_akt_qid_saved_model/akt_also_full_20260713_225853_42622/s1_pilr3e5_bs64_42_0_0.2_256_512_8_4_0.0001_64_100_0_0_1_student_id_None_optimistic_1.0_None_None_3e-05_0.01_None_0/all_results.json
late_trues 的唯一值: [0 1]
late_trues 的值计数:
late_trues
1    33510
0    18868
Name: count, dtype: int64
已保存每个学生AUC → /root/autodl-tmp/pykt-toolkit/saved_model/akt_also_full_20260713_225853_42622/s1_pilr3e5_bs64/assist2009_akt_qid_saved_model/akt_also_full_20260713_225853_42622/s1_pilr3e5_bs64_42_0_0.2_256_512_8_4_0.0001_64_100_0_0_1_student_id_None_optimistic_1.0_None_None_3e-05_0.01_None_0/qid_test_question_window_predictions_per_student_aucs.json
✅ 学生AUC结果已保存至: /root/autodl-tmp/pykt-toolkit/saved_model/akt_also_full_20260713_225853_42622/s1_pilr3e5_bs64/assist2009_akt_qid_saved_model/akt_also_full_20260713_225853_42622/s1_pilr3e5_bs64_42_0_0.2_256_512_8_4_0.0001_64_100_0_0_1_student_id_None_optimistic_1.0_None_None_3e-05_0.01_None_0/student_auc_output.csv
📊 总体统计指标: {
    "overall_dataset_auc": 0.6928703697076843,
    "student_stats_mean": 0.5937577305492759,
    "student_stats_std": 0.21251359465897948,
    "student_stats_max": 1.0,
    "student_stats_min": 0.0,
    "student_stats_range": 1.0,
    "student_stats_epi": 2.79397528192057,
    "student_stats_gini_coefficient": 0.19464181570813366,
    "student_stats_average_auc": 0.5937577305492759,
    "student_stats_eawi_alpha_10": 0.4781876477844241,
    "student_stats_eawi_alpha_20": 0.3851123357704623,
    "student_stats_eawi_alpha_30": 0.3101533714844991,
    "student_stats_iqr": 0.22451016865079365,
    "student_stats_q1": 0.5,
    "student_stats_q3": 0.7245101686507937
}
✅ 总体统计结果已保存至: /root/autodl-tmp/pykt-toolkit/saved_model/akt_also_full_20260713_225853_42622/s1_pilr3e5_bs64/assist2009_akt_qid_saved_model/akt_also_full_20260713_225853_42622/s1_pilr3e5_bs64_42_0_0.2_256_512_8_4_0.0001_64_100_0_0_1_student_id_None_optimistic_1.0_None_None_3e-05_0.01_None_0/overall_stats_output.json
--- [Time] Fairness Calculation: 1.94s (started 00:28:33) ---
------------------------------
Total Prediction Time: 155.65s (end 2026-07-14 00:28:35)
------------------------------
Prediction completed successfully!
训练过程中发生错误: name 'original_argv' is not defined
⚠️ 运行历史状态已更新为失败 (ID: 5363402b-5835-42e0-9bc9-6890441b44bc)
💡 正在执行最终资源清理...
💡 CUDA 缓存已释放。
Traceback (most recent call last):
  File "<frozen runpy>", line 198, in _run_module_as_main
  File "<frozen runpy>", line 88, in _run_code
  File "/root/autodl-tmp/pykt-toolkit/examples/wandb_akt_train.py", line 45, in <module>
    main(params)
  File "/root/autodl-tmp/pykt-toolkit/examples/wandb_train.py", line 515, in main
    update_run_history(run_history_path, run_id, 'False')
^^^^^^^
  File "/root/autodl-tmp/pykt-toolkit/examples/wandb_train.py", line 494, in main
    traceback.print_exc() 
               ^^^^^^^^^^^^
NameError: name 'original_argv' is not defined
