nohup: ignoring input
================================================================================
[EXP_START] DKT baseline experiment
dataset_name=assist2009
model_name=dkt
emb_type=qid
seed=42
fold=0
dropout=0.2
emb_size=200
learning_rate=0.001
batch_size=32
num_epochs=100
use_wandb=0
add_uuid=0
================================================================================
✅ 初始运行记录已写入: saved_model/dkt_round1_student_id/run_history.txt (ID: 2dd4fe84-fe36-4667-9cf2-54d0558666bf)
✅ 参数已保存至: saved_model/dkt_round1_student_id/saved_params_dkt.json
✅ 参数已保存至: saved_model/dkt_round1_student_id/saved_params_dkt.json
2026-07-06 02:23:13 - main - said: load config files.
[DATA_PATH] dataset=assist2009 resolved_dpath=/root/autodl-tmp/pykt-toolkit/data/assist2009
assist2009 dkt {'assist2015': {'dpath': '../data/assist2015', 'num_q': 0, 'num_c': 100, 'input_type': ['concepts'], 'max_concepts': 1, 'min_seq_len': 3, 'maxlen': 200, 'emb_path': '', 'train_valid_original_file': 'train_valid.csv', 'train_valid_file': 'train_valid_sequences.csv', 'folds': [0, 1, 2, 3, 4], 'test_original_file': 'test.csv', 'test_file': 'test_sequences.csv', 'test_window_file': 'test_window_sequences.csv', 'train_valid_original_file_quelevel': 'train_valid_quelevel.csv', 'train_valid_file_quelevel': 'train_valid_sequences_quelevel.csv', 'test_file_quelevel': 'test_sequences_quelevel.csv', 'test_window_file_quelevel': 'test_window_sequences_quelevel.csv', 'test_original_file_quelevel': 'test_quelevel.csv'}, 'algebra2005': {'dpath': '../data/algebra2005', 'num_q': 173113, 'num_c': 112, 'input_type': ['questions', 'concepts'], 'max_concepts': 7, 'min_seq_len': 3, 'maxlen': 200, 'emb_path': '', 'train_valid_original_file': 'train_valid.csv', 'train_valid_file': 'train_valid_sequences.csv', 'folds': [0, 1, 2, 3, 4], 'test_original_file': 'test.csv', 'test_file': 'test_sequences.csv', 'test_window_file': 'test_window_sequences.csv', 'test_question_file': 'test_question_sequences.csv', 'test_question_window_file': 'test_question_window_sequences.csv', 'train_valid_original_file_quelevel': 'train_valid_quelevel.csv', 'train_valid_file_quelevel': 'train_valid_sequences_quelevel.csv', 'test_file_quelevel': 'test_sequences_quelevel.csv', 'test_window_file_quelevel': 'test_window_sequences_quelevel.csv', 'test_original_file_quelevel': 'test_quelevel.csv', 'students_num_train': 460, 'students_num_eval': 114}, 'assist2009': {'dpath': '/root/autodl-tmp/pykt-toolkit/data/assist2009', 'num_q': 17737, 'num_c': 123, 'input_type': ['questions', 'concepts'], 'max_concepts': 4, 'min_seq_len': 3, 'maxlen': 200, 'emb_path': '', 'train_valid_original_file': 'train_valid.csv', 'train_valid_file': 'train_valid_sequences.csv', 'folds': [0, 1, 2, 3, 4], 'test_original_file': 'test.csv', 'test_file': 'test_sequences.csv', 'test_window_file': 'test_window_sequences.csv', 'test_question_file': 'test_question_sequences.csv', 'test_question_window_file': 'test_question_window_sequences.csv', 'train_valid_original_file_quelevel': 'train_valid_quelevel.csv', 'train_valid_file_quelevel': 'train_valid_sequences_quelevel.csv', 'test_file_quelevel': 'test_sequences_quelevel.csv', 'test_window_file_quelevel': 'test_window_sequences_quelevel.csv', 'test_original_file_quelevel': 'test_quelevel.csv', 'students_num_eval': 770, 'global_question_stats_file': 'global_question_stats.csv', 'global_concept_stats_file': 'global_concept_stats.csv', 'total_questions_low_interval_file': 'total_questions_low_interval.csv', 'total_questions_medium_interval_file': 'total_questions_medium_interval.csv', 'total_questions_high_interval_file': 'total_questions_high_interval.csv', 'overall_accuracy_low_interval_file': 'overall_accuracy_low_interval.csv', 'overall_accuracy_medium_interval_file': 'overall_accuracy_medium_interval.csv', 'overall_accuracy_high_interval_file': 'overall_accuracy_high_interval.csv', 'accuracy_range_low_interval_file': 'accuracy_range_low_interval.csv', 'accuracy_range_medium_interval_file': 'accuracy_range_medium_interval.csv', 'accuracy_range_high_interval_file': 'accuracy_range_high_interval.csv', 'accuracy_variance_low_interval_file': 'accuracy_variance_low_interval.csv', 'accuracy_variance_medium_interval_file': 'accuracy_variance_medium_interval.csv', 'accuracy_variance_high_interval_file': 'accuracy_variance_high_interval.csv', 'questions_range_low_interval_file': 'questions_range_low_interval.csv', 'questions_range_medium_interval_file': 'questions_range_medium_interval.csv', 'questions_range_high_interval_file': 'questions_range_high_interval.csv', 'students_num_train': 3082}, 'slepemapy': {'dpath': '../data/slepemapy', 'num_q': 2913, 'num_c': 1458, 'input_type': ['questions', 'concepts'], 'emb_path': '', 'train_valid_original_file': 'train_valid.csv', 'train_valid_file': 'train_valid_sequences.csv', 'folds': [0, 1, 2, 3, 4], 'test_original_file': 'test.csv', 'test_file': 'test_sequences.csv', 'test_window_file': 'test_window_sequences.csv', 'test_question_file': 'test_question_sequences.csv', 'test_question_window_file': 'test_question_window_sequences.csv'}, 'assist2017': {'dpath': '../data/assist2017', 'num_q': 3162, 'num_c': 102, 'input_type': ['questions', 'concepts'], 'min_seq_len': 3, 'maxlen': 500, 'emb_path': '', 'train_valid_original_file': 'train_valid.csv', 'train_valid_file': 'train_valid_sequences.csv', 'folds': [0, 1, 2, 3, 4], 'test_original_file': 'test.csv', 'test_file': 'test_sequences.csv', 'test_window_file': 'test_window_sequences.csv', 'test_question_file': 'test_question_sequences.csv', 'test_question_window_file': 'test_question_window_sequences.csv'}, 'assist2012': {'dpath': '../data/assist2012', 'num_q': 53070, 'num_c': 265, 'input_type': ['questions', 'concepts'], 'emb_path': '', 'train_valid_original_file': 'train_valid.csv', 'train_valid_file': 'train_valid_sequences.csv', 'folds': [0, 1, 2, 3, 4], 'test_original_file': 'test.csv', 'test_file': 'test_sequences.csv', 'test_window_file': 'test_window_sequences.csv', 'test_question_file': 'test_question_sequences.csv', 'test_question_window_file': 'test_question_window_sequences.csv'}, 'statics2011': {'dpath': '../data/statics2011', 'num_q': 0, 'num_c': 1223, 'input_type': ['concepts'], 'max_concepts': 1, 'min_seq_len': 3, 'maxlen': 200, 'emb_path': '', 'train_valid_original_file': 'train_valid.csv', 'train_valid_file': 'train_valid_sequences.csv', 'folds': [0, 1, 2, 3, 4], 'test_original_file': 'test.csv', 'test_file': 'test_sequences.csv', 'test_window_file': 'test_window_sequences.csv', 'train_valid_original_file_quelevel': 'train_valid_quelevel.csv', 'train_valid_file_quelevel': 'train_valid_sequences_quelevel.csv', 'test_file_quelevel': 'test_sequences_quelevel.csv', 'test_window_file_quelevel': 'test_window_sequences_quelevel.csv', 'test_original_file_quelevel': 'test_quelevel.csv'}, 'junyi2015': {'dpath': '../data/junyi2015', 'num_q': 721, 'num_c': 39, 'input_type': ['questions', 'concepts'], 'max_concepts': 1, 'min_seq_len': 3, 'maxlen': 200, 'emb_path': '', 'train_valid_original_file': 'train_valid.csv', 'train_valid_file': 'train_valid_sequences.csv', 'folds': [0, 1, 2, 3, 4], 'test_original_file': 'test.csv', 'test_file': 'test_sequences.csv', 'test_window_file': 'test_window_sequences.csv', 'test_question_file': 'test_question_sequences.csv', 'test_question_window_file': 'test_question_window_sequences.csv'}, 'bridge2algebra2006': {'dpath': '../data/bridge2algebra2006', 'num_q': 129263, 'num_c': 493, 'input_type': ['questions', 'concepts'], 'max_concepts': 5, 'min_seq_len': 3, 'maxlen': 200, 'emb_path': '', 'train_valid_original_file': 'train_valid.csv', 'train_valid_file': 'train_valid_sequences.csv', 'folds': [0, 1, 2, 3, 4], 'test_original_file': 'test.csv', 'test_file': 'test_sequences.csv', 'test_window_file': 'test_window_sequences.csv', 'test_question_file': 'test_question_sequences.csv', 'test_question_window_file': 'test_question_window_sequences.csv', 'train_valid_original_file_quelevel': 'train_valid_quelevel.csv', 'train_valid_file_quelevel': 'train_valid_sequences_quelevel.csv', 'test_file_quelevel': 'test_sequences_quelevel.csv', 'test_window_file_quelevel': 'test_window_sequences_quelevel.csv', 'test_original_file_quelevel': 'test_quelevel.csv', 'students_num_train': 916, 'students_num_eval': 229, 'global_question_stats_file': 'global_question_stats.csv', 'global_concept_stats_file': 'global_concept_stats.csv', 'total_questions_low_interval_file': 'total_questions_low_interval.csv', 'total_questions_medium_interval_file': 'total_questions_medium_interval.csv', 'total_questions_high_interval_file': 'total_questions_high_interval.csv', 'overall_accuracy_low_interval_file': 'overall_accuracy_low_interval.csv', 'overall_accuracy_medium_interval_file': 'overall_accuracy_medium_interval.csv', 'overall_accuracy_high_interval_file': 'overall_accuracy_high_interval.csv', 'accuracy_range_low_interval_file': 'accuracy_range_low_interval.csv', 'accuracy_range_medium_interval_file': 'accuracy_range_medium_interval.csv', 'accuracy_range_high_interval_file': 'accuracy_range_high_interval.csv', 'accuracy_variance_low_interval_file': 'accuracy_variance_low_interval.csv', 'accuracy_variance_medium_interval_file': 'accuracy_variance_medium_interval.csv', 'accuracy_variance_high_interval_file': 'accuracy_variance_high_interval.csv', 'questions_range_low_interval_file': 'questions_range_low_interval.csv', 'questions_range_medium_interval_file': 'questions_range_medium_interval.csv', 'questions_range_high_interval_file': 'questions_range_high_interval.csv'}, 'ednet': {'dpath': '../data/ednet', 'num_q': 11901, 'num_c': 188, 'input_type': ['questions', 'concepts'], 'max_concepts': 7, 'min_seq_len': 3, 'maxlen': 200, 'emb_path': '', 'train_valid_original_file': 'train_valid.csv', 'train_valid_file': 'train_valid_sequences.csv', 'folds': [0, 1, 2, 3, 4], 'test_original_file': 'test.csv', 'test_file': 'test_sequences.csv', 'test_window_file': 'test_window_sequences.csv', 'test_question_file': 'test_question_sequences.csv', 'test_question_window_file': 'test_question_window_sequences.csv', 'train_valid_original_file_quelevel': 'train_valid_quelevel.csv', 'train_valid_file_quelevel': 'train_valid_sequences_quelevel.csv', 'test_file_quelevel': 'test_sequences_quelevel.csv', 'test_window_file_quelevel': 'test_window_sequences_quelevel.csv', 'test_original_file_quelevel': 'test_quelevel.csv'}, 'nips_task34': {'dpath': '../data/nips_task34', 'num_q': 948, 'num_c': 57, 'students_num_eval': 983, 'students_num_train': 3935, 'input_type': ['questions', 'concepts'], 'max_concepts': 2, 'min_seq_len': 3, 'maxlen': 200, 'emb_path': '', 'train_valid_original_file': 'train_valid.csv', 'train_valid_file': 'train_valid_sequences.csv', 'folds': [0, 1, 2, 3, 4], 'test_original_file': 'test.csv', 'test_file': 'test_sequences.csv', 'test_window_file': 'test_window_sequences.csv', 'test_question_file': 'test_question_sequences.csv', 'test_question_window_file': 'test_question_window_sequences.csv', 'train_valid_original_file_quelevel': 'train_valid_quelevel.csv', 'train_valid_file_quelevel': 'train_valid_sequences_quelevel.csv', 'test_file_quelevel': 'test_sequences_quelevel.csv', 'test_window_file_quelevel': 'test_window_sequences_quelevel.csv', 'test_original_file_quelevel': 'test_quelevel.csv', 'global_question_stats_file': 'global_question_stats.csv', 'global_concept_stats_file': 'global_concept_stats.csv', 'student_summary_file': 'student_summary.csv', 'total_questions_low_interval_file': 'total_questions_low_interval.csv', 'total_questions_medium_interval_file': 'total_questions_medium_interval.csv', 'total_questions_high_interval_file': 'total_questions_high_interval.csv', 'overall_accuracy_low_interval_file': 'overall_accuracy_low_interval.csv', 'overall_accuracy_medium_interval_file': 'overall_accuracy_medium_interval.csv', 'overall_accuracy_high_interval_file': 'overall_accuracy_high_interval.csv', 'accuracy_range_low_interval_file': 'accuracy_range_low_interval.csv', 'accuracy_range_medium_interval_file': 'accuracy_range_medium_interval.csv', 'accuracy_range_high_interval_file': 'accuracy_range_high_interval.csv', 'accuracy_variance_low_interval_file': 'accuracy_variance_low_interval.csv', 'accuracy_variance_medium_interval_file': 'accuracy_variance_medium_interval.csv', 'accuracy_variance_high_interval_file': 'accuracy_variance_high_interval.csv', 'questions_range_low_interval_file': 'questions_range_low_interval.csv', 'questions_range_medium_interval_file': 'questions_range_medium_interval.csv', 'questions_range_high_interval_file': 'questions_range_high_interval.csv', 'seq_len_10000_students_num_eval': 23, 'seq_len_20000_students_num_eval': 38, 'seq_len_30000_students_num_eval': 37, 'seq_len_18000_students_num_eval': 16, 'seq_len_22000_students_num_eval': 47}, 'poj': {'dpath': '../data/poj', 'num_q': 0, 'num_c': 2748, 'input_type': ['concepts'], 'max_concepts': 1, 'min_seq_len': 3, 'maxlen': 200, 'emb_path': '', 'train_valid_original_file': 'train_valid.csv', 'train_valid_file': 'train_valid_sequences.csv', 'folds': [0, 1, 2, 3, 4], 'test_original_file': 'test.csv', 'test_file': 'test_sequences.csv', 'test_window_file': 'test_window_sequences.csv', 'train_valid_original_file_quelevel': 'train_valid_quelevel.csv', 'train_valid_file_quelevel': 'train_valid_sequences_quelevel.csv', 'test_file_quelevel': 'test_sequences_quelevel.csv', 'test_window_file_quelevel': 'test_window_sequences_quelevel.csv', 'test_original_file_quelevel': 'test_quelevel.csv'}, 'peiyou': {'dpath': '../data/peiyou', 'num_q': 7652, 'num_c': 865, 'input_type': ['questions', 'concepts'], 'max_concepts': 6, 'min_seq_len': 3, 'maxlen': 200, 'emb_path': '', 'train_valid_file': 'train_valid_sequences.csv', 'folds': [0, 1, 2, 3, 4], 'students_num_eval': 0, 'train_valid_original_file': 'train_valid.csv', 'test_original_file': 'test.csv', 'test_file': 'test_sequences.csv', 'test_window_file': 'test_window_sequences.csv', 'test_question_file': 'test_question_sequences.csv', 'test_question_window_file': 'test_question_window_sequences.csv', 'train_valid_original_file_quelevel': 'train_valid_quelevel.csv', 'train_valid_file_quelevel': 'train_valid_sequences_quelevel.csv', 'test_file_quelevel': 'test_sequences_quelevel.csv', 'test_window_file_quelevel': 'test_window_sequences_quelevel.csv', 'test_original_file_quelevel': 'test_quelevel.csv', 'students_num_train': 14453, 'global_question_stats_file': 'global_question_stats.csv', 'global_concept_stats_file': 'global_concept_stats.csv', 'seq_len_500_students_num_eval': 0, 'seq_len_300_students_num_eval': 0, 'seq_len_400_students_num_eval': 0}, 'ednet5w': {'dpath': '../data/ednet5w', 'num_q': 12235, 'num_c': 188, 'input_type': ['questions', 'concepts'], 'max_concepts': 7, 'min_seq_len': 3, 'maxlen': 200, 'emb_path': '', 'train_valid_original_file': 'train_valid.csv', 'train_valid_file': 'train_valid_sequences.csv', 'folds': [0, 1, 2, 3, 4], 'test_original_file': 'test.csv', 'test_file': 'test_sequences.csv', 'test_window_file': 'test_window_sequences.csv', 'test_question_file': 'test_question_sequences.csv', 'test_question_window_file': 'test_question_window_sequences.csv', 'train_valid_original_file_quelevel': 'train_valid_quelevel.csv', 'train_valid_file_quelevel': 'train_valid_sequences_quelevel.csv', 'test_file_quelevel': 'test_sequences_quelevel.csv', 'test_window_file_quelevel': 'test_window_sequences_quelevel.csv', 'test_original_file_quelevel': 'test_quelevel.csv'}, 'pretrain': {'dpath': '../data/pretrain', 'num_q': 340614, 'num_c': 1838, 'input_type': ['questions', 'concepts'], 'max_concepts': 7, 'min_seq_len': 3, 'maxlen': 1024, 'emb_path': '', 'train_valid_original_file': 'train_valid.csv', 'train_valid_file': 'train_valid_sequences.csv', 'folds': [0, 1, 2, 3, 4], 'test_original_file': 'test.csv', 'test_file': 'test_sequences.csv', 'test_window_file': 'test_window_sequences.csv', 'test_question_file': 'test_question_sequences.csv', 'test_question_window_file': 'test_question_window_sequences.csv', 'train_valid_original_file_quelevel': 'train_valid_quelevel.csv', 'train_valid_file_quelevel': 'train_valid_sequences_quelevel_200.csv', 'test_file_quelevel': 'test_sequences_quelevel.csv', 'test_window_file_quelevel': 'test_window_sequences_quelevel.csv', 'test_original_file_quelevel': 'test_quelevel.csv'}, 'assist2009Anips_task34Abridge2algebra2006': {'dpath': '../data/assist2009Anips_task34Abridge2algebra2006', 'num_q': 147948, 'num_c': 673, 'input_type': ['concepts', 'questions'], 'max_concepts': 5, 'min_seq_len': 3, 'maxlen': 200, 'emb_path': '', 'train_valid_original_file': 'train_valid.csv', 'train_valid_file': 'train_valid_sequences.csv', 'folds': [0, 1, 2, 3, 4], 'test_original_file': 'test.csv', 'test_file': 'test_sequences.csv', 'test_window_file': 'test_window_sequences.csv', 'test_question_file': 'test_question_sequences.csv', 'test_question_window_file': 'test_question_window_sequences.csv', 'train_valid_original_file_quelevel': 'train_valid_quelevel.csv', 'train_valid_file_quelevel': 'train_valid_sequences_quelevel.csv', 'test_file_quelevel': 'test_sequences_quelevel.csv', 'test_window_file_quelevel': 'test_window_sequences_quelevel.csv', 'test_original_file_quelevel': 'test_quelevel.csv', 'students_num_eval': 770, 'global_question_stats_file': 'global_question_stats.csv', 'global_concept_stats_file': 'global_concept_stats.csv', 'total_questions_low_interval_file': 'total_questions_low_interval.csv', 'total_questions_medium_interval_file': 'total_questions_medium_interval.csv', 'total_questions_high_interval_file': 'total_questions_high_interval.csv', 'overall_accuracy_low_interval_file': 'overall_accuracy_low_interval.csv', 'overall_accuracy_medium_interval_file': 'overall_accuracy_medium_interval.csv', 'overall_accuracy_high_interval_file': 'overall_accuracy_high_interval.csv', 'accuracy_range_low_interval_file': 'accuracy_range_low_interval.csv', 'accuracy_range_medium_interval_file': 'accuracy_range_medium_interval.csv', 'accuracy_range_high_interval_file': 'accuracy_range_high_interval.csv', 'accuracy_variance_low_interval_file': 'accuracy_variance_low_interval.csv', 'accuracy_variance_medium_interval_file': 'accuracy_variance_medium_interval.csv', 'accuracy_variance_high_interval_file': 'accuracy_variance_high_interval.csv', 'questions_range_low_interval_file': 'questions_range_low_interval.csv', 'questions_range_medium_interval_file': 'questions_range_medium_interval.csv', 'questions_range_high_interval_file': 'questions_range_high_interval.csv', 'students_num_train': 7933}, 'peiyouAnips_task34Abridge2algebra2006': {'dpath': '../data/peiyouAnips_task34Abridge2algebra2006', 'num_q': 137863, 'num_c': 1415, 'input_type': ['questions', 'concepts'], 'max_concepts': 6, 'min_seq_len': 3, 'maxlen': 200, 'emb_path': '', 'train_valid_file': 'train_valid_sequences.csv', 'folds': [0, 1, 2, 3, 4], 'train_valid_original_file': 'train_valid.csv', 'test_original_file': 'test.csv', 'test_file': 'test_sequences.csv', 'test_window_file': 'test_window_sequences.csv', 'test_question_file': 'test_question_sequences.csv', 'test_question_window_file': 'test_question_window_sequences.csv', 'train_valid_original_file_quelevel': 'train_valid_quelevel.csv', 'train_valid_file_quelevel': 'train_valid_sequences_quelevel.csv', 'test_file_quelevel': 'test_sequences_quelevel.csv', 'test_window_file_quelevel': 'test_window_sequences_quelevel.csv', 'test_original_file_quelevel': 'test_quelevel.csv', 'students_num_eval': 983, 'global_question_stats_file': 'global_question_stats.csv', 'global_concept_stats_file': 'global_concept_stats.csv', 'student_summary_file': 'student_summary.csv', 'total_questions_low_interval_file': 'total_questions_low_interval.csv', 'total_questions_medium_interval_file': 'total_questions_medium_interval.csv', 'total_questions_high_interval_file': 'total_questions_high_interval.csv', 'overall_accuracy_low_interval_file': 'overall_accuracy_low_interval.csv', 'overall_accuracy_medium_interval_file': 'overall_accuracy_medium_interval.csv', 'overall_accuracy_high_interval_file': 'overall_accuracy_high_interval.csv', 'accuracy_range_low_interval_file': 'accuracy_range_low_interval.csv', 'accuracy_range_medium_interval_file': 'accuracy_range_medium_interval.csv', 'accuracy_range_high_interval_file': 'accuracy_range_high_interval.csv', 'accuracy_variance_low_interval_file': 'accuracy_variance_low_interval.csv', 'accuracy_variance_medium_interval_file': 'accuracy_variance_medium_interval.csv', 'accuracy_variance_high_interval_file': 'accuracy_variance_high_interval.csv', 'questions_range_low_interval_file': 'questions_range_low_interval.csv', 'questions_range_medium_interval_file': 'questions_range_medium_interval.csv', 'questions_range_high_interval_file': 'questions_range_high_interval.csv', 'students_num_train': 15181}} 0 32
2026-07-06 02:23:13 - main - said: init_dataset
Read data from processed file: /root/autodl-tmp/pykt-toolkit/data/assist2009/train_valid_sequences.csv_0.pkl
file path: /root/autodl-tmp/pykt-toolkit/data/assist2009/train_valid_sequences.csv, qlen: 741, clen: 741, rlen: 741, uidlen: 741
Read data from processed file: /root/autodl-tmp/pykt-toolkit/data/assist2009/train_valid_sequences.csv_1_2_3_4.pkl
file path: /root/autodl-tmp/pykt-toolkit/data/assist2009/train_valid_sequences.csv, qlen: 3016, clen: 3016, rlen: 3016, uidlen: 3016
params: {'dataset_name': 'assist2009', 'model_name': 'dkt', 'emb_type': 'qid', 'save_dir': 'saved_model/dkt_round1_student_id', 'seed': 42, 'fold': 0, 'dropout': 0.2, 'emb_size': 200, 'learning_rate': 0.001, 'batch_size': 32, 'num_epochs': 100, 'use_wandb': 0, 'use_trained': 0, 'use_also': 1, 'also_grouping_mode': 'student_id', 'add_uuid': 0}, params_str: assist2009_dkt_qid_saved_model/dkt_round1_student_id_42_0_0.2_200_0.001_32_100_0_0_1_student_id_0
Start training model: dkt, embtype: qid, save_dir: saved_model/dkt_round1_student_id/assist2009_dkt_qid_saved_model/dkt_round1_student_id_42_0_0.2_200_0.001_32_100_0_0_1_student_id_0, dataset_name: assist2009
model_config: {'dropout': 0.2, 'emb_size': 200, 'learning_rate': 0.001}
train_config: {'batch_size': 32, 'num_epochs': 100, 'optimizer': 'adam', 'seq_len': 200}
2026-07-06 02:23:13 - main - said: init_model
[PARAM_COUNT] model=dkt emb_type=qid dataset=assist2009 trainable=395,523 total=395,523
2026-07-06 02:23:14 - main - said: train model
ALSO enabled with grouping_mode=student_id
检测到预训练模型文件，但use_trained：0，将从头开始训练。
ALSO initialized with n_groups=3082 for grouping_mode=student_id
/root/miniconda3/lib/python3.12/site-packages/torch/nn/modules/rnn.py:1124: UserWarning: RNN module weights are not part of single contiguous chunk of memory. This means they need to be compacted at every call, possibly greatly increasing memory usage. To compact weights again call flatten_parameters(). (Triggered internally at /pytorch/aten/src/ATen/native/cudnn/RNN.cpp:1479.)
  result = _VF.lstm(
Epoch: 1, validauc: 0.7904, validacc: 0.7568, best epoch: 1, best auc: 0.7904, train loss: 54.63539406061056, emb_type: qid, model: dkt, save_dir: saved_model/dkt_round1_student_id/assist2009_dkt_qid_saved_model/dkt_round1_student_id_42_0_0.2_200_0.001_32_100_0_0_1_student_id_0
            testauc: -1, testacc: -1, window_testauc: -1, window_testacc: -1

Total Epoch Time: 17.51s | Train Phase: 15.24s | Valid Phase: 2.26s
Avg Batch Time: 0.1604s
------------------------------
/root/miniconda3/lib/python3.12/site-packages/torch/nn/modules/rnn.py:1124: UserWarning: RNN module weights are not part of single contiguous chunk of memory. This means they need to be compacted at every call, possibly greatly increasing memory usage. To compact weights again call flatten_parameters(). (Triggered internally at /pytorch/aten/src/ATen/native/cudnn/RNN.cpp:1479.)
  result = _VF.lstm(
Epoch: 2, validauc: 0.8048, validacc: 0.7629, best epoch: 2, best auc: 0.8048, train loss: 49.819887135854316, emb_type: qid, model: dkt, save_dir: saved_model/dkt_round1_student_id/assist2009_dkt_qid_saved_model/dkt_round1_student_id_42_0_0.2_200_0.001_32_100_0_0_1_student_id_0
            testauc: -1, testacc: -1, window_testauc: -1, window_testacc: -1

Total Epoch Time: 26.96s | Train Phase: 24.70s | Valid Phase: 2.26s
Avg Batch Time: 0.2600s
------------------------------
/root/miniconda3/lib/python3.12/site-packages/torch/nn/modules/rnn.py:1124: UserWarning: RNN module weights are not part of single contiguous chunk of memory. This means they need to be compacted at every call, possibly greatly increasing memory usage. To compact weights again call flatten_parameters(). (Triggered internally at /pytorch/aten/src/ATen/native/cudnn/RNN.cpp:1479.)
  result = _VF.lstm(
Epoch: 3, validauc: 0.8081, validacc: 0.7657, best epoch: 3, best auc: 0.8081, train loss: 48.947385473908035, emb_type: qid, model: dkt, save_dir: saved_model/dkt_round1_student_id/assist2009_dkt_qid_saved_model/dkt_round1_student_id_42_0_0.2_200_0.001_32_100_0_0_1_student_id_0
            testauc: -1, testacc: -1, window_testauc: -1, window_testacc: -1

Total Epoch Time: 27.00s | Train Phase: 24.74s | Valid Phase: 2.26s
Avg Batch Time: 0.2604s
------------------------------
/root/miniconda3/lib/python3.12/site-packages/torch/nn/modules/rnn.py:1124: UserWarning: RNN module weights are not part of single contiguous chunk of memory. This means they need to be compacted at every call, possibly greatly increasing memory usage. To compact weights again call flatten_parameters(). (Triggered internally at /pytorch/aten/src/ATen/native/cudnn/RNN.cpp:1479.)
  result = _VF.lstm(
Epoch: 4, validauc: 0.8099, validacc: 0.7663, best epoch: 4, best auc: 0.8099, train loss: 48.66413308608119, emb_type: qid, model: dkt, save_dir: saved_model/dkt_round1_student_id/assist2009_dkt_qid_saved_model/dkt_round1_student_id_42_0_0.2_200_0.001_32_100_0_0_1_student_id_0
            testauc: -1, testacc: -1, window_testauc: -1, window_testacc: -1

Total Epoch Time: 26.98s | Train Phase: 24.71s | Valid Phase: 2.26s
Avg Batch Time: 0.2601s
------------------------------
/root/miniconda3/lib/python3.12/site-packages/torch/nn/modules/rnn.py:1124: UserWarning: RNN module weights are not part of single contiguous chunk of memory. This means they need to be compacted at every call, possibly greatly increasing memory usage. To compact weights again call flatten_parameters(). (Triggered internally at /pytorch/aten/src/ATen/native/cudnn/RNN.cpp:1479.)
  result = _VF.lstm(
Epoch: 5, validauc: 0.811, validacc: 0.7668, best epoch: 5, best auc: 0.811, train loss: 48.57144420317697, emb_type: qid, model: dkt, save_dir: saved_model/dkt_round1_student_id/assist2009_dkt_qid_saved_model/dkt_round1_student_id_42_0_0.2_200_0.001_32_100_0_0_1_student_id_0
            testauc: -1, testacc: -1, window_testauc: -1, window_testacc: -1

Total Epoch Time: 27.00s | Train Phase: 24.72s | Valid Phase: 2.27s
Avg Batch Time: 0.2602s
------------------------------
/root/miniconda3/lib/python3.12/site-packages/torch/nn/modules/rnn.py:1124: UserWarning: RNN module weights are not part of single contiguous chunk of memory. This means they need to be compacted at every call, possibly greatly increasing memory usage. To compact weights again call flatten_parameters(). (Triggered internally at /pytorch/aten/src/ATen/native/cudnn/RNN.cpp:1479.)
  result = _VF.lstm(
Epoch: 6, validauc: 0.811, validacc: 0.7668, best epoch: 5, best auc: 0.811, train loss: 48.49542090001093, emb_type: qid, model: dkt, save_dir: saved_model/dkt_round1_student_id/assist2009_dkt_qid_saved_model/dkt_round1_student_id_42_0_0.2_200_0.001_32_100_0_0_1_student_id_0
            testauc: -1, testacc: -1, window_testauc: -1, window_testacc: -1

Total Epoch Time: 26.98s | Train Phase: 24.71s | Valid Phase: 2.26s
Avg Batch Time: 0.2601s
------------------------------
/root/miniconda3/lib/python3.12/site-packages/torch/nn/modules/rnn.py:1124: UserWarning: RNN module weights are not part of single contiguous chunk of memory. This means they need to be compacted at every call, possibly greatly increasing memory usage. To compact weights again call flatten_parameters(). (Triggered internally at /pytorch/aten/src/ATen/native/cudnn/RNN.cpp:1479.)
  result = _VF.lstm(
Epoch: 7, validauc: 0.813, validacc: 0.7675, best epoch: 7, best auc: 0.813, train loss: 48.40970023970827, emb_type: qid, model: dkt, save_dir: saved_model/dkt_round1_student_id/assist2009_dkt_qid_saved_model/dkt_round1_student_id_42_0_0.2_200_0.001_32_100_0_0_1_student_id_0
            testauc: -1, testacc: -1, window_testauc: -1, window_testacc: -1

Total Epoch Time: 26.93s | Train Phase: 24.68s | Valid Phase: 2.24s
Avg Batch Time: 0.2598s
------------------------------
/root/miniconda3/lib/python3.12/site-packages/torch/nn/modules/rnn.py:1124: UserWarning: RNN module weights are not part of single contiguous chunk of memory. This means they need to be compacted at every call, possibly greatly increasing memory usage. To compact weights again call flatten_parameters(). (Triggered internally at /pytorch/aten/src/ATen/native/cudnn/RNN.cpp:1479.)
  result = _VF.lstm(
Epoch: 8, validauc: 0.813, validacc: 0.7675, best epoch: 7, best auc: 0.813, train loss: 48.38737507859214, emb_type: qid, model: dkt, save_dir: saved_model/dkt_round1_student_id/assist2009_dkt_qid_saved_model/dkt_round1_student_id_42_0_0.2_200_0.001_32_100_0_0_1_student_id_0
            testauc: -1, testacc: -1, window_testauc: -1, window_testacc: -1

Total Epoch Time: 26.96s | Train Phase: 24.71s | Valid Phase: 2.25s
Avg Batch Time: 0.2601s
------------------------------
/root/miniconda3/lib/python3.12/site-packages/torch/nn/modules/rnn.py:1124: UserWarning: RNN module weights are not part of single contiguous chunk of memory. This means they need to be compacted at every call, possibly greatly increasing memory usage. To compact weights again call flatten_parameters(). (Triggered internally at /pytorch/aten/src/ATen/native/cudnn/RNN.cpp:1479.)
  result = _VF.lstm(
Epoch: 9, validauc: 0.813, validacc: 0.7675, best epoch: 7, best auc: 0.813, train loss: 48.36524320649782, emb_type: qid, model: dkt, save_dir: saved_model/dkt_round1_student_id/assist2009_dkt_qid_saved_model/dkt_round1_student_id_42_0_0.2_200_0.001_32_100_0_0_1_student_id_0
            testauc: -1, testacc: -1, window_testauc: -1, window_testacc: -1

Total Epoch Time: 26.92s | Train Phase: 24.65s | Valid Phase: 2.27s
Avg Batch Time: 0.2595s
------------------------------
/root/miniconda3/lib/python3.12/site-packages/torch/nn/modules/rnn.py:1124: UserWarning: RNN module weights are not part of single contiguous chunk of memory. This means they need to be compacted at every call, possibly greatly increasing memory usage. To compact weights again call flatten_parameters(). (Triggered internally at /pytorch/aten/src/ATen/native/cudnn/RNN.cpp:1479.)
  result = _VF.lstm(
Epoch: 10, validauc: 0.8141, validacc: 0.7663, best epoch: 10, best auc: 0.8141, train loss: 48.437034174037656, emb_type: qid, model: dkt, save_dir: saved_model/dkt_round1_student_id/assist2009_dkt_qid_saved_model/dkt_round1_student_id_42_0_0.2_200_0.001_32_100_0_0_1_student_id_0
            testauc: -1, testacc: -1, window_testauc: -1, window_testacc: -1

Total Epoch Time: 22.34s | Train Phase: 21.01s | Valid Phase: 1.32s
Avg Batch Time: 0.2211s
------------------------------
/root/miniconda3/lib/python3.12/site-packages/torch/nn/modules/rnn.py:1124: UserWarning: RNN module weights are not part of single contiguous chunk of memory. This means they need to be compacted at every call, possibly greatly increasing memory usage. To compact weights again call flatten_parameters(). (Triggered internally at /pytorch/aten/src/ATen/native/cudnn/RNN.cpp:1479.)
  result = _VF.lstm(
Epoch: 11, validauc: 0.8141, validacc: 0.7663, best epoch: 10, best auc: 0.8141, train loss: 48.45860347533917, emb_type: qid, model: dkt, save_dir: saved_model/dkt_round1_student_id/assist2009_dkt_qid_saved_model/dkt_round1_student_id_42_0_0.2_200_0.001_32_100_0_0_1_student_id_0
            testauc: -1, testacc: -1, window_testauc: -1, window_testacc: -1

Total Epoch Time: 16.07s | Train Phase: 14.74s | Valid Phase: 1.33s
Avg Batch Time: 0.1551s
------------------------------
/root/miniconda3/lib/python3.12/site-packages/torch/nn/modules/rnn.py:1124: UserWarning: RNN module weights are not part of single contiguous chunk of memory. This means they need to be compacted at every call, possibly greatly increasing memory usage. To compact weights again call flatten_parameters(). (Triggered internally at /pytorch/aten/src/ATen/native/cudnn/RNN.cpp:1479.)
  result = _VF.lstm(
Epoch: 12, validauc: 0.8141, validacc: 0.7663, best epoch: 10, best auc: 0.8141, train loss: 48.47994999604048, emb_type: qid, model: dkt, save_dir: saved_model/dkt_round1_student_id/assist2009_dkt_qid_saved_model/dkt_round1_student_id_42_0_0.2_200_0.001_32_100_0_0_1_student_id_0
            testauc: -1, testacc: -1, window_testauc: -1, window_testacc: -1

Total Epoch Time: 15.99s | Train Phase: 14.70s | Valid Phase: 1.30s
Avg Batch Time: 0.1547s
------------------------------
/root/miniconda3/lib/python3.12/site-packages/torch/nn/modules/rnn.py:1124: UserWarning: RNN module weights are not part of single contiguous chunk of memory. This means they need to be compacted at every call, possibly greatly increasing memory usage. To compact weights again call flatten_parameters(). (Triggered internally at /pytorch/aten/src/ATen/native/cudnn/RNN.cpp:1479.)
  result = _VF.lstm(
Epoch: 13, validauc: 0.8141, validacc: 0.7663, best epoch: 10, best auc: 0.8141, train loss: 48.475712391356254, emb_type: qid, model: dkt, save_dir: saved_model/dkt_round1_student_id/assist2009_dkt_qid_saved_model/dkt_round1_student_id_42_0_0.2_200_0.001_32_100_0_0_1_student_id_0
            testauc: -1, testacc: -1, window_testauc: -1, window_testacc: -1

Total Epoch Time: 16.28s | Train Phase: 14.97s | Valid Phase: 1.30s
Avg Batch Time: 0.1576s
------------------------------
/root/miniconda3/lib/python3.12/site-packages/torch/nn/modules/rnn.py:1124: UserWarning: RNN module weights are not part of single contiguous chunk of memory. This means they need to be compacted at every call, possibly greatly increasing memory usage. To compact weights again call flatten_parameters(). (Triggered internally at /pytorch/aten/src/ATen/native/cudnn/RNN.cpp:1479.)
  result = _VF.lstm(
Epoch: 14, validauc: 0.8141, validacc: 0.7663, best epoch: 10, best auc: 0.8141, train loss: 48.63252763313925, emb_type: qid, model: dkt, save_dir: saved_model/dkt_round1_student_id/assist2009_dkt_qid_saved_model/dkt_round1_student_id_42_0_0.2_200_0.001_32_100_0_0_1_student_id_0
            testauc: -1, testacc: -1, window_testauc: -1, window_testacc: -1

Total Epoch Time: 15.72s | Train Phase: 14.39s | Valid Phase: 1.34s
Avg Batch Time: 0.1514s
------------------------------
/root/miniconda3/lib/python3.12/site-packages/torch/nn/modules/rnn.py:1124: UserWarning: RNN module weights are not part of single contiguous chunk of memory. This means they need to be compacted at every call, possibly greatly increasing memory usage. To compact weights again call flatten_parameters(). (Triggered internally at /pytorch/aten/src/ATen/native/cudnn/RNN.cpp:1479.)
  result = _VF.lstm(
Epoch: 15, validauc: 0.8141, validacc: 0.7663, best epoch: 10, best auc: 0.8141, train loss: 48.595073680696615, emb_type: qid, model: dkt, save_dir: saved_model/dkt_round1_student_id/assist2009_dkt_qid_saved_model/dkt_round1_student_id_42_0_0.2_200_0.001_32_100_0_0_1_student_id_0
            testauc: -1, testacc: -1, window_testauc: -1, window_testacc: -1

Total Epoch Time: 16.34s | Train Phase: 15.01s | Valid Phase: 1.33s
Avg Batch Time: 0.1580s
------------------------------
/root/miniconda3/lib/python3.12/site-packages/torch/nn/modules/rnn.py:1124: UserWarning: RNN module weights are not part of single contiguous chunk of memory. This means they need to be compacted at every call, possibly greatly increasing memory usage. To compact weights again call flatten_parameters(). (Triggered internally at /pytorch/aten/src/ATen/native/cudnn/RNN.cpp:1479.)
  result = _VF.lstm(
Epoch: 16, validauc: 0.8141, validacc: 0.7663, best epoch: 10, best auc: 0.8141, train loss: 48.82136222807698, emb_type: qid, model: dkt, save_dir: saved_model/dkt_round1_student_id/assist2009_dkt_qid_saved_model/dkt_round1_student_id_42_0_0.2_200_0.001_32_100_0_0_1_student_id_0
            testauc: -1, testacc: -1, window_testauc: -1, window_testacc: -1

Total Epoch Time: 16.13s | Train Phase: 14.81s | Valid Phase: 1.33s
Avg Batch Time: 0.1559s
------------------------------
/root/miniconda3/lib/python3.12/site-packages/torch/nn/modules/rnn.py:1124: UserWarning: RNN module weights are not part of single contiguous chunk of memory. This means they need to be compacted at every call, possibly greatly increasing memory usage. To compact weights again call flatten_parameters(). (Triggered internally at /pytorch/aten/src/ATen/native/cudnn/RNN.cpp:1479.)
  result = _VF.lstm(
Epoch: 17, validauc: 0.8141, validacc: 0.7663, best epoch: 10, best auc: 0.8141, train loss: 48.90126528318639, emb_type: qid, model: dkt, save_dir: saved_model/dkt_round1_student_id/assist2009_dkt_qid_saved_model/dkt_round1_student_id_42_0_0.2_200_0.001_32_100_0_0_1_student_id_0
            testauc: -1, testacc: -1, window_testauc: -1, window_testacc: -1

Total Epoch Time: 16.08s | Train Phase: 14.76s | Valid Phase: 1.32s
Avg Batch Time: 0.1554s
------------------------------
/root/miniconda3/lib/python3.12/site-packages/torch/nn/modules/rnn.py:1124: UserWarning: RNN module weights are not part of single contiguous chunk of memory. This means they need to be compacted at every call, possibly greatly increasing memory usage. To compact weights again call flatten_parameters(). (Triggered internally at /pytorch/aten/src/ATen/native/cudnn/RNN.cpp:1479.)
  result = _VF.lstm(
Epoch: 18, validauc: 0.8141, validacc: 0.7663, best epoch: 10, best auc: 0.8141, train loss: 49.17219392779473, emb_type: qid, model: dkt, save_dir: saved_model/dkt_round1_student_id/assist2009_dkt_qid_saved_model/dkt_round1_student_id_42_0_0.2_200_0.001_32_100_0_0_1_student_id_0
            testauc: -1, testacc: -1, window_testauc: -1, window_testacc: -1

Total Epoch Time: 16.14s | Train Phase: 14.82s | Valid Phase: 1.32s
Avg Batch Time: 0.1560s
------------------------------
/root/miniconda3/lib/python3.12/site-packages/torch/nn/modules/rnn.py:1124: UserWarning: RNN module weights are not part of single contiguous chunk of memory. This means they need to be compacted at every call, possibly greatly increasing memory usage. To compact weights again call flatten_parameters(). (Triggered internally at /pytorch/aten/src/ATen/native/cudnn/RNN.cpp:1479.)
  result = _VF.lstm(
Epoch: 19, validauc: 0.8141, validacc: 0.7663, best epoch: 10, best auc: 0.8141, train loss: 49.06482948243574, emb_type: qid, model: dkt, save_dir: saved_model/dkt_round1_student_id/assist2009_dkt_qid_saved_model/dkt_round1_student_id_42_0_0.2_200_0.001_32_100_0_0_1_student_id_0
            testauc: -1, testacc: -1, window_testauc: -1, window_testacc: -1

Total Epoch Time: 16.26s | Train Phase: 14.93s | Valid Phase: 1.33s
Avg Batch Time: 0.1571s
------------------------------
/root/miniconda3/lib/python3.12/site-packages/torch/nn/modules/rnn.py:1124: UserWarning: RNN module weights are not part of single contiguous chunk of memory. This means they need to be compacted at every call, possibly greatly increasing memory usage. To compact weights again call flatten_parameters(). (Triggered internally at /pytorch/aten/src/ATen/native/cudnn/RNN.cpp:1479.)
  result = _VF.lstm(
Epoch: 20, validauc: 0.8141, validacc: 0.7663, best epoch: 10, best auc: 0.8141, train loss: 49.01292273804654, emb_type: qid, model: dkt, save_dir: saved_model/dkt_round1_student_id/assist2009_dkt_qid_saved_model/dkt_round1_student_id_42_0_0.2_200_0.001_32_100_0_0_1_student_id_0
            testauc: -1, testacc: -1, window_testauc: -1, window_testacc: -1

Total Epoch Time: 16.05s | Train Phase: 14.77s | Valid Phase: 1.28s
Avg Batch Time: 0.1555s
------------------------------
Early stopping at epoch 20
✅ Training Finished! Total Time Cost: 416.65 s
fold	modelname	embtype	testauc	testacc	window_testauc	window_testacc	validauc	validacc	best_epoch
0	dkt	qid	-1	-1	-1	-1	0.8140799421832157	0.7663038334122101	10
end:2026-07-06 02:30:10.897411

==================================================
Training completed. Starting prediction with predict_after_train=2
==================================================
--- 正在调用外部脚本 (runpy): /root/autodl-tmp/pykt-toolkit/examples/wandb_predict_with_unbalance.py
--- 模拟参数: --bz 32 --save_dir saved_model/dkt_round1_student_id/assist2009_dkt_qid_saved_model/dkt_round1_student_id_42_0_0.2_200_0.001_32_100_0_0_1_student_id_0 --use_wandb 0
--- 完整运行指令: python /root/autodl-tmp/pykt-toolkit/examples/wandb_predict_with_unbalance.py --bz 32 --save_dir saved_model/dkt_round1_student_id/assist2009_dkt_qid_saved_model/dkt_round1_student_id_42_0_0.2_200_0.001_32_100_0_0_1_student_id_0 --use_wandb 0
Prediction failed: [Errno 2] No such file or directory: '../configs/wandb.json'
Traceback (most recent call last):
  File "/root/autodl-tmp/pykt-toolkit/examples/wandb_train.py", line 466, in main
    old_cwd = os.getcwd()
  File "<frozen runpy>", line 286, in run_path
  File "<frozen runpy>", line 98, in _run_module_code
  File "<frozen runpy>", line 88, in _run_code
  File "/root/autodl-tmp/pykt-toolkit/examples/wandb_predict_with_unbalance.py", line 17, in <module>
    with open("../configs/wandb.json") as fin:
         ^^^^^^^^^^^^^^^^^^^^^^^^^^^^^
FileNotFoundError: [Errno 2] No such file or directory: '../configs/wandb.json'
--- 外部脚本执行完毕 ---
Training and prediction process completed at: 2026-07-06 02:30:10.901221
✅ 运行历史状态已更新为成功 (ID: 2dd4fe84-fe36-4667-9cf2-54d0558666bf)
💡 正在执行最终资源清理...
💡 CUDA 缓存已释放。
